2024-08-06T02:25:53.077706983Z 10.52.2.0 - - [06/Aug/2024:02:25:53 +0000] "GET /version HTTP/2.0" 200 286 "-" "curl/8.0.1" 36 0.002 [cattle-system-rancher-80] [] 10.52.1.5:80 286 0.003 200 e9c54761e01ba491d80fd79db21e8892
2024-08-06T02:25:56.334082969Z 10.10.110.11 - - [06/Aug/2024:02:25:56 +0000] "GET /version HTTP/2.0" 200 286 "-" "curl/8.0.1" 36 0.003 [cattle-system-rancher-80] [] 10.52.1.5:80 286 0.003 200 6826d9f9410db6d02fdccdfeda10cab0
2024-08-06T02:26:03.000800072Z 10.52.1.0 - - [06/Aug/2024:02:26:03 +0000] "GET /version HTTP/2.0" 200 286 "-" "curl/8.0.1" 36 0.003 [cattle-system-rancher-80] [] 10.52.1.5:80 286 0.003 200 aa4442aeff560808fb3fbe640770a71a
2024-08-06T02:26:23.066373422Z 10.52.2.0 - - [06/Aug/2024:02:26:23 +0000] "GET /version HTTP/2.0" 200 286 "-" "curl/8.0.1" 36 0.002 [cattle-system-rancher-80] [] 10.52.0.73:80 286 0.002 200 caee5012c4c2e1a7094d244d851e99bf
2024-08-06T02:26:26.331840864Z 10.10.110.11 - - [06/Aug/2024:02:26:26 +0000] "GET /version HTTP/2.0" 200 286 "-" "curl/8.0.1" 36 0.003 [cattle-system-rancher-80] [] 10.52.1.5:80 286 0.003 200 17c7de6639ea5814ec2aab33c5c1ee88
2024-08-06T02:26:53.047559977Z 10.52.2.0 - - [06/Aug/2024:02:26:53 +0000] "GET /version HTTP/2.0" 200 286 "-" "curl/8.0.1" 36 0.003 [cattle-system-rancher-80] [] 10.52.1.5:80 286 0.002 200 a8d532a6eda67344eb612e84bf5f8f5c
2024-08-06T02:27:03.479087487Z 10.52.3.0 - - [06/Aug/2024:02:27:03 +0000] "GET /version HTTP/2.0" 200 286 "-" "curl/8.0.1" 36 0.002 [cattle-system-rancher-80] [] 10.52.0.73:80 286 0.002 200 9248508f753666045e8a92a421759f35
2024-08-06T02:27:56.370383637Z 10.10.110.11 - - [06/Aug/2024:02:27:56 +0000] "GET /version HTTP/2.0" 200 286 "-" "curl/8.0.1" 36 0.003 [cattle-system-rancher-80] [] 10.52.1.5:80 286 0.002 200 f0226d3a339adf298ed6426c974bf00c
2024-08-06T02:28:02.983960761Z 10.52.1.0 - - [06/Aug/2024:02:28:02 +0000] "GET /version HTTP/2.0" 200 286 "-" "curl/8.0.1" 36 0.002 [cattle-system-rancher-80] [] 10.52.0.73:80 286 0.002 200 845d1b7c52c00a94a1483b73b78da4b9
2024-08-06T02:28:23.077555510Z 10.52.2.0 - - [06/Aug/2024:02:28:23 +0000] "GET /version HTTP/2.0" 200 286 "-" "curl/8.0.1" 36 0.003 [cattle-system-rancher-80] [] 10.52.2.3:80 286 0.002 200 395b633fda1d6672cab58b2a1d96536c
2024-08-06T02:29:02.994602914Z 10.52.1.0 - - [06/Aug/2024:02:29:02 +0000] "GET /version HTTP/2.0" 200 286 "-" "curl/8.0.1" 36 0.002 [cattle-system-rancher-80] [] 10.52.0.73:80 286 0.002 200 a1d84430d0fb8b0138809a51923318b4
2024-08-06T02:29:03.487224006Z 10.52.3.0 - - [06/Aug/2024:02:29:03 +0000] "GET /version HTTP/2.0" 200 286 "-" "curl/8.0.1" 36 0.002 [cattle-system-rancher-80] [] 10.52.1.5:80 286 0.003 200 4a361bed3c3db7d4b25966077e3cc433
2024-08-06T02:29:26.327599206Z 10.10.110.11 - - [06/Aug/2024:02:29:26 +0000] "GET /version HTTP/2.0" 200 286 "-" "curl/8.0.1" 36 0.003 [cattle-system-rancher-80] [] 10.52.1.5:80 286 0.002 200 78ae7c583fc21e717ced11c39960fe7f
2024-08-06T02:29:33.486413414Z 10.52.3.0 - - [06/Aug/2024:02:29:33 +0000] "GET /version HTTP/2.0" 200 286 "-" "curl/8.0.1" 36 0.003 [cattle-system-rancher-80] [] 10.52.2.3:80 286 0.003 200 2610d969dc63dc3bc8fc4b1c4be77f4f
2024-08-06T02:30:03.492021002Z 10.52.3.0 - - [06/Aug/2024:02:30:03 +0000] "GET /version HTTP/2.0" 200 286 "-" "curl/8.0.1" 36 0.002 [cattle-system-rancher-80] [] 10.52.2.3:80 286 0.003 200 e912a4cc19f09a78b55b2e7c792c6274
2024-08-06T02:30:33.447810825Z 10.52.3.0 - - [06/Aug/2024:02:30:33 +0000] "GET /version HTTP/2.0" 200 286 "-" "curl/8.0.1" 36 0.002 [cattle-system-rancher-80] [] 10.52.1.5:80 286 0.003 200 736652e9245741b422cdb51be5bbe804
2024-08-06T02:31:23.050850350Z 10.52.2.0 - - [06/Aug/2024:02:31:23 +0000] "GET /version HTTP/2.0" 200 286 "-" "curl/8.0.1" 36 0.003 [cattle-system-rancher-80] [] 10.52.2.3:80 286 0.003 200 d924e701b62d391efd4ae8150f12ce15
2024-08-06T02:31:56.377881941Z 10.10.110.11 - - [06/Aug/2024:02:31:56 +0000] "GET /version HTTP/2.0" 200 286 "-" "curl/8.0.1" 36 0.002 [cattle-system-rancher-80] [] 10.52.0.73:80 286 0.003 200 1d6082dccf6c1b9e49796cd792449452
2024-08-06T02:32:33.014075042Z 10.52.1.0 - - [06/Aug/2024:02:32:33 +0000] "GET /version HTTP/2.0" 200 286 "-" "curl/8.0.1" 36 0.002 [cattle-system-rancher-80] [] 10.52.2.3:80 286 0.003 200 931444b57518c90819aadd36c516913f
2024-08-06T02:32:53.052134768Z 10.52.2.0 - - [06/Aug/2024:02:32:53 +0000] "GET /version HTTP/2.0" 200 286 "-" "curl/8.0.1" 36 0.002 [cattle-system-rancher-80] [] 10.52.2.3:80 286 0.003 200 7ce9cd27903e58d9c56a105116fcd43c
2024-08-06T02:32:56.361975137Z 10.10.110.11 - - [06/Aug/2024:02:32:56 +0000] "GET /version HTTP/2.0" 200 286 "-" "curl/8.0.1" 36 0.002 [cattle-system-rancher-80] [] 10.52.2.3:80 286 0.003 200 f46b3c9b1b90f7758ea812c205c42f88
2024-08-06T02:33:32.995205509Z 10.52.1.0 - - [06/Aug/2024:02:33:32 +0000] "GET /version HTTP/2.0" 200 286 "-" "curl/8.0.1" 36 0.002 [cattle-system-rancher-80] [] 10.52.0.73:80 286 0.002 200 12d8d03f5e0d904688c369df28d5b778
2024-08-06T02:34:02.992741208Z 10.52.1.0 - - [06/Aug/2024:02:34:02 +0000] "GET /version HTTP/2.0" 200 286 "-" "curl/8.0.1" 36 0.002 [cattle-system-rancher-80] [] 10.52.0.73:80 286 0.001 200 60c0f91120aa64f21b428e59318de834
2024-08-06T02:34:03.465969429Z 10.52.3.0 - - [06/Aug/2024:02:34:03 +0000] "GET /version HTTP/2.0" 200 286 "-" "curl/8.0.1" 36 0.002 [cattle-system-rancher-80] [] 10.52.0.73:80 286 0.002 200 4367cb45b36a98954e688d927516ab75
2024-08-06T02:34:33.495727009Z 10.52.3.0 - - [06/Aug/2024:02:34:33 +0000] "GET /version HTTP/2.0" 200 286 "-" "curl/8.0.1" 36 0.003 [cattle-system-rancher-80] [] 10.52.1.5:80 286 0.002 200 12559c4e49895f64b10e133ff41110bd
2024-08-06T02:34:53.073173581Z 10.52.2.0 - - [06/Aug/2024:02:34:53 +0000] "GET /version HTTP/2.0" 200 286 "-" "curl/8.0.1" 36 0.002 [cattle-system-rancher-80] [] 10.52.2.3:80 286 0.003 200 81ea2ecc55b09493aa4351b17e8a6bbe
2024-08-06T02:36:03.463667933Z 10.52.3.0 - - [06/Aug/2024:02:36:03 +0000] "GET /version HTTP/2.0" 200 286 "-" "curl/8.0.1" 36 0.003 [cattle-system-rancher-80] [] 10.52.2.3:80 286 0.002 200 b7a754a55aa146f4f4e9977588bbbc69
2024-08-06T02:36:23.052505895Z 10.52.2.0 - - [06/Aug/2024:02:36:23 +0000] "GET /version HTTP/2.0" 200 286 "-" "curl/8.0.1" 36 0.003 [cattle-system-rancher-80] [] 10.52.2.3:80 286 0.002 200 3256a43eb57febc6b28b4121ae17d1b6
2024-08-06T02:36:29.581530102Z 10.10.110.11 - - [06/Aug/2024:02:36:29 +0000] "GET /api/v1/namespaces/cattle-monitoring-system/services/http:rancher-monitoring-grafana:80/proxy/api/dashboards/uid/rancher-k8s-components-1 HTTP/1.1" 404 78 "https://harvester.calgaryserver.ca/dashboard/c/local/explorer" "Mozilla/5.0 (Windows NT 10.0; Win64; x64) AppleWebKit/537.36 (KHTML, like Gecko) Chrome/127.0.0.0 Safari/537.36" 1257 0.012 [cattle-system-rancher-80] [] 10.52.2.3:80 78 0.011 404 f39555b757439a685fee664aa5c6df4e
2024-08-06T02:36:29.813830545Z 10.10.110.11 - - [06/Aug/2024:02:36:29 +0000] "GET /api/v1/namespaces/cattle-monitoring-system/services/http:rancher-monitoring-grafana:80/proxy/d/rancher-cluster-nodes-1/rancher-cluster-nodes?orgId=1&kiosk&from=now-5m&to=now&refresh=30s&theme=light HTTP/1.1" 200 6873 "https://harvester.calgaryserver.ca/dashboard/c/local/explorer" "Mozilla/5.0 (Windows NT 10.0; Win64; x64) AppleWebKit/537.36 (KHTML, like Gecko) Chrome/127.0.0.0 Safari/537.36" 1446 0.014 [cattle-system-rancher-80] [] 10.52.0.73:80 6867 0.015 200 8ab66c8c96595a2c6fdb77098c0c15a8
2024-08-06T02:36:31.706873273Z 10.10.110.11 - - [06/Aug/2024:02:36:31 +0000] "GET /api/v1/namespaces/cattle-monitoring-system/services/http:rancher-monitoring-grafana:80/proxy/public/build/prometheusPlugin.33be270b46c7028fddb6.js HTTP/1.1" 200 40720 "https://harvester.calgaryserver.ca/api/v1/namespaces/cattle-monitoring-system/services/http:rancher-monitoring-grafana:80/proxy/d/rancher-cluster-nodes-1/rancher-cluster-nodes?orgId=1&kiosk&from=now-5m&to=now&refresh=30s&theme=light" "Mozilla/5.0 (Windows NT 10.0; Win64; x64) AppleWebKit/537.36 (KHTML, like Gecko) Chrome/127.0.0.0 Safari/537.36" 1360 0.008 [cattle-system-rancher-80] [] 10.52.1.5:80 40751 0.008 200 ee59b1903f18832d51914ce3af8e9a40
2024-08-06T02:36:31.707942134Z 10.10.110.11 - - [06/Aug/2024:02:36:31 +0000] "GET /api/v1/namespaces/cattle-monitoring-system/services/http:rancher-monitoring-grafana:80/proxy/public/build/516.69ad368b878b67a31639.js HTTP/1.1" 200 47453 "https://harvester.calgaryserver.ca/api/v1/namespaces/cattle-monitoring-system/services/http:rancher-monitoring-grafana:80/proxy/d/rancher-cluster-nodes-1/rancher-cluster-nodes?orgId=1&kiosk&from=now-5m&to=now&refresh=30s&theme=light" "Mozilla/5.0 (Windows NT 10.0; Win64; x64) AppleWebKit/537.36 (KHTML, like Gecko) Chrome/127.0.0.0 Safari/537.36" 1347 0.009 [cattle-system-rancher-80] [] 10.52.0.73:80 47445 0.009 200 90d36e7404e009ad84d900991b58171c
2024-08-06T02:36:31.842935310Z 10.10.110.11 - - [06/Aug/2024:02:36:31 +0000] "POST /api/v1/namespaces/cattle-monitoring-system/services/http:rancher-monitoring-grafana:80/proxy/api/ds/query HTTP/1.1" 200 3075 "https://harvester.calgaryserver.ca/api/v1/namespaces/cattle-monitoring-system/services/http:rancher-monitoring-grafana:80/proxy/d/rancher-cluster-nodes-1/rancher-cluster-nodes?orgId=1&kiosk&from=now-5m&to=now&refresh=30s&theme=light" "Mozilla/5.0 (Windows NT 10.0; Win64; x64) AppleWebKit/537.36 (KHTML, like Gecko) Chrome/127.0.0.0 Safari/537.36" 2042 0.093 [cattle-system-rancher-80] [] 10.52.0.73:80 3075 0.093 200 2184eb98616376cfc875b901949b58f3
2024-08-06T02:36:53.103792573Z 10.52.2.0 - - [06/Aug/2024:02:36:53 +0000] "GET /version HTTP/2.0" 200 286 "-" "curl/8.0.1" 36 0.003 [cattle-system-rancher-80] [] 10.52.1.5:80 286 0.003 200 31b3062a86ba225780ebd870d55deff1
2024-08-06T02:37:26.343947302Z 10.10.110.11 - - [06/Aug/2024:02:37:26 +0000] "GET /version HTTP/2.0" 200 286 "-" "curl/8.0.1" 36 0.002 [cattle-system-rancher-80] [] 10.52.2.3:80 286 0.003 200 c899a8ebd04f7fa1b8b71811aeb1f00b
2024-08-06T02:37:32.993127293Z 10.52.1.0 - - [06/Aug/2024:02:37:32 +0000] "GET /version HTTP/2.0" 200 286 "-" "curl/8.0.1" 36 0.002 [cattle-system-rancher-80] [] 10.52.1.5:80 286 0.003 200 2f5f2de262da06c0d17c1bf686cce85f
2024-08-06T02:37:53.068576721Z 10.52.2.0 - - [06/Aug/2024:02:37:53 +0000] "GET /version HTTP/2.0" 200 286 "-" "curl/8.0.1" 36 0.003 [cattle-system-rancher-80] [] 10.52.2.3:80 286 0.002 200 c8c41ea67612768abe9d3db4230b0afa
2024-08-06T02:37:59.075589781Z 10.10.110.11 - - [06/Aug/2024:02:37:59 +0000] "GET /v1/metrics.k8s.io.nodes HTTP/1.1" 200 2340 "https://harvester.calgaryserver.ca/dashboard/c/local/explorer" "Mozilla/5.0 (Windows NT 10.0; Win64; x64) AppleWebKit/537.36 (KHTML, like Gecko) Chrome/127.0.0.0 Safari/537.36" 1144 0.015 [cattle-system-rancher-80] [] 10.52.1.5:80 2347 0.014 200 a73344b755e07b7cb65a40ae4ab4309a
2024-08-06T02:38:29.072828994Z 10.10.110.11 - - [06/Aug/2024:02:38:29 +0000] "GET /v1/metrics.k8s.io.nodes HTTP/1.1" 200 2345 "https://harvester.calgaryserver.ca/dashboard/c/local/explorer" "Mozilla/5.0 (Windows NT 10.0; Win64; x64) AppleWebKit/537.36 (KHTML, like Gecko) Chrome/127.0.0.0 Safari/537.36" 1144 0.014 [cattle-system-rancher-80] [] 10.52.1.5:80 2352 0.014 200 a7f362c3110c442f7423dc2f6a28ae94
2024-08-06T02:38:30.670040648Z 10.10.110.11 - - [06/Aug/2024:02:38:30 +0000] "POST /api/v1/namespaces/cattle-monitoring-system/services/http:rancher-monitoring-grafana:80/proxy/api/ds/query HTTP/1.1" 200 8146 "https://harvester.calgaryserver.ca/api/v1/namespaces/cattle-monitoring-system/services/http:rancher-monitoring-grafana:80/proxy/d/rancher-cluster-nodes-1/rancher-cluster-nodes?orgId=1&kiosk&from=now-5m&to=now&refresh=30s&theme=light" "Mozilla/5.0 (Windows NT 10.0; Win64; x64) AppleWebKit/537.36 (KHTML, like Gecko) Chrome/127.0.0.0 Safari/537.36" 2751 0.015 [cattle-system-rancher-80] [] 10.52.0.73:80 8140 0.015 200 7686d4a79412f8192fb7600bd4f0a19e
2024-08-06T02:38:33.482429901Z 10.52.3.0 - - [06/Aug/2024:02:38:33 +0000] "GET /version HTTP/2.0" 200 286 "-" "curl/8.0.1" 36 0.003 [cattle-system-rancher-80] [] 10.52.2.3:80 286 0.002 200 e7f6b22f1d7a2808ab3e4e89f67b5c12
2024-08-06T02:38:53.082970338Z 10.52.2.0 - - [06/Aug/2024:02:38:53 +0000] "GET /version HTTP/2.0" 200 286 "-" "curl/8.0.1" 36 0.002 [cattle-system-rancher-80] [] 10.52.2.3:80 286 0.003 200 438c1999fb697742d13b4d7fd37f9179
2024-08-06T02:39:00.694868654Z 10.10.110.11 - - [06/Aug/2024:02:39:00 +0000] "POST /api/v1/namespaces/cattle-monitoring-system/services/http:rancher-monitoring-grafana:80/proxy/api/ds/query HTTP/1.1" 200 3355 "https://harvester.calgaryserver.ca/api/v1/namespaces/cattle-monitoring-system/services/http:rancher-monitoring-grafana:80/proxy/d/rancher-cluster-nodes-1/rancher-cluster-nodes?orgId=1&kiosk&from=now-5m&to=now&refresh=30s&theme=light" "Mozilla/5.0 (Windows NT 10.0; Win64; x64) AppleWebKit/537.36 (KHTML, like Gecko) Chrome/127.0.0.0 Safari/537.36" 2098 0.008 [cattle-system-rancher-80] [] 10.52.2.3:80 3355 0.009 200 6f70b728fc6adafe3fb7554850e8a6b1
2024-08-06T02:39:33.462160330Z 10.52.3.0 - - [06/Aug/2024:02:39:33 +0000] "GET /version HTTP/2.0" 200 286 "-" "curl/8.0.1" 36 0.002 [cattle-system-rancher-80] [] 10.52.0.73:80 286 0.002 200 766f485505174f65cc1731d140d917ad
2024-08-06T02:39:53.082734506Z 10.52.2.0 - - [06/Aug/2024:02:39:53 +0000] "GET /version HTTP/2.0" 200 286 "-" "curl/8.0.1" 36 0.003 [cattle-system-rancher-80] [] 10.52.1.5:80 286 0.002 200 88a2318df915efbdf9e23245e441f0ce
2024-08-06T02:39:56.350107264Z 10.10.110.11 - - [06/Aug/2024:02:39:56 +0000] "GET /version HTTP/2.0" 200 286 "-" "curl/8.0.1" 36 0.002 [cattle-system-rancher-80] [] 10.52.2.3:80 286 0.002 200 14202b176b4874e1e3bedd11b2ae74d4
2024-08-06T02:39:59.068418688Z 10.10.110.11 - - [06/Aug/2024:02:39:59 +0000] "GET /v1/metrics.k8s.io.nodes HTTP/1.1" 200 2341 "https://harvester.calgaryserver.ca/dashboard/c/local/explorer" "Mozilla/5.0 (Windows NT 10.0; Win64; x64) AppleWebKit/537.36 (KHTML, like Gecko) Chrome/127.0.0.0 Safari/537.36" 1140 0.013 [cattle-system-rancher-80] [] 10.52.2.3:80 2348 0.014 200 8c6f0ae304fa32d21963e23a3d6c173b
2024-08-06T02:40:23.053683543Z 10.52.2.0 - - [06/Aug/2024:02:40:23 +0000] "GET /version HTTP/2.0" 200 286 "-" "curl/8.0.1" 36 0.003 [cattle-system-rancher-80] [] 10.52.1.5:80 286 0.002 200 aa5908b52dde3f923850a319e6d87aaa
2024-08-06T02:40:30.689895663Z 10.10.110.11 - - [06/Aug/2024:02:40:30 +0000] "POST /api/v1/namespaces/cattle-monitoring-system/services/http:rancher-monitoring-grafana:80/proxy/api/ds/query HTTP/1.1" 200 3354 "https://harvester.calgaryserver.ca/api/v1/namespaces/cattle-monitoring-system/services/http:rancher-monitoring-grafana:80/proxy/d/rancher-cluster-nodes-1/rancher-cluster-nodes?orgId=1&kiosk&from=now-5m&to=now&refresh=30s&theme=light" "Mozilla/5.0 (Windows NT 10.0; Win64; x64) AppleWebKit/537.36 (KHTML, like Gecko) Chrome/127.0.0.0 Safari/537.36" 2098 0.010 [cattle-system-rancher-80] [] 10.52.1.5:80 3354 0.011 200 49d63b87f7b942491ddea357c8cd670a
2024-08-06T02:40:32.993362757Z 10.52.1.0 - - [06/Aug/2024:02:40:32 +0000] "GET /version HTTP/2.0" 200 286 "-" "curl/8.0.1" 36 0.002 [cattle-system-rancher-80] [] 10.52.2.3:80 286 0.002 200 5cdc19c508d761fa7dd1e98028abebaf
2024-08-06T02:40:59.073616828Z 10.10.110.11 - - [06/Aug/2024:02:40:59 +0000] "GET /v1/metrics.k8s.io.nodes HTTP/1.1" 200 2339 "https://harvester.calgaryserver.ca/dashboard/c/local/explorer" "Mozilla/5.0 (Windows NT 10.0; Win64; x64) AppleWebKit/537.36 (KHTML, like Gecko) Chrome/127.0.0.0 Safari/537.36" 1144 0.013 [cattle-system-rancher-80] [] 10.52.0.73:80 2346 0.012 200 249c81477a3bf47cf7f92897a4a7d2ec
2024-08-06T02:41:03.002542295Z 10.52.1.0 - - [06/Aug/2024:02:41:03 +0000] "GET /version HTTP/2.0" 200 286 "-" "curl/8.0.1" 36 0.003 [cattle-system-rancher-80] [] 10.52.2.3:80 286 0.002 200 22f3e64c4d0a223b8be7a0c71f9fee24
2024-08-06T02:41:23.063337928Z 10.52.2.0 - - [06/Aug/2024:02:41:23 +0000] "GET /version HTTP/2.0" 200 286 "-" "curl/8.0.1" 36 0.002 [cattle-system-rancher-80] [] 10.52.1.5:80 286 0.002 200 d7cf1217f0d23a6999800bcc9b6beb23
2024-08-06T02:41:30.725381024Z 10.10.110.11 - - [06/Aug/2024:02:41:30 +0000] "GET /api/v1/namespaces/cattle-monitoring-system/services/http:rancher-monitoring-grafana:80/proxy/api/annotations?from=1722911791710&to=1722912091710&limit=100&matchAny=false&dashboardUID=rancher-cluster-nodes-1 HTTP/1.1" 200 2 "https://harvester.calgaryserver.ca/api/v1/namespaces/cattle-monitoring-system/services/http:rancher-monitoring-grafana:80/proxy/d/rancher-cluster-nodes-1/rancher-cluster-nodes?orgId=1&kiosk&from=now-5m&to=now&refresh=30s&theme=light" "Mozilla/5.0 (Windows NT 10.0; Win64; x64) AppleWebKit/537.36 (KHTML, like Gecko) Chrome/127.0.0.0 Safari/537.36" 1490 0.014 [cattle-system-rancher-80] [] 10.52.2.3:80 2 0.013 200 872d74f844317298733e05ce96961a15
2024-08-06T02:41:53.062702986Z 10.52.2.0 - - [06/Aug/2024:02:41:53 +0000] "GET /version HTTP/2.0" 200 286 "-" "curl/8.0.1" 36 0.002 [cattle-system-rancher-80] [] 10.52.0.73:80 286 0.001 200 189d1d1e59d23ed37f39d0205100e584
2024-08-06T02:41:56.347180814Z 10.10.110.11 - - [06/Aug/2024:02:41:56 +0000] "GET /version HTTP/2.0" 200 286 "-" "curl/8.0.1" 36 0.002 [cattle-system-rancher-80] [] 10.52.0.73:80 286 0.002 200 b78b5e89f30bed78dea5e282e5a00343
2024-08-06T02:42:01.040359341Z 10.10.110.11 - - [06/Aug/2024:02:42:01 +0000] "POST /api/v1/namespaces/cattle-monitoring-system/services/http:rancher-monitoring-grafana:80/proxy/api/ds/query HTTP/1.1" 200 3074 "https://harvester.calgaryserver.ca/api/v1/namespaces/cattle-monitoring-system/services/http:rancher-monitoring-grafana:80/proxy/d/rancher-cluster-nodes-1/rancher-cluster-nodes?orgId=1&kiosk&from=now-5m&to=now&refresh=30s&theme=light" "Mozilla/5.0 (Windows NT 10.0; Win64; x64) AppleWebKit/537.36 (KHTML, like Gecko) Chrome/127.0.0.0 Safari/537.36" 2042 0.350 [cattle-system-rancher-80] [] 10.52.1.5:80 3074 0.349 200 cdcaf8589103255f6609f319e14fed31
2024-08-06T02:42:30.713687420Z 10.10.110.11 - - [06/Aug/2024:02:42:30 +0000] "POST /api/v1/namespaces/cattle-monitoring-system/services/http:rancher-monitoring-grafana:80/proxy/api/ds/query HTTP/1.1" 200 3352 "https://harvester.calgaryserver.ca/api/v1/namespaces/cattle-monitoring-system/services/http:rancher-monitoring-grafana:80/proxy/d/rancher-cluster-nodes-1/rancher-cluster-nodes?orgId=1&kiosk&from=now-5m&to=now&refresh=30s&theme=light" "Mozilla/5.0 (Windows NT 10.0; Win64; x64) AppleWebKit/537.36 (KHTML, like Gecko) Chrome/127.0.0.0 Safari/537.36" 2098 0.013 [cattle-system-rancher-80] [] 10.52.1.5:80 3352 0.013 200 91076befed4a49deb4595199f02fd4fd
2024-08-06T02:42:30.714175472Z 10.10.110.11 - - [06/Aug/2024:02:42:30 +0000] "POST /api/v1/namespaces/cattle-monitoring-system/services/http:rancher-monitoring-grafana:80/proxy/api/ds/query HTTP/1.1" 200 3075 "https://harvester.calgaryserver.ca/api/v1/namespaces/cattle-monitoring-system/services/http:rancher-monitoring-grafana:80/proxy/d/rancher-cluster-nodes-1/rancher-cluster-nodes?orgId=1&kiosk&from=now-5m&to=now&refresh=30s&theme=light" "Mozilla/5.0 (Windows NT 10.0; Win64; x64) AppleWebKit/537.36 (KHTML, like Gecko) Chrome/127.0.0.0 Safari/537.36" 2042 0.013 [cattle-system-rancher-80] [] 10.52.2.3:80 3075 0.013 200 3d533d55c91fab79a2d948afc9776add
2024-08-06T02:42:30.714288205Z 10.10.110.11 - - [06/Aug/2024:02:42:30 +0000] "GET /api/v1/namespaces/cattle-monitoring-system/services/http:rancher-monitoring-grafana:80/proxy/api/annotations?from=1722911851725&to=1722912151725&limit=100&matchAny=false&dashboardUID=rancher-cluster-nodes-1 HTTP/1.1" 200 2 "https://harvester.calgaryserver.ca/api/v1/namespaces/cattle-monitoring-system/services/http:rancher-monitoring-grafana:80/proxy/d/rancher-cluster-nodes-1/rancher-cluster-nodes?orgId=1&kiosk&from=now-5m&to=now&refresh=30s&theme=light" "Mozilla/5.0 (Windows NT 10.0; Win64; x64) AppleWebKit/537.36 (KHTML, like Gecko) Chrome/127.0.0.0 Safari/537.36" 1490 0.013 [cattle-system-rancher-80] [] 10.52.1.5:80 2 0.012 200 d5c78f5d4435e3e76552dfa671ad1720
2024-08-06T02:42:30.718491734Z 10.10.110.11 - - [06/Aug/2024:02:42:30 +0000] "POST /api/v1/namespaces/cattle-monitoring-system/services/http:rancher-monitoring-grafana:80/proxy/api/ds/query HTTP/1.1" 200 8133 "https://harvester.calgaryserver.ca/api/v1/namespaces/cattle-monitoring-system/services/http:rancher-monitoring-grafana:80/proxy/d/rancher-cluster-nodes-1/rancher-cluster-nodes?orgId=1&kiosk&from=now-5m&to=now&refresh=30s&theme=light" "Mozilla/5.0 (Windows NT 10.0; Win64; x64) AppleWebKit/537.36 (KHTML, like Gecko) Chrome/127.0.0.0 Safari/537.36" 2751 0.017 [cattle-system-rancher-80] [] 10.52.1.5:80 8127 0.016 200 5e05f8e6cae01338b2d66a80f7211210
2024-08-06T02:42:32.977248090Z 10.52.1.0 - - [06/Aug/2024:02:42:32 +0000] "GET /version HTTP/2.0" 200 286 "-" "curl/8.0.1" 36 0.002 [cattle-system-rancher-80] [] 10.52.2.3:80 286 0.003 200 c148cde9bb9363ab07615b783132b23a
2024-08-06T02:42:33.472543127Z 10.52.3.0 - - [06/Aug/2024:02:42:33 +0000] "GET /version HTTP/2.0" 200 286 "-" "curl/8.0.1" 36 0.002 [cattle-system-rancher-80] [] 10.52.0.73:80 286 0.002 200 aa458fe40bc9b2b388ff900d07cd9146
2024-08-06T02:42:53.083283819Z 10.52.2.0 - - [06/Aug/2024:02:42:53 +0000] "GET /version HTTP/2.0" 200 286 "-" "curl/8.0.1" 36 0.002 [cattle-system-rancher-80] [] 10.52.0.73:80 286 0.002 200 97c6c92f7f8f5d74fe6be1d5af2a0d15
2024-08-06T02:43:00.718728462Z 10.10.110.11 - - [06/Aug/2024:02:43:00 +0000] "POST /api/v1/namespaces/cattle-monitoring-system/services/http:rancher-monitoring-grafana:80/proxy/api/ds/query HTTP/1.1" 200 3074 "https://harvester.calgaryserver.ca/api/v1/namespaces/cattle-monitoring-system/services/http:rancher-monitoring-grafana:80/proxy/d/rancher-cluster-nodes-1/rancher-cluster-nodes?orgId=1&kiosk&from=now-5m&to=now&refresh=30s&theme=light" "Mozilla/5.0 (Windows NT 10.0; Win64; x64) AppleWebKit/537.36 (KHTML, like Gecko) Chrome/127.0.0.0 Safari/537.36" 2042 0.016 [cattle-system-rancher-80] [] 10.52.2.3:80 3074 0.016 200 80af72ecaeee4b8bacfc870bb56fa3f6
2024-08-06T02:43:30.731245192Z 10.10.110.11 - - [06/Aug/2024:02:43:30 +0000] "POST /api/v1/namespaces/cattle-monitoring-system/services/http:rancher-monitoring-grafana:80/proxy/api/ds/query HTTP/1.1" 200 3074 "https://harvester.calgaryserver.ca/api/v1/namespaces/cattle-monitoring-system/services/http:rancher-monitoring-grafana:80/proxy/d/rancher-cluster-nodes-1/rancher-cluster-nodes?orgId=1&kiosk&from=now-5m&to=now&refresh=30s&theme=light" "Mozilla/5.0 (Windows NT 10.0; Win64; x64) AppleWebKit/537.36 (KHTML, like Gecko) Chrome/127.0.0.0 Safari/537.36" 2042 0.013 [cattle-system-rancher-80] [] 10.52.2.3:80 3074 0.013 200 6ec3c62ef1d2d6e8cc9384d0ddd80ce9
2024-08-06T02:43:59.060685077Z 10.10.110.11 - - [06/Aug/2024:02:43:59 +0000] "GET /v1/metrics.k8s.io.nodes HTTP/1.1" 200 2345 "https://harvester.calgaryserver.ca/dashboard/c/local/explorer" "Mozilla/5.0 (Windows NT 10.0; Win64; x64) AppleWebKit/537.36 (KHTML, like Gecko) Chrome/127.0.0.0 Safari/537.36" 1144 0.014 [cattle-system-rancher-80] [] 10.52.2.3:80 2352 0.014 200 525f0f8dcb0383fdd2ee5920801b2a01
2024-08-06T02:44:29.068731588Z 10.10.110.11 - - [06/Aug/2024:02:44:29 +0000] "GET /v1/metrics.k8s.io.nodes HTTP/1.1" 200 2345 "https://harvester.calgaryserver.ca/dashboard/c/local/explorer" "Mozilla/5.0 (Windows NT 10.0; Win64; x64) AppleWebKit/537.36 (KHTML, like Gecko) Chrome/127.0.0.0 Safari/537.36" 1144 0.015 [cattle-system-rancher-80] [] 10.52.1.5:80 2352 0.015 200 572d31a6fa0ad250921b705abd96e187
2024-08-06T02:44:30.746308569Z 10.10.110.11 - - [06/Aug/2024:02:44:30 +0000] "POST /api/v1/namespaces/cattle-monitoring-system/services/http:rancher-monitoring-grafana:80/proxy/api/ds/query HTTP/1.1" 200 3352 "https://harvester.calgaryserver.ca/api/v1/namespaces/cattle-monitoring-system/services/http:rancher-monitoring-grafana:80/proxy/d/rancher-cluster-nodes-1/rancher-cluster-nodes?orgId=1&kiosk&from=now-5m&to=now&refresh=30s&theme=light" "Mozilla/5.0 (Windows NT 10.0; Win64; x64) AppleWebKit/537.36 (KHTML, like Gecko) Chrome/127.0.0.0 Safari/537.36" 2098 0.013 [cattle-system-rancher-80] [] 10.52.0.73:80 3352 0.012 200 9683a4619f2112cb6c42d2ded43aa126
2024-08-06T02:44:32.996737080Z 10.52.1.0 - - [06/Aug/2024:02:44:32 +0000] "GET /version HTTP/2.0" 200 286 "-" "curl/8.0.1" 36 0.003 [cattle-system-rancher-80] [] 10.52.2.3:80 286 0.002 200 4635f6c99bd3a1622464b8acb1c3292d
2024-08-06T02:44:53.073221432Z 10.52.2.0 - - [06/Aug/2024:02:44:53 +0000] "GET /version HTTP/2.0" 200 286 "-" "curl/8.0.1" 36 0.002 [cattle-system-rancher-80] [] 10.52.0.73:80 286 0.002 200 3b1aa4fc3a6a40950ce8bf40babb77af
2024-08-06T02:45:00.745384984Z 10.10.110.11 - - [06/Aug/2024:02:45:00 +0000] "POST /api/v1/namespaces/cattle-monitoring-system/services/http:rancher-monitoring-grafana:80/proxy/api/ds/query HTTP/1.1" 200 3352 "https://harvester.calgaryserver.ca/api/v1/namespaces/cattle-monitoring-system/services/http:rancher-monitoring-grafana:80/proxy/d/rancher-cluster-nodes-1/rancher-cluster-nodes?orgId=1&kiosk&from=now-5m&to=now&refresh=30s&theme=light" "Mozilla/5.0 (Windows NT 10.0; Win64; x64) AppleWebKit/537.36 (KHTML, like Gecko) Chrome/127.0.0.0 Safari/537.36" 2098 0.007 [cattle-system-rancher-80] [] 10.52.2.3:80 3352 0.007 200 31dec963dd1ec6b89cff317acc2d9533
2024-08-06T02:45:00.745904383Z 10.10.110.11 - - [06/Aug/2024:02:45:00 +0000] "POST /api/v1/namespaces/cattle-monitoring-system/services/http:rancher-monitoring-grafana:80/proxy/api/ds/query HTTP/1.1" 200 3072 "https://harvester.calgaryserver.ca/api/v1/namespaces/cattle-monitoring-system/services/http:rancher-monitoring-grafana:80/proxy/d/rancher-cluster-nodes-1/rancher-cluster-nodes?orgId=1&kiosk&from=now-5m&to=now&refresh=30s&theme=light" "Mozilla/5.0 (Windows NT 10.0; Win64; x64) AppleWebKit/537.36 (KHTML, like Gecko) Chrome/127.0.0.0 Safari/537.36" 2042 0.014 [cattle-system-rancher-80] [] 10.52.2.3:80 3072 0.014 200 25211d0b89b867ff073d605f7c8858ff
2024-08-06T02:45:03.490589832Z 10.52.3.0 - - [06/Aug/2024:02:45:03 +0000] "GET /version HTTP/2.0" 200 286 "-" "curl/8.0.1" 36 0.003 [cattle-system-rancher-80] [] 10.52.0.73:80 286 0.002 200 5b021c4979b366a391abb732e4341968
2024-08-06T02:45:32.958906433Z 10.52.1.0 - - [06/Aug/2024:02:45:32 +0000] "GET /version HTTP/2.0" 200 286 "-" "curl/8.0.1" 36 0.002 [cattle-system-rancher-80] [] 10.52.0.73:80 286 0.002 200 b8108cde7ccd44ffa13d7663a90da4fc
2024-08-06T02:46:30.769643845Z 10.10.110.11 - - [06/Aug/2024:02:46:30 +0000] "POST /api/v1/namespaces/cattle-monitoring-system/services/http:rancher-monitoring-grafana:80/proxy/api/ds/query HTTP/1.1" 200 8140 "https://harvester.calgaryserver.ca/api/v1/namespaces/cattle-monitoring-system/services/http:rancher-monitoring-grafana:80/proxy/d/rancher-cluster-nodes-1/rancher-cluster-nodes?orgId=1&kiosk&from=now-5m&to=now&refresh=30s&theme=light" "Mozilla/5.0 (Windows NT 10.0; Win64; x64) AppleWebKit/537.36 (KHTML, like Gecko) Chrome/127.0.0.0 Safari/537.36" 2751 0.015 [cattle-system-rancher-80] [] 10.52.0.73:80 8134 0.015 200 2aea3714000e3a938b2ec5ac43d7c358
2024-08-06T02:46:53.085307810Z 10.52.2.0 - - [06/Aug/2024:02:46:53 +0000] "GET /version HTTP/2.0" 200 286 "-" "curl/8.0.1" 36 0.002 [cattle-system-rancher-80] [] 10.52.0.73:80 286 0.002 200 5d4c53ab944665ab0d9d83369943e288
2024-08-06T02:47:00.776910507Z 10.10.110.11 - - [06/Aug/2024:02:47:00 +0000] "POST /api/v1/namespaces/cattle-monitoring-system/services/http:rancher-monitoring-grafana:80/proxy/api/ds/query HTTP/1.1" 200 3350 "https://harvester.calgaryserver.ca/api/v1/namespaces/cattle-monitoring-system/services/http:rancher-monitoring-grafana:80/proxy/d/rancher-cluster-nodes-1/rancher-cluster-nodes?orgId=1&kiosk&from=now-5m&to=now&refresh=30s&theme=light" "Mozilla/5.0 (Windows NT 10.0; Win64; x64) AppleWebKit/537.36 (KHTML, like Gecko) Chrome/127.0.0.0 Safari/537.36" 2098 0.010 [cattle-system-rancher-80] [] 10.52.0.73:80 3350 0.011 200 dc037627984c839942c842179b613572
2024-08-06T02:47:50.991301470Z 10.10.110.11 - - [06/Aug/2024:02:47:50 +0000] "GET /v1/harvester/harvesterhci.io.supportbundles/harvester-system/bundle-jk7b5 HTTP/1.1" 200 1036 "https://harvester.calgaryserver.ca/dashboard/harvester/c/local/support" "Mozilla/5.0 (Windows NT 10.0; Win64; x64) AppleWebKit/537.36 (KHTML, like Gecko) Chrome/127.0.0.0 Safari/537.36" 1203 0.007 [cattle-system-rancher-80] [] 10.52.2.3:80 1036 0.006 200 a895a5bf2855f21654a2a948bcf08f30
2024-08-06T02:48:01.482778175Z 10.10.110.11 - - [06/Aug/2024:02:48:01 +0000] "POST /api/v1/namespaces/cattle-monitoring-system/services/http:rancher-monitoring-grafana:80/proxy/api/ds/query HTTP/1.1" 200 8148 "https://harvester.calgaryserver.ca/api/v1/namespaces/cattle-monitoring-system/services/http:rancher-monitoring-grafana:80/proxy/d/rancher-cluster-nodes-1/rancher-cluster-nodes?orgId=1&kiosk&from=now-5m&to=now&refresh=30s&theme=light" "Mozilla/5.0 (Windows NT 10.0; Win64; x64) AppleWebKit/537.36 (KHTML, like Gecko) Chrome/127.0.0.0 Safari/537.36" 2751 0.015 [cattle-system-rancher-80] [] 10.52.1.5:80 8134 0.015 200 8d65a64f638cfb7af0229f425d2a7835
2024-08-06T02:48:23.044546374Z 10.52.2.0 - - [06/Aug/2024:02:48:23 +0000] "GET /version HTTP/2.0" 200 286 "-" "curl/8.0.1" 36 0.003 [cattle-system-rancher-80] [] 10.52.2.3:80 286 0.002 200 f9a85c36027503872739cae2224c5768
2024-08-06T02:48:23.233901937Z 10.10.110.11 - - [06/Aug/2024:02:48:23 +0000] "GET /api/v1/namespaces/cattle-monitoring-system/services/http:rancher-monitoring-grafana:80/proxy/api/live/ws HTTP/1.1" 101 610 "-" "Mozilla/5.0 (Windows NT 10.0; Win64; x64) AppleWebKit/537.36 (KHTML, like Gecko) Chrome/127.0.0.0 Safari/537.36" 1104 712.690 [cattle-system-rancher-80] [] 10.52.0.73:80 0 712.690 101 45ca2ea40a7b7aec2ffcf7a62de47ec3
2024-08-06T02:48:24.007907685Z 10.10.110.11 - - [06/Aug/2024:02:48:24 +0000] "GET /v1/harvester/harvesterhci.io.supportbundles/harvester-system/bundle-jk7b5 HTTP/1.1" 200 1036 "https://harvester.calgaryserver.ca/dashboard/harvester/c/local/support" "Mozilla/5.0 (Windows NT 10.0; Win64; x64) AppleWebKit/537.36 (KHTML, like Gecko) Chrome/127.0.0.0 Safari/537.36" 1203 0.006 [cattle-system-rancher-80] [] 10.52.1.5:80 1036 0.007 200 36155a0b9acb4cf773ea8b0e021da924
2024-08-06T02:48:24.912227087Z 10.10.110.11 - - [06/Aug/2024:02:48:24 +0000] "GET /v1/metrics.k8s.io.nodes HTTP/1.1" 200 2347 "https://harvester.calgaryserver.ca/dashboard/c/local/explorer/node" "Mozilla/5.0 (Windows NT 10.0; Win64; x64) AppleWebKit/537.36 (KHTML, like Gecko) Chrome/127.0.0.0 Safari/537.36" 1149 0.013 [cattle-system-rancher-80] [] 10.52.0.73:80 2354 0.013 200 636fd426824096f0e774f984ee3330aa
2024-08-06T02:48:42.005407419Z 10.10.110.11 - - [06/Aug/2024:02:48:42 +0000] "GET /v1/harvester/harvesterhci.io.supportbundles/harvester-system/bundle-jk7b5 HTTP/1.1" 200 1037 "https://harvester.calgaryserver.ca/dashboard/harvester/c/local/support" "Mozilla/5.0 (Windows NT 10.0; Win64; x64) AppleWebKit/537.36 (KHTML, like Gecko) Chrome/127.0.0.0 Safari/537.36" 1203 0.006 [cattle-system-rancher-80] [] 10.52.0.73:80 1037 0.006 200 bd28ba0d37426bc851648f817758d140
2024-08-06T02:48:54.197253903Z 10.10.110.11 - - [06/Aug/2024:02:48:54 +0000] "GET /v1/metrics.k8s.io.nodes HTTP/1.1" 200 2348 "https://harvester.calgaryserver.ca/dashboard/c/local/explorer/node" "Mozilla/5.0 (Windows NT 10.0; Win64; x64) AppleWebKit/537.36 (KHTML, like Gecko) Chrome/127.0.0.0 Safari/537.36" 1149 0.015 [cattle-system-rancher-80] [] 10.52.1.5:80 2355 0.015 200 64b75e28043c1c15aa317f75512a89a2
2024-08-06T02:48:59.441538990Z 10.10.110.11 - - [06/Aug/2024:02:48:59 +0000] "GET /v1/replicationcontrollers HTTP/1.1" 200 166 "https://harvester.calgaryserver.ca/dashboard/c/local/explorer/workload" "Mozilla/5.0 (Windows NT 10.0; Win64; x64) AppleWebKit/537.36 (KHTML, like Gecko) Chrome/127.0.0.0 Safari/537.36" 1155 0.004 [cattle-system-rancher-80] [] 10.52.0.73:80 166 0.003 200 0bb9959c74bc872d49069d38f6d83d4e
2024-08-06T02:48:59.635544552Z 10.10.110.11 - - [06/Aug/2024:02:48:59 +0000] "GET /v1/pods HTTP/1.1" 200 121362 "https://harvester.calgaryserver.ca/dashboard/c/local/explorer/workload" "Mozilla/5.0 (Windows NT 10.0; Win64; x64) AppleWebKit/537.36 (KHTML, like Gecko) Chrome/127.0.0.0 Safari/537.36" 1137 0.199 [cattle-system-rancher-80] [] 10.52.1.5:80 121572 0.198 200 c9fcb800dcf417032e334ca21cece607
2024-08-06T02:49:03.472461220Z 10.52.3.0 - - [06/Aug/2024:02:49:03 +0000] "GET /version HTTP/2.0" 200 286 "-" "curl/8.0.1" 36 0.002 [cattle-system-rancher-80] [] 10.52.0.73:80 286 0.002 200 765d2d1f3032fd7bce569477d036a43f
2024-08-06T02:49:18.001949771Z 10.10.110.11 - - [06/Aug/2024:02:49:18 +0000] "GET /v1/harvester/harvesterhci.io.supportbundles/harvester-system/bundle-jk7b5 HTTP/1.1" 200 1037 "https://harvester.calgaryserver.ca/dashboard/harvester/c/local/support" "Mozilla/5.0 (Windows NT 10.0; Win64; x64) AppleWebKit/537.36 (KHTML, like Gecko) Chrome/127.0.0.0 Safari/537.36" 1203 0.006 [cattle-system-rancher-80] [] 10.52.2.3:80 1037 0.006 200 b5100bf35f175fcd14fdba2764544ee5
2024-08-06T02:49:20.993917270Z 10.10.110.11 - - [06/Aug/2024:02:49:20 +0000] "GET /v1/harvester/harvesterhci.io.supportbundles/harvester-system/bundle-jk7b5 HTTP/1.1" 200 1037 "https://harvester.calgaryserver.ca/dashboard/harvester/c/local/support" "Mozilla/5.0 (Windows NT 10.0; Win64; x64) AppleWebKit/537.36 (KHTML, like Gecko) Chrome/127.0.0.0 Safari/537.36" 1203 0.010 [cattle-system-rancher-80] [] 10.52.1.5:80 1037 0.010 200 f0cbdada633760acd722dea459afafff
2024-08-06T02:49:24.049040409Z 10.10.110.11 - - [06/Aug/2024:02:49:24 +0000] "GET /v1/harvester/harvesterhci.io.supportbundles/harvester-system/bundle-jk7b5 HTTP/1.1" 200 1037 "https://harvester.calgaryserver.ca/dashboard/harvester/c/local/support" "Mozilla/5.0 (Windows NT 10.0; Win64; x64) AppleWebKit/537.36 (KHTML, like Gecko) Chrome/127.0.0.0 Safari/537.36" 1203 0.007 [cattle-system-rancher-80] [] 10.52.0.73:80 1037 0.007 200 fb46f3ee0d3c517484419b93a7457c5a
2024-08-06T02:49:50.987043997Z 10.10.110.11 - - [06/Aug/2024:02:49:50 +0000] "GET /v1/harvester/harvesterhci.io.supportbundles/harvester-system/bundle-jk7b5 HTTP/1.1" 200 1037 "https://harvester.calgaryserver.ca/dashboard/harvester/c/local/support" "Mozilla/5.0 (Windows NT 10.0; Win64; x64) AppleWebKit/537.36 (KHTML, like Gecko) Chrome/127.0.0.0 Safari/537.36" 1203 0.005 [cattle-system-rancher-80] [] 10.52.0.73:80 1037 0.006 200 656e051b5aaca56ea8ecb25618eb7a73
2024-08-06T02:49:56.358957410Z 10.10.110.11 - - [06/Aug/2024:02:49:56 +0000] "GET /version HTTP/2.0" 200 286 "-" "curl/8.0.1" 36 0.002 [cattle-system-rancher-80] [] 10.52.1.5:80 286 0.003 200 f34ca4ea52fc2f70bf0741c113319384
2024-08-06T02:50:03.452516438Z 10.52.3.0 - - [06/Aug/2024:02:50:03 +0000] "GET /version HTTP/2.0" 200 286 "-" "curl/8.0.1" 36 0.003 [cattle-system-rancher-80] [] 10.52.2.3:80 286 0.002 200 8ec97f70cf23db91d96e6c92d03955dd
2024-08-06T02:50:08.985479526Z 10.10.110.11 - - [06/Aug/2024:02:50:08 +0000] "GET /v1/harvester/harvesterhci.io.supportbundles/harvester-system/bundle-jk7b5 HTTP/1.1" 200 1038 "https://harvester.calgaryserver.ca/dashboard/harvester/c/local/support" "Mozilla/5.0 (Windows NT 10.0; Win64; x64) AppleWebKit/537.36 (KHTML, like Gecko) Chrome/127.0.0.0 Safari/537.36" 1203 0.007 [cattle-system-rancher-80] [] 10.52.0.73:80 1038 0.007 200 dad131d382e46e5194ef2f045fbd949e
2024-08-06T02:50:20.990524045Z 10.10.110.11 - - [06/Aug/2024:02:50:20 +0000] "GET /v1/harvester/harvesterhci.io.supportbundles/harvester-system/bundle-jk7b5 HTTP/1.1" 200 1038 "https://harvester.calgaryserver.ca/dashboard/harvester/c/local/support" "Mozilla/5.0 (Windows NT 10.0; Win64; x64) AppleWebKit/537.36 (KHTML, like Gecko) Chrome/127.0.0.0 Safari/537.36" 1203 0.007 [cattle-system-rancher-80] [] 10.52.1.5:80 1038 0.007 200 375c41bc92f0cc3e2f74671a7c6fe607
2024-08-06T02:50:24.005114266Z 10.10.110.11 - - [06/Aug/2024:02:50:24 +0000] "GET /v1/harvester/harvesterhci.io.supportbundles/harvester-system/bundle-jk7b5 HTTP/1.1" 200 1038 "https://harvester.calgaryserver.ca/dashboard/harvester/c/local/support" "Mozilla/5.0 (Windows NT 10.0; Win64; x64) AppleWebKit/537.36 (KHTML, like Gecko) Chrome/127.0.0.0 Safari/537.36" 1203 0.006 [cattle-system-rancher-80] [] 10.52.1.5:80 1038 0.006 200 c65f45924a22944efae77a14572e11b0
2024-08-06T02:50:25.465318271Z 10.10.110.11 - - [06/Aug/2024:02:50:25 +0000] "GET /api/v1/namespaces/cattle-monitoring-system/services/http:rancher-monitoring-grafana:80/proxy/api/dashboards/uid/rancher-workload-1 HTTP/1.1" 200 13495 "https://harvester.calgaryserver.ca/dashboard/c/local/explorer/apps.daemonset/harvester-system/virt-handler" "Mozilla/5.0 (Windows NT 10.0; Win64; x64) AppleWebKit/537.36 (KHTML, like Gecko) Chrome/127.0.0.0 Safari/537.36" 1296 0.015 [cattle-system-rancher-80] [] 10.52.1.5:80 13473 0.015 200 9c30058e9410e47dfc788fdde314a583
2024-08-06T02:50:32.980219571Z 10.52.1.0 - - [06/Aug/2024:02:50:32 +0000] "GET /version HTTP/2.0" 200 286 "-" "curl/8.0.1" 36 0.002 [cattle-system-rancher-80] [] 10.52.2.3:80 286 0.003 200 9ec2d23edc7fd28fc0a850217edf58d1
2024-08-06T02:50:32.985828124Z 10.10.110.11 - - [06/Aug/2024:02:50:32 +0000] "GET /v1/harvester/harvesterhci.io.supportbundles/harvester-system/bundle-jk7b5 HTTP/1.1" 200 1038 "https://harvester.calgaryserver.ca/dashboard/harvester/c/local/support" "Mozilla/5.0 (Windows NT 10.0; Win64; x64) AppleWebKit/537.36 (KHTML, like Gecko) Chrome/127.0.0.0 Safari/537.36" 1203 0.005 [cattle-system-rancher-80] [] 10.52.0.73:80 1038 0.006 200 5b213abb68235e20e69e3ed0dd7c733d
2024-08-06T02:50:53.051506249Z 10.52.2.0 - - [06/Aug/2024:02:50:53 +0000] "GET /version HTTP/2.0" 200 286 "-" "curl/8.0.1" 36 0.003 [cattle-system-rancher-80] [] 10.52.2.3:80 286 0.002 200 77d947bb61dd0da87840f464d0fb4f7b
2024-08-06T02:51:02.982739850Z 10.52.1.0 - - [06/Aug/2024:02:51:02 +0000] "GET /version HTTP/2.0" 200 286 "-" "curl/8.0.1" 36 0.003 [cattle-system-rancher-80] [] 10.52.1.5:80 286 0.002 200 6b1519293288ef06a4220684b5841ab9
2024-08-06T02:51:26.354992687Z 10.10.110.11 - - [06/Aug/2024:02:51:26 +0000] "GET /version HTTP/2.0" 200 286 "-" "curl/8.0.1" 36 0.002 [cattle-system-rancher-80] [] 10.52.1.5:80 286 0.003 200 a3e5c49c75c6274a96e17e0a81e1a930
2024-08-06T02:51:34.106734520Z 10.10.110.11 - - [06/Aug/2024:02:51:34 +0000] "GET /v1/management.cattle.io.settings?limit=1 HTTP/1.1" 200 733 "https://harvester.calgaryserver.ca/dashboard/harvester/c/local/support" "Mozilla/5.0 (Windows NT 10.0; Win64; x64) AppleWebKit/537.36 (KHTML, like Gecko) Chrome/127.0.0.0 Safari/537.36" 1170 0.008 [cattle-system-rancher-80] [] 10.52.0.73:80 733 0.008 200 922911deb51af4c7723811ed6b8c9092
2024-08-06T02:51:35.786233456Z 10.10.110.11 - - [06/Aug/2024:02:51:35 +0000] "GET /v1/harvester/harvesterhci.io.virtualmachineimages?limit=1 HTTP/1.1" 200 1015 "https://harvester.calgaryserver.ca/dashboard/harvester/c/local/support" "Mozilla/5.0 (Windows NT 10.0; Win64; x64) AppleWebKit/537.36 (KHTML, like Gecko) Chrome/127.0.0.0 Safari/537.36" 1187 0.005 [cattle-system-rancher-80] [] 10.52.0.73:80 1015 0.006 200 039a29ed65b492995d1575ef45657bad
2024-08-06T02:51:35.990001285Z 10.10.110.11 - - [06/Aug/2024:02:51:35 +0000] "GET /v1/harvester/devices.harvesterhci.io.pcidevices?limit=1 HTTP/1.1" 200 1005 "https://harvester.calgaryserver.ca/dashboard/harvester/c/local/support" "Mozilla/5.0 (Windows NT 10.0; Win64; x64) AppleWebKit/537.36 (KHTML, like Gecko) Chrome/127.0.0.0 Safari/537.36" 1185 0.010 [cattle-system-rancher-80] [] 10.52.1.5:80 1005 0.010 200 1bbbceb3903cf4446aac9f94f2be00e0
2024-08-06T02:51:37.619523126Z 10.10.110.11 - - [06/Aug/2024:02:51:37 +0000] "GET /v1/namespaces?limit=1 HTTP/1.1" 200 1292 "https://harvester.calgaryserver.ca/dashboard/c/local/explorer/apps.daemonset/harvester-system/virt-handler" "Mozilla/5.0 (Windows NT 10.0; Win64; x64) AppleWebKit/537.36 (KHTML, like Gecko) Chrome/127.0.0.0 Safari/537.36" 1187 0.008 [cattle-system-rancher-80] [] 10.52.2.3:80 1292 0.008 200 81a169fc868d7c603cf9d37b94cea1d2
2024-08-06T02:51:37.927409865Z 10.10.110.11 - - [06/Aug/2024:02:51:37 +0000] "GET /v1/namespaces?limit=1 HTTP/1.1" 200 1292 "https://harvester.calgaryserver.ca/dashboard/c/local/explorer/apps.daemonset/harvester-system/virt-handler" "Mozilla/5.0 (Windows NT 10.0; Win64; x64) AppleWebKit/537.36 (KHTML, like Gecko) Chrome/127.0.0.0 Safari/537.36" 1187 0.008 [cattle-system-rancher-80] [] 10.52.2.3:80 1292 0.007 200 0d384ddf4ea5c1bcbb67628adf0ed4af
2024-08-06T02:51:37.957284661Z 10.10.110.11 - - [06/Aug/2024:02:51:37 +0000] "GET /v1/pods?limit=1 HTTP/1.1" 200 2652 "https://harvester.calgaryserver.ca/dashboard/c/local/explorer/apps.daemonset/harvester-system/virt-handler" "Mozilla/5.0 (Windows NT 10.0; Win64; x64) AppleWebKit/537.36 (KHTML, like Gecko) Chrome/127.0.0.0 Safari/537.36" 1181 0.009 [cattle-system-rancher-80] [] 10.52.1.5:80 2659 0.010 200 47734ffba921a7bd6afd6e0686d8ad93
2024-08-06T02:51:37.959558438Z 10.10.110.11 - - [06/Aug/2024:02:51:37 +0000] "GET /v1/catalog.cattle.io.apps?limit=1 HTTP/1.1" 200 2448 "https://harvester.calgaryserver.ca/dashboard/c/local/explorer/apps.daemonset/harvester-system/virt-handler" "Mozilla/5.0 (Windows NT 10.0; Win64; x64) AppleWebKit/537.36 (KHTML, like Gecko) Chrome/127.0.0.0 Safari/537.36" 1199 0.011 [cattle-system-rancher-80] [] 10.52.2.3:80 2455 0.010 200 1fec9ba411ba31a70d3caeb1bf0cc13a
2024-08-06T02:51:38.076407235Z 10.10.110.11 - - [06/Aug/2024:02:51:38 +0000] "GET /v1/nodes?limit=1 HTTP/1.1" 200 6508 "https://harvester.calgaryserver.ca/dashboard/c/local/explorer/apps.daemonset/harvester-system/virt-handler" "Mozilla/5.0 (Windows NT 10.0; Win64; x64) AppleWebKit/537.36 (KHTML, like Gecko) Chrome/127.0.0.0 Safari/537.36" 1182 0.016 [cattle-system-rancher-80] [] 10.52.0.73:80 6522 0.016 200 d30aab0a0c5c9b5a06497a3ce4dcc3a9
2024-08-06T02:52:03.004443607Z 10.52.1.0 - - [06/Aug/2024:02:52:03 +0000] "GET /version HTTP/2.0" 200 286 "-" "curl/8.0.1" 36 0.003 [cattle-system-rancher-80] [] 10.52.1.5:80 286 0.002 200 b3795aabd13113d0fda88c9601031f96
2024-08-06T02:52:03.482534022Z 10.52.3.0 - - [06/Aug/2024:02:52:03 +0000] "GET /version HTTP/2.0" 200 286 "-" "curl/8.0.1" 36 0.003 [cattle-system-rancher-80] [] 10.52.2.3:80 286 0.003 200 8a0f2f1e1fe205ab6fae9c23655d14fd
2024-08-06T02:52:47.502507810Z 10.10.110.11 - - [06/Aug/2024:02:52:47 +0000] "GET /v1/harvesterhci.io.addons HTTP/1.1" 200 3185 "https://harvester.calgaryserver.ca/dashboard/c/local/explorer/devices.harvesterhci.io.pcidevice" "Mozilla/5.0 (Windows NT 10.0; Win64; x64) AppleWebKit/537.36 (KHTML, like Gecko) Chrome/127.0.0.0 Safari/537.36" 1180 0.012 [cattle-system-rancher-80] [] 10.52.1.5:80 3192 0.011 200 cb05c0918484e4f5442eed9510c35438
2024-08-06T02:53:33.464683261Z 10.52.3.0 - - [06/Aug/2024:02:53:33 +0000] "GET /version HTTP/2.0" 200 286 "-" "curl/8.0.1" 36 0.002 [cattle-system-rancher-80] [] 10.52.0.73:80 286 0.001 200 bf25a1a0c52479842c9409763b0b004c
2024-08-06T02:53:53.068859756Z 10.52.2.0 - - [06/Aug/2024:02:53:53 +0000] "GET /version HTTP/2.0" 200 286 "-" "curl/8.0.1" 36 0.002 [cattle-system-rancher-80] [] 10.52.1.5:80 286 0.002 200 005b7b783d8c0e6b90385f0c9051b6ea
2024-08-06T02:53:56.950712918Z 10.10.110.11 - - [06/Aug/2024:02:53:56 +0000] "GET /v1/harvester/longhorn.io.nodes?limit=1 HTTP/1.1" 200 2002 "https://harvester.calgaryserver.ca/dashboard/harvester/c/local/support" "Mozilla/5.0 (Windows NT 10.0; Win64; x64) AppleWebKit/537.36 (KHTML, like Gecko) Chrome/127.0.0.0 Safari/537.36" 1168 0.010 [cattle-system-rancher-80] [] 10.52.2.3:80 2002 0.010 200 a8144028b4a8fcbd816d63fe4c153de8
2024-08-06T02:54:02.972495851Z 10.52.1.0 - - [06/Aug/2024:02:54:02 +0000] "GET /version HTTP/2.0" 200 286 "-" "curl/8.0.1" 36 0.003 [cattle-system-rancher-80] [] 10.52.1.5:80 286 0.002 200 60b4b48a7834b7780238aaea711611ec
2024-08-06T02:54:03.459407954Z 10.52.3.0 - - [06/Aug/2024:02:54:03 +0000] "GET /version HTTP/2.0" 200 286 "-" "curl/8.0.1" 36 0.002 [cattle-system-rancher-80] [] 10.52.2.3:80 286 0.002 200 fae46bb5868fdfe0b1da287c331fc2c8
2024-08-06T02:54:19.128074711Z 10.10.110.11 - - [06/Aug/2024:02:54:19 +0000] "GET /v1/harvester/harvesterhci.io.virtualmachinebackups?limit=1 HTTP/1.1" 200 181 "https://harvester.calgaryserver.ca/dashboard/harvester/c/local/support" "Mozilla/5.0 (Windows NT 10.0; Win64; x64) AppleWebKit/537.36 (KHTML, like Gecko) Chrome/127.0.0.0 Safari/537.36" 1188 0.006 [cattle-system-rancher-80] [] 10.52.1.5:80 181 0.006 200 eb0bb3a5d0b635b5e81ed3afc38e67de
2024-08-06T02:54:26.331684007Z 10.10.110.11 - - [06/Aug/2024:02:54:26 +0000] "GET /version HTTP/2.0" 200 286 "-" "curl/8.0.1" 36 0.003 [cattle-system-rancher-80] [] 10.52.2.3:80 286 0.002 200 59f7b5d7d3a82e4103cbeb521b4e75e6
2024-08-06T02:55:02.992033373Z 10.52.1.0 - - [06/Aug/2024:02:55:02 +0000] "GET /version HTTP/2.0" 200 286 "-" "curl/8.0.1" 36 0.002 [cattle-system-rancher-80] [] 10.52.0.73:80 286 0.002 200 6d9b7cb6ef6ad71731cb890d7dffe90e
2024-08-06T02:55:03.504832025Z 10.52.3.0 - - [06/Aug/2024:02:55:03 +0000] "GET /version HTTP/2.0" 200 286 "-" "curl/8.0.1" 36 0.002 [cattle-system-rancher-80] [] 10.52.0.73:80 286 0.002 200 01c0aa1301e088437258e7f3d47345ff
2024-08-06T02:55:26.348246495Z 10.10.110.11 - - [06/Aug/2024:02:55:26 +0000] "GET /version HTTP/2.0" 200 286 "-" "curl/8.0.1" 36 0.002 [cattle-system-rancher-80] [] 10.52.2.3:80 286 0.003 200 82f785bd91c6c897ef0ef6190e4f40c4
2024-08-06T02:55:32.993612858Z 10.52.1.0 - - [06/Aug/2024:02:55:32 +0000] "GET /version HTTP/2.0" 200 286 "-" "curl/8.0.1" 36 0.003 [cattle-system-rancher-80] [] 10.52.2.3:80 286 0.002 200 fc5d343fa582ae8b595e93f05b925329
2024-08-06T02:55:56.339573272Z 10.10.110.11 - - [06/Aug/2024:02:55:56 +0000] "GET /version HTTP/2.0" 200 286 "-" "curl/8.0.1" 36 0.003 [cattle-system-rancher-80] [] 10.52.2.3:80 286 0.002 200 fdfafb4c3038fe6acf4f187c93fd45cb
2024-08-06T02:56:02.976837531Z 10.52.1.0 - - [06/Aug/2024:02:56:02 +0000] "GET /version HTTP/2.0" 200 286 "-" "curl/8.0.1" 36 0.003 [cattle-system-rancher-80] [] 10.52.2.3:80 286 0.003 200 27196ea186649841882fea8aa38a22f0
2024-08-06T02:56:03.485258044Z 10.52.3.0 - - [06/Aug/2024:02:56:03 +0000] "GET /version HTTP/2.0" 200 286 "-" "curl/8.0.1" 36 0.002 [cattle-system-rancher-80] [] 10.52.0.73:80 286 0.002 200 5434f18c084eb9548f8530c43349b752
2024-08-06T02:56:33.432922952Z 10.52.3.0 - - [06/Aug/2024:02:56:33 +0000] "GET /version HTTP/2.0" 200 286 "-" "curl/8.0.1" 36 0.002 [cattle-system-rancher-80] [] 10.52.0.73:80 286 0.002 200 aea8a117a171529923644492b5cbd6a4
2024-08-06T02:56:56.345649294Z 10.10.110.11 - - [06/Aug/2024:02:56:56 +0000] "GET /version HTTP/2.0" 200 286 "-" "curl/8.0.1" 36 0.002 [cattle-system-rancher-80] [] 10.52.0.73:80 286 0.001 200 1aa1c5f3a570159e9305a58a3f319fb3
2024-08-06T02:58:27.569935403Z 10.10.110.11 - - [06/Aug/2024:02:58:27 +0000] "GET /api/v1/namespaces/cattle-monitoring-system/services/http:rancher-monitoring-grafana:80/proxy/api/dashboards/uid/rancher-workload-1 HTTP/1.1" 200 13494 "https://harvester.calgaryserver.ca/dashboard/c/local/explorer/apps.daemonset/harvester-system/harvester-pcidevices-controller" "Mozilla/5.0 (Windows NT 10.0; Win64; x64) AppleWebKit/537.36 (KHTML, like Gecko) Chrome/127.0.0.0 Safari/537.36" 1315 0.012 [cattle-system-rancher-80] [] 10.52.1.5:80 13480 0.013 200 a82c08bbcf504a0341e1262665055e6a
2024-08-06T02:58:46.093898388Z 10.10.110.11 - - [06/Aug/2024:02:58:46 +0000] "GET /api/v1/namespaces/cattle-monitoring-system/services/http:rancher-monitoring-grafana:80/proxy/api/dashboards/uid/rancher-workload-1 HTTP/1.1" 200 13494 "https://harvester.calgaryserver.ca/dashboard/c/local/explorer/apps.daemonset/harvester-system/virt-handler" "Mozilla/5.0 (Windows NT 10.0; Win64; x64) AppleWebKit/537.36 (KHTML, like Gecko) Chrome/127.0.0.0 Safari/537.36" 1296 0.012 [cattle-system-rancher-80] [] 10.52.1.5:80 13481 0.011 200 7c7e14d87662456a63c9e6a90b6a24b0
2024-08-06T02:59:56.366262468Z 10.10.110.11 - - [06/Aug/2024:02:59:56 +0000] "GET /version HTTP/2.0" 200 286 "-" "curl/8.0.1" 36 0.002 [cattle-system-rancher-80] [] 10.52.0.73:80 286 0.002 200 0bbe1c8d4920bc6115ace53f67f9cb74
2024-08-06T03:00:02.952878333Z 10.52.1.0 - - [06/Aug/2024:03:00:02 +0000] "GET /version HTTP/2.0" 200 286 "-" "curl/8.0.1" 36 0.002 [cattle-system-rancher-80] [] 10.52.0.73:80 286 0.002 200 798383ae976466a1a6932ea130a12343
2024-08-06T03:00:33.470857548Z 10.52.3.0 - - [06/Aug/2024:03:00:33 +0000] "GET /version HTTP/2.0" 200 286 "-" "curl/8.0.1" 36 0.003 [cattle-system-rancher-80] [] 10.52.1.5:80 286 0.003 200 b604068d4bd4473c1e36e14d0cfe3f27
2024-08-06T03:00:52.064628453Z 10.10.110.11 - - [06/Aug/2024:03:00:52 +0000] "GET /api/v1/namespaces/cattle-monitoring-system/services/http:rancher-monitoring-grafana:80/proxy/public/fonts/roboto/CWB0XYA8bzo0kSThX0UTuA.woff2 HTTP/1.1" 200 14600 "https://harvester.calgaryserver.ca/api/v1/namespaces/cattle-monitoring-system/services/http:rancher-monitoring-grafana:80/proxy/public/build/grafana.light.54fffb6dcf6204494323.css" "Mozilla/5.0 (Windows NT 10.0; Win64; x64) AppleWebKit/537.36 (KHTML, like Gecko) Chrome/127.0.0.0 Safari/537.36" 1361 0.006 [cattle-system-rancher-80] [] 10.52.1.5:80 14600 0.006 200 3935e3c546269694c84b77044bb4d9d4
2024-08-06T03:01:02.962535216Z 10.52.1.0 - - [06/Aug/2024:03:01:02 +0000] "GET /version HTTP/2.0" 200 286 "-" "curl/8.0.1" 36 0.003 [cattle-system-rancher-80] [] 10.52.2.3:80 286 0.002 200 88e8d24dbd2c0b46671fe828863ccc59
2024-08-06T03:01:29.938615983Z 10.10.110.11 - - [06/Aug/2024:03:01:29 +0000] "GET /api/v1/namespaces/default/pods/virt-launcher-gputest-primary-c31607d4-hpllh-kljbh/log?previous=false&follow=true&timestamps=true&pretty=true&container=compute&sinceSeconds=1800&sockId=12 HTTP/1.1" 101 7026 "-" "Mozilla/5.0 (Windows NT 10.0; Win64; x64) AppleWebKit/537.36 (KHTML, like Gecko) Chrome/127.0.0.0 Safari/537.36" 1232 15.106 [cattle-system-rancher-80] [] 10.52.2.3:80 0 15.105 101 c16930559196dac9145c7894ee719ed8
2024-08-06T03:01:32.950652213Z 10.52.1.0 - - [06/Aug/2024:03:01:32 +0000] "GET /version HTTP/2.0" 200 286 "-" "curl/8.0.1" 36 0.003 [cattle-system-rancher-80] [] 10.52.1.5:80 286 0.002 200 ad6d7c58a69d1a75421f72f37b1a0cdf
2024-08-06T03:01:56.369924472Z 10.10.110.11 - - [06/Aug/2024:03:01:56 +0000] "GET /version HTTP/2.0" 200 286 "-" "curl/8.0.1" 36 0.003 [cattle-system-rancher-80] [] 10.52.1.5:80 286 0.003 200 237a3289806ad6ebc7d01383a9c322df
