2024-08-06T05:29:33.010801269Z 10.52.1.0 - - [06/Aug/2024:05:29:33 +0000] "GET /version HTTP/2.0" 200 286 "-" "curl/8.0.1" 36 0.002 [cattle-system-rancher-80] [] 10.52.0.73:80 286 0.002 200 949889f2820e7308de4b9e853aaa9fb6
2024-08-06T05:29:53.088958795Z 10.52.2.0 - - [06/Aug/2024:05:29:53 +0000] "GET /version HTTP/2.0" 200 286 "-" "curl/8.0.1" 36 0.002 [cattle-system-rancher-80] [] 10.52.1.5:80 286 0.003 200 38e661016c01f04be8e97ddb3d9bc2d1
2024-08-06T05:30:03.013547493Z 10.52.1.0 - - [06/Aug/2024:05:30:03 +0000] "GET /version HTTP/2.0" 200 286 "-" "curl/8.0.1" 36 0.003 [cattle-system-rancher-80] [] 10.52.0.73:80 286 0.002 200 5e4680e529a8ba218a10b0e6b5849b75
2024-08-06T05:30:33.017990340Z 10.52.1.0 - - [06/Aug/2024:05:30:33 +0000] "GET /version HTTP/2.0" 200 286 "-" "curl/8.0.1" 36 0.001 [cattle-system-rancher-80] [] 10.52.0.73:80 286 0.001 200 b027c142a9075ef4c57d5923c627f0b8
2024-08-06T05:31:02.979584270Z 10.52.1.0 - - [06/Aug/2024:05:31:02 +0000] "GET /version HTTP/2.0" 200 286 "-" "curl/8.0.1" 36 0.003 [cattle-system-rancher-80] [] 10.52.2.3:80 286 0.002 200 a1d64f490b00d6bdc4ec3a3ed5c64ade
2024-08-06T05:31:56.398134512Z 10.10.110.11 - - [06/Aug/2024:05:31:56 +0000] "GET /version HTTP/2.0" 200 286 "-" "curl/8.0.1" 36 0.002 [cattle-system-rancher-80] [] 10.52.1.5:80 286 0.002 200 5d69f5c6a4d0e3007873b93c28e2f86c
2024-08-06T05:32:23.064462504Z 10.52.2.0 - - [06/Aug/2024:05:32:23 +0000] "GET /version HTTP/2.0" 200 286 "-" "curl/8.0.1" 36 0.002 [cattle-system-rancher-80] [] 10.52.2.3:80 286 0.002 200 b6659d51818b4173cc727fd008b53b2d
2024-08-06T05:32:56.373425387Z 10.10.110.11 - - [06/Aug/2024:05:32:56 +0000] "GET /version HTTP/2.0" 200 286 "-" "curl/8.0.1" 36 0.002 [cattle-system-rancher-80] [] 10.52.0.73:80 286 0.002 200 5cd4f590e0c98d82a9f1657b5b1b3a47
2024-08-06T05:33:33.004353572Z 10.52.1.0 - - [06/Aug/2024:05:33:33 +0000] "GET /version HTTP/2.0" 200 286 "-" "curl/8.0.1" 36 0.002 [cattle-system-rancher-80] [] 10.52.1.5:80 286 0.002 200 cf441a36ecc44efd1572ffc1fa05fd58
2024-08-06T05:33:56.328300440Z 10.10.110.11 - - [06/Aug/2024:05:33:56 +0000] "GET /version HTTP/2.0" 200 286 "-" "curl/8.0.1" 36 0.002 [cattle-system-rancher-80] [] 10.52.0.73:80 286 0.002 200 104dceb0a85c955a89d9bdfc735c0810
2024-08-06T05:34:33.002834198Z 10.52.1.0 - - [06/Aug/2024:05:34:33 +0000] "GET /version HTTP/2.0" 200 286 "-" "curl/8.0.1" 36 0.003 [cattle-system-rancher-80] [] 10.52.1.5:80 286 0.003 200 87183c34223cf619d95f187eab2328f7
2024-08-06T05:34:33.492006218Z 10.52.3.0 - - [06/Aug/2024:05:34:33 +0000] "GET /version HTTP/2.0" 200 286 "-" "curl/8.0.1" 36 0.002 [cattle-system-rancher-80] [] 10.52.0.73:80 286 0.002 200 42c3b13123682dbb7d469a8d4e07cb7f
2024-08-06T05:34:53.067869984Z 10.52.2.0 - - [06/Aug/2024:05:34:53 +0000] "GET /version HTTP/2.0" 200 286 "-" "curl/8.0.1" 36 0.003 [cattle-system-rancher-80] [] 10.52.1.5:80 286 0.003 200 7c897c72f517c5f13f9318ede2bdfa7f
2024-08-06T05:35:03.485786597Z 10.52.3.0 - - [06/Aug/2024:05:35:03 +0000] "GET /version HTTP/2.0" 200 286 "-" "curl/8.0.1" 36 0.002 [cattle-system-rancher-80] [] 10.52.1.5:80 286 0.003 200 b4ce83923bc35725e34a11f5870cefc4
2024-08-06T05:35:26.346838160Z 10.10.110.11 - - [06/Aug/2024:05:35:26 +0000] "GET /version HTTP/2.0" 200 286 "-" "curl/8.0.1" 36 0.002 [cattle-system-rancher-80] [] 10.52.1.5:80 286 0.002 200 4b69b94d5484419fb61b9c4fca2f8edd
2024-08-06T05:35:33.000333145Z 10.52.1.0 - - [06/Aug/2024:05:35:33 +0000] "GET /version HTTP/2.0" 200 286 "-" "curl/8.0.1" 36 0.003 [cattle-system-rancher-80] [] 10.52.2.3:80 286 0.002 200 c31c5954ecfc79dbdddd2b08eeefd144
2024-08-06T05:35:56.354224093Z 10.10.110.11 - - [06/Aug/2024:05:35:56 +0000] "GET /version HTTP/2.0" 200 286 "-" "curl/8.0.1" 36 0.002 [cattle-system-rancher-80] [] 10.52.2.3:80 286 0.002 200 9658376a54d430328293d69dac8231a3
2024-08-06T05:36:02.997820478Z 10.52.1.0 - - [06/Aug/2024:05:36:02 +0000] "GET /version HTTP/2.0" 200 286 "-" "curl/8.0.1" 36 0.003 [cattle-system-rancher-80] [] 10.52.2.3:80 286 0.003 200 880e157731cd5791fe4bed1174fab968
2024-08-06T05:36:03.498632863Z 10.52.3.0 - - [06/Aug/2024:05:36:03 +0000] "GET /version HTTP/2.0" 200 286 "-" "curl/8.0.1" 36 0.003 [cattle-system-rancher-80] [] 10.52.1.5:80 286 0.002 200 a67fb3d4558a9c37e31af68a9774c968
2024-08-06T05:36:26.357671516Z 10.10.110.11 - - [06/Aug/2024:05:36:26 +0000] "GET /version HTTP/2.0" 200 286 "-" "curl/8.0.1" 36 0.002 [cattle-system-rancher-80] [] 10.52.2.3:80 286 0.003 200 e83817ea077a09369be504bf68014a67
2024-08-06T05:37:33.498142847Z 10.52.3.0 - - [06/Aug/2024:05:37:33 +0000] "GET /version HTTP/2.0" 200 286 "-" "curl/8.0.1" 36 0.002 [cattle-system-rancher-80] [] 10.52.1.5:80 286 0.003 200 4ee97051ab393dfb5e79cd0d65ab3f74
2024-08-06T05:38:03.004044265Z 10.52.1.0 - - [06/Aug/2024:05:38:03 +0000] "GET /version HTTP/2.0" 200 286 "-" "curl/8.0.1" 36 0.002 [cattle-system-rancher-80] [] 10.52.2.3:80 286 0.003 200 86b55da88c0914e259d29d8daa1d913d
2024-08-06T05:38:33.502868396Z 10.52.3.0 - - [06/Aug/2024:05:38:33 +0000] "GET /version HTTP/2.0" 200 286 "-" "curl/8.0.1" 36 0.002 [cattle-system-rancher-80] [] 10.52.0.73:80 286 0.002 200 f33d398178de53e265eece410f9cc393
2024-08-06T05:39:26.357085944Z 10.10.110.11 - - [06/Aug/2024:05:39:26 +0000] "GET /version HTTP/2.0" 200 286 "-" "curl/8.0.1" 36 0.002 [cattle-system-rancher-80] [] 10.52.2.3:80 286 0.003 200 470fc2e4cb8e38a6e89c71403f0a5cc7
2024-08-06T05:40:53.085141146Z 10.52.2.0 - - [06/Aug/2024:05:40:53 +0000] "GET /version HTTP/2.0" 200 286 "-" "curl/8.0.1" 36 0.002 [cattle-system-rancher-80] [] 10.52.2.3:80 286 0.002 200 a63194f63c4c3fa2c13420e63e99a02b
2024-08-06T05:41:56.367435489Z 10.10.110.11 - - [06/Aug/2024:05:41:56 +0000] "GET /version HTTP/2.0" 200 286 "-" "curl/8.0.1" 36 0.002 [cattle-system-rancher-80] [] 10.52.0.73:80 286 0.002 200 3dbb85f538ea7fd27269be34d38fe153
2024-08-06T05:42:23.080942749Z 10.52.2.0 - - [06/Aug/2024:05:42:23 +0000] "GET /version HTTP/2.0" 200 286 "-" "curl/8.0.1" 36 0.003 [cattle-system-rancher-80] [] 10.52.1.5:80 286 0.003 200 4380e6cb5216b621146cab9ef47b3c5a
2024-08-06T05:42:53.090266686Z 10.52.2.0 - - [06/Aug/2024:05:42:53 +0000] "GET /version HTTP/2.0" 200 286 "-" "curl/8.0.1" 36 0.002 [cattle-system-rancher-80] [] 10.52.1.5:80 286 0.002 200 4df9a4b8fb2c47af7907452ac1f75cce
2024-08-06T05:42:56.344365304Z 10.10.110.11 - - [06/Aug/2024:05:42:56 +0000] "GET /version HTTP/2.0" 200 286 "-" "curl/8.0.1" 36 0.003 [cattle-system-rancher-80] [] 10.52.1.5:80 286 0.002 200 269f7e14137c579731a60207d2fb50e4
2024-08-06T05:44:03.004350087Z 10.52.1.0 - - [06/Aug/2024:05:44:03 +0000] "GET /version HTTP/2.0" 200 286 "-" "curl/8.0.1" 36 0.002 [cattle-system-rancher-80] [] 10.52.1.5:80 286 0.002 200 136458bffff40775eabf9bf37a41f71c
2024-08-06T05:46:02.993647724Z 10.52.1.0 - - [06/Aug/2024:05:46:02 +0000] "GET /version HTTP/2.0" 200 286 "-" "curl/8.0.1" 36 0.003 [cattle-system-rancher-80] [] 10.52.2.3:80 286 0.002 200 50e6f1d4750ff2db15c432402cd3a7ed
2024-08-06T05:46:26.378252408Z 10.10.110.11 - - [06/Aug/2024:05:46:26 +0000] "GET /version HTTP/2.0" 200 286 "-" "curl/8.0.1" 36 0.002 [cattle-system-rancher-80] [] 10.52.2.3:80 286 0.003 200 55eb1a077a478883cf2595e5e2b57def
2024-08-06T05:46:56.368472359Z 10.10.110.11 - - [06/Aug/2024:05:46:56 +0000] "GET /version HTTP/2.0" 200 286 "-" "curl/8.0.1" 36 0.003 [cattle-system-rancher-80] [] 10.52.1.5:80 286 0.002 200 b5ff8d086f3e5db7a219fd47a6d022e9
2024-08-06T05:47:03.514561554Z 10.52.3.0 - - [06/Aug/2024:05:47:03 +0000] "GET /version HTTP/2.0" 200 286 "-" "curl/8.0.1" 36 0.002 [cattle-system-rancher-80] [] 10.52.1.5:80 286 0.002 200 b10ea27ce7ddf6ace7f9363c75767220
2024-08-06T05:47:23.065003883Z 10.52.2.0 - - [06/Aug/2024:05:47:23 +0000] "GET /version HTTP/2.0" 200 286 "-" "curl/8.0.1" 36 0.002 [cattle-system-rancher-80] [] 10.52.2.3:80 286 0.003 200 42fea0a841c000215bb7c66d7bdcc00c
2024-08-06T05:47:53.072799435Z 10.52.2.0 - - [06/Aug/2024:05:47:53 +0000] "GET /version HTTP/2.0" 200 286 "-" "curl/8.0.1" 36 0.003 [cattle-system-rancher-80] [] 10.52.2.3:80 286 0.002 200 f831b17437628157e1da8d4d0b9a0cc4
2024-08-06T05:48:03.487469912Z 10.52.3.0 - - [06/Aug/2024:05:48:03 +0000] "GET /version HTTP/2.0" 200 286 "-" "curl/8.0.1" 36 0.003 [cattle-system-rancher-80] [] 10.52.1.5:80 286 0.002 200 93b395d93f93d81d8cc2f44bf66858bb
2024-08-06T05:48:56.364218789Z 10.10.110.11 - - [06/Aug/2024:05:48:56 +0000] "GET /version HTTP/2.0" 200 286 "-" "curl/8.0.1" 36 0.002 [cattle-system-rancher-80] [] 10.52.0.73:80 286 0.002 200 54f6d1485323626c67511e515c285836
2024-08-06T05:49:23.068541543Z 10.52.2.0 - - [06/Aug/2024:05:49:23 +0000] "GET /version HTTP/2.0" 200 286 "-" "curl/8.0.1" 36 0.002 [cattle-system-rancher-80] [] 10.52.0.73:80 286 0.002 200 5a25779323181c2b068d4711db4894cc
2024-08-06T05:49:26.345378981Z 10.10.110.11 - - [06/Aug/2024:05:49:26 +0000] "GET /version HTTP/2.0" 200 286 "-" "curl/8.0.1" 36 0.002 [cattle-system-rancher-80] [] 10.52.2.3:80 286 0.003 200 0b1b3c563c0573320e42474d0c656f58
2024-08-06T05:49:30.408121168Z 10.10.110.11 - - [06/Aug/2024:05:49:30 +0000] "GET /v1/apps.statefulsets?limit=1 HTTP/1.1" 200 2789 "https://harvester.calgaryserver.ca/dashboard/c/local/explorer/apps.statefulset" "Mozilla/5.0 (Windows NT 10.0; Win64; x64) AppleWebKit/537.36 (KHTML, like Gecko) Chrome/127.0.0.0 Safari/537.36" 1166 0.010 [cattle-system-rancher-80] [] 10.52.2.3:80 2796 0.010 200 de6b1b2b7a42976d2a0dd49bf8686561
2024-08-06T05:49:30.408566762Z 10.10.110.11 - - [06/Aug/2024:05:49:30 +0000] "GET /v1/apps.replicasets?limit=1 HTTP/1.1" 200 2681 "https://harvester.calgaryserver.ca/dashboard/c/local/explorer/apps.statefulset" "Mozilla/5.0 (Windows NT 10.0; Win64; x64) AppleWebKit/537.36 (KHTML, like Gecko) Chrome/127.0.0.0 Safari/537.36" 1165 0.010 [cattle-system-rancher-80] [] 10.52.0.73:80 2688 0.009 200 9489183b15cbaac31b75018dda67a337
2024-08-06T05:49:33.012861432Z 10.52.1.0 - - [06/Aug/2024:05:49:33 +0000] "GET /version HTTP/2.0" 200 286 "-" "curl/8.0.1" 36 0.003 [cattle-system-rancher-80] [] 10.52.2.3:80 286 0.003 200 857d94ef6fc09fa361a74602c61fa131
2024-08-06T05:51:23.108205483Z 10.52.2.0 - - [06/Aug/2024:05:51:23 +0000] "GET /version HTTP/2.0" 200 286 "-" "curl/8.0.1" 36 0.002 [cattle-system-rancher-80] [] 10.52.1.5:80 286 0.003 200 07ee7388eeaef9e262de76bb1abc8b18
2024-08-06T05:51:26.346656516Z 10.10.110.11 - - [06/Aug/2024:05:51:26 +0000] "GET /version HTTP/2.0" 200 286 "-" "curl/8.0.1" 36 0.002 [cattle-system-rancher-80] [] 10.52.1.5:80 286 0.003 200 9922d7bcc609f0dd859112c91d82cd9b
2024-08-06T05:51:32.993264127Z 10.52.1.0 - - [06/Aug/2024:05:51:32 +0000] "GET /version HTTP/2.0" 200 286 "-" "curl/8.0.1" 36 0.002 [cattle-system-rancher-80] [] 10.52.0.73:80 286 0.002 200 782095659c11c6efb38525e25722a5ab
2024-08-06T05:51:33.511716745Z 10.52.3.0 - - [06/Aug/2024:05:51:33 +0000] "GET /version HTTP/2.0" 200 286 "-" "curl/8.0.1" 36 0.002 [cattle-system-rancher-80] [] 10.52.0.73:80 286 0.001 200 9c1904a72696bf7e15a56e3687e230f6
2024-08-06T05:52:10.415904953Z 10.10.110.11 - - [06/Aug/2024:05:52:10 +0000] "GET /v1/harvester/devices.harvesterhci.io.sriovgpudevices?limit=1 HTTP/1.1" 200 931 "https://harvester.calgaryserver.ca/dashboard/harvester/c/local/support" "Mozilla/5.0 (Windows NT 10.0; Win64; x64) AppleWebKit/537.36 (KHTML, like Gecko) Chrome/127.0.0.0 Safari/537.36" 1190 0.009 [cattle-system-rancher-80] [] 10.52.0.73:80 931 0.010 200 f1968f20ba8e30eac696ac913a14062e
2024-08-06T05:52:10.417641494Z 10.10.110.11 - - [06/Aug/2024:05:52:10 +0000] "GET /v1/harvester/harvesterhci.io.settings?limit=1 HTTP/1.1" 200 684 "https://harvester.calgaryserver.ca/dashboard/harvester/c/local/support" "Mozilla/5.0 (Windows NT 10.0; Win64; x64) AppleWebKit/537.36 (KHTML, like Gecko) Chrome/127.0.0.0 Safari/537.36" 1175 0.011 [cattle-system-rancher-80] [] 10.52.0.73:80 684 0.011 200 ef0b1c362418435fc261bf47baf6d2ab
2024-08-06T05:52:11.397001439Z 10.10.110.11 - - [06/Aug/2024:05:52:11 +0000] "GET /v1/management.cattle.io.clusters?limit=1 HTTP/1.1" 200 1364 "https://harvester.calgaryserver.ca/dashboard/harvester/c/local/support" "Mozilla/5.0 (Windows NT 10.0; Win64; x64) AppleWebKit/537.36 (KHTML, like Gecko) Chrome/127.0.0.0 Safari/537.36" 1170 0.009 [cattle-system-rancher-80] [] 10.52.0.73:80 1364 0.009 200 e01cfb1b57bf4751f39def73ded7f685
2024-08-06T05:52:11.397065350Z 10.10.110.11 - - [06/Aug/2024:05:52:11 +0000] "GET /v1/management.cattle.io.settings?limit=1 HTTP/1.1" 200 743 "https://harvester.calgaryserver.ca/dashboard/harvester/c/local/support" "Mozilla/5.0 (Windows NT 10.0; Win64; x64) AppleWebKit/537.36 (KHTML, like Gecko) Chrome/127.0.0.0 Safari/537.36" 1170 0.009 [cattle-system-rancher-80] [] 10.52.0.73:80 743 0.009 200 96ae62a48d5ef352e132661cf947cb23
2024-08-06T05:52:12.393537327Z 10.10.110.11 - - [06/Aug/2024:05:52:12 +0000] "GET /v1/ui.cattle.io.navlinks?limit=1 HTTP/1.1" 200 167 "https://harvester.calgaryserver.ca/dashboard/c/local/explorer/apps.statefulset" "Mozilla/5.0 (Windows NT 10.0; Win64; x64) AppleWebKit/537.36 (KHTML, like Gecko) Chrome/127.0.0.0 Safari/537.36" 1170 0.005 [cattle-system-rancher-80] [] 10.52.1.5:80 167 0.004 200 5802e3f4db19f633a3f647061ab50654
2024-08-06T05:52:12.400427285Z 10.10.110.11 - - [06/Aug/2024:05:52:12 +0000] "GET /v1/catalog.cattle.io.apps?limit=1 HTTP/1.1" 200 2455 "https://harvester.calgaryserver.ca/dashboard/c/local/explorer/apps.statefulset" "Mozilla/5.0 (Windows NT 10.0; Win64; x64) AppleWebKit/537.36 (KHTML, like Gecko) Chrome/127.0.0.0 Safari/537.36" 1171 0.010 [cattle-system-rancher-80] [] 10.52.2.3:80 2462 0.010 200 db03b96470af1dc70ae81fdf5e9b937b
2024-08-06T05:52:33.497387242Z 10.52.3.0 - - [06/Aug/2024:05:52:33 +0000] "GET /version HTTP/2.0" 200 286 "-" "curl/8.0.1" 36 0.002 [cattle-system-rancher-80] [] 10.52.2.3:80 286 0.003 200 5090770a10ffb2447fec97ad6ce5a45b
2024-08-06T05:52:56.363029700Z 10.10.110.11 - - [06/Aug/2024:05:52:56 +0000] "GET /version HTTP/2.0" 200 286 "-" "curl/8.0.1" 36 0.003 [cattle-system-rancher-80] [] 10.52.2.3:80 286 0.003 200 d7bf793d8ae161a0a229f53215cae54d
2024-08-06T05:53:03.013531867Z 10.52.1.0 - - [06/Aug/2024:05:53:03 +0000] "GET /version HTTP/2.0" 200 286 "-" "curl/8.0.1" 36 0.002 [cattle-system-rancher-80] [] 10.52.1.5:80 286 0.002 200 3c4a37aac5948814e4d2312d3aea76e7
2024-08-06T05:53:03.496199956Z 10.52.3.0 - - [06/Aug/2024:05:53:03 +0000] "GET /version HTTP/2.0" 200 286 "-" "curl/8.0.1" 36 0.002 [cattle-system-rancher-80] [] 10.52.0.73:80 286 0.002 200 9c888c922e3dfcbd9fdaa8dfcd544636
2024-08-06T05:53:18.396048335Z 10.10.110.11 - - [06/Aug/2024:05:53:18 +0000] "GET /v1/devices.harvesterhci.io.pcidevices?limit=1 HTTP/1.1" 200 1006 "https://harvester.calgaryserver.ca/dashboard/c/local/explorer/apps.statefulset" "Mozilla/5.0 (Windows NT 10.0; Win64; x64) AppleWebKit/537.36 (KHTML, like Gecko) Chrome/127.0.0.0 Safari/537.36" 1183 0.009 [cattle-system-rancher-80] [] 10.52.1.5:80 1006 0.010 200 af3fad87d729874cf1dc5467a26267a3
2024-08-06T05:53:21.388265961Z 10.10.110.11 - - [06/Aug/2024:05:53:21 +0000] "GET /v1/devices.harvesterhci.io.sriovgpudevices?limit=1 HTTP/1.1" 200 936 "https://harvester.calgaryserver.ca/dashboard/c/local/explorer/apps.statefulset" "Mozilla/5.0 (Windows NT 10.0; Win64; x64) AppleWebKit/537.36 (KHTML, like Gecko) Chrome/127.0.0.0 Safari/537.36" 1188 0.007 [cattle-system-rancher-80] [] 10.52.2.3:80 936 0.006 200 89a156815d66aa5d85f6aae42b87db15
2024-08-06T05:53:53.081664019Z 10.52.2.0 - - [06/Aug/2024:05:53:53 +0000] "GET /version HTTP/2.0" 200 286 "-" "curl/8.0.1" 36 0.002 [cattle-system-rancher-80] [] 10.52.1.5:80 286 0.003 200 380e0041b9f8d0b155f08b4946fad2c3
2024-08-06T05:53:56.354492457Z 10.10.110.11 - - [06/Aug/2024:05:53:56 +0000] "GET /version HTTP/2.0" 200 286 "-" "curl/8.0.1" 36 0.003 [cattle-system-rancher-80] [] 10.52.2.3:80 286 0.002 200 5b659b0255ba9a1d69bc73adcdc7e395
2024-08-06T05:54:23.095353526Z 10.52.2.0 - - [06/Aug/2024:05:54:23 +0000] "GET /version HTTP/2.0" 200 286 "-" "curl/8.0.1" 36 0.002 [cattle-system-rancher-80] [] 10.52.0.73:80 286 0.002 200 dfa6521ba4f82a8c33c6bed0facf5bd8
2024-08-06T05:54:31.397349885Z 10.10.110.11 - - [06/Aug/2024:05:54:31 +0000] "GET /v1/harvester/metal.harvesterhci.io.inventories?limit=1 HTTP/1.1" 200 179 "https://harvester.calgaryserver.ca/dashboard/harvester/c/local/support" "Mozilla/5.0 (Windows NT 10.0; Win64; x64) AppleWebKit/537.36 (KHTML, like Gecko) Chrome/127.0.0.0 Safari/537.36" 1184 0.006 [cattle-system-rancher-80] [] 10.52.0.73:80 179 0.005 200 98988d1ae0952e30d8e05a982ceb3e67
2024-08-06T05:54:31.398811225Z 10.10.110.11 - - [06/Aug/2024:05:54:31 +0000] "GET /v1/harvester/harvesterhci.io.blockdevices?limit=1 HTTP/1.1" 200 1525 "https://harvester.calgaryserver.ca/dashboard/harvester/c/local/support" "Mozilla/5.0 (Windows NT 10.0; Win64; x64) AppleWebKit/537.36 (KHTML, like Gecko) Chrome/127.0.0.0 Safari/537.36" 1179 0.011 [cattle-system-rancher-80] [] 10.52.2.3:80 1525 0.012 200 d98b2b16d5f8aa38cf5fa8b167ae30c0
2024-08-06T05:54:53.387079971Z 10.10.110.11 - - [06/Aug/2024:05:54:53 +0000] "GET /v1/harvester/harvesterhci.io.virtualmachinebackups?limit=1 HTTP/1.1" 200 181 "https://harvester.calgaryserver.ca/dashboard/harvester/c/local/support" "Mozilla/5.0 (Windows NT 10.0; Win64; x64) AppleWebKit/537.36 (KHTML, like Gecko) Chrome/127.0.0.0 Safari/537.36" 1188 0.005 [cattle-system-rancher-80] [] 10.52.1.5:80 181 0.005 200 3d03ed1c79070afc24434eb0d346966d
2024-08-06T05:55:23.072653174Z 10.52.2.0 - - [06/Aug/2024:05:55:23 +0000] "GET /version HTTP/2.0" 200 286 "-" "curl/8.0.1" 36 0.003 [cattle-system-rancher-80] [] 10.52.2.3:80 286 0.002 200 67da17dd4c99cd5653436a9074bf6764
2024-08-06T05:56:03.478117064Z 10.52.3.0 - - [06/Aug/2024:05:56:03 +0000] "GET /version HTTP/2.0" 200 286 "-" "curl/8.0.1" 36 0.002 [cattle-system-rancher-80] [] 10.52.1.5:80 286 0.003 200 f8e5cb3b81fa44462b4196ced081b157
2024-08-06T05:56:26.377995768Z 10.10.110.11 - - [06/Aug/2024:05:56:26 +0000] "GET /version HTTP/2.0" 200 286 "-" "curl/8.0.1" 36 0.003 [cattle-system-rancher-80] [] 10.52.1.5:80 286 0.003 200 d758e3488dccd1bb3b67341939fd1770
2024-08-06T05:56:53.075165095Z 10.52.2.0 - - [06/Aug/2024:05:56:53 +0000] "GET /version HTTP/2.0" 200 286 "-" "curl/8.0.1" 36 0.002 [cattle-system-rancher-80] [] 10.52.2.3:80 286 0.003 200 cde5bd0a3badc66789fc3ddd88765eb0
2024-08-06T05:57:33.535533902Z 10.52.3.0 - - [06/Aug/2024:05:57:33 +0000] "GET /version HTTP/2.0" 200 286 "-" "curl/8.0.1" 36 0.003 [cattle-system-rancher-80] [] 10.52.2.3:80 286 0.002 200 8d47bb2e0c612a4600282f1badf181c6
2024-08-06T05:57:53.073379086Z 10.52.2.0 - - [06/Aug/2024:05:57:53 +0000] "GET /version HTTP/2.0" 200 286 "-" "curl/8.0.1" 36 0.003 [cattle-system-rancher-80] [] 10.52.2.3:80 286 0.002 200 eaa7ace6b0eb87b56a4a5a5fd9eefc22
2024-08-06T05:57:56.366269803Z 10.10.110.11 - - [06/Aug/2024:05:57:56 +0000] "GET /version HTTP/2.0" 200 286 "-" "curl/8.0.1" 36 0.003 [cattle-system-rancher-80] [] 10.52.2.3:80 286 0.002 200 fb77e48646c5476d55fdf428c4e51359
2024-08-06T05:58:03.502240412Z 10.52.3.0 - - [06/Aug/2024:05:58:03 +0000] "GET /version HTTP/2.0" 200 286 "-" "curl/8.0.1" 36 0.002 [cattle-system-rancher-80] [] 10.52.1.5:80 286 0.003 200 a241f860e5224bbe7b7d1668bfe2f6bd
2024-08-06T05:58:33.526869806Z 10.52.3.0 - - [06/Aug/2024:05:58:33 +0000] "GET /version HTTP/2.0" 200 286 "-" "curl/8.0.1" 36 0.002 [cattle-system-rancher-80] [] 10.52.2.3:80 286 0.003 200 b23ac03738da0a618ad5cef10a793710
2024-08-06T05:59:03.494634382Z 10.52.3.0 - - [06/Aug/2024:05:59:03 +0000] "GET /version HTTP/2.0" 200 286 "-" "curl/8.0.1" 36 0.003 [cattle-system-rancher-80] [] 10.52.1.5:80 286 0.002 200 d10bba6a23d59ee1a5b91fceab25a56a
2024-08-06T06:00:33.007634714Z 10.52.1.0 - - [06/Aug/2024:06:00:33 +0000] "GET /version HTTP/2.0" 200 286 "-" "curl/8.0.1" 36 0.003 [cattle-system-rancher-80] [] 10.52.1.5:80 286 0.002 200 73ad3125b5881a9fac9639b0a5b2a43a
2024-08-06T06:01:23.065051673Z 10.52.2.0 - - [06/Aug/2024:06:01:23 +0000] "GET /version HTTP/2.0" 200 286 "-" "curl/8.0.1" 36 0.002 [cattle-system-rancher-80] [] 10.52.2.3:80 286 0.003 200 1e0c3db295b67f59a999d9e68df9a690
2024-08-06T06:02:23.081634834Z 10.52.2.0 - - [06/Aug/2024:06:02:23 +0000] "GET /version HTTP/2.0" 200 286 "-" "curl/8.0.1" 36 0.003 [cattle-system-rancher-80] [] 10.52.2.3:80 286 0.002 200 ca033185b6f9d2409447fda0ccd2ecce
2024-08-06T06:02:26.337068469Z 10.10.110.11 - - [06/Aug/2024:06:02:26 +0000] "GET /version HTTP/2.0" 200 286 "-" "curl/8.0.1" 36 0.002 [cattle-system-rancher-80] [] 10.52.1.5:80 286 0.003 200 4a97ee33fed7c533d366fbf2b78af9cc
2024-08-06T06:02:33.008692085Z 10.52.1.0 - - [06/Aug/2024:06:02:33 +0000] "GET /version HTTP/2.0" 200 286 "-" "curl/8.0.1" 36 0.002 [cattle-system-rancher-80] [] 10.52.0.73:80 286 0.002 200 49daf099e18ce4b3d1f420cc5eee9964
2024-08-06T06:02:53.076833371Z 10.52.2.0 - - [06/Aug/2024:06:02:53 +0000] "GET /version HTTP/2.0" 200 286 "-" "curl/8.0.1" 36 0.003 [cattle-system-rancher-80] [] 10.52.2.3:80 286 0.003 200 a53e181e26a7b45fe331ea146db84570
2024-08-06T06:03:03.518791535Z 10.52.3.0 - - [06/Aug/2024:06:03:03 +0000] "GET /version HTTP/2.0" 200 286 "-" "curl/8.0.1" 36 0.002 [cattle-system-rancher-80] [] 10.52.0.73:80 286 0.002 200 1a402750f0c10830aa2c7953dc165001
2024-08-06T06:03:53.047775768Z 10.52.2.0 - - [06/Aug/2024:06:03:53 +0000] "GET /version HTTP/2.0" 200 286 "-" "curl/8.0.1" 36 0.002 [cattle-system-rancher-80] [] 10.52.0.73:80 286 0.002 200 d7ea7bc4eb0f746fb36cbf393426e284
2024-08-06T06:04:26.348229124Z 10.10.110.11 - - [06/Aug/2024:06:04:26 +0000] "GET /version HTTP/2.0" 200 286 "-" "curl/8.0.1" 36 0.003 [cattle-system-rancher-80] [] 10.52.1.5:80 286 0.003 200 d78cbd8959320a888bdac684f112e15c
2024-08-06T06:05:33.011711710Z 10.52.1.0 - - [06/Aug/2024:06:05:33 +0000] "GET /version HTTP/2.0" 200 286 "-" "curl/8.0.1" 36 0.003 [cattle-system-rancher-80] [] 10.52.2.3:80 286 0.003 200 25589db03f3219431f7c7899070f7f0f
2024-08-06T06:06:23.049942266Z 10.52.2.0 - - [06/Aug/2024:06:06:23 +0000] "GET /version HTTP/2.0" 200 286 "-" "curl/8.0.1" 36 0.003 [cattle-system-rancher-80] [] 10.52.2.3:80 286 0.003 200 b3e2696aef1c2b282bdcced9571ab8f8
2024-08-06T06:06:53.073623867Z 10.52.2.0 - - [06/Aug/2024:06:06:53 +0000] "GET /version HTTP/2.0" 200 286 "-" "curl/8.0.1" 36 0.003 [cattle-system-rancher-80] [] 10.52.2.3:80 286 0.002 200 df724b5d7f5798d02cde5b0235c0847c
2024-08-06T06:07:03.501542585Z 10.52.3.0 - - [06/Aug/2024:06:07:03 +0000] "GET /version HTTP/2.0" 200 286 "-" "curl/8.0.1" 36 0.003 [cattle-system-rancher-80] [] 10.52.1.5:80 286 0.002 200 2e26f0f91e41a06637af6f924a0b7aa7
2024-08-06T06:07:23.072613263Z 10.52.2.0 - - [06/Aug/2024:06:07:23 +0000] "GET /version HTTP/2.0" 200 286 "-" "curl/8.0.1" 36 0.003 [cattle-system-rancher-80] [] 10.52.1.5:80 286 0.003 200 ab2f57abb31119fb3d2d39ca3c29a591
2024-08-06T06:07:53.056269072Z 10.52.2.0 - - [06/Aug/2024:06:07:53 +0000] "GET /version HTTP/2.0" 200 286 "-" "curl/8.0.1" 36 0.002 [cattle-system-rancher-80] [] 10.52.2.3:80 286 0.002 200 90d7e566d2d46f501829e814eaa6f176
2024-08-06T06:08:02.980742774Z 10.52.1.0 - - [06/Aug/2024:06:08:02 +0000] "GET /version HTTP/2.0" 200 286 "-" "curl/8.0.1" 36 0.002 [cattle-system-rancher-80] [] 10.52.0.73:80 286 0.002 200 19634768ba94893175b244b48ecc93ff
2024-08-06T06:08:33.523746094Z 10.52.3.0 - - [06/Aug/2024:06:08:33 +0000] "GET /version HTTP/2.0" 200 286 "-" "curl/8.0.1" 36 0.002 [cattle-system-rancher-80] [] 10.52.0.73:80 286 0.002 200 2007415e59736b3e7f522191965871e1
2024-08-06T06:08:53.066539344Z 10.52.2.0 - - [06/Aug/2024:06:08:53 +0000] "GET /version HTTP/2.0" 200 286 "-" "curl/8.0.1" 36 0.003 [cattle-system-rancher-80] [] 10.52.2.3:80 286 0.002 200 6472b271e87b6d8503a9520fd20b8890
2024-08-06T06:08:56.362076779Z 10.10.110.11 - - [06/Aug/2024:06:08:56 +0000] "GET /version HTTP/2.0" 200 286 "-" "curl/8.0.1" 36 0.002 [cattle-system-rancher-80] [] 10.52.0.73:80 286 0.002 200 3a819d623cb3a7e122833ebd47421e77
2024-08-06T06:11:26.328084352Z 10.10.110.11 - - [06/Aug/2024:06:11:26 +0000] "GET /version HTTP/2.0" 200 286 "-" "curl/8.0.1" 36 0.002 [cattle-system-rancher-80] [] 10.52.0.73:80 286 0.002 200 67d52c24991a12100db2c358d243e10e
2024-08-06T06:11:33.506472204Z 10.52.3.0 - - [06/Aug/2024:06:11:33 +0000] "GET /version HTTP/2.0" 200 286 "-" "curl/8.0.1" 36 0.002 [cattle-system-rancher-80] [] 10.52.0.73:80 286 0.002 200 033059380a7dbf61789565aa854463f6
2024-08-06T06:12:03.529272221Z 10.52.3.0 - - [06/Aug/2024:06:12:03 +0000] "GET /version HTTP/2.0" 200 286 "-" "curl/8.0.1" 36 0.003 [cattle-system-rancher-80] [] 10.52.2.3:80 286 0.003 200 cc50f450cd77cadd90398d93139c3f51
2024-08-06T06:12:23.097916629Z 10.52.2.0 - - [06/Aug/2024:06:12:23 +0000] "GET /version HTTP/2.0" 200 286 "-" "curl/8.0.1" 36 0.003 [cattle-system-rancher-80] [] 10.52.1.5:80 286 0.003 200 d59bfb71acdee53b4712cdcbf74ecf18
2024-08-06T06:14:33.495134778Z 10.52.3.0 - - [06/Aug/2024:06:14:33 +0000] "GET /version HTTP/2.0" 200 286 "-" "curl/8.0.1" 36 0.002 [cattle-system-rancher-80] [] 10.52.2.3:80 286 0.003 200 0c6c351313eec7d4e473deffb62c30fd
2024-08-06T06:15:23.090522912Z 10.52.2.0 - - [06/Aug/2024:06:15:23 +0000] "GET /version HTTP/2.0" 200 286 "-" "curl/8.0.1" 36 0.002 [cattle-system-rancher-80] [] 10.52.1.5:80 286 0.002 200 3e341546465287a57b201c7ff435fe82
2024-08-06T06:15:53.046935399Z 10.52.2.0 - - [06/Aug/2024:06:15:53 +0000] "GET /version HTTP/2.0" 200 286 "-" "curl/8.0.1" 36 0.002 [cattle-system-rancher-80] [] 10.52.0.73:80 286 0.002 200 a39d1120a04e407d00ff0e9abcdad668
2024-08-06T06:16:53.078217357Z 10.52.2.0 - - [06/Aug/2024:06:16:53 +0000] "GET /version HTTP/2.0" 200 286 "-" "curl/8.0.1" 36 0.002 [cattle-system-rancher-80] [] 10.52.0.73:80 286 0.002 200 ca66aa98e6139003aebb4f24d7c8216b
2024-08-06T06:17:33.520184664Z 10.52.3.0 - - [06/Aug/2024:06:17:33 +0000] "GET /version HTTP/2.0" 200 286 "-" "curl/8.0.1" 36 0.002 [cattle-system-rancher-80] [] 10.52.0.73:80 286 0.002 200 b2e01ae2d239d196763e8164f1e6b98b
2024-08-06T06:17:56.341265206Z 10.10.110.11 - - [06/Aug/2024:06:17:56 +0000] "GET /version HTTP/2.0" 200 286 "-" "curl/8.0.1" 36 0.002 [cattle-system-rancher-80] [] 10.52.0.73:80 286 0.002 200 c357ef74b2b5c467e258e254ad23fa3a
2024-08-06T06:18:23.091915739Z 10.52.2.0 - - [06/Aug/2024:06:18:23 +0000] "GET /version HTTP/2.0" 200 286 "-" "curl/8.0.1" 36 0.002 [cattle-system-rancher-80] [] 10.52.1.5:80 286 0.002 200 c722d98bebc65b6e8e45479373af868b
2024-08-06T06:18:25.400994416Z 10.10.110.11 - - [06/Aug/2024:06:18:25 +0000] "GET /v1/harvester/harvesterhci.io.supportbundles?limit=1 HTTP/1.1" 200 176 "https://harvester.calgaryserver.ca/dashboard/harvester/c/local/support" "Mozilla/5.0 (Windows NT 10.0; Win64; x64) AppleWebKit/537.36 (KHTML, like Gecko) Chrome/127.0.0.0 Safari/537.36" 1181 0.006 [cattle-system-rancher-80] [] 10.52.2.3:80 176 0.006 200 56ec8d6ffdc5fd475a49429abe50c2bb
2024-08-06T06:18:32.996252408Z 10.52.1.0 - - [06/Aug/2024:06:18:32 +0000] "GET /version HTTP/2.0" 200 286 "-" "curl/8.0.1" 36 0.002 [cattle-system-rancher-80] [] 10.52.0.73:80 286 0.002 200 9fb157c6e5f644995e0877810350eb24
2024-08-06T06:19:03.004746184Z 10.52.1.0 - - [06/Aug/2024:06:19:03 +0000] "GET /version HTTP/2.0" 200 286 "-" "curl/8.0.1" 36 0.003 [cattle-system-rancher-80] [] 10.52.2.3:80 286 0.002 200 62fa6b23746c10beeb4b3f000f200723
2024-08-06T06:19:03.504986079Z 10.52.3.0 - - [06/Aug/2024:06:19:03 +0000] "GET /version HTTP/2.0" 200 286 "-" "curl/8.0.1" 36 0.002 [cattle-system-rancher-80] [] 10.52.0.73:80 286 0.002 200 9d7b003aed76e0f0c63786536548471a
2024-08-06T06:19:26.392405957Z 10.10.110.11 - - [06/Aug/2024:06:19:26 +0000] "GET /version HTTP/2.0" 200 286 "-" "curl/8.0.1" 36 0.002 [cattle-system-rancher-80] [] 10.52.2.3:80 286 0.002 200 23fc15bafe9c26518124521c8f577e36
2024-08-06T06:19:33.018869530Z 10.52.1.0 - - [06/Aug/2024:06:19:33 +0000] "GET /version HTTP/2.0" 200 286 "-" "curl/8.0.1" 36 0.002 [cattle-system-rancher-80] [] 10.52.0.73:80 286 0.002 200 4e57454369b88b65f2224a61c9004686
2024-08-06T06:19:33.509940899Z 10.52.3.0 - - [06/Aug/2024:06:19:33 +0000] "GET /version HTTP/2.0" 200 286 "-" "curl/8.0.1" 36 0.002 [cattle-system-rancher-80] [] 10.52.2.3:80 286 0.003 200 44a71102e236203b5676f6489c84da0e
2024-08-06T06:20:26.343324789Z 10.10.110.11 - - [06/Aug/2024:06:20:26 +0000] "GET /version HTTP/2.0" 200 286 "-" "curl/8.0.1" 36 0.003 [cattle-system-rancher-80] [] 10.52.1.5:80 286 0.003 200 5921aae32a226f8494be8c9179f8a880
2024-08-06T06:20:53.055208353Z 10.52.2.0 - - [06/Aug/2024:06:20:53 +0000] "GET /version HTTP/2.0" 200 286 "-" "curl/8.0.1" 36 0.001 [cattle-system-rancher-80] [] 10.52.0.73:80 286 0.002 200 e46ec7396b61620d3f0b92769053e646
2024-08-06T06:21:23.111334620Z 10.52.2.0 - - [06/Aug/2024:06:21:23 +0000] "GET /version HTTP/2.0" 200 286 "-" "curl/8.0.1" 36 0.002 [cattle-system-rancher-80] [] 10.52.0.73:80 286 0.002 200 e7b53e178ca2d106bb486b8814e7e6c0
2024-08-06T06:21:33.520542059Z 10.52.3.0 - - [06/Aug/2024:06:21:33 +0000] "GET /version HTTP/2.0" 200 286 "-" "curl/8.0.1" 36 0.002 [cattle-system-rancher-80] [] 10.52.0.73:80 286 0.002 200 c9b4f6d085aaa3b7d28190983a9129ca
2024-08-06T06:22:16.395632035Z 10.10.110.11 - - [06/Aug/2024:06:22:16 +0000] "GET /v1/harvester/harvesterhci.io.upgradelogs?limit=1 HTTP/1.1" 200 174 "https://harvester.calgaryserver.ca/dashboard/harvester/c/local/support" "Mozilla/5.0 (Windows NT 10.0; Win64; x64) AppleWebKit/537.36 (KHTML, like Gecko) Chrome/127.0.0.0 Safari/537.36" 1178 0.008 [cattle-system-rancher-80] [] 10.52.1.5:80 174 0.007 200 19452d577914c5cbdc5e0e5ca90944df
2024-08-06T06:22:16.398222013Z 10.10.110.11 - - [06/Aug/2024:06:22:16 +0000] "GET /v1/harvester/devices.harvesterhci.io.sriovgpudevices?limit=1 HTTP/1.1" 200 932 "https://harvester.calgaryserver.ca/dashboard/harvester/c/local/support" "Mozilla/5.0 (Windows NT 10.0; Win64; x64) AppleWebKit/537.36 (KHTML, like Gecko) Chrome/127.0.0.0 Safari/537.36" 1190 0.008 [cattle-system-rancher-80] [] 10.52.0.73:80 932 0.008 200 018d58aa6f1557a93cb1ac8269dc5642
2024-08-06T06:22:16.400044307Z 10.10.110.11 - - [06/Aug/2024:06:22:16 +0000] "GET /v1/harvester/devices.harvesterhci.io.pcidevices?limit=1 HTTP/1.1" 200 1002 "https://harvester.calgaryserver.ca/dashboard/harvester/c/local/support" "Mozilla/5.0 (Windows NT 10.0; Win64; x64) AppleWebKit/537.36 (KHTML, like Gecko) Chrome/127.0.0.0 Safari/537.36" 1185 0.010 [cattle-system-rancher-80] [] 10.52.1.5:80 1002 0.011 200 98bc3a8332a0560d6bd8fbaf4237a2ad
2024-08-06T06:22:16.408533936Z 10.10.110.11 - - [06/Aug/2024:06:22:16 +0000] "GET /v1/harvester/nodes?limit=1 HTTP/1.1" 200 6608 "https://harvester.calgaryserver.ca/dashboard/harvester/c/local/support" "Mozilla/5.0 (Windows NT 10.0; Win64; x64) AppleWebKit/537.36 (KHTML, like Gecko) Chrome/127.0.0.0 Safari/537.36" 1156 0.018 [cattle-system-rancher-80] [] 10.52.0.73:80 6602 0.019 200 da89ceee481e1a903ffd35611d789b09
2024-08-06T06:22:17.372183970Z 10.10.110.11 - - [06/Aug/2024:06:22:17 +0000] "GET /v1/management.cattle.io.features?limit=1 HTTP/1.1" 200 797 "https://harvester.calgaryserver.ca/dashboard/harvester/c/local/support" "Mozilla/5.0 (Windows NT 10.0; Win64; x64) AppleWebKit/537.36 (KHTML, like Gecko) Chrome/127.0.0.0 Safari/537.36" 1170 0.009 [cattle-system-rancher-80] [] 10.52.1.5:80 797 0.010 200 3234f15cf7d5691033028d279582a487
2024-08-06T06:22:18.365660540Z 10.10.110.11 - - [06/Aug/2024:06:22:18 +0000] "GET /v1/ui.cattle.io.navlinks?limit=1 HTTP/1.1" 200 166 "https://harvester.calgaryserver.ca/dashboard/c/local/explorer/apps.statefulset" "Mozilla/5.0 (Windows NT 10.0; Win64; x64) AppleWebKit/537.36 (KHTML, like Gecko) Chrome/127.0.0.0 Safari/537.36" 1170 0.005 [cattle-system-rancher-80] [] 10.52.0.73:80 166 0.004 200 bf13cc8d40664fe33c3825f2663c476c
2024-08-06T06:22:18.369268988Z 10.10.110.11 - - [06/Aug/2024:06:22:18 +0000] "GET /v1/management.cattle.io.clusters?limit=1 HTTP/1.1" 200 1364 "https://harvester.calgaryserver.ca/dashboard/c/local/explorer/apps.statefulset" "Mozilla/5.0 (Windows NT 10.0; Win64; x64) AppleWebKit/537.36 (KHTML, like Gecko) Chrome/127.0.0.0 Safari/537.36" 1178 0.010 [cattle-system-rancher-80] [] 10.52.0.73:80 1364 0.009 200 449c31f1064ca9f3785ac886453ed56a
2024-08-06T06:22:18.373474950Z 10.10.110.11 - - [06/Aug/2024:06:22:18 +0000] "GET /v1/networking.k8s.io.ingresses?limit=1 HTTP/1.1" 200 888 "https://harvester.calgaryserver.ca/dashboard/c/local/explorer/apps.statefulset" "Mozilla/5.0 (Windows NT 10.0; Win64; x64) AppleWebKit/537.36 (KHTML, like Gecko) Chrome/127.0.0.0 Safari/537.36" 1176 0.004 [cattle-system-rancher-80] [] 10.52.0.73:80 888 0.004 200 addd62bf1a4dce64b06347bcb9ba9b88
2024-08-06T06:22:18.376418799Z 10.10.110.11 - - [06/Aug/2024:06:22:18 +0000] "GET /v1/harvesterhci.io.settings?limit=1 HTTP/1.1" 200 688 "https://harvester.calgaryserver.ca/dashboard/c/local/explorer/apps.statefulset" "Mozilla/5.0 (Windows NT 10.0; Win64; x64) AppleWebKit/537.36 (KHTML, like Gecko) Chrome/127.0.0.0 Safari/537.36" 1173 0.007 [cattle-system-rancher-80] [] 10.52.1.5:80 688 0.006 200 55113fdc70f366f941f232aceea1b15d
2024-08-06T06:22:18.377564571Z 10.10.110.11 - - [06/Aug/2024:06:22:18 +0000] "GET /v1/catalog.cattle.io.apps?limit=1 HTTP/1.1" 200 2454 "https://harvester.calgaryserver.ca/dashboard/c/local/explorer/apps.statefulset" "Mozilla/5.0 (Windows NT 10.0; Win64; x64) AppleWebKit/537.36 (KHTML, like Gecko) Chrome/127.0.0.0 Safari/537.36" 1171 0.011 [cattle-system-rancher-80] [] 10.52.0.73:80 2461 0.012 200 13d0a3c7cea28b9dafbeb62cfbe15839
2024-08-06T06:22:18.377903313Z 10.10.110.11 - - [06/Aug/2024:06:22:18 +0000] "GET /v1/pods?limit=1 HTTP/1.1" 200 2666 "https://harvester.calgaryserver.ca/dashboard/c/local/explorer/apps.statefulset" "Mozilla/5.0 (Windows NT 10.0; Win64; x64) AppleWebKit/537.36 (KHTML, like Gecko) Chrome/127.0.0.0 Safari/537.36" 1153 0.009 [cattle-system-rancher-80] [] 10.52.1.5:80 2673 0.009 200 0e1bcc1b8efea12f2e5df6e440f6a282
2024-08-06T06:22:18.378755818Z 10.10.110.11 - - [06/Aug/2024:06:22:18 +0000] "GET /v1/nodes?limit=1 HTTP/1.1" 200 6519 "https://harvester.calgaryserver.ca/dashboard/c/local/explorer/apps.statefulset" "Mozilla/5.0 (Windows NT 10.0; Win64; x64) AppleWebKit/537.36 (KHTML, like Gecko) Chrome/127.0.0.0 Safari/537.36" 1154 0.013 [cattle-system-rancher-80] [] 10.52.2.3:80 6533 0.013 200 c9332801da046ea93a53b9b58c569378
2024-08-06T06:22:23.078059361Z 10.52.2.0 - - [06/Aug/2024:06:22:23 +0000] "GET /version HTTP/2.0" 200 286 "-" "curl/8.0.1" 36 0.002 [cattle-system-rancher-80] [] 10.52.1.5:80 286 0.003 200 82449c628181ebb8f05abf6c97e2a294
2024-08-06T06:23:25.363154608Z 10.10.110.11 - - [06/Aug/2024:06:23:25 +0000] "GET /v1/devices.harvesterhci.io.pcideviceclaims?limit=1 HTTP/1.1" 200 179 "https://harvester.calgaryserver.ca/dashboard/c/local/explorer/apps.statefulset" "Mozilla/5.0 (Windows NT 10.0; Win64; x64) AppleWebKit/537.36 (KHTML, like Gecko) Chrome/127.0.0.0 Safari/537.36" 1188 0.004 [cattle-system-rancher-80] [] 10.52.0.73:80 179 0.005 200 98aa40dc7baa849c953b0c71938f0519
2024-08-06T06:24:26.381875837Z 10.10.110.11 - - [06/Aug/2024:06:24:26 +0000] "GET /v1/rbac.authorization.k8s.io.clusterrolebindings?limit=1 HTTP/1.1" 200 917 "https://harvester.calgaryserver.ca/dashboard/c/local/explorer/apps.statefulset" "Mozilla/5.0 (Windows NT 10.0; Win64; x64) AppleWebKit/537.36 (KHTML, like Gecko) Chrome/127.0.0.0 Safari/537.36" 1194 0.009 [cattle-system-rancher-80] [] 10.52.2.3:80 917 0.009 200 3ea1e27286fa14df99175074535f623a
2024-08-06T06:24:37.366041968Z 10.10.110.11 - - [06/Aug/2024:06:24:37 +0000] "GET /v1/harvester/metal.harvesterhci.io.inventories?limit=1 HTTP/1.1" 200 178 "https://harvester.calgaryserver.ca/dashboard/harvester/c/local/support" "Mozilla/5.0 (Windows NT 10.0; Win64; x64) AppleWebKit/537.36 (KHTML, like Gecko) Chrome/127.0.0.0 Safari/537.36" 1184 0.006 [cattle-system-rancher-80] [] 10.52.1.5:80 178 0.006 200 46aee63c4d28dc15b72b2254a04ef470
2024-08-06T06:25:01.371127920Z 10.10.110.11 - - [06/Aug/2024:06:25:01 +0000] "GET /v1/harvester/kubevirt.io.virtualmachineinstancemigrations?limit=1 HTTP/1.1" 200 187 "https://harvester.calgaryserver.ca/dashboard/harvester/c/local/support" "Mozilla/5.0 (Windows NT 10.0; Win64; x64) AppleWebKit/537.36 (KHTML, like Gecko) Chrome/127.0.0.0 Safari/537.36" 1195 0.006 [cattle-system-rancher-80] [] 10.52.0.73:80 187 0.007 200 8f45651b8982d169a308eb7f09e0485a
2024-08-06T06:25:02.992285164Z 10.52.1.0 - - [06/Aug/2024:06:25:02 +0000] "GET /version HTTP/2.0" 200 286 "-" "curl/8.0.1" 36 0.002 [cattle-system-rancher-80] [] 10.52.2.3:80 286 0.003 200 8326560994ebe68959cc498e51965005
2024-08-06T06:25:33.006857959Z 10.52.1.0 - - [06/Aug/2024:06:25:33 +0000] "GET /version HTTP/2.0" 200 286 "-" "curl/8.0.1" 36 0.002 [cattle-system-rancher-80] [] 10.52.1.5:80 286 0.003 200 4a028de6a0d8d88a252b1f3cc4246b79
2024-08-06T06:26:56.359295974Z 10.10.110.11 - - [06/Aug/2024:06:26:56 +0000] "GET /version HTTP/2.0" 200 286 "-" "curl/8.0.1" 36 0.002 [cattle-system-rancher-80] [] 10.52.2.3:80 286 0.003 200 e3ba3a298031133e2012930c5614f92b
2024-08-06T06:28:03.031882938Z 10.52.1.0 - - [06/Aug/2024:06:28:03 +0000] "GET /version HTTP/2.0" 200 286 "-" "curl/8.0.1" 36 0.002 [cattle-system-rancher-80] [] 10.52.2.3:80 286 0.002 200 766bc12d43075fc638839e807b17eb9c
2024-08-06T06:28:03.508032782Z 10.52.3.0 - - [06/Aug/2024:06:28:03 +0000] "GET /version HTTP/2.0" 200 286 "-" "curl/8.0.1" 36 0.003 [cattle-system-rancher-80] [] 10.52.1.5:80 286 0.003 200 4e3bf2978831831e483bfa9b321efcd7
2024-08-06T06:29:56.337272068Z 10.10.110.11 - - [06/Aug/2024:06:29:56 +0000] "GET /version HTTP/2.0" 200 286 "-" "curl/8.0.1" 36 0.002 [cattle-system-rancher-80] [] 10.52.2.3:80 286 0.003 200 84a6f25eef719c51d7545dd01c0f4683
2024-08-06T06:30:03.533455896Z 10.52.3.0 - - [06/Aug/2024:06:30:03 +0000] "GET /version HTTP/2.0" 200 286 "-" "curl/8.0.1" 36 0.003 [cattle-system-rancher-80] [] 10.52.0.73:80 286 0.002 200 d6771273b7cbe854125a78c951db21b4
2024-08-06T06:30:33.516728341Z 10.52.3.0 - - [06/Aug/2024:06:30:33 +0000] "GET /version HTTP/2.0" 200 286 "-" "curl/8.0.1" 36 0.003 [cattle-system-rancher-80] [] 10.52.1.5:80 286 0.003 200 ac6599478298c7276e0ac03ec8dd4326
2024-08-06T06:30:53.072470547Z 10.52.2.0 - - [06/Aug/2024:06:30:53 +0000] "GET /version HTTP/2.0" 200 286 "-" "curl/8.0.1" 36 0.003 [cattle-system-rancher-80] [] 10.52.1.5:80 286 0.003 200 1fd62c3efae7477d101a1aa8d30581b9
2024-08-06T06:32:03.019055557Z 10.52.1.0 - - [06/Aug/2024:06:32:03 +0000] "GET /version HTTP/2.0" 200 286 "-" "curl/8.0.1" 36 0.002 [cattle-system-rancher-80] [] 10.52.2.3:80 286 0.002 200 21ef6db7b02d538e47cc7b1c62dfb82e
2024-08-06T06:32:23.074785739Z 10.52.2.0 - - [06/Aug/2024:06:32:23 +0000] "GET /version HTTP/2.0" 200 286 "-" "curl/8.0.1" 36 0.002 [cattle-system-rancher-80] [] 10.52.0.73:80 286 0.002 200 f66d56c67e47b4efd52c1328cb66de19
2024-08-06T06:33:03.014652093Z 10.52.1.0 - - [06/Aug/2024:06:33:03 +0000] "GET /version HTTP/2.0" 200 286 "-" "curl/8.0.1" 36 0.002 [cattle-system-rancher-80] [] 10.52.0.73:80 286 0.001 200 218e194d3b0523a3ae37304432d6ec5c
2024-08-06T06:34:32.991419836Z 10.52.1.0 - - [06/Aug/2024:06:34:32 +0000] "GET /version HTTP/2.0" 200 286 "-" "curl/8.0.1" 36 0.002 [cattle-system-rancher-80] [] 10.52.0.73:80 286 0.002 200 7f8c8c56c8e95fa922f66c05f0b3852d
2024-08-06T06:34:33.481274570Z 10.52.3.0 - - [06/Aug/2024:06:34:33 +0000] "GET /version HTTP/2.0" 200 286 "-" "curl/8.0.1" 36 0.002 [cattle-system-rancher-80] [] 10.52.1.5:80 286 0.003 200 f2fc075da22dfe31fb5c21a52a3aba37
2024-08-06T06:35:03.005613445Z 10.52.1.0 - - [06/Aug/2024:06:35:03 +0000] "GET /version HTTP/2.0" 200 286 "-" "curl/8.0.1" 36 0.003 [cattle-system-rancher-80] [] 10.52.1.5:80 286 0.002 200 8a29e86ea21b76d1ca6d072c941a926e
2024-08-06T06:35:32.973318226Z 10.52.1.0 - - [06/Aug/2024:06:35:32 +0000] "GET /version HTTP/2.0" 200 286 "-" "curl/8.0.1" 36 0.002 [cattle-system-rancher-80] [] 10.52.2.3:80 286 0.003 200 f163c7a288bd7f0c6e7e88b8541ba84e
2024-08-06T06:36:03.499445805Z 10.52.3.0 - - [06/Aug/2024:06:36:03 +0000] "GET /version HTTP/2.0" 200 286 "-" "curl/8.0.1" 36 0.003 [cattle-system-rancher-80] [] 10.52.2.3:80 286 0.002 200 ce5622384c119376a2dd4b0c822122ec
2024-08-06T06:36:23.057444528Z 10.52.2.0 - - [06/Aug/2024:06:36:23 +0000] "GET /version HTTP/2.0" 200 286 "-" "curl/8.0.1" 36 0.003 [cattle-system-rancher-80] [] 10.52.1.5:80 286 0.002 200 fc0575e63b4ac9fedef0246d26f6d808
2024-08-06T06:36:26.354441316Z 10.10.110.11 - - [06/Aug/2024:06:36:26 +0000] "GET /version HTTP/2.0" 200 286 "-" "curl/8.0.1" 36 0.003 [cattle-system-rancher-80] [] 10.52.1.5:80 286 0.002 200 24b87e76158e148730bd5a3c32ea1e5d
2024-08-06T06:36:33.501942043Z 10.52.3.0 - - [06/Aug/2024:06:36:33 +0000] "GET /version HTTP/2.0" 200 286 "-" "curl/8.0.1" 36 0.002 [cattle-system-rancher-80] [] 10.52.0.73:80 286 0.002 200 b2336e4e0d4016130d77b4c1b3cb8625
2024-08-06T06:36:53.050174742Z 10.52.2.0 - - [06/Aug/2024:06:36:53 +0000] "GET /version HTTP/2.0" 200 286 "-" "curl/8.0.1" 36 0.002 [cattle-system-rancher-80] [] 10.52.0.73:80 286 0.002 200 ec2d1158b753ac4667e4d40a17704002
2024-08-06T06:37:53.060393671Z 10.52.2.0 - - [06/Aug/2024:06:37:53 +0000] "GET /version HTTP/2.0" 200 286 "-" "curl/8.0.1" 36 0.003 [cattle-system-rancher-80] [] 10.52.1.5:80 286 0.002 200 63eeb91db48a980c506322b03e9aa20b
2024-08-06T06:38:33.007892527Z 10.52.1.0 - - [06/Aug/2024:06:38:33 +0000] "GET /version HTTP/2.0" 200 286 "-" "curl/8.0.1" 36 0.003 [cattle-system-rancher-80] [] 10.52.2.3:80 286 0.003 200 331406999ecde2e40f263232c5bfe93d
2024-08-06T06:39:03.516705887Z 10.52.3.0 - - [06/Aug/2024:06:39:03 +0000] "GET /version HTTP/2.0" 200 286 "-" "curl/8.0.1" 36 0.003 [cattle-system-rancher-80] [] 10.52.2.3:80 286 0.002 200 aeab0138d878a55b76c6d1f22469458f
2024-08-06T06:39:23.091605861Z 10.52.2.0 - - [06/Aug/2024:06:39:23 +0000] "GET /version HTTP/2.0" 200 286 "-" "curl/8.0.1" 36 0.004 [cattle-system-rancher-80] [] 10.52.1.5:80 286 0.003 200 a2080bbbafd85cdedd3137639f0022eb
2024-08-06T06:39:53.089714817Z 10.52.2.0 - - [06/Aug/2024:06:39:53 +0000] "GET /version HTTP/2.0" 200 286 "-" "curl/8.0.1" 36 0.002 [cattle-system-rancher-80] [] 10.52.2.3:80 286 0.003 200 7cd4140e915f1e0b63e62a89789a6f08
2024-08-06T06:40:03.002379817Z 10.52.1.0 - - [06/Aug/2024:06:40:03 +0000] "GET /version HTTP/2.0" 200 286 "-" "curl/8.0.1" 36 0.002 [cattle-system-rancher-80] [] 10.52.0.73:80 286 0.002 200 a42137b2f45a1616c6be91bd44e0675c
2024-08-06T06:41:03.000260195Z 10.52.1.0 - - [06/Aug/2024:06:41:02 +0000] "GET /version HTTP/2.0" 200 286 "-" "curl/8.0.1" 36 0.002 [cattle-system-rancher-80] [] 10.52.1.5:80 286 0.002 200 1375df898155721c6706da136b0f65cf
2024-08-06T06:41:26.337442326Z 10.10.110.11 - - [06/Aug/2024:06:41:26 +0000] "GET /version HTTP/2.0" 200 286 "-" "curl/8.0.1" 36 0.002 [cattle-system-rancher-80] [] 10.52.1.5:80 286 0.002 200 419f22a2e3bf2eaefae6b9fdc0f2506c
2024-08-06T06:41:33.499825455Z 10.52.3.0 - - [06/Aug/2024:06:41:33 +0000] "GET /version HTTP/2.0" 200 286 "-" "curl/8.0.1" 36 0.002 [cattle-system-rancher-80] [] 10.52.1.5:80 286 0.003 200 83f231787e420bb05d30a03cedb2016b
2024-08-06T06:42:23.069004267Z 10.52.2.0 - - [06/Aug/2024:06:42:23 +0000] "GET /version HTTP/2.0" 200 286 "-" "curl/8.0.1" 36 0.003 [cattle-system-rancher-80] [] 10.52.1.5:80 286 0.003 200 7309e2f3ce697ecda03e9d2f88502bf4
2024-08-06T06:42:56.338747697Z 10.10.110.11 - - [06/Aug/2024:06:42:56 +0000] "GET /version HTTP/2.0" 200 286 "-" "curl/8.0.1" 36 0.002 [cattle-system-rancher-80] [] 10.52.2.3:80 286 0.002 200 584d49787824d0b18e31cbbf6f9bc16e
2024-08-06T06:43:26.334633156Z 10.10.110.11 - - [06/Aug/2024:06:43:26 +0000] "GET /version HTTP/2.0" 200 286 "-" "curl/8.0.1" 36 0.003 [cattle-system-rancher-80] [] 10.52.1.5:80 286 0.002 200 c6189d3b18bf45a4b7ca2732c53311d4
2024-08-06T06:43:33.023365817Z 10.52.1.0 - - [06/Aug/2024:06:43:33 +0000] "GET /version HTTP/2.0" 200 286 "-" "curl/8.0.1" 36 0.003 [cattle-system-rancher-80] [] 10.52.2.3:80 286 0.002 200 e910cae08feccda586efcaf8831992df
2024-08-06T06:43:53.062722092Z 10.52.2.0 - - [06/Aug/2024:06:43:53 +0000] "GET /version HTTP/2.0" 200 286 "-" "curl/8.0.1" 36 0.003 [cattle-system-rancher-80] [] 10.52.1.5:80 286 0.002 200 7e7dbb466bdbdd0d59243a2564fefc08
2024-08-06T06:44:23.089912781Z 10.52.2.0 - - [06/Aug/2024:06:44:23 +0000] "GET /version HTTP/2.0" 200 286 "-" "curl/8.0.1" 36 0.002 [cattle-system-rancher-80] [] 10.52.0.73:80 286 0.002 200 58e84414c6a621e60e4231cd9ac07795
2024-08-06T06:44:53.048482970Z 10.52.2.0 - - [06/Aug/2024:06:44:53 +0000] "GET /version HTTP/2.0" 200 286 "-" "curl/8.0.1" 36 0.003 [cattle-system-rancher-80] [] 10.52.2.3:80 286 0.002 200 78a95268c21150ecacf695a02a212a00
2024-08-06T06:44:56.344645030Z 10.10.110.11 - - [06/Aug/2024:06:44:56 +0000] "GET /version HTTP/2.0" 200 286 "-" "curl/8.0.1" 36 0.002 [cattle-system-rancher-80] [] 10.52.2.3:80 286 0.003 200 ca844fda0376bdd4f4af0e7251f3f8ed
2024-08-06T06:45:02.975955843Z 10.52.1.0 - - [06/Aug/2024:06:45:02 +0000] "GET /version HTTP/2.0" 200 286 "-" "curl/8.0.1" 36 0.002 [cattle-system-rancher-80] [] 10.52.0.73:80 286 0.002 200 77c46ab2be17844e2401a165d57e98a3
2024-08-06T06:45:33.524258404Z 10.52.3.0 - - [06/Aug/2024:06:45:33 +0000] "GET /version HTTP/2.0" 200 286 "-" "curl/8.0.1" 36 0.002 [cattle-system-rancher-80] [] 10.52.0.73:80 286 0.002 200 823ad5a83f6cf0981bd6e0048f1cd5ff
2024-08-06T06:45:53.077331050Z 10.52.2.0 - - [06/Aug/2024:06:45:53 +0000] "GET /version HTTP/2.0" 200 286 "-" "curl/8.0.1" 36 0.001 [cattle-system-rancher-80] [] 10.52.0.73:80 286 0.002 200 ebf944b64ca7c07ecf344e51aae44f87
2024-08-06T06:46:02.999284774Z 10.52.1.0 - - [06/Aug/2024:06:46:02 +0000] "GET /version HTTP/2.0" 200 286 "-" "curl/8.0.1" 36 0.002 [cattle-system-rancher-80] [] 10.52.1.5:80 286 0.002 200 746d05bce655e4444a7b33c4e8877de7
2024-08-06T06:46:03.519872891Z 10.52.3.0 - - [06/Aug/2024:06:46:03 +0000] "GET /version HTTP/2.0" 200 286 "-" "curl/8.0.1" 36 0.002 [cattle-system-rancher-80] [] 10.52.0.73:80 286 0.002 200 9767825bd67389913bc4a4623b07b1c8
2024-08-06T06:46:33.025242555Z 10.52.1.0 - - [06/Aug/2024:06:46:33 +0000] "GET /version HTTP/2.0" 200 286 "-" "curl/8.0.1" 36 0.002 [cattle-system-rancher-80] [] 10.52.2.3:80 286 0.002 200 444a9194743023960b8319b7082b4723
2024-08-06T06:46:33.524183832Z 10.52.3.0 - - [06/Aug/2024:06:46:33 +0000] "GET /version HTTP/2.0" 200 286 "-" "curl/8.0.1" 36 0.002 [cattle-system-rancher-80] [] 10.52.0.73:80 286 0.002 200 49aaee506cb7ac2d04f6eb0b0324f59b
2024-08-06T06:48:03.525434298Z 10.52.3.0 - - [06/Aug/2024:06:48:03 +0000] "GET /version HTTP/2.0" 200 286 "-" "curl/8.0.1" 36 0.002 [cattle-system-rancher-80] [] 10.52.2.3:80 286 0.002 200 364ef6449fe4add8c20317464fe9717e
2024-08-06T06:48:23.079690295Z 10.52.2.0 - - [06/Aug/2024:06:48:23 +0000] "GET /version HTTP/2.0" 200 286 "-" "curl/8.0.1" 36 0.003 [cattle-system-rancher-80] [] 10.52.1.5:80 286 0.002 200 aee322dccbe8f5e1ad3bdbeb79121278
2024-08-06T06:48:31.364948017Z 10.10.110.11 - - [06/Aug/2024:06:48:31 +0000] "GET /v1/harvester/harvesterhci.io.supportbundles?limit=1 HTTP/1.1" 200 177 "https://harvester.calgaryserver.ca/dashboard/harvester/c/local/support" "Mozilla/5.0 (Windows NT 10.0; Win64; x64) AppleWebKit/537.36 (KHTML, like Gecko) Chrome/127.0.0.0 Safari/537.36" 1181 0.005 [cattle-system-rancher-80] [] 10.52.2.3:80 177 0.006 200 946505c12798f8230d758738a26d8b09
2024-08-06T06:48:33.525941738Z 10.52.3.0 - - [06/Aug/2024:06:48:33 +0000] "GET /version HTTP/2.0" 200 286 "-" "curl/8.0.1" 36 0.003 [cattle-system-rancher-80] [] 10.52.1.5:80 286 0.003 200 4051854aae9e102e0a3ea16e02c2c1f3
2024-08-06T06:49:02.994178753Z 10.52.1.0 - - [06/Aug/2024:06:49:02 +0000] "GET /version HTTP/2.0" 200 286 "-" "curl/8.0.1" 36 0.002 [cattle-system-rancher-80] [] 10.52.2.3:80 286 0.003 200 c710509eb8c45fd1d059f3a34ead4f02
2024-08-06T06:49:03.506467567Z 10.52.3.0 - - [06/Aug/2024:06:49:03 +0000] "GET /version HTTP/2.0" 200 286 "-" "curl/8.0.1" 36 0.002 [cattle-system-rancher-80] [] 10.52.0.73:80 286 0.002 200 919ef5ae3fc4052feaf40c5136d09340
2024-08-06T06:49:06.370021096Z 10.10.110.11 - - [06/Aug/2024:06:49:06 +0000] "GET /v1/cluster.x-k8s.io.machines?limit=1 HTTP/1.1" 200 2538 "https://harvester.calgaryserver.ca/dashboard/c/local/explorer/apps.statefulset" "Mozilla/5.0 (Windows NT 10.0; Win64; x64) AppleWebKit/537.36 (KHTML, like Gecko) Chrome/127.0.0.0 Safari/537.36" 1174 0.013 [cattle-system-rancher-80] [] 10.52.1.5:80 2545 0.013 200 5571c11190313f66afd42872ba707a9f
2024-08-06T06:49:32.994032357Z 10.52.1.0 - - [06/Aug/2024:06:49:32 +0000] "GET /version HTTP/2.0" 200 286 "-" "curl/8.0.1" 36 0.002 [cattle-system-rancher-80] [] 10.52.0.73:80 286 0.002 200 6ee312f24011fbde70804170ef871065
2024-08-06T06:50:26.349492699Z 10.10.110.11 - - [06/Aug/2024:06:50:26 +0000] "GET /version HTTP/2.0" 200 286 "-" "curl/8.0.1" 36 0.003 [cattle-system-rancher-80] [] 10.52.2.3:80 286 0.002 200 6b2b2ac21bf2c8f46b30d346c87cd65d
2024-08-06T06:50:32.983161956Z 10.52.1.0 - - [06/Aug/2024:06:50:32 +0000] "GET /version HTTP/2.0" 200 286 "-" "curl/8.0.1" 36 0.002 [cattle-system-rancher-80] [] 10.52.0.73:80 286 0.002 200 cd88b7770bf12f83a7a66c308dccd13a
2024-08-06T06:50:33.502504207Z 10.52.3.0 - - [06/Aug/2024:06:50:33 +0000] "GET /version HTTP/2.0" 200 286 "-" "curl/8.0.1" 36 0.002 [cattle-system-rancher-80] [] 10.52.0.73:80 286 0.002 200 257df1732bb4fb5c0657e01b8d6f87f8
2024-08-06T06:50:56.358697451Z 10.10.110.11 - - [06/Aug/2024:06:50:56 +0000] "GET /version HTTP/2.0" 200 286 "-" "curl/8.0.1" 36 0.002 [cattle-system-rancher-80] [] 10.52.0.73:80 286 0.002 200 64310787b20dae3f4e960ad68f417b39
2024-08-06T06:51:03.515925262Z 10.52.3.0 - - [06/Aug/2024:06:51:03 +0000] "GET /version HTTP/2.0" 200 286 "-" "curl/8.0.1" 36 0.002 [cattle-system-rancher-80] [] 10.52.1.5:80 286 0.003 200 992554a55899795a5fabd024eef9bbe6
2024-08-06T06:52:22.354842756Z 10.10.110.11 - - [06/Aug/2024:06:52:22 +0000] "GET /v1/harvester/devices.harvesterhci.io.sriovnetworkdevices?limit=1 HTTP/1.1" 200 623 "https://harvester.calgaryserver.ca/dashboard/harvester/c/local/support" "Mozilla/5.0 (Windows NT 10.0; Win64; x64) AppleWebKit/537.36 (KHTML, like Gecko) Chrome/127.0.0.0 Safari/537.36" 1194 0.006 [cattle-system-rancher-80] [] 10.52.2.3:80 623 0.007 200 ba554fa653d4bc7b02869c7c1b0ec929
