2024-08-06T04:22:48.446513703Z 10.10.110.11 - - [06/Aug/2024:04:22:48 +0000] "GET /v1/logging.banzaicloud.io.loggings?limit=1 HTTP/1.1" 200 1938 "https://harvester.calgaryserver.ca/dashboard/c/local/explorer/apps.statefulset" "Mozilla/5.0 (Windows NT 10.0; Win64; x64) AppleWebKit/537.36 (KHTML, like Gecko) Chrome/127.0.0.0 Safari/537.36" 1180 0.013 [cattle-system-rancher-80] [] 10.52.1.5:80 1938 0.012 200 d36231c42df5062e723620789c3047c3
2024-08-06T04:23:00.447687139Z 10.10.110.11 - - [06/Aug/2024:04:23:00 +0000] "GET /v1/harvesterhci.io.addons?limit=1 HTTP/1.1" 200 1732 "https://harvester.calgaryserver.ca/dashboard/c/local/explorer/apps.statefulset" "Mozilla/5.0 (Windows NT 10.0; Win64; x64) AppleWebKit/537.36 (KHTML, like Gecko) Chrome/127.0.0.0 Safari/537.36" 1171 0.008 [cattle-system-rancher-80] [] 10.52.0.73:80 1732 0.008 200 2e3b40d2bfc6ffaaa3f9990421cc4d35
2024-08-06T04:23:01.448623801Z 10.10.110.11 - - [06/Aug/2024:04:23:01 +0000] "GET /v1/devices.harvesterhci.io.pcideviceclaims?limit=1 HTTP/1.1" 200 177 "https://harvester.calgaryserver.ca/dashboard/c/local/explorer/apps.statefulset" "Mozilla/5.0 (Windows NT 10.0; Win64; x64) AppleWebKit/537.36 (KHTML, like Gecko) Chrome/127.0.0.0 Safari/537.36" 1188 0.005 [cattle-system-rancher-80] [] 10.52.1.5:80 177 0.004 200 282eaf9378a0dc53a44a7599649e0aea
2024-08-06T04:23:01.449673501Z 10.10.110.11 - - [06/Aug/2024:04:23:01 +0000] "GET /v1/devices.harvesterhci.io.sriovnetworkdevices?limit=1 HTTP/1.1" 200 625 "https://harvester.calgaryserver.ca/dashboard/c/local/explorer/apps.statefulset" "Mozilla/5.0 (Windows NT 10.0; Win64; x64) AppleWebKit/537.36 (KHTML, like Gecko) Chrome/127.0.0.0 Safari/537.36" 1192 0.007 [cattle-system-rancher-80] [] 10.52.2.3:80 625 0.006 200 adecf55f6a103eab763c46f86a516d70
2024-08-06T04:23:02.988027585Z 10.52.1.0 - - [06/Aug/2024:04:23:02 +0000] "GET /version HTTP/2.0" 200 286 "-" "curl/8.0.1" 36 0.002 [cattle-system-rancher-80] [] 10.52.1.5:80 286 0.003 200 ec446c1e64bc274a104259afe9809f11
2024-08-06T04:23:23.075166618Z 10.52.2.0 - - [06/Aug/2024:04:23:23 +0000] "GET /version HTTP/2.0" 200 286 "-" "curl/8.0.1" 36 0.002 [cattle-system-rancher-80] [] 10.52.0.73:80 286 0.002 200 2c0369c509c010ade5d3c713cca34520
2024-08-06T04:23:26.369108964Z 10.10.110.11 - - [06/Aug/2024:04:23:26 +0000] "GET /version HTTP/2.0" 200 286 "-" "curl/8.0.1" 36 0.003 [cattle-system-rancher-80] [] 10.52.2.3:80 286 0.003 200 86321b3490b97940e4d5b6c31e497dfb
2024-08-06T04:23:33.023288372Z 10.52.1.0 - - [06/Aug/2024:04:23:33 +0000] "GET /version HTTP/2.0" 200 286 "-" "curl/8.0.1" 36 0.002 [cattle-system-rancher-80] [] 10.52.0.73:80 286 0.002 200 fe3355c49f45e06c0597a67abc222a55
2024-08-06T04:23:33.493173352Z 10.52.3.0 - - [06/Aug/2024:04:23:33 +0000] "GET /version HTTP/2.0" 200 286 "-" "curl/8.0.1" 36 0.002 [cattle-system-rancher-80] [] 10.52.0.73:80 286 0.002 200 6ac127333acb642a867389da6dba2c4c
2024-08-06T04:24:15.459249645Z 10.10.110.11 - - [06/Aug/2024:04:24:15 +0000] "GET /v1/harvester/pods?limit=1 HTTP/1.1" 200 2662 "https://harvester.calgaryserver.ca/dashboard/harvester/c/local/support" "Mozilla/5.0 (Windows NT 10.0; Win64; x64) AppleWebKit/537.36 (KHTML, like Gecko) Chrome/127.0.0.0 Safari/537.36" 1155 0.010 [cattle-system-rancher-80] [] 10.52.2.3:80 2662 0.011 200 1ec8845a122adba3a4f5c76da6b28526
2024-08-06T04:24:15.460242648Z 10.10.110.11 - - [06/Aug/2024:04:24:15 +0000] "GET /v1/harvester/cluster.x-k8s.io.machines?limit=1 HTTP/1.1" 200 2535 "https://harvester.calgaryserver.ca/dashboard/harvester/c/local/support" "Mozilla/5.0 (Windows NT 10.0; Win64; x64) AppleWebKit/537.36 (KHTML, like Gecko) Chrome/127.0.0.0 Safari/537.36" 1176 0.012 [cattle-system-rancher-80] [] 10.52.0.73:80 2535 0.012 200 46cfac1f3ecab58975c7aacef6a72040
2024-08-06T04:24:32.994903715Z 10.52.1.0 - - [06/Aug/2024:04:24:32 +0000] "GET /version HTTP/2.0" 200 286 "-" "curl/8.0.1" 36 0.002 [cattle-system-rancher-80] [] 10.52.0.73:80 286 0.002 200 0d0fc6708a27296bc9869ba4d14ef199
2024-08-06T04:24:35.449286068Z 10.10.110.11 - - [06/Aug/2024:04:24:35 +0000] "GET /v1/harvester/harvesterhci.io.virtualmachinebackups?limit=1 HTTP/1.1" 200 181 "https://harvester.calgaryserver.ca/dashboard/harvester/c/local/support" "Mozilla/5.0 (Windows NT 10.0; Win64; x64) AppleWebKit/537.36 (KHTML, like Gecko) Chrome/127.0.0.0 Safari/537.36" 1188 0.005 [cattle-system-rancher-80] [] 10.52.1.5:80 181 0.006 200 f83d7d6a3482d84f7ac28f4870a6333b
2024-08-06T04:24:35.456887859Z 10.10.110.11 - - [06/Aug/2024:04:24:35 +0000] "GET /v1/harvester/kubevirt.io.virtualmachines?limit=1 HTTP/1.1" 200 2414 "https://harvester.calgaryserver.ca/dashboard/harvester/c/local/support" "Mozilla/5.0 (Windows NT 10.0; Win64; x64) AppleWebKit/537.36 (KHTML, like Gecko) Chrome/127.0.0.0 Safari/537.36" 1178 0.013 [cattle-system-rancher-80] [] 10.52.0.73:80 2414 0.013 200 52a8951e74043eef400278828389f419
2024-08-06T04:24:37.449634187Z 10.10.110.11 - - [06/Aug/2024:04:24:37 +0000] "GET /v1/harvester/kubevirt.io.virtualmachineinstancemigrations?limit=1 HTTP/1.1" 200 187 "https://harvester.calgaryserver.ca/dashboard/harvester/c/local/support" "Mozilla/5.0 (Windows NT 10.0; Win64; x64) AppleWebKit/537.36 (KHTML, like Gecko) Chrome/127.0.0.0 Safari/537.36" 1195 0.006 [cattle-system-rancher-80] [] 10.52.1.5:80 187 0.006 200 b3de4e14239099b3033e6e8c6ba1bd83
2024-08-06T04:24:53.078081453Z 10.52.2.0 - - [06/Aug/2024:04:24:53 +0000] "GET /version HTTP/2.0" 200 286 "-" "curl/8.0.1" 36 0.002 [cattle-system-rancher-80] [] 10.52.2.3:80 286 0.002 200 4b30aedd9fad72987e8b8928dc36e591
2024-08-06T04:24:56.349271880Z 10.10.110.11 - - [06/Aug/2024:04:24:56 +0000] "GET /version HTTP/2.0" 200 286 "-" "curl/8.0.1" 36 0.002 [cattle-system-rancher-80] [] 10.52.1.5:80 286 0.002 200 15dc55a5dc51b6755530a0c734ad3888
2024-08-06T04:26:33.535545506Z 10.52.3.0 - - [06/Aug/2024:04:26:33 +0000] "GET /version HTTP/2.0" 200 286 "-" "curl/8.0.1" 36 0.003 [cattle-system-rancher-80] [] 10.52.2.3:80 286 0.002 200 63e2337d5b1a0c3daccc91d750c61434
2024-08-06T04:27:23.064109827Z 10.52.2.0 - - [06/Aug/2024:04:27:23 +0000] "GET /version HTTP/2.0" 200 286 "-" "curl/8.0.1" 36 0.002 [cattle-system-rancher-80] [] 10.52.2.3:80 286 0.003 200 236619815167c665635ed10e3ffe3be2
2024-08-06T04:27:33.493664352Z 10.52.3.0 - - [06/Aug/2024:04:27:33 +0000] "GET /version HTTP/2.0" 200 286 "-" "curl/8.0.1" 36 0.002 [cattle-system-rancher-80] [] 10.52.0.73:80 286 0.002 200 7b4cca88b977c5a71a14bf7821146cec
2024-08-06T04:28:33.504848694Z 10.52.3.0 - - [06/Aug/2024:04:28:33 +0000] "GET /version HTTP/2.0" 200 286 "-" "curl/8.0.1" 36 0.002 [cattle-system-rancher-80] [] 10.52.0.73:80 286 0.002 200 5181734e94f3446cece8ec3cbc43c583
2024-08-06T04:29:23.073208452Z 10.52.2.0 - - [06/Aug/2024:04:29:23 +0000] "GET /version HTTP/2.0" 200 286 "-" "curl/8.0.1" 36 0.002 [cattle-system-rancher-80] [] 10.52.1.5:80 286 0.002 200 2250a1e540f05c746df7406c3e771802
2024-08-06T04:29:33.483992863Z 10.52.3.0 - - [06/Aug/2024:04:29:33 +0000] "GET /version HTTP/2.0" 200 286 "-" "curl/8.0.1" 36 0.003 [cattle-system-rancher-80] [] 10.52.1.5:80 286 0.002 200 895f8ea447c8ee7496b325166c6f0dd9
2024-08-06T04:29:53.056217923Z 10.52.2.0 - - [06/Aug/2024:04:29:53 +0000] "GET /version HTTP/2.0" 200 286 "-" "curl/8.0.1" 36 0.002 [cattle-system-rancher-80] [] 10.52.2.3:80 286 0.003 200 9c2d0d023c752cd6c94748aada05734e
2024-08-06T04:29:56.340553471Z 10.10.110.11 - - [06/Aug/2024:04:29:56 +0000] "GET /version HTTP/2.0" 200 286 "-" "curl/8.0.1" 36 0.003 [cattle-system-rancher-80] [] 10.52.2.3:80 286 0.002 200 ff17bae36a69ac5652ee340fb75f0722
2024-08-06T04:30:33.021043589Z 10.52.1.0 - - [06/Aug/2024:04:30:33 +0000] "GET /version HTTP/2.0" 200 286 "-" "curl/8.0.1" 36 0.002 [cattle-system-rancher-80] [] 10.52.2.3:80 286 0.003 200 bfd1155bd84a4bd4aae1d1ec7c867828
2024-08-06T04:30:56.347625678Z 10.10.110.11 - - [06/Aug/2024:04:30:56 +0000] "GET /version HTTP/2.0" 200 286 "-" "curl/8.0.1" 36 0.003 [cattle-system-rancher-80] [] 10.52.1.5:80 286 0.003 200 2d2931619c026570a9f6d9b85ae75743
2024-08-06T04:31:23.062185563Z 10.52.2.0 - - [06/Aug/2024:04:31:23 +0000] "GET /version HTTP/2.0" 200 286 "-" "curl/8.0.1" 36 0.002 [cattle-system-rancher-80] [] 10.52.2.3:80 286 0.002 200 29963486387bccb0a86c46355f4034c1
2024-08-06T04:31:33.460614664Z 10.52.3.0 - - [06/Aug/2024:04:31:33 +0000] "GET /version HTTP/2.0" 200 286 "-" "curl/8.0.1" 36 0.003 [cattle-system-rancher-80] [] 10.52.1.5:80 286 0.002 200 dfc8097e4f0b93d83538e3ce47742aae
2024-08-06T04:32:03.471084615Z 10.52.3.0 - - [06/Aug/2024:04:32:03 +0000] "GET /version HTTP/2.0" 200 286 "-" "curl/8.0.1" 36 0.002 [cattle-system-rancher-80] [] 10.52.2.3:80 286 0.002 200 9d85855f2f9c48933b199b9f3d87db87
2024-08-06T04:32:23.051736423Z 10.52.2.0 - - [06/Aug/2024:04:32:23 +0000] "GET /version HTTP/2.0" 200 286 "-" "curl/8.0.1" 36 0.002 [cattle-system-rancher-80] [] 10.52.0.73:80 286 0.002 200 0b93987e217b05679f4823b07dc29ec0
2024-08-06T04:32:53.095370258Z 10.52.2.0 - - [06/Aug/2024:04:32:53 +0000] "GET /version HTTP/2.0" 200 286 "-" "curl/8.0.1" 36 0.002 [cattle-system-rancher-80] [] 10.52.0.73:80 286 0.002 200 6deeb136453038b3350fd2731f31336e
2024-08-06T04:33:33.490615957Z 10.52.3.0 - - [06/Aug/2024:04:33:33 +0000] "GET /version HTTP/2.0" 200 286 "-" "curl/8.0.1" 36 0.005 [cattle-system-rancher-80] [] 10.52.2.3:80 286 0.005 200 484ff7b836306d05546ff520db86d2da
2024-08-06T04:34:03.520929327Z 10.52.3.0 - - [06/Aug/2024:04:34:03 +0000] "GET /version HTTP/2.0" 200 286 "-" "curl/8.0.1" 36 0.002 [cattle-system-rancher-80] [] 10.52.2.3:80 286 0.003 200 c1a2ebeceedf0ff324536cacae948f5f
2024-08-06T04:34:26.318653861Z 10.10.110.11 - - [06/Aug/2024:04:34:26 +0000] "GET /version HTTP/2.0" 200 286 "-" "curl/8.0.1" 36 0.003 [cattle-system-rancher-80] [] 10.52.1.5:80 286 0.002 200 2ff0081a92679e720dcc3c0c0839abe8
2024-08-06T04:34:33.022986321Z 10.52.1.0 - - [06/Aug/2024:04:34:33 +0000] "GET /version HTTP/2.0" 200 286 "-" "curl/8.0.1" 36 0.002 [cattle-system-rancher-80] [] 10.52.0.73:80 286 0.002 200 b86a332e2599be8aad797669d6c72f54
2024-08-06T04:34:56.328552297Z 10.10.110.11 - - [06/Aug/2024:04:34:56 +0000] "GET /version HTTP/2.0" 200 286 "-" "curl/8.0.1" 36 0.003 [cattle-system-rancher-80] [] 10.52.1.5:80 286 0.003 200 d6cf58d49cc5c679d1bcb6ad7cf8805e
2024-08-06T04:35:03.486412485Z 10.52.3.0 - - [06/Aug/2024:04:35:03 +0000] "GET /version HTTP/2.0" 200 286 "-" "curl/8.0.1" 36 0.002 [cattle-system-rancher-80] [] 10.52.1.5:80 286 0.003 200 a8318e620dd28a437576e8e4d753f034
2024-08-06T04:35:26.368602004Z 10.10.110.11 - - [06/Aug/2024:04:35:26 +0000] "GET /version HTTP/2.0" 200 286 "-" "curl/8.0.1" 36 0.003 [cattle-system-rancher-80] [] 10.52.1.5:80 286 0.002 200 7488012e03ecb76740c467546183ce16
2024-08-06T04:35:32.997383930Z 10.52.1.0 - - [06/Aug/2024:04:35:32 +0000] "GET /version HTTP/2.0" 200 286 "-" "curl/8.0.1" 36 0.003 [cattle-system-rancher-80] [] 10.52.1.5:80 286 0.003 200 2495e9eaa967f4e0622405092f4b6cc5
2024-08-06T04:35:53.046581189Z 10.52.2.0 - - [06/Aug/2024:04:35:53 +0000] "GET /version HTTP/2.0" 200 286 "-" "curl/8.0.1" 36 0.002 [cattle-system-rancher-80] [] 10.52.0.73:80 286 0.002 200 8954caa4ead3b3a87e0a8b97a3bc33d5
2024-08-06T04:35:56.350830772Z 10.10.110.11 - - [06/Aug/2024:04:35:56 +0000] "GET /version HTTP/2.0" 200 286 "-" "curl/8.0.1" 36 0.002 [cattle-system-rancher-80] [] 10.52.0.73:80 286 0.003 200 7abcaadb994d69f629a0a181cc5f97e6
2024-08-06T04:36:23.092719469Z 10.52.2.0 - - [06/Aug/2024:04:36:23 +0000] "GET /version HTTP/2.0" 200 286 "-" "curl/8.0.1" 36 0.003 [cattle-system-rancher-80] [] 10.52.1.5:80 286 0.002 200 a6b4ca3cdfd20d6f4caeb39381a87103
2024-08-06T04:36:26.368297957Z 10.10.110.11 - - [06/Aug/2024:04:36:26 +0000] "GET /version HTTP/2.0" 200 286 "-" "curl/8.0.1" 36 0.002 [cattle-system-rancher-80] [] 10.52.0.73:80 286 0.002 200 f80b7d83a809f9e282d970c7e874e139
2024-08-06T04:36:53.072774618Z 10.52.2.0 - - [06/Aug/2024:04:36:53 +0000] "GET /version HTTP/2.0" 200 286 "-" "curl/8.0.1" 36 0.003 [cattle-system-rancher-80] [] 10.52.2.3:80 286 0.002 200 99533a3d5334a7c322b7e8fbca2f63a5
2024-08-06T04:36:56.358013535Z 10.10.110.11 - - [06/Aug/2024:04:36:56 +0000] "GET /version HTTP/2.0" 200 286 "-" "curl/8.0.1" 36 0.002 [cattle-system-rancher-80] [] 10.52.0.73:80 286 0.002 200 288713ada643058608956a102ed64f09
2024-08-06T04:37:03.000614977Z 10.52.1.0 - - [06/Aug/2024:04:37:03 +0000] "GET /version HTTP/2.0" 200 286 "-" "curl/8.0.1" 36 0.003 [cattle-system-rancher-80] [] 10.52.2.3:80 286 0.002 200 3d7aa88c6adac787e46d63dce8715e58
2024-08-06T04:38:03.011143675Z 10.52.1.0 - - [06/Aug/2024:04:38:03 +0000] "GET /version HTTP/2.0" 200 286 "-" "curl/8.0.1" 36 0.003 [cattle-system-rancher-80] [] 10.52.1.5:80 286 0.003 200 db8e7ba612bd789b966b7eb31287bb11
2024-08-06T04:38:03.510591390Z 10.52.3.0 - - [06/Aug/2024:04:38:03 +0000] "GET /version HTTP/2.0" 200 286 "-" "curl/8.0.1" 36 0.002 [cattle-system-rancher-80] [] 10.52.0.73:80 286 0.002 200 a764f7800c8eb9048c7a819ffbace6c8
2024-08-06T04:38:23.070741599Z 10.52.2.0 - - [06/Aug/2024:04:38:23 +0000] "GET /version HTTP/2.0" 200 286 "-" "curl/8.0.1" 36 0.003 [cattle-system-rancher-80] [] 10.52.1.5:80 286 0.003 200 4c9ad656a01c87bd5c401e2a4ecd67f0
2024-08-06T04:38:33.027586333Z 10.52.1.0 - - [06/Aug/2024:04:38:33 +0000] "GET /version HTTP/2.0" 200 286 "-" "curl/8.0.1" 36 0.003 [cattle-system-rancher-80] [] 10.52.1.5:80 286 0.003 200 f1d37b0aa45c27376553371ac405022d
2024-08-06T04:38:33.509086098Z 10.52.3.0 - - [06/Aug/2024:04:38:33 +0000] "GET /version HTTP/2.0" 200 286 "-" "curl/8.0.1" 36 0.003 [cattle-system-rancher-80] [] 10.52.1.5:80 286 0.003 200 5581745a389bcc3068cd2b912f2c882c
2024-08-06T04:39:26.337211682Z 10.10.110.11 - - [06/Aug/2024:04:39:26 +0000] "GET /version HTTP/2.0" 200 286 "-" "curl/8.0.1" 36 0.003 [cattle-system-rancher-80] [] 10.52.2.3:80 286 0.003 200 b91670e1e9e907bc0d7194b9ac525167
2024-08-06T04:39:33.535692660Z 10.52.3.0 - - [06/Aug/2024:04:39:33 +0000] "GET /version HTTP/2.0" 200 286 "-" "curl/8.0.1" 36 0.003 [cattle-system-rancher-80] [] 10.52.1.5:80 286 0.002 200 0fe9b8fe5ed560a454960072ceb7f4ba
2024-08-06T04:39:53.074492097Z 10.52.2.0 - - [06/Aug/2024:04:39:53 +0000] "GET /version HTTP/2.0" 200 286 "-" "curl/8.0.1" 36 0.002 [cattle-system-rancher-80] [] 10.52.2.3:80 286 0.003 200 39dc12235b417d66fa7223bf5815e7c4
2024-08-06T04:40:03.006733524Z 10.52.1.0 - - [06/Aug/2024:04:40:03 +0000] "GET /version HTTP/2.0" 200 286 "-" "curl/8.0.1" 36 0.003 [cattle-system-rancher-80] [] 10.52.2.3:80 286 0.002 200 e863d28b41f41974440449ce5653a5e9
2024-08-06T04:40:33.489361756Z 10.52.3.0 - - [06/Aug/2024:04:40:33 +0000] "GET /version HTTP/2.0" 200 286 "-" "curl/8.0.1" 36 0.001 [cattle-system-rancher-80] [] 10.52.0.73:80 286 0.002 200 bca88a41cd509f7eb1ae8aa452e3ac10
2024-08-06T04:41:03.484375204Z 10.52.3.0 - - [06/Aug/2024:04:41:03 +0000] "GET /version HTTP/2.0" 200 286 "-" "curl/8.0.1" 36 0.002 [cattle-system-rancher-80] [] 10.52.2.3:80 286 0.002 200 c2fedef737fd02d0c2bb1091b02eb7e2
2024-08-06T04:41:33.500152404Z 10.52.3.0 - - [06/Aug/2024:04:41:33 +0000] "GET /version HTTP/2.0" 200 286 "-" "curl/8.0.1" 36 0.002 [cattle-system-rancher-80] [] 10.52.0.73:80 286 0.002 200 9d62ec78347fa3a5df2b7953f4668184
2024-08-06T04:41:56.342447227Z 10.10.110.11 - - [06/Aug/2024:04:41:56 +0000] "GET /version HTTP/2.0" 200 286 "-" "curl/8.0.1" 36 0.003 [cattle-system-rancher-80] [] 10.52.2.3:80 286 0.002 200 b0a273eb92945dbf35eab0d013fa732c
2024-08-06T04:42:03.501107282Z 10.52.3.0 - - [06/Aug/2024:04:42:03 +0000] "GET /version HTTP/2.0" 200 286 "-" "curl/8.0.1" 36 0.002 [cattle-system-rancher-80] [] 10.52.0.73:80 286 0.002 200 61345209e204fd3069fec0a78c74a668
2024-08-06T04:42:56.333190085Z 10.10.110.11 - - [06/Aug/2024:04:42:56 +0000] "GET /version HTTP/2.0" 200 286 "-" "curl/8.0.1" 36 0.002 [cattle-system-rancher-80] [] 10.52.2.3:80 286 0.002 200 9f7e06256fb62ce710120abb6b568f9c
2024-08-06T04:43:26.330315337Z 10.10.110.11 - - [06/Aug/2024:04:43:26 +0000] "GET /version HTTP/2.0" 200 286 "-" "curl/8.0.1" 36 0.002 [cattle-system-rancher-80] [] 10.52.0.73:80 286 0.002 200 1fb8eff73509170736e999e4e9011607
2024-08-06T04:43:33.510789222Z 10.52.3.0 - - [06/Aug/2024:04:43:33 +0000] "GET /version HTTP/2.0" 200 286 "-" "curl/8.0.1" 36 0.002 [cattle-system-rancher-80] [] 10.52.0.73:80 286 0.003 200 f44e669dc356418d85d41c5f182e1d53
2024-08-06T04:44:03.028071685Z 10.52.1.0 - - [06/Aug/2024:04:44:03 +0000] "GET /version HTTP/2.0" 200 286 "-" "curl/8.0.1" 36 0.002 [cattle-system-rancher-80] [] 10.52.0.73:80 286 0.002 200 acc82db151a80bca8609b098445de227
2024-08-06T04:44:33.011299292Z 10.52.1.0 - - [06/Aug/2024:04:44:33 +0000] "GET /version HTTP/2.0" 200 286 "-" "curl/8.0.1" 36 0.002 [cattle-system-rancher-80] [] 10.52.1.5:80 286 0.002 200 239d4387b52bfafee3c9a3f5d1a970d8
2024-08-06T04:45:02.987085346Z 10.52.1.0 - - [06/Aug/2024:04:45:02 +0000] "GET /version HTTP/2.0" 200 286 "-" "curl/8.0.1" 36 0.002 [cattle-system-rancher-80] [] 10.52.1.5:80 286 0.002 200 52b64a0a0b134b799178535d21118565
2024-08-06T04:45:03.501550797Z 10.52.3.0 - - [06/Aug/2024:04:45:03 +0000] "GET /version HTTP/2.0" 200 286 "-" "curl/8.0.1" 36 0.003 [cattle-system-rancher-80] [] 10.52.1.5:80 286 0.002 200 4ea6c7d4e1598b88733348bd464b56a4
2024-08-06T04:45:26.363068698Z 10.10.110.11 - - [06/Aug/2024:04:45:26 +0000] "GET /version HTTP/2.0" 200 286 "-" "curl/8.0.1" 36 0.002 [cattle-system-rancher-80] [] 10.52.1.5:80 286 0.002 200 02947e64c9033551bb54da6ed46b9bbe
2024-08-06T04:46:26.363489174Z 10.10.110.11 - - [06/Aug/2024:04:46:26 +0000] "GET /version HTTP/2.0" 200 286 "-" "curl/8.0.1" 36 0.002 [cattle-system-rancher-80] [] 10.52.0.73:80 286 0.002 200 4ce3c99e0c26070c37ec191612cc5fc4
2024-08-06T04:46:33.000829633Z 10.52.1.0 - - [06/Aug/2024:04:46:33 +0000] "GET /version HTTP/2.0" 200 286 "-" "curl/8.0.1" 36 0.002 [cattle-system-rancher-80] [] 10.52.0.73:80 286 0.002 200 dfc2d3c044ed3acba3c6142cb0c5e739
2024-08-06T04:47:56.332558431Z 10.10.110.11 - - [06/Aug/2024:04:47:56 +0000] "GET /version HTTP/2.0" 200 286 "-" "curl/8.0.1" 36 0.002 [cattle-system-rancher-80] [] 10.52.1.5:80 286 0.002 200 f8f95b31cc282c2163a08865b93fe8df
2024-08-06T04:48:26.338959605Z 10.10.110.11 - - [06/Aug/2024:04:48:26 +0000] "GET /version HTTP/2.0" 200 286 "-" "curl/8.0.1" 36 0.003 [cattle-system-rancher-80] [] 10.52.2.3:80 286 0.003 200 9b7193246e2fb916a455c828df56143e
2024-08-06T04:48:53.059808209Z 10.52.2.0 - - [06/Aug/2024:04:48:53 +0000] "GET /version HTTP/2.0" 200 286 "-" "curl/8.0.1" 36 0.003 [cattle-system-rancher-80] [] 10.52.2.3:80 286 0.003 200 119d5e9681da782c93e57e2ae1f6a84d
2024-08-06T04:49:02.969136921Z 10.52.1.0 - - [06/Aug/2024:04:49:02 +0000] "GET /version HTTP/2.0" 200 286 "-" "curl/8.0.1" 36 0.003 [cattle-system-rancher-80] [] 10.52.2.3:80 286 0.003 200 6582bcde9d853ed10f2448e90920534f
2024-08-06T04:49:23.075769517Z 10.52.2.0 - - [06/Aug/2024:04:49:23 +0000] "GET /version HTTP/2.0" 200 286 "-" "curl/8.0.1" 36 0.002 [cattle-system-rancher-80] [] 10.52.0.73:80 286 0.002 200 3d1cb4c8214a84daa9dd8680e273eb5e
2024-08-06T04:49:26.365997484Z 10.10.110.11 - - [06/Aug/2024:04:49:26 +0000] "GET /version HTTP/2.0" 200 286 "-" "curl/8.0.1" 36 0.002 [cattle-system-rancher-80] [] 10.52.2.3:80 286 0.003 200 eb5768dc19325d330e416aad52c8be72
2024-08-06T04:50:33.004137531Z 10.52.1.0 - - [06/Aug/2024:04:50:33 +0000] "GET /version HTTP/2.0" 200 286 "-" "curl/8.0.1" 36 0.003 [cattle-system-rancher-80] [] 10.52.1.5:80 286 0.002 200 c85fbe5960b69490412096da15c765fa
2024-08-06T04:51:26.324842088Z 10.10.110.11 - - [06/Aug/2024:04:51:26 +0000] "GET /version HTTP/2.0" 200 286 "-" "curl/8.0.1" 36 0.003 [cattle-system-rancher-80] [] 10.52.2.3:80 286 0.003 200 2a5ec12ccae939a47818699f636c5dc4
2024-08-06T04:51:58.461872452Z 10.10.110.11 - - [06/Aug/2024:04:51:58 +0000] "GET /v1/harvester/harvesterhci.io.virtualmachineimages?limit=1 HTTP/1.1" 200 1017 "https://harvester.calgaryserver.ca/dashboard/harvester/c/local/support" "Mozilla/5.0 (Windows NT 10.0; Win64; x64) AppleWebKit/537.36 (KHTML, like Gecko) Chrome/127.0.0.0 Safari/537.36" 1187 0.008 [cattle-system-rancher-80] [] 10.52.1.5:80 1017 0.009 200 f2c7a3608a65a5b4460d64d3a8664f0c
2024-08-06T04:51:58.462515714Z 10.10.110.11 - - [06/Aug/2024:04:51:58 +0000] "GET /v1/harvester/harvesterhci.io.upgradelogs?limit=1 HTTP/1.1" 200 174 "https://harvester.calgaryserver.ca/dashboard/harvester/c/local/support" "Mozilla/5.0 (Windows NT 10.0; Win64; x64) AppleWebKit/537.36 (KHTML, like Gecko) Chrome/127.0.0.0 Safari/537.36" 1178 0.007 [cattle-system-rancher-80] [] 10.52.1.5:80 174 0.006 200 14ec2c66bd834218a3a6f718f4a4c124
2024-08-06T04:51:58.463418210Z 10.10.110.11 - - [06/Aug/2024:04:51:58 +0000] "GET /v1/harvester/devices.harvesterhci.io.sriovnetworkdevices?limit=1 HTTP/1.1" 200 623 "https://harvester.calgaryserver.ca/dashboard/harvester/c/local/support" "Mozilla/5.0 (Windows NT 10.0; Win64; x64) AppleWebKit/537.36 (KHTML, like Gecko) Chrome/127.0.0.0 Safari/537.36" 1194 0.007 [cattle-system-rancher-80] [] 10.52.0.73:80 623 0.006 200 0c12fe0919ab056a7ab56b5aa53bbc58
2024-08-06T04:51:59.441093084Z 10.10.110.11 - - [06/Aug/2024:04:51:59 +0000] "GET /v1/management.cattle.io.settings?limit=1 HTTP/1.1" 200 744 "https://harvester.calgaryserver.ca/dashboard/harvester/c/local/support" "Mozilla/5.0 (Windows NT 10.0; Win64; x64) AppleWebKit/537.36 (KHTML, like Gecko) Chrome/127.0.0.0 Safari/537.36" 1170 0.008 [cattle-system-rancher-80] [] 10.52.2.3:80 744 0.009 200 84e3549f85cc354a47eb50f954112293
2024-08-06T04:52:00.439234943Z 10.10.110.11 - - [06/Aug/2024:04:52:00 +0000] "GET /v1/harvesterhci.io.settings?limit=1 HTTP/1.1" 200 686 "https://harvester.calgaryserver.ca/dashboard/c/local/explorer/apps.statefulset" "Mozilla/5.0 (Windows NT 10.0; Win64; x64) AppleWebKit/537.36 (KHTML, like Gecko) Chrome/127.0.0.0 Safari/537.36" 1173 0.008 [cattle-system-rancher-80] [] 10.52.0.73:80 686 0.009 200 e64910624e043c5502d0ef6a3cef7e15
2024-08-06T04:52:00.442236116Z 10.10.110.11 - - [06/Aug/2024:04:52:00 +0000] "GET /v1/namespaces?limit=1 HTTP/1.1" 200 1303 "https://harvester.calgaryserver.ca/dashboard/c/local/explorer/apps.statefulset" "Mozilla/5.0 (Windows NT 10.0; Win64; x64) AppleWebKit/537.36 (KHTML, like Gecko) Chrome/127.0.0.0 Safari/537.36" 1159 0.007 [cattle-system-rancher-80] [] 10.52.0.73:80 1303 0.008 200 6633b120b21bcdf941d332f50d45f456
2024-08-06T04:52:00.442408544Z 10.10.110.11 - - [06/Aug/2024:04:52:00 +0000] "GET /v1/management.cattle.io.fleetworkspaces?limit=1 HTTP/1.1" 200 614 "https://harvester.calgaryserver.ca/dashboard/c/local/explorer/apps.statefulset" "Mozilla/5.0 (Windows NT 10.0; Win64; x64) AppleWebKit/537.36 (KHTML, like Gecko) Chrome/127.0.0.0 Safari/537.36" 1185 0.006 [cattle-system-rancher-80] [] 10.52.0.73:80 614 0.005 200 08431944f662fa380fc15c8b489f1417
2024-08-06T04:52:00.446449743Z 10.10.110.11 - - [06/Aug/2024:04:52:00 +0000] "GET /v1/catalog.cattle.io.apps?limit=1 HTTP/1.1" 200 2453 "https://harvester.calgaryserver.ca/dashboard/c/local/explorer/apps.statefulset" "Mozilla/5.0 (Windows NT 10.0; Win64; x64) AppleWebKit/537.36 (KHTML, like Gecko) Chrome/127.0.0.0 Safari/537.36" 1171 0.011 [cattle-system-rancher-80] [] 10.52.2.3:80 2460 0.010 200 ce9cee1ea5175477a3568ef554362227
2024-08-06T04:52:00.446925417Z 10.10.110.11 - - [06/Aug/2024:04:52:00 +0000] "GET /v1/management.cattle.io.settings?limit=1 HTTP/1.1" 200 744 "https://harvester.calgaryserver.ca/dashboard/c/local/explorer/apps.statefulset" "Mozilla/5.0 (Windows NT 10.0; Win64; x64) AppleWebKit/537.36 (KHTML, like Gecko) Chrome/127.0.0.0 Safari/537.36" 1178 0.006 [cattle-system-rancher-80] [] 10.52.2.3:80 744 0.007 200 32f21adc8119c93c7254673a9b3177df
2024-08-06T04:52:03.498655707Z 10.52.3.0 - - [06/Aug/2024:04:52:03 +0000] "GET /version HTTP/2.0" 200 286 "-" "curl/8.0.1" 36 0.002 [cattle-system-rancher-80] [] 10.52.0.73:80 286 0.001 200 84b9de6545fc0839a2706fe775da3bd7
2024-08-06T04:52:56.357226437Z 10.10.110.11 - - [06/Aug/2024:04:52:56 +0000] "GET /version HTTP/2.0" 200 286 "-" "curl/8.0.1" 36 0.002 [cattle-system-rancher-80] [] 10.52.1.5:80 286 0.003 200 5e10e4ccc886efb30ccc5f9b4ee030e4
2024-08-06T04:53:03.514243568Z 10.52.3.0 - - [06/Aug/2024:04:53:03 +0000] "GET /version HTTP/2.0" 200 286 "-" "curl/8.0.1" 36 0.003 [cattle-system-rancher-80] [] 10.52.2.3:80 286 0.003 200 4fcd4ceb0d378622217dae6fb34caa3e
2024-08-06T04:53:06.445400234Z 10.10.110.11 - - [06/Aug/2024:04:53:06 +0000] "GET /v1/devices.harvesterhci.io.pcidevices?limit=1 HTTP/1.1" 200 1005 "https://harvester.calgaryserver.ca/dashboard/c/local/explorer/apps.statefulset" "Mozilla/5.0 (Windows NT 10.0; Win64; x64) AppleWebKit/537.36 (KHTML, like Gecko) Chrome/127.0.0.0 Safari/537.36" 1183 0.008 [cattle-system-rancher-80] [] 10.52.2.3:80 1005 0.008 200 5ecb3bdb665dcb7a1b870577a02979af
2024-08-06T04:53:07.434785627Z 10.10.110.11 - - [06/Aug/2024:04:53:07 +0000] "GET /v1/devices.harvesterhci.io.pcideviceclaims?limit=1 HTTP/1.1" 200 178 "https://harvester.calgaryserver.ca/dashboard/c/local/explorer/apps.statefulset" "Mozilla/5.0 (Windows NT 10.0; Win64; x64) AppleWebKit/537.36 (KHTML, like Gecko) Chrome/127.0.0.0 Safari/537.36" 1188 0.004 [cattle-system-rancher-80] [] 10.52.1.5:80 178 0.005 200 4b9c8eaca47fa6263756bb91f46b2a63
2024-08-06T04:53:23.086286707Z 10.52.2.0 - - [06/Aug/2024:04:53:23 +0000] "GET /version HTTP/2.0" 200 286 "-" "curl/8.0.1" 36 0.002 [cattle-system-rancher-80] [] 10.52.0.73:80 286 0.002 200 e57a7107b90d3d5280dcbf7e364e30dc
2024-08-06T04:53:33.478540563Z 10.52.3.0 - - [06/Aug/2024:04:53:33 +0000] "GET /version HTTP/2.0" 200 286 "-" "curl/8.0.1" 36 0.003 [cattle-system-rancher-80] [] 10.52.1.5:80 286 0.003 200 227e641cd2f66452c6387d224c3b942b
2024-08-06T04:54:33.009423643Z 10.52.1.0 - - [06/Aug/2024:04:54:33 +0000] "GET /version HTTP/2.0" 200 286 "-" "curl/8.0.1" 36 0.003 [cattle-system-rancher-80] [] 10.52.0.73:80 286 0.002 200 27243172219127a3c2699f0bb7aff670
2024-08-06T04:54:41.430074449Z 10.10.110.11 - - [06/Aug/2024:04:54:41 +0000] "GET /v1/harvester/harvesterhci.io.virtualmachinebackups?limit=1 HTTP/1.1" 200 181 "https://harvester.calgaryserver.ca/dashboard/harvester/c/local/support" "Mozilla/5.0 (Windows NT 10.0; Win64; x64) AppleWebKit/537.36 (KHTML, like Gecko) Chrome/127.0.0.0 Safari/537.36" 1188 0.005 [cattle-system-rancher-80] [] 10.52.2.3:80 181 0.005 200 740e81be68861834445101909253acc4
2024-08-06T04:54:41.435481667Z 10.10.110.11 - - [06/Aug/2024:04:54:41 +0000] "GET /v1/harvester/kubevirt.io.virtualmachines?limit=1 HTTP/1.1" 200 2396 "https://harvester.calgaryserver.ca/dashboard/harvester/c/local/support" "Mozilla/5.0 (Windows NT 10.0; Win64; x64) AppleWebKit/537.36 (KHTML, like Gecko) Chrome/127.0.0.0 Safari/537.36" 1178 0.015 [cattle-system-rancher-80] [] 10.52.1.5:80 2396 0.014 200 892165d545902a5c8808a22e81a869ec
2024-08-06T04:54:43.423852703Z 10.10.110.11 - - [06/Aug/2024:04:54:43 +0000] "GET /v1/harvester/kubevirt.io.virtualmachineinstancemigrations?limit=1 HTTP/1.1" 200 187 "https://harvester.calgaryserver.ca/dashboard/harvester/c/local/support" "Mozilla/5.0 (Windows NT 10.0; Win64; x64) AppleWebKit/537.36 (KHTML, like Gecko) Chrome/127.0.0.0 Safari/537.36" 1195 0.006 [cattle-system-rancher-80] [] 10.52.1.5:80 187 0.006 200 9c53fcdedc967d544c845b2676217997
2024-08-06T04:54:56.451339961Z 10.10.110.11 - - [06/Aug/2024:04:54:56 +0000] "GET /version HTTP/2.0" 200 286 "-" "curl/8.0.1" 36 0.002 [cattle-system-rancher-80] [] 10.52.1.5:80 286 0.002 200 e654823c4b12fe73353b190cd8036c7c
2024-08-06T04:55:03.480890252Z 10.52.3.0 - - [06/Aug/2024:04:55:03 +0000] "GET /version HTTP/2.0" 200 286 "-" "curl/8.0.1" 36 0.002 [cattle-system-rancher-80] [] 10.52.2.3:80 286 0.003 200 46f16eec66b70e329d85da9d689c804c
2024-08-06T04:55:53.062303559Z 10.52.2.0 - - [06/Aug/2024:04:55:53 +0000] "GET /version HTTP/2.0" 200 286 "-" "curl/8.0.1" 36 0.002 [cattle-system-rancher-80] [] 10.52.1.5:80 286 0.003 200 93e5109673cea5a324131398b0c4f904
2024-08-06T04:57:32.998091740Z 10.52.1.0 - - [06/Aug/2024:04:57:32 +0000] "GET /version HTTP/2.0" 200 286 "-" "curl/8.0.1" 36 0.002 [cattle-system-rancher-80] [] 10.52.2.3:80 286 0.003 200 cdde297f1f69af1f9d96e45ab5e94ca6
2024-08-06T04:57:33.451936508Z 10.52.3.0 - - [06/Aug/2024:04:57:33 +0000] "GET /version HTTP/2.0" 200 286 "-" "curl/8.0.1" 36 0.002 [cattle-system-rancher-80] [] 10.52.2.3:80 286 0.003 200 12dd2ba90305a2aeb4412d58cbe05262
2024-08-06T04:58:02.999184742Z 10.52.1.0 - - [06/Aug/2024:04:58:02 +0000] "GET /version HTTP/2.0" 200 286 "-" "curl/8.0.1" 36 0.002 [cattle-system-rancher-80] [] 10.52.1.5:80 286 0.003 200 18da5fd33f7f69993c8423dcd139ad44
2024-08-06T04:58:26.354534470Z 10.10.110.11 - - [06/Aug/2024:04:58:26 +0000] "GET /version HTTP/2.0" 200 286 "-" "curl/8.0.1" 36 0.003 [cattle-system-rancher-80] [] 10.52.2.3:80 286 0.002 200 22060808076a901e5461647ba35549ec
2024-08-06T04:58:33.509557248Z 10.52.3.0 - - [06/Aug/2024:04:58:33 +0000] "GET /version HTTP/2.0" 200 286 "-" "curl/8.0.1" 36 0.003 [cattle-system-rancher-80] [] 10.52.2.3:80 286 0.002 200 c1151c6e32470b5873fdde5d469d9c50
2024-08-06T04:59:33.536545326Z 10.52.3.0 - - [06/Aug/2024:04:59:33 +0000] "GET /version HTTP/2.0" 200 286 "-" "curl/8.0.1" 36 0.003 [cattle-system-rancher-80] [] 10.52.2.3:80 286 0.002 200 2f9798c5c309dd658edb61da9150c758
2024-08-06T04:59:53.077855779Z 10.52.2.0 - - [06/Aug/2024:04:59:53 +0000] "GET /version HTTP/2.0" 200 286 "-" "curl/8.0.1" 36 0.002 [cattle-system-rancher-80] [] 10.52.2.3:80 286 0.003 200 7fbf51b7e0780ac59e32b18cf4948485
2024-08-06T04:59:56.340142911Z 10.10.110.11 - - [06/Aug/2024:04:59:56 +0000] "GET /version HTTP/2.0" 200 286 "-" "curl/8.0.1" 36 0.003 [cattle-system-rancher-80] [] 10.52.1.5:80 286 0.003 200 7b3fdd88ddea6194e4f0a77a7d77ccd0
2024-08-06T05:00:23.096819138Z 10.52.2.0 - - [06/Aug/2024:05:00:23 +0000] "GET /version HTTP/2.0" 200 286 "-" "curl/8.0.1" 36 0.003 [cattle-system-rancher-80] [] 10.52.1.5:80 286 0.002 200 25df1bf04395e0edad02f7ad15441ba5
2024-08-06T05:01:02.994511230Z 10.52.1.0 - - [06/Aug/2024:05:01:02 +0000] "GET /version HTTP/2.0" 200 286 "-" "curl/8.0.1" 36 0.002 [cattle-system-rancher-80] [] 10.52.0.73:80 286 0.001 200 f50bb62a4793de78df32b62adc957d9b
2024-08-06T05:01:23.089588953Z 10.52.2.0 - - [06/Aug/2024:05:01:23 +0000] "GET /version HTTP/2.0" 200 286 "-" "curl/8.0.1" 36 0.002 [cattle-system-rancher-80] [] 10.52.0.73:80 286 0.002 200 46a8a5e018a0552a69042b2342e9befa
2024-08-06T05:01:26.357587608Z 10.10.110.11 - - [06/Aug/2024:05:01:26 +0000] "GET /version HTTP/2.0" 200 286 "-" "curl/8.0.1" 36 0.002 [cattle-system-rancher-80] [] 10.52.0.73:80 286 0.002 200 37a4ec6d32e589b6dbeadf4530a959e9
2024-08-06T05:01:53.057908571Z 10.52.2.0 - - [06/Aug/2024:05:01:53 +0000] "GET /version HTTP/2.0" 200 286 "-" "curl/8.0.1" 36 0.003 [cattle-system-rancher-80] [] 10.52.1.5:80 286 0.003 200 1ec9c73e5c14b7349f811a629ffd4c1e
2024-08-06T05:02:26.310227206Z 10.10.110.11 - - [06/Aug/2024:05:02:26 +0000] "GET /version HTTP/2.0" 200 286 "-" "curl/8.0.1" 36 0.002 [cattle-system-rancher-80] [] 10.52.0.73:80 286 0.002 200 8487a6c41ce5ac888304686e5693db8e
2024-08-06T05:02:56.361525600Z 10.10.110.11 - - [06/Aug/2024:05:02:56 +0000] "GET /version HTTP/2.0" 200 286 "-" "curl/8.0.1" 36 0.003 [cattle-system-rancher-80] [] 10.52.1.5:80 286 0.002 200 16089142d2928f58ed3eb794a71ef74e
2024-08-06T05:04:03.506551748Z 10.52.3.0 - - [06/Aug/2024:05:04:03 +0000] "GET /version HTTP/2.0" 200 286 "-" "curl/8.0.1" 36 0.003 [cattle-system-rancher-80] [] 10.52.2.3:80 286 0.002 200 9268b79c6fac8e654edf9e944cca09e7
2024-08-06T05:04:26.357405577Z 10.10.110.11 - - [06/Aug/2024:05:04:26 +0000] "GET /version HTTP/2.0" 200 286 "-" "curl/8.0.1" 36 0.002 [cattle-system-rancher-80] [] 10.52.0.73:80 286 0.001 200 f6f4a5de095156b644c434b8d78fdd07
2024-08-06T05:04:33.512531200Z 10.52.3.0 - - [06/Aug/2024:05:04:33 +0000] "GET /version HTTP/2.0" 200 286 "-" "curl/8.0.1" 36 0.003 [cattle-system-rancher-80] [] 10.52.2.3:80 286 0.002 200 fe8cafe8cc73a3b8830d2a57a520c6f0
2024-08-06T05:04:56.348602784Z 10.10.110.11 - - [06/Aug/2024:05:04:56 +0000] "GET /version HTTP/2.0" 200 286 "-" "curl/8.0.1" 36 0.003 [cattle-system-rancher-80] [] 10.52.1.5:80 286 0.002 200 8b7ad99afa062c5d40ea5e34500cdb2c
2024-08-06T05:05:33.494573213Z 10.52.3.0 - - [06/Aug/2024:05:05:33 +0000] "GET /version HTTP/2.0" 200 286 "-" "curl/8.0.1" 36 0.003 [cattle-system-rancher-80] [] 10.52.0.73:80 286 0.002 200 6e67f2aae8d90152f5df1deea4656160
2024-08-06T05:05:56.349755528Z 10.10.110.11 - - [06/Aug/2024:05:05:56 +0000] "GET /version HTTP/2.0" 200 286 "-" "curl/8.0.1" 36 0.002 [cattle-system-rancher-80] [] 10.52.2.3:80 286 0.003 200 f0a149780631f220e6e33e8b2e705cec
2024-08-06T05:06:33.509810728Z 10.52.3.0 - - [06/Aug/2024:05:06:33 +0000] "GET /version HTTP/2.0" 200 286 "-" "curl/8.0.1" 36 0.002 [cattle-system-rancher-80] [] 10.52.0.73:80 286 0.003 200 6a2db3dd359b42200f6f221e6bc9f8b1
2024-08-06T05:06:53.065902370Z 10.52.2.0 - - [06/Aug/2024:05:06:53 +0000] "GET /version HTTP/2.0" 200 286 "-" "curl/8.0.1" 36 0.001 [cattle-system-rancher-80] [] 10.52.0.73:80 286 0.002 200 a4216ec08d10a349ff981915f334daa2
2024-08-06T05:06:56.383286421Z 10.10.110.11 - - [06/Aug/2024:05:06:56 +0000] "GET /version HTTP/2.0" 200 286 "-" "curl/8.0.1" 36 0.002 [cattle-system-rancher-80] [] 10.52.1.5:80 286 0.002 200 afced52b4a9dba87ecb798750c1ac193
2024-08-06T05:07:03.501639019Z 10.52.3.0 - - [06/Aug/2024:05:07:03 +0000] "GET /version HTTP/2.0" 200 286 "-" "curl/8.0.1" 36 0.002 [cattle-system-rancher-80] [] 10.52.0.73:80 286 0.002 200 bfe925d30af028d37ac475f09b6ca4ee
2024-08-06T05:07:23.062541256Z 10.52.2.0 - - [06/Aug/2024:05:07:23 +0000] "GET /version HTTP/2.0" 200 286 "-" "curl/8.0.1" 36 0.003 [cattle-system-rancher-80] [] 10.52.2.3:80 286 0.002 200 66c1fa045e6a316a7aa8c58cb38e69a7
2024-08-06T05:07:32.983666060Z 10.52.1.0 - - [06/Aug/2024:05:07:32 +0000] "GET /version HTTP/2.0" 200 286 "-" "curl/8.0.1" 36 0.003 [cattle-system-rancher-80] [] 10.52.2.3:80 286 0.002 200 361e28dff4d2378feb66c311ec85ed45
2024-08-06T05:07:33.493664086Z 10.52.3.0 - - [06/Aug/2024:05:07:33 +0000] "GET /version HTTP/2.0" 200 286 "-" "curl/8.0.1" 36 0.003 [cattle-system-rancher-80] [] 10.52.2.3:80 286 0.002 200 0cb145a17bcc55bc28d0fb8c232a49d2
2024-08-06T05:09:02.988808660Z 10.52.1.0 - - [06/Aug/2024:05:09:02 +0000] "GET /version HTTP/2.0" 200 286 "-" "curl/8.0.1" 36 0.002 [cattle-system-rancher-80] [] 10.52.2.3:80 286 0.003 200 fda9944e0c0693d0c05cd840bc60a903
2024-08-06T05:09:26.357237161Z 10.10.110.11 - - [06/Aug/2024:05:09:26 +0000] "GET /version HTTP/2.0" 200 286 "-" "curl/8.0.1" 36 0.002 [cattle-system-rancher-80] [] 10.52.0.73:80 286 0.001 200 5ab0821193158013f12532904ce45ac7
2024-08-06T05:10:03.501203988Z 10.52.3.0 - - [06/Aug/2024:05:10:03 +0000] "GET /version HTTP/2.0" 200 286 "-" "curl/8.0.1" 36 0.002 [cattle-system-rancher-80] [] 10.52.2.3:80 286 0.003 200 def312df2ca7c1862ed225a5de91268b
2024-08-06T05:10:23.089314186Z 10.52.2.0 - - [06/Aug/2024:05:10:23 +0000] "GET /version HTTP/2.0" 200 286 "-" "curl/8.0.1" 36 0.001 [cattle-system-rancher-80] [] 10.52.0.73:80 286 0.002 200 c1968b5056dae811ed6dbaf398761c1e
2024-08-06T05:10:32.998976265Z 10.52.1.0 - - [06/Aug/2024:05:10:32 +0000] "GET /version HTTP/2.0" 200 286 "-" "curl/8.0.1" 36 0.002 [cattle-system-rancher-80] [] 10.52.1.5:80 286 0.003 200 cb7edc1249354988ce4169fca8d10b10
2024-08-06T05:11:26.343739374Z 10.10.110.11 - - [06/Aug/2024:05:11:26 +0000] "GET /version HTTP/2.0" 200 286 "-" "curl/8.0.1" 36 0.002 [cattle-system-rancher-80] [] 10.52.0.73:80 286 0.002 200 54f8ba025185a6cd41c16f9d32738cf5
2024-08-06T05:11:53.073421818Z 10.52.2.0 - - [06/Aug/2024:05:11:53 +0000] "GET /version HTTP/2.0" 200 286 "-" "curl/8.0.1" 36 0.003 [cattle-system-rancher-80] [] 10.52.1.5:80 286 0.002 200 7d41193cd3d3ac5a6efe4437c2e7b072
2024-08-06T05:12:53.067983260Z 10.52.2.0 - - [06/Aug/2024:05:12:53 +0000] "GET /version HTTP/2.0" 200 286 "-" "curl/8.0.1" 36 0.002 [cattle-system-rancher-80] [] 10.52.2.3:80 286 0.003 200 a1f8b5ac0db96456f630c6b8e586a539
2024-08-06T05:12:56.365698664Z 10.10.110.11 - - [06/Aug/2024:05:12:56 +0000] "GET /version HTTP/2.0" 200 286 "-" "curl/8.0.1" 36 0.002 [cattle-system-rancher-80] [] 10.52.0.73:80 286 0.002 200 5131b7af39360d2cfaeb4bab21188068
2024-08-06T05:13:03.518734336Z 10.52.3.0 - - [06/Aug/2024:05:13:03 +0000] "GET /version HTTP/2.0" 200 286 "-" "curl/8.0.1" 36 0.003 [cattle-system-rancher-80] [] 10.52.1.5:80 286 0.003 200 e35bde1997e275f7fa6657264c0cb11a
2024-08-06T05:14:03.505569542Z 10.52.3.0 - - [06/Aug/2024:05:14:03 +0000] "GET /version HTTP/2.0" 200 286 "-" "curl/8.0.1" 36 0.002 [cattle-system-rancher-80] [] 10.52.0.73:80 286 0.002 200 7fa60e71b713302b462df74b37b470cf
2024-08-06T05:14:23.079661342Z 10.52.2.0 - - [06/Aug/2024:05:14:23 +0000] "GET /version HTTP/2.0" 200 286 "-" "curl/8.0.1" 36 0.003 [cattle-system-rancher-80] [] 10.52.2.3:80 286 0.002 200 013683ef84dc41e83ccdb3d2f7450185
2024-08-06T05:14:32.991167105Z 10.52.1.0 - - [06/Aug/2024:05:14:32 +0000] "GET /version HTTP/2.0" 200 286 "-" "curl/8.0.1" 36 0.002 [cattle-system-rancher-80] [] 10.52.1.5:80 286 0.002 200 241f61fea1430353e91c2591121d62a2
2024-08-06T05:15:23.066853927Z 10.52.2.0 - - [06/Aug/2024:05:15:23 +0000] "GET /version HTTP/2.0" 200 286 "-" "curl/8.0.1" 36 0.002 [cattle-system-rancher-80] [] 10.52.2.3:80 286 0.003 200 3aba2fafdceb641238e30b088cf8cc8e
2024-08-06T05:16:02.985150878Z 10.52.1.0 - - [06/Aug/2024:05:16:02 +0000] "GET /version HTTP/2.0" 200 286 "-" "curl/8.0.1" 36 0.002 [cattle-system-rancher-80] [] 10.52.0.73:80 286 0.002 200 387ced4dd6e92841bcd1842f50e006c9
2024-08-06T05:16:33.003585258Z 10.52.1.0 - - [06/Aug/2024:05:16:33 +0000] "GET /version HTTP/2.0" 200 286 "-" "curl/8.0.1" 36 0.003 [cattle-system-rancher-80] [] 10.52.1.5:80 286 0.002 200 72b3e8277bd858b433081831615dac31
2024-08-06T05:18:03.480195393Z 10.52.3.0 - - [06/Aug/2024:05:18:03 +0000] "GET /version HTTP/2.0" 200 286 "-" "curl/8.0.1" 36 0.002 [cattle-system-rancher-80] [] 10.52.1.5:80 286 0.002 200 20c0e8fb99e2686fbe82e24c94284a81
2024-08-06T05:18:32.966246474Z 10.52.1.0 - - [06/Aug/2024:05:18:32 +0000] "GET /version HTTP/2.0" 200 286 "-" "curl/8.0.1" 36 0.001 [cattle-system-rancher-80] [] 10.52.0.73:80 286 0.001 200 86fca4abd9b9f4d19cb0e97ed640de9d
2024-08-06T05:18:53.064611343Z 10.52.2.0 - - [06/Aug/2024:05:18:53 +0000] "GET /version HTTP/2.0" 200 286 "-" "curl/8.0.1" 36 0.003 [cattle-system-rancher-80] [] 10.52.2.3:80 286 0.002 200 41a36c1ac9f0dcb99be138891dba09e4
2024-08-06T05:19:03.507609126Z 10.52.3.0 - - [06/Aug/2024:05:19:03 +0000] "GET /version HTTP/2.0" 200 286 "-" "curl/8.0.1" 36 0.003 [cattle-system-rancher-80] [] 10.52.1.5:80 286 0.002 200 f86947a852ad8aff4e8111d8e51acb5d
2024-08-06T05:19:32.992013269Z 10.52.1.0 - - [06/Aug/2024:05:19:32 +0000] "GET /version HTTP/2.0" 200 286 "-" "curl/8.0.1" 36 0.003 [cattle-system-rancher-80] [] 10.52.1.5:80 286 0.002 200 8978f65e6704252331f5b302d0cc1b3b
2024-08-06T05:19:53.054764585Z 10.52.2.0 - - [06/Aug/2024:05:19:53 +0000] "GET /version HTTP/2.0" 200 286 "-" "curl/8.0.1" 36 0.003 [cattle-system-rancher-80] [] 10.52.2.3:80 286 0.002 200 4ba5799d8e259962e0596c2c522585c8
2024-08-06T05:19:56.345318217Z 10.10.110.11 - - [06/Aug/2024:05:19:56 +0000] "GET /version HTTP/2.0" 200 286 "-" "curl/8.0.1" 36 0.002 [cattle-system-rancher-80] [] 10.52.1.5:80 286 0.002 200 5d4c49f98dc14497633c8ae29abc0bef
2024-08-06T05:21:03.032847801Z 10.52.1.0 - - [06/Aug/2024:05:21:03 +0000] "GET /version HTTP/2.0" 200 286 "-" "curl/8.0.1" 36 0.003 [cattle-system-rancher-80] [] 10.52.2.3:80 286 0.003 200 843737fc63ab86a2da68d99e1fd26c02
2024-08-06T05:21:33.003735291Z 10.52.1.0 - - [06/Aug/2024:05:21:33 +0000] "GET /version HTTP/2.0" 200 286 "-" "curl/8.0.1" 36 0.003 [cattle-system-rancher-80] [] 10.52.2.3:80 286 0.003 200 5c6361c9885694a8005f57005c14639d
2024-08-06T05:22:04.435086852Z 10.10.110.11 - - [06/Aug/2024:05:22:04 +0000] "GET /v1/harvester/devices.harvesterhci.io.sriovnetworkdevices?limit=1 HTTP/1.1" 200 623 "https://harvester.calgaryserver.ca/dashboard/harvester/c/local/support" "Mozilla/5.0 (Windows NT 10.0; Win64; x64) AppleWebKit/537.36 (KHTML, like Gecko) Chrome/127.0.0.0 Safari/537.36" 1194 0.008 [cattle-system-rancher-80] [] 10.52.1.5:80 623 0.008 200 73bdc88e44ecfda7bbc4355d053341c5
2024-08-06T05:22:04.436944588Z 10.10.110.11 - - [06/Aug/2024:05:22:04 +0000] "GET /v1/harvester/devices.harvesterhci.io.pcidevices?limit=1 HTTP/1.1" 200 1002 "https://harvester.calgaryserver.ca/dashboard/harvester/c/local/support" "Mozilla/5.0 (Windows NT 10.0; Win64; x64) AppleWebKit/537.36 (KHTML, like Gecko) Chrome/127.0.0.0 Safari/537.36" 1185 0.010 [cattle-system-rancher-80] [] 10.52.0.73:80 1002 0.010 200 781a61f7de9a700c5ca90452ab0ceff4
2024-08-06T05:22:04.437171809Z 10.10.110.11 - - [06/Aug/2024:05:22:04 +0000] "GET /v1/harvester/namespaces?limit=1 HTTP/1.1" 200 1304 "https://harvester.calgaryserver.ca/dashboard/harvester/c/local/support" "Mozilla/5.0 (Windows NT 10.0; Win64; x64) AppleWebKit/537.36 (KHTML, like Gecko) Chrome/127.0.0.0 Safari/537.36" 1161 0.010 [cattle-system-rancher-80] [] 10.52.1.5:80 1304 0.010 200 62ebd34db7ab6d00ff19c328729e2921
2024-08-06T05:22:06.416901254Z 10.10.110.11 - - [06/Aug/2024:05:22:06 +0000] "GET /v1/management.cattle.io.clusters?limit=1 HTTP/1.1" 200 1364 "https://harvester.calgaryserver.ca/dashboard/c/local/explorer/apps.statefulset" "Mozilla/5.0 (Windows NT 10.0; Win64; x64) AppleWebKit/537.36 (KHTML, like Gecko) Chrome/127.0.0.0 Safari/537.36" 1178 0.008 [cattle-system-rancher-80] [] 10.52.2.3:80 1364 0.007 200 6e223ded43f782551cafc7ee756d23a3
2024-08-06T05:22:06.420955767Z 10.10.110.11 - - [06/Aug/2024:05:22:06 +0000] "GET /v1/networking.k8s.io.ingresses?limit=1 HTTP/1.1" 200 888 "https://harvester.calgaryserver.ca/dashboard/c/local/explorer/apps.statefulset" "Mozilla/5.0 (Windows NT 10.0; Win64; x64) AppleWebKit/537.36 (KHTML, like Gecko) Chrome/127.0.0.0 Safari/537.36" 1176 0.004 [cattle-system-rancher-80] [] 10.52.0.73:80 888 0.004 200 70c1c862a7d6adcbd5df85551f8eb8d8
2024-08-06T05:22:06.421522473Z 10.10.110.11 - - [06/Aug/2024:05:22:06 +0000] "GET /v1/catalog.cattle.io.apps?limit=1 HTTP/1.1" 200 2455 "https://harvester.calgaryserver.ca/dashboard/c/local/explorer/apps.statefulset" "Mozilla/5.0 (Windows NT 10.0; Win64; x64) AppleWebKit/537.36 (KHTML, like Gecko) Chrome/127.0.0.0 Safari/537.36" 1171 0.016 [cattle-system-rancher-80] [] 10.52.0.73:80 2462 0.016 200 801492fd8adf466d8a1bb26976602736
2024-08-06T05:22:06.421570484Z 10.10.110.11 - - [06/Aug/2024:05:22:06 +0000] "GET /v1/management.cattle.io.features?limit=1 HTTP/1.1" 200 796 "https://harvester.calgaryserver.ca/dashboard/c/local/explorer/apps.statefulset" "Mozilla/5.0 (Windows NT 10.0; Win64; x64) AppleWebKit/537.36 (KHTML, like Gecko) Chrome/127.0.0.0 Safari/537.36" 1178 0.007 [cattle-system-rancher-80] [] 10.52.0.73:80 796 0.007 200 cd48ec8e180ce1af015220121d46b811
2024-08-06T05:22:06.423012009Z 10.10.110.11 - - [06/Aug/2024:05:22:06 +0000] "GET /v1/harvesterhci.io.settings?limit=1 HTTP/1.1" 200 688 "https://harvester.calgaryserver.ca/dashboard/c/local/explorer/apps.statefulset" "Mozilla/5.0 (Windows NT 10.0; Win64; x64) AppleWebKit/537.36 (KHTML, like Gecko) Chrome/127.0.0.0 Safari/537.36" 1173 0.006 [cattle-system-rancher-80] [] 10.52.2.3:80 688 0.006 200 88a5d65b1e97b3900689598381acfa65
2024-08-06T05:22:56.344197128Z 10.10.110.11 - - [06/Aug/2024:05:22:56 +0000] "GET /version HTTP/2.0" 200 286 "-" "curl/8.0.1" 36 0.002 [cattle-system-rancher-80] [] 10.52.0.73:80 286 0.002 200 b6eb6c03bda87e6132a1882f9a77d344
2024-08-06T05:23:00.433079276Z 10.10.110.11 - - [06/Aug/2024:05:23:00 +0000] "GET /v1/logging.banzaicloud.io.loggings?limit=1 HTTP/1.1" 200 1941 "https://harvester.calgaryserver.ca/dashboard/c/local/explorer/apps.statefulset" "Mozilla/5.0 (Windows NT 10.0; Win64; x64) AppleWebKit/537.36 (KHTML, like Gecko) Chrome/127.0.0.0 Safari/537.36" 1180 0.012 [cattle-system-rancher-80] [] 10.52.1.5:80 1941 0.013 200 22eda66bc15550c2f4249f9a2910ce4e
2024-08-06T05:23:03.512972898Z 10.52.3.0 - - [06/Aug/2024:05:23:03 +0000] "GET /version HTTP/2.0" 200 286 "-" "curl/8.0.1" 36 0.003 [cattle-system-rancher-80] [] 10.52.2.3:80 286 0.003 200 729259839294b5af156ec1ed4d901205
2024-08-06T05:23:13.412524922Z 10.10.110.11 - - [06/Aug/2024:05:23:13 +0000] "GET /v1/devices.harvesterhci.io.sriovnetworkdevices?limit=1 HTTP/1.1" 200 625 "https://harvester.calgaryserver.ca/dashboard/c/local/explorer/apps.statefulset" "Mozilla/5.0 (Windows NT 10.0; Win64; x64) AppleWebKit/537.36 (KHTML, like Gecko) Chrome/127.0.0.0 Safari/537.36" 1192 0.006 [cattle-system-rancher-80] [] 10.52.1.5:80 625 0.005 200 4ac86e9150b536ea7f0a17ac61b9c585
2024-08-06T05:23:33.479670544Z 10.52.3.0 - - [06/Aug/2024:05:23:33 +0000] "GET /version HTTP/2.0" 200 286 "-" "curl/8.0.1" 36 0.003 [cattle-system-rancher-80] [] 10.52.1.5:80 286 0.002 200 49ebce1d9d99de8dc0787c7768b13f63
2024-08-06T05:23:48.415629679Z 10.10.110.11 - - [06/Aug/2024:05:23:48 +0000] "GET /v1/rbac.authorization.k8s.io.clusterroles?limit=1 HTTP/1.1" 200 2219 "https://harvester.calgaryserver.ca/dashboard/c/local/explorer/apps.statefulset" "Mozilla/5.0 (Windows NT 10.0; Win64; x64) AppleWebKit/537.36 (KHTML, like Gecko) Chrome/127.0.0.0 Safari/537.36" 1187 0.011 [cattle-system-rancher-80] [] 10.52.1.5:80 2225 0.010 200 64e2f072b767d4b9b89f6ed0cc850aa2
2024-08-06T05:23:53.065901512Z 10.52.2.0 - - [06/Aug/2024:05:23:53 +0000] "GET /version HTTP/2.0" 200 286 "-" "curl/8.0.1" 36 0.002 [cattle-system-rancher-80] [] 10.52.0.73:80 286 0.002 200 6cc7f1247dd0a87cd56a8dca2703cceb
2024-08-06T05:24:03.484466826Z 10.52.3.0 - - [06/Aug/2024:05:24:03 +0000] "GET /version HTTP/2.0" 200 286 "-" "curl/8.0.1" 36 0.002 [cattle-system-rancher-80] [] 10.52.2.3:80 286 0.003 200 82556bce4573e32e6909dfd158c1717e
2024-08-06T05:24:27.425032611Z 10.10.110.11 - - [06/Aug/2024:05:24:27 +0000] "GET /v1/harvester/cluster.x-k8s.io.machines?limit=1 HTTP/1.1" 200 2535 "https://harvester.calgaryserver.ca/dashboard/harvester/c/local/support" "Mozilla/5.0 (Windows NT 10.0; Win64; x64) AppleWebKit/537.36 (KHTML, like Gecko) Chrome/127.0.0.0 Safari/537.36" 1176 0.014 [cattle-system-rancher-80] [] 10.52.0.73:80 2535 0.014 200 d7c4694100e4531baafab5d77bee156d
2024-08-06T05:24:33.019358329Z 10.52.1.0 - - [06/Aug/2024:05:24:33 +0000] "GET /version HTTP/2.0" 200 286 "-" "curl/8.0.1" 36 0.002 [cattle-system-rancher-80] [] 10.52.0.73:80 286 0.002 200 71dca5383c1b932f621f8ce6f48f88b3
2024-08-06T05:24:48.420734308Z 10.10.110.11 - - [06/Aug/2024:05:24:48 +0000] "GET /v1/harvester/kubevirt.io.virtualmachineinstances?limit=1 HTTP/1.1" 200 2351 "https://harvester.calgaryserver.ca/dashboard/harvester/c/local/support" "Mozilla/5.0 (Windows NT 10.0; Win64; x64) AppleWebKit/537.36 (KHTML, like Gecko) Chrome/127.0.0.0 Safari/537.36" 1186 0.015 [cattle-system-rancher-80] [] 10.52.1.5:80 2351 0.016 200 40cae45532620d6496840f9add42a710
2024-08-06T05:24:49.409354411Z 10.10.110.11 - - [06/Aug/2024:05:24:49 +0000] "GET /v1/harvester/kubevirt.io.virtualmachineinstancemigrations?limit=1 HTTP/1.1" 200 187 "https://harvester.calgaryserver.ca/dashboard/harvester/c/local/support" "Mozilla/5.0 (Windows NT 10.0; Win64; x64) AppleWebKit/537.36 (KHTML, like Gecko) Chrome/127.0.0.0 Safari/537.36" 1191 0.006 [cattle-system-rancher-80] [] 10.52.0.73:80 187 0.006 200 30ff8a6f45d871ad1dfd54152a3536b9
2024-08-06T05:24:56.338575889Z 10.10.110.11 - - [06/Aug/2024:05:24:56 +0000] "GET /version HTTP/2.0" 200 286 "-" "curl/8.0.1" 36 0.003 [cattle-system-rancher-80] [] 10.52.0.73:80 286 0.002 200 9e57388c66d1febc21ca35c1e30ad642
2024-08-06T05:25:03.486671927Z 10.52.3.0 - - [06/Aug/2024:05:25:03 +0000] "GET /version HTTP/2.0" 200 286 "-" "curl/8.0.1" 36 0.003 [cattle-system-rancher-80] [] 10.52.2.3:80 286 0.002 200 70a74535c36cb6fec4ab256db6bde8c6
2024-08-06T05:25:26.345684722Z 10.10.110.11 - - [06/Aug/2024:05:25:26 +0000] "GET /version HTTP/2.0" 200 286 "-" "curl/8.0.1" 36 0.003 [cattle-system-rancher-80] [] 10.52.1.5:80 286 0.003 200 9767c2ce1dbf1be459998ce82dc674a0
2024-08-06T05:25:53.075759840Z 10.52.2.0 - - [06/Aug/2024:05:25:53 +0000] "GET /version HTTP/2.0" 200 286 "-" "curl/8.0.1" 36 0.002 [cattle-system-rancher-80] [] 10.52.0.73:80 286 0.001 200 2ec6606beec86b3ae3f36039d25e27f7
2024-08-06T05:26:23.063956266Z 10.52.2.0 - - [06/Aug/2024:05:26:23 +0000] "GET /version HTTP/2.0" 200 286 "-" "curl/8.0.1" 36 0.002 [cattle-system-rancher-80] [] 10.52.1.5:80 286 0.002 200 ad744fd6a8d0ffc9686e06771476a63a
2024-08-06T05:26:53.078104730Z 10.52.2.0 - - [06/Aug/2024:05:26:53 +0000] "GET /version HTTP/2.0" 200 286 "-" "curl/8.0.1" 36 0.003 [cattle-system-rancher-80] [] 10.52.2.3:80 286 0.003 200 49ab9a92a3c2bacfd129722f433331a1
2024-08-06T05:26:56.376870340Z 10.10.110.11 - - [06/Aug/2024:05:26:56 +0000] "GET /version HTTP/2.0" 200 286 "-" "curl/8.0.1" 36 0.003 [cattle-system-rancher-80] [] 10.52.2.3:80 286 0.003 200 ff72cb08732b312c20263cb84fe4ae78
2024-08-06T05:27:23.076650976Z 10.52.2.0 - - [06/Aug/2024:05:27:23 +0000] "GET /version HTTP/2.0" 200 286 "-" "curl/8.0.1" 36 0.002 [cattle-system-rancher-80] [] 10.52.2.3:80 286 0.002 200 5f92f138842a346362e8495b033848d5
2024-08-06T05:27:33.487228274Z 10.52.3.0 - - [06/Aug/2024:05:27:33 +0000] "GET /version HTTP/2.0" 200 286 "-" "curl/8.0.1" 36 0.002 [cattle-system-rancher-80] [] 10.52.0.73:80 286 0.002 200 5e4d893e567fc9812c8a8c60adaf0764
2024-08-06T05:28:03.027458364Z 10.52.1.0 - - [06/Aug/2024:05:28:03 +0000] "GET /version HTTP/2.0" 200 286 "-" "curl/8.0.1" 36 0.002 [cattle-system-rancher-80] [] 10.52.1.5:80 286 0.002 200 f5b8a24c9f9ca84bc0496f63d82174f9
2024-08-06T05:28:33.477295833Z 10.52.3.0 - - [06/Aug/2024:05:28:33 +0000] "GET /version HTTP/2.0" 200 286 "-" "curl/8.0.1" 36 0.002 [cattle-system-rancher-80] [] 10.52.0.73:80 286 0.002 200 9faa087c756e4ca37b68b3b9287b5d75
2024-08-06T05:29:23.090657038Z 10.52.2.0 - - [06/Aug/2024:05:29:23 +0000] "GET /version HTTP/2.0" 200 286 "-" "curl/8.0.1" 36 0.002 [cattle-system-rancher-80] [] 10.52.0.73:80 286 0.001 200 ba8e066ea35944e0073c69ee0903685d
