2024-08-06T06:52:22.358753567Z 10.10.110.11 - - [06/Aug/2024:06:52:22 +0000] "GET /v1/harvester/harvesterhci.io.upgrades?limit=1 HTTP/1.1" 200 172 "https://harvester.calgaryserver.ca/dashboard/harvester/c/local/support" "Mozilla/5.0 (Windows NT 10.0; Win64; x64) AppleWebKit/537.36 (KHTML, like Gecko) Chrome/127.0.0.0 Safari/537.36" 1175 0.004 [cattle-system-rancher-80] [] 10.52.0.73:80 172 0.005 200 54c598513eb517b00ea06e81e3de1afb
2024-08-06T06:52:22.361039098Z 10.10.110.11 - - [06/Aug/2024:06:52:22 +0000] "GET /v1/harvester/devices.harvesterhci.io.vgpudevices?limit=1 HTTP/1.1" 200 987 "https://harvester.calgaryserver.ca/dashboard/harvester/c/local/support" "Mozilla/5.0 (Windows NT 10.0; Win64; x64) AppleWebKit/537.36 (KHTML, like Gecko) Chrome/127.0.0.0 Safari/537.36" 1186 0.009 [cattle-system-rancher-80] [] 10.52.2.3:80 987 0.010 200 ab675ec8d5fb5a56eb60bbcfb130683a
2024-08-06T06:52:23.053569534Z 10.52.2.0 - - [06/Aug/2024:06:52:23 +0000] "GET /version HTTP/2.0" 200 286 "-" "curl/8.0.1" 36 0.003 [cattle-system-rancher-80] [] 10.52.1.5:80 286 0.002 200 a70a61b78209edd2bd8415a68f70c226
2024-08-06T06:52:23.347407804Z 10.10.110.11 - - [06/Aug/2024:06:52:23 +0000] "GET /v1/management.cattle.io.settings?limit=1 HTTP/1.1" 200 745 "https://harvester.calgaryserver.ca/dashboard/harvester/c/local/support" "Mozilla/5.0 (Windows NT 10.0; Win64; x64) AppleWebKit/537.36 (KHTML, like Gecko) Chrome/127.0.0.0 Safari/537.36" 1170 0.009 [cattle-system-rancher-80] [] 10.52.2.3:80 745 0.008 200 72646ac7245704a00f62403eaf8a8aa7
2024-08-06T06:52:23.348664305Z 10.10.110.11 - - [06/Aug/2024:06:52:23 +0000] "GET /v1/namespaces?limit=1 HTTP/1.1" 200 1305 "https://harvester.calgaryserver.ca/dashboard/harvester/c/local/support" "Mozilla/5.0 (Windows NT 10.0; Win64; x64) AppleWebKit/537.36 (KHTML, like Gecko) Chrome/127.0.0.0 Safari/537.36" 1151 0.009 [cattle-system-rancher-80] [] 10.52.0.73:80 1305 0.009 200 811eb08844e5610bf43275120f7f7697
2024-08-06T06:52:24.340449094Z 10.10.110.11 - - [06/Aug/2024:06:52:24 +0000] "GET /v1/ui.cattle.io.navlinks?limit=1 HTTP/1.1" 200 166 "https://harvester.calgaryserver.ca/dashboard/c/local/explorer/apps.statefulset" "Mozilla/5.0 (Windows NT 10.0; Win64; x64) AppleWebKit/537.36 (KHTML, like Gecko) Chrome/127.0.0.0 Safari/537.36" 1170 0.006 [cattle-system-rancher-80] [] 10.52.0.73:80 166 0.005 200 3f49553d8dae8eb6be9fc494c623d3c6
2024-08-06T06:52:24.343008484Z 10.10.110.11 - - [06/Aug/2024:06:52:24 +0000] "GET /v1/management.cattle.io.settings?limit=1 HTTP/1.1" 200 744 "https://harvester.calgaryserver.ca/dashboard/c/local/explorer/apps.statefulset" "Mozilla/5.0 (Windows NT 10.0; Win64; x64) AppleWebKit/537.36 (KHTML, like Gecko) Chrome/127.0.0.0 Safari/537.36" 1178 0.009 [cattle-system-rancher-80] [] 10.52.2.3:80 744 0.010 200 b5a0551169fe0e7d54a0b89adb7d6f13
2024-08-06T06:52:24.343526565Z 10.10.110.11 - - [06/Aug/2024:06:52:24 +0000] "GET /v1/namespaces?limit=1 HTTP/1.1" 200 1304 "https://harvester.calgaryserver.ca/dashboard/c/local/explorer/apps.statefulset" "Mozilla/5.0 (Windows NT 10.0; Win64; x64) AppleWebKit/537.36 (KHTML, like Gecko) Chrome/127.0.0.0 Safari/537.36" 1159 0.010 [cattle-system-rancher-80] [] 10.52.2.3:80 1304 0.009 200 e202821d9145fde355a7820763dba5ab
2024-08-06T06:52:24.348997833Z 10.10.110.11 - - [06/Aug/2024:06:52:24 +0000] "GET /v1/services?limit=1 HTTP/1.1" 200 1174 "https://harvester.calgaryserver.ca/dashboard/c/local/explorer/apps.statefulset" "Mozilla/5.0 (Windows NT 10.0; Win64; x64) AppleWebKit/537.36 (KHTML, like Gecko) Chrome/127.0.0.0 Safari/537.36" 1157 0.007 [cattle-system-rancher-80] [] 10.52.1.5:80 1174 0.008 200 af0e64bfa3b50767b50e3a6758661f20
2024-08-06T06:52:24.355782659Z 10.10.110.11 - - [06/Aug/2024:06:52:24 +0000] "GET /v1/nodes?limit=1 HTTP/1.1" 200 6518 "https://harvester.calgaryserver.ca/dashboard/c/local/explorer/apps.statefulset" "Mozilla/5.0 (Windows NT 10.0; Win64; x64) AppleWebKit/537.36 (KHTML, like Gecko) Chrome/127.0.0.0 Safari/537.36" 1154 0.012 [cattle-system-rancher-80] [] 10.52.0.73:80 6532 0.012 200 af700d51314a73cda2daa84dfb0646de
2024-08-06T06:52:26.344656168Z 10.10.110.11 - - [06/Aug/2024:06:52:26 +0000] "GET /version HTTP/2.0" 200 286 "-" "curl/8.0.1" 36 0.003 [cattle-system-rancher-80] [] 10.52.2.3:80 286 0.003 200 8f4494f6023ec35530db589be3f39e68
2024-08-06T06:53:03.509301937Z 10.52.3.0 - - [06/Aug/2024:06:53:03 +0000] "GET /version HTTP/2.0" 200 286 "-" "curl/8.0.1" 36 0.003 [cattle-system-rancher-80] [] 10.52.2.3:80 286 0.003 200 7d02f52e2ff0943416709e97df1f5017
2024-08-06T06:53:53.088919856Z 10.52.2.0 - - [06/Aug/2024:06:53:53 +0000] "GET /version HTTP/2.0" 200 286 "-" "curl/8.0.1" 36 0.002 [cattle-system-rancher-80] [] 10.52.2.3:80 286 0.002 200 a85140bbdc65778ca17efc1b745770b6
2024-08-06T06:54:02.994819175Z 10.52.1.0 - - [06/Aug/2024:06:54:02 +0000] "GET /version HTTP/2.0" 200 286 "-" "curl/8.0.1" 36 0.002 [cattle-system-rancher-80] [] 10.52.1.5:80 286 0.003 200 3b033c95d84e4614e52b71df49489a54
2024-08-06T06:54:03.500601314Z 10.52.3.0 - - [06/Aug/2024:06:54:03 +0000] "GET /version HTTP/2.0" 200 286 "-" "curl/8.0.1" 36 0.003 [cattle-system-rancher-80] [] 10.52.1.5:80 286 0.002 200 1106822719290635b3167582ed233e9f
2024-08-06T06:54:26.367959115Z 10.10.110.11 - - [06/Aug/2024:06:54:26 +0000] "GET /version HTTP/2.0" 200 286 "-" "curl/8.0.1" 36 0.002 [cattle-system-rancher-80] [] 10.52.2.3:80 286 0.002 200 57604c4a90f90516e7276c1b80c8b4b4
2024-08-06T06:54:43.342353798Z 10.10.110.11 - - [06/Aug/2024:06:54:43 +0000] "GET /v1/harvester/metal.harvesterhci.io.inventories?limit=1 HTTP/1.1" 200 177 "https://harvester.calgaryserver.ca/dashboard/harvester/c/local/support" "Mozilla/5.0 (Windows NT 10.0; Win64; x64) AppleWebKit/537.36 (KHTML, like Gecko) Chrome/127.0.0.0 Safari/537.36" 1184 0.007 [cattle-system-rancher-80] [] 10.52.2.3:80 177 0.006 200 f497f6cc6fc9cae33756b305018a649f
2024-08-06T06:54:45.343467680Z 10.10.110.11 - - [06/Aug/2024:06:54:45 +0000] "GET /v1/harvester/cluster.x-k8s.io.machines?limit=1 HTTP/1.1" 200 2534 "https://harvester.calgaryserver.ca/dashboard/harvester/c/local/support" "Mozilla/5.0 (Windows NT 10.0; Win64; x64) AppleWebKit/537.36 (KHTML, like Gecko) Chrome/127.0.0.0 Safari/537.36" 1176 0.012 [cattle-system-rancher-80] [] 10.52.1.5:80 2534 0.011 200 7aa6a56d4b6496f53e8237e5d61afcae
2024-08-06T06:55:03.001580799Z 10.52.1.0 - - [06/Aug/2024:06:55:03 +0000] "GET /version HTTP/2.0" 200 286 "-" "curl/8.0.1" 36 0.003 [cattle-system-rancher-80] [] 10.52.2.3:80 286 0.002 200 658206bd0cef5fa8f8f866c000b2cdbe
2024-08-06T06:55:03.519187539Z 10.52.3.0 - - [06/Aug/2024:06:55:03 +0000] "GET /version HTTP/2.0" 200 286 "-" "curl/8.0.1" 36 0.002 [cattle-system-rancher-80] [] 10.52.0.73:80 286 0.002 200 b64ec49699b081c153f27fa88e2b0b9a
2024-08-06T06:55:33.006837823Z 10.52.1.0 - - [06/Aug/2024:06:55:33 +0000] "GET /version HTTP/2.0" 200 286 "-" "curl/8.0.1" 36 0.001 [cattle-system-rancher-80] [] 10.52.0.73:80 286 0.002 200 4c19917fc889adb2c00165a87cf3be18
2024-08-06T06:55:56.359621849Z 10.10.110.11 - - [06/Aug/2024:06:55:56 +0000] "GET /version HTTP/2.0" 200 286 "-" "curl/8.0.1" 36 0.002 [cattle-system-rancher-80] [] 10.52.2.3:80 286 0.002 200 0f492de79e8f4e40b2821dbd792478f8
2024-08-06T06:56:56.362151708Z 10.10.110.11 - - [06/Aug/2024:06:56:56 +0000] "GET /version HTTP/2.0" 200 286 "-" "curl/8.0.1" 36 0.002 [cattle-system-rancher-80] [] 10.52.2.3:80 286 0.003 200 cd337ecbea4025d2797811e5391485f7
2024-08-06T06:57:02.990830451Z 10.52.1.0 - - [06/Aug/2024:06:57:02 +0000] "GET /version HTTP/2.0" 200 286 "-" "curl/8.0.1" 36 0.002 [cattle-system-rancher-80] [] 10.52.0.73:80 286 0.002 200 e05bedd76e8984bd12e28dd99f660db6
2024-08-06T06:57:33.492464610Z 10.52.3.0 - - [06/Aug/2024:06:57:33 +0000] "GET /version HTTP/2.0" 200 286 "-" "curl/8.0.1" 36 0.002 [cattle-system-rancher-80] [] 10.52.1.5:80 286 0.003 200 9d0ae40b23870d2c8d76f89540ec2ccf
2024-08-06T06:58:02.982834429Z 10.52.1.0 - - [06/Aug/2024:06:58:02 +0000] "GET /version HTTP/2.0" 200 286 "-" "curl/8.0.1" 36 0.003 [cattle-system-rancher-80] [] 10.52.2.3:80 286 0.003 200 04b165a21735bcee0c0cade58f2bf106
2024-08-06T06:58:26.342818187Z 10.10.110.11 - - [06/Aug/2024:06:58:26 +0000] "GET /version HTTP/2.0" 200 286 "-" "curl/8.0.1" 36 0.003 [cattle-system-rancher-80] [] 10.52.2.3:80 286 0.003 200 ae294ecd958eb6c725c26b82df591257
2024-08-06T06:58:53.112419799Z 10.52.2.0 - - [06/Aug/2024:06:58:53 +0000] "GET /version HTTP/2.0" 200 286 "-" "curl/8.0.1" 36 0.007 [cattle-system-rancher-80] [] 10.52.1.5:80 286 0.006 200 b7cef2105a9c3fea527f53e39dcc683a
2024-08-06T06:59:03.516448818Z 10.52.3.0 - - [06/Aug/2024:06:59:03 +0000] "GET /version HTTP/2.0" 200 286 "-" "curl/8.0.1" 36 0.003 [cattle-system-rancher-80] [] 10.52.2.3:80 286 0.002 200 a341216fd5d998b143e8b1ac565d9e74
2024-08-06T06:59:23.047768318Z 10.52.2.0 - - [06/Aug/2024:06:59:23 +0000] "GET /version HTTP/2.0" 200 286 "-" "curl/8.0.1" 36 0.001 [cattle-system-rancher-80] [] 10.52.0.73:80 286 0.002 200 e1c78832014585eeaa97ecb8745b5ad8
2024-08-06T06:59:26.322483748Z 10.10.110.11 - - [06/Aug/2024:06:59:26 +0000] "GET /version HTTP/2.0" 200 286 "-" "curl/8.0.1" 36 0.003 [cattle-system-rancher-80] [] 10.52.1.5:80 286 0.002 200 002d010f34509a6facae42cc9f9ecb1a
2024-08-06T06:59:32.998221233Z 10.52.1.0 - - [06/Aug/2024:06:59:32 +0000] "GET /version HTTP/2.0" 200 286 "-" "curl/8.0.1" 36 0.002 [cattle-system-rancher-80] [] 10.52.0.73:80 286 0.002 200 a87e97d5a5d4af2bb4caa9862ac4d711
2024-08-06T07:00:33.490840554Z 10.52.3.0 - - [06/Aug/2024:07:00:33 +0000] "GET /version HTTP/2.0" 200 286 "-" "curl/8.0.1" 36 0.002 [cattle-system-rancher-80] [] 10.52.0.73:80 286 0.001 200 bbe0809959a98c58bfe6a90e212c8eb4
2024-08-06T07:01:02.986384882Z 10.52.1.0 - - [06/Aug/2024:07:01:02 +0000] "GET /version HTTP/2.0" 200 286 "-" "curl/8.0.1" 36 0.002 [cattle-system-rancher-80] [] 10.52.2.3:80 286 0.002 200 157b6904baa8bfc262e1109666896e37
2024-08-06T07:01:23.049307862Z 10.52.2.0 - - [06/Aug/2024:07:01:23 +0000] "GET /version HTTP/2.0" 200 286 "-" "curl/8.0.1" 36 0.002 [cattle-system-rancher-80] [] 10.52.0.73:80 286 0.002 200 50f602ba5f4e88faf907253a123a9a27
2024-08-06T07:01:33.022204800Z 10.52.1.0 - - [06/Aug/2024:07:01:33 +0000] "GET /version HTTP/2.0" 200 286 "-" "curl/8.0.1" 36 0.002 [cattle-system-rancher-80] [] 10.52.0.73:80 286 0.002 200 0592736a6c744c4fd7b369b8b05cd029
2024-08-06T07:01:33.511436081Z 10.52.3.0 - - [06/Aug/2024:07:01:33 +0000] "GET /version HTTP/2.0" 200 286 "-" "curl/8.0.1" 36 0.003 [cattle-system-rancher-80] [] 10.52.2.3:80 286 0.002 200 9f7d4730b2d0ccfc209659df7f4c564b
2024-08-06T07:02:26.353680868Z 10.10.110.11 - - [06/Aug/2024:07:02:26 +0000] "GET /version HTTP/2.0" 200 286 "-" "curl/8.0.1" 36 0.002 [cattle-system-rancher-80] [] 10.52.0.73:80 286 0.002 200 c4b9fe5520b9c039a2cad9ea8443c01f
2024-08-06T07:02:33.030637812Z 10.52.1.0 - - [06/Aug/2024:07:02:33 +0000] "GET /version HTTP/2.0" 200 286 "-" "curl/8.0.1" 36 0.002 [cattle-system-rancher-80] [] 10.52.1.5:80 286 0.002 200 169581faf8a47fda4e5855e8839861e5
2024-08-06T07:03:03.014796498Z 10.52.1.0 - - [06/Aug/2024:07:03:03 +0000] "GET /version HTTP/2.0" 200 286 "-" "curl/8.0.1" 36 0.003 [cattle-system-rancher-80] [] 10.52.1.5:80 286 0.002 200 b824228b21700b1ecea4a059204f2db9
2024-08-06T07:04:03.007527470Z 10.52.1.0 - - [06/Aug/2024:07:04:03 +0000] "GET /version HTTP/2.0" 200 286 "-" "curl/8.0.1" 36 0.002 [cattle-system-rancher-80] [] 10.52.0.73:80 286 0.001 200 6cbbe87dcb6e27cb1e55e50672aa6159
2024-08-06T07:05:02.976915356Z 10.52.1.0 - - [06/Aug/2024:07:05:02 +0000] "GET /version HTTP/2.0" 200 286 "-" "curl/8.0.1" 36 0.002 [cattle-system-rancher-80] [] 10.52.1.5:80 286 0.003 200 0d3cde0b4fa6fb04c9ac467809f50583
2024-08-06T07:05:26.351166037Z 10.10.110.11 - - [06/Aug/2024:07:05:26 +0000] "GET /version HTTP/2.0" 200 286 "-" "curl/8.0.1" 36 0.002 [cattle-system-rancher-80] [] 10.52.1.5:80 286 0.003 200 0397339566a7817b62066cb2c085c3fe
2024-08-06T07:06:56.354542407Z 10.10.110.11 - - [06/Aug/2024:07:06:56 +0000] "GET /version HTTP/2.0" 200 286 "-" "curl/8.0.1" 36 0.002 [cattle-system-rancher-80] [] 10.52.0.73:80 286 0.002 200 bfe46130acbf701f74cfc5f047a3232c
2024-08-06T07:08:23.035991716Z 10.52.2.0 - - [06/Aug/2024:07:08:23 +0000] "GET /version HTTP/2.0" 200 286 "-" "curl/8.0.1" 36 0.002 [cattle-system-rancher-80] [] 10.52.2.3:80 286 0.003 200 b7fa38bcfba70680d88e0f95162f8ef0
2024-08-06T07:08:26.376491805Z 10.10.110.11 - - [06/Aug/2024:07:08:26 +0000] "GET /version HTTP/2.0" 200 286 "-" "curl/8.0.1" 36 0.003 [cattle-system-rancher-80] [] 10.52.1.5:80 286 0.002 200 b69c30403aca190a78652fd05e7b2aad
2024-08-06T07:09:03.500495062Z 10.52.3.0 - - [06/Aug/2024:07:09:03 +0000] "GET /version HTTP/2.0" 200 286 "-" "curl/8.0.1" 36 0.003 [cattle-system-rancher-80] [] 10.52.2.3:80 286 0.002 200 57c460cc9c14f9a00cba5c51e43b459e
2024-08-06T07:09:53.049599191Z 10.52.2.0 - - [06/Aug/2024:07:09:53 +0000] "GET /version HTTP/2.0" 200 286 "-" "curl/8.0.1" 36 0.002 [cattle-system-rancher-80] [] 10.52.0.73:80 286 0.002 200 f737002e3a571d9ebdf1496307c0f642
2024-08-06T07:09:56.353243329Z 10.10.110.11 - - [06/Aug/2024:07:09:56 +0000] "GET /version HTTP/2.0" 200 286 "-" "curl/8.0.1" 36 0.002 [cattle-system-rancher-80] [] 10.52.0.73:80 286 0.002 200 7c0fe3251be509a9bbbcca304536f457
2024-08-06T07:10:26.409088010Z 10.10.110.11 - - [06/Aug/2024:07:10:26 +0000] "GET /version HTTP/2.0" 200 286 "-" "curl/8.0.1" 36 0.002 [cattle-system-rancher-80] [] 10.52.1.5:80 286 0.003 200 afa5cfc50cc3d6453f7d46f0f34968b2
2024-08-06T07:10:56.366286024Z 10.10.110.11 - - [06/Aug/2024:07:10:56 +0000] "GET /version HTTP/2.0" 200 286 "-" "curl/8.0.1" 36 0.002 [cattle-system-rancher-80] [] 10.52.1.5:80 286 0.002 200 70cf654fd32bbabf4b7867740ea39d47
2024-08-06T07:11:33.000308279Z 10.52.1.0 - - [06/Aug/2024:07:11:32 +0000] "GET /version HTTP/2.0" 200 286 "-" "curl/8.0.1" 36 0.002 [cattle-system-rancher-80] [] 10.52.1.5:80 286 0.003 200 bfebe0100956dc7a1c02099d1bf829d8
2024-08-06T07:11:56.392314670Z 10.10.110.11 - - [06/Aug/2024:07:11:56 +0000] "GET /version HTTP/2.0" 200 286 "-" "curl/8.0.1" 36 0.002 [cattle-system-rancher-80] [] 10.52.1.5:80 286 0.002 200 b772ee141dd2695a8d032c20e70830a0
2024-08-06T07:12:02.994316497Z 10.52.1.0 - - [06/Aug/2024:07:12:02 +0000] "GET /version HTTP/2.0" 200 286 "-" "curl/8.0.1" 36 0.002 [cattle-system-rancher-80] [] 10.52.1.5:80 286 0.002 200 5990ceb83fcddcf2af99cc045a26b157
2024-08-06T07:12:33.487240871Z 10.52.3.0 - - [06/Aug/2024:07:12:33 +0000] "GET /version HTTP/2.0" 200 286 "-" "curl/8.0.1" 36 0.002 [cattle-system-rancher-80] [] 10.52.0.73:80 286 0.002 200 0e70c9cfbf0ec80feadb2fcdd2483161
2024-08-06T07:13:03.516053983Z 10.52.3.0 - - [06/Aug/2024:07:13:03 +0000] "GET /version HTTP/2.0" 200 286 "-" "curl/8.0.1" 36 0.002 [cattle-system-rancher-80] [] 10.52.0.73:80 286 0.002 200 51e8d8d7fa082ddd7926d428f06df707
2024-08-06T07:13:23.081904662Z 10.52.2.0 - - [06/Aug/2024:07:13:23 +0000] "GET /version HTTP/2.0" 200 286 "-" "curl/8.0.1" 36 0.002 [cattle-system-rancher-80] [] 10.52.0.73:80 286 0.002 200 7c462d94d044cead5037371560f7b390
2024-08-06T07:13:33.519772680Z 10.52.3.0 - - [06/Aug/2024:07:13:33 +0000] "GET /version HTTP/2.0" 200 286 "-" "curl/8.0.1" 36 0.002 [cattle-system-rancher-80] [] 10.52.2.3:80 286 0.002 200 6d5b7d0163442131264758fcb6732191
2024-08-06T07:13:53.071990551Z 10.52.2.0 - - [06/Aug/2024:07:13:53 +0000] "GET /version HTTP/2.0" 200 286 "-" "curl/8.0.1" 36 0.003 [cattle-system-rancher-80] [] 10.52.1.5:80 286 0.003 200 06639c4eb769b0fd46976815215a3f56
2024-08-06T07:14:03.001908564Z 10.52.1.0 - - [06/Aug/2024:07:14:03 +0000] "GET /version HTTP/2.0" 200 286 "-" "curl/8.0.1" 36 0.002 [cattle-system-rancher-80] [] 10.52.0.73:80 286 0.002 200 db8db95400f711b5e31bdf03da5672ff
2024-08-06T07:14:26.361694471Z 10.10.110.11 - - [06/Aug/2024:07:14:26 +0000] "GET /version HTTP/2.0" 200 286 "-" "curl/8.0.1" 36 0.003 [cattle-system-rancher-80] [] 10.52.1.5:80 286 0.003 200 b09a417224197c19cd1cfebe1209d4cf
2024-08-06T07:14:33.519161090Z 10.52.3.0 - - [06/Aug/2024:07:14:33 +0000] "GET /version HTTP/2.0" 200 286 "-" "curl/8.0.1" 36 0.002 [cattle-system-rancher-80] [] 10.52.1.5:80 286 0.002 200 d17bb1e32f9240d66146abeaa58be9ea
2024-08-06T07:15:23.073468403Z 10.52.2.0 - - [06/Aug/2024:07:15:23 +0000] "GET /version HTTP/2.0" 200 286 "-" "curl/8.0.1" 36 0.002 [cattle-system-rancher-80] [] 10.52.0.73:80 286 0.002 200 da99696867b983126ec29bc12b90200c
2024-08-06T07:15:33.492414154Z 10.52.3.0 - - [06/Aug/2024:07:15:33 +0000] "GET /version HTTP/2.0" 200 286 "-" "curl/8.0.1" 36 0.003 [cattle-system-rancher-80] [] 10.52.1.5:80 286 0.002 200 3589db7bee142158908aa35d1b3860ba
2024-08-06T07:16:23.067282214Z 10.52.2.0 - - [06/Aug/2024:07:16:23 +0000] "GET /version HTTP/2.0" 200 286 "-" "curl/8.0.1" 36 0.002 [cattle-system-rancher-80] [] 10.52.1.5:80 286 0.003 200 5bf21715439b4004363b0c9392d32584
2024-08-06T07:16:33.501063760Z 10.52.3.0 - - [06/Aug/2024:07:16:33 +0000] "GET /version HTTP/2.0" 200 286 "-" "curl/8.0.1" 36 0.002 [cattle-system-rancher-80] [] 10.52.2.3:80 286 0.003 200 85855fd9b0a84b6243e17c1ea42e9e47
2024-08-06T07:16:56.355252865Z 10.10.110.11 - - [06/Aug/2024:07:16:56 +0000] "GET /version HTTP/2.0" 200 286 "-" "curl/8.0.1" 36 0.002 [cattle-system-rancher-80] [] 10.52.0.73:80 286 0.002 200 5b1746670f05ba40193a2ffb736110fe
2024-08-06T07:17:33.005253492Z 10.52.1.0 - - [06/Aug/2024:07:17:33 +0000] "GET /version HTTP/2.0" 200 286 "-" "curl/8.0.1" 36 0.002 [cattle-system-rancher-80] [] 10.52.2.3:80 286 0.003 200 43247766776898f9b89014eb6b31b93e
2024-08-06T07:17:33.486067258Z 10.52.3.0 - - [06/Aug/2024:07:17:33 +0000] "GET /version HTTP/2.0" 200 286 "-" "curl/8.0.1" 36 0.002 [cattle-system-rancher-80] [] 10.52.0.73:80 286 0.002 200 905c403b901f9c4579e9ac33934e7dad
2024-08-06T07:17:56.370520024Z 10.10.110.11 - - [06/Aug/2024:07:17:56 +0000] "GET /version HTTP/2.0" 200 286 "-" "curl/8.0.1" 36 0.003 [cattle-system-rancher-80] [] 10.52.1.5:80 286 0.002 200 d36a544e5e9f198757f6ac9c1ca4d76d
2024-08-06T07:18:02.982052868Z 10.52.1.0 - - [06/Aug/2024:07:18:02 +0000] "GET /version HTTP/2.0" 200 286 "-" "curl/8.0.1" 36 0.002 [cattle-system-rancher-80] [] 10.52.2.3:80 286 0.003 200 a9d40c91c66e4c60211bf8d27bccdea7
2024-08-06T07:18:03.506887075Z 10.52.3.0 - - [06/Aug/2024:07:18:03 +0000] "GET /version HTTP/2.0" 200 286 "-" "curl/8.0.1" 36 0.003 [cattle-system-rancher-80] [] 10.52.1.5:80 286 0.003 200 0c6a4d7b1c5d43f7908028b88771172c
2024-08-06T07:18:33.517365068Z 10.52.3.0 - - [06/Aug/2024:07:18:33 +0000] "GET /version HTTP/2.0" 200 286 "-" "curl/8.0.1" 36 0.002 [cattle-system-rancher-80] [] 10.52.1.5:80 286 0.002 200 ca6d200342e2743d36356adbfab472a8
2024-08-06T07:18:56.378773719Z 10.10.110.11 - - [06/Aug/2024:07:18:56 +0000] "GET /version HTTP/2.0" 200 286 "-" "curl/8.0.1" 36 0.003 [cattle-system-rancher-80] [] 10.52.1.5:80 286 0.003 200 d7e797def7978c2f31c00ce6e691b420
2024-08-06T07:19:12.334989238Z 10.10.110.11 - - [06/Aug/2024:07:19:12 +0000] "GET /v1/cluster.x-k8s.io.machines?limit=1 HTTP/1.1" 200 2538 "https://harvester.calgaryserver.ca/dashboard/c/local/explorer/apps.statefulset" "Mozilla/5.0 (Windows NT 10.0; Win64; x64) AppleWebKit/537.36 (KHTML, like Gecko) Chrome/127.0.0.0 Safari/537.36" 1174 0.010 [cattle-system-rancher-80] [] 10.52.0.73:80 2545 0.010 200 b3fffff439af881fe505c6a5b2bfa442
2024-08-06T07:19:48.339472184Z 10.10.110.11 - - [06/Aug/2024:07:19:48 +0000] "GET /v1/apps.deployments?limit=1 HTTP/1.1" 200 2846 "https://harvester.calgaryserver.ca/dashboard/c/local/explorer/apps.statefulset" "Mozilla/5.0 (Windows NT 10.0; Win64; x64) AppleWebKit/537.36 (KHTML, like Gecko) Chrome/127.0.0.0 Safari/537.36" 1165 0.011 [cattle-system-rancher-80] [] 10.52.2.3:80 2853 0.010 200 5c782c6917d734e2af6e853a94fd518b
2024-08-06T07:19:48.343107224Z 10.10.110.11 - - [06/Aug/2024:07:19:48 +0000] "GET /v1/apps.statefulsets?limit=1 HTTP/1.1" 200 2789 "https://harvester.calgaryserver.ca/dashboard/c/local/explorer/apps.statefulset" "Mozilla/5.0 (Windows NT 10.0; Win64; x64) AppleWebKit/537.36 (KHTML, like Gecko) Chrome/127.0.0.0 Safari/537.36" 1166 0.014 [cattle-system-rancher-80] [] 10.52.1.5:80 2796 0.015 200 289ff4259f202433bd597c37b0a209b5
2024-08-06T07:19:56.339731653Z 10.10.110.11 - - [06/Aug/2024:07:19:56 +0000] "GET /version HTTP/2.0" 200 286 "-" "curl/8.0.1" 36 0.003 [cattle-system-rancher-80] [] 10.52.2.3:80 286 0.003 200 e43ad6819cae211c1c232459228edd3b
2024-08-06T07:20:56.346380569Z 10.10.110.11 - - [06/Aug/2024:07:20:56 +0000] "GET /version HTTP/2.0" 200 286 "-" "curl/8.0.1" 36 0.003 [cattle-system-rancher-80] [] 10.52.2.3:80 286 0.002 200 3614bc1b7493f6e998910ef909b13476
2024-08-06T07:21:03.000938939Z 10.52.1.0 - - [06/Aug/2024:07:21:03 +0000] "GET /version HTTP/2.0" 200 286 "-" "curl/8.0.1" 36 0.003 [cattle-system-rancher-80] [] 10.52.2.3:80 286 0.003 200 2bfbf25f7b2e38ea87251bd395b3fecb
2024-08-06T07:21:26.358376436Z 10.10.110.11 - - [06/Aug/2024:07:21:26 +0000] "GET /version HTTP/2.0" 200 286 "-" "curl/8.0.1" 36 0.002 [cattle-system-rancher-80] [] 10.52.0.73:80 286 0.002 200 0130cc8515d576c538d7e97444fffc6d
2024-08-06T07:21:53.059316966Z 10.52.2.0 - - [06/Aug/2024:07:21:53 +0000] "GET /version HTTP/2.0" 200 286 "-" "curl/8.0.1" 36 0.002 [cattle-system-rancher-80] [] 10.52.2.3:80 286 0.002 200 947b0e01c56fb55fcd20b6210b587745
2024-08-06T07:22:03.500324580Z 10.52.3.0 - - [06/Aug/2024:07:22:03 +0000] "GET /version HTTP/2.0" 200 286 "-" "curl/8.0.1" 36 0.002 [cattle-system-rancher-80] [] 10.52.1.5:80 286 0.003 200 fec8cdbb867b6d563fb4c756a82bbf4a
2024-08-06T07:22:28.349334515Z 10.10.110.11 - - [06/Aug/2024:07:22:28 +0000] "GET /v1/harvester/devices.harvesterhci.io.pcidevices?limit=1 HTTP/1.1" 200 1002 "https://harvester.calgaryserver.ca/dashboard/harvester/c/local/support" "Mozilla/5.0 (Windows NT 10.0; Win64; x64) AppleWebKit/537.36 (KHTML, like Gecko) Chrome/127.0.0.0 Safari/537.36" 1185 0.012 [cattle-system-rancher-80] [] 10.52.2.3:80 1002 0.012 200 c11aa8638b29024117326fa4b0494cba
2024-08-06T07:22:28.350055241Z 10.10.110.11 - - [06/Aug/2024:07:22:28 +0000] "GET /v1/harvester/harvesterhci.io.settings?limit=1 HTTP/1.1" 200 685 "https://harvester.calgaryserver.ca/dashboard/harvester/c/local/support" "Mozilla/5.0 (Windows NT 10.0; Win64; x64) AppleWebKit/537.36 (KHTML, like Gecko) Chrome/127.0.0.0 Safari/537.36" 1175 0.013 [cattle-system-rancher-80] [] 10.52.2.3:80 685 0.012 200 5422f5ab393b21fef3027c71668d1b6b
2024-08-06T07:22:28.350787990Z 10.10.110.11 - - [06/Aug/2024:07:22:28 +0000] "GET /v1/harvester/devices.harvesterhci.io.vgpudevices?limit=1 HTTP/1.1" 200 986 "https://harvester.calgaryserver.ca/dashboard/harvester/c/local/support" "Mozilla/5.0 (Windows NT 10.0; Win64; x64) AppleWebKit/537.36 (KHTML, like Gecko) Chrome/127.0.0.0 Safari/537.36" 1186 0.012 [cattle-system-rancher-80] [] 10.52.0.73:80 986 0.012 200 4228eec68ec77a31d9896287452bf96d
2024-08-06T07:22:29.324334100Z 10.10.110.11 - - [06/Aug/2024:07:22:29 +0000] "GET /v1/management.cattle.io.fleetworkspaces?limit=1 HTTP/1.1" 200 616 "https://harvester.calgaryserver.ca/dashboard/harvester/c/local/support" "Mozilla/5.0 (Windows NT 10.0; Win64; x64) AppleWebKit/537.36 (KHTML, like Gecko) Chrome/127.0.0.0 Safari/537.36" 1177 0.007 [cattle-system-rancher-80] [] 10.52.2.3:80 616 0.006 200 a0e9e8c00542bda695c65183b909f2fd
2024-08-06T07:22:29.325989177Z 10.10.110.11 - - [06/Aug/2024:07:22:29 +0000] "GET /v1/namespaces?limit=1 HTTP/1.1" 200 1305 "https://harvester.calgaryserver.ca/dashboard/harvester/c/local/support" "Mozilla/5.0 (Windows NT 10.0; Win64; x64) AppleWebKit/537.36 (KHTML, like Gecko) Chrome/127.0.0.0 Safari/537.36" 1151 0.009 [cattle-system-rancher-80] [] 10.52.2.3:80 1305 0.009 200 de573f2d44e1c90648485f61d603d7c9
2024-08-06T07:22:30.330207129Z 10.10.110.11 - - [06/Aug/2024:07:22:30 +0000] "GET /v1/management.cattle.io.settings?limit=1 HTTP/1.1" 200 742 "https://harvester.calgaryserver.ca/dashboard/c/local/explorer/apps.statefulset" "Mozilla/5.0 (Windows NT 10.0; Win64; x64) AppleWebKit/537.36 (KHTML, like Gecko) Chrome/127.0.0.0 Safari/537.36" 1178 0.009 [cattle-system-rancher-80] [] 10.52.1.5:80 742 0.009 200 d4aac5aad66365e9313892d0777ac4f5
2024-08-06T07:22:30.331169884Z 10.10.110.11 - - [06/Aug/2024:07:22:30 +0000] "GET /v1/pods?limit=1 HTTP/1.1" 200 2664 "https://harvester.calgaryserver.ca/dashboard/c/local/explorer/apps.statefulset" "Mozilla/5.0 (Windows NT 10.0; Win64; x64) AppleWebKit/537.36 (KHTML, like Gecko) Chrome/127.0.0.0 Safari/537.36" 1153 0.008 [cattle-system-rancher-80] [] 10.52.1.5:80 2671 0.008 200 78fa5bf4833a0a5332746a89c1643460
2024-08-06T07:22:30.335313217Z 10.10.110.11 - - [06/Aug/2024:07:22:30 +0000] "GET /v1/catalog.cattle.io.apps?limit=1 HTTP/1.1" 200 2455 "https://harvester.calgaryserver.ca/dashboard/c/local/explorer/apps.statefulset" "Mozilla/5.0 (Windows NT 10.0; Win64; x64) AppleWebKit/537.36 (KHTML, like Gecko) Chrome/127.0.0.0 Safari/537.36" 1171 0.008 [cattle-system-rancher-80] [] 10.52.2.3:80 2462 0.009 200 433d413a5eadb548fd0d5978c1100e90
2024-08-06T07:23:23.083231977Z 10.52.2.0 - - [06/Aug/2024:07:23:23 +0000] "GET /version HTTP/2.0" 200 286 "-" "curl/8.0.1" 36 0.002 [cattle-system-rancher-80] [] 10.52.2.3:80 286 0.003 200 4875c93bd059bd06f447827aa66d72f0
2024-08-06T07:23:26.352753209Z 10.10.110.11 - - [06/Aug/2024:07:23:26 +0000] "GET /version HTTP/2.0" 200 286 "-" "curl/8.0.1" 36 0.003 [cattle-system-rancher-80] [] 10.52.2.3:80 286 0.003 200 ad7cb378958490586f272c4dc3a0fdb7
2024-08-06T07:23:33.521167645Z 10.52.3.0 - - [06/Aug/2024:07:23:33 +0000] "GET /version HTTP/2.0" 200 286 "-" "curl/8.0.1" 36 0.002 [cattle-system-rancher-80] [] 10.52.0.73:80 286 0.002 200 1ca5d35a230c4839553287aed2ab5084
2024-08-06T07:23:36.323830470Z 10.10.110.11 - - [06/Aug/2024:07:23:36 +0000] "GET /v1/harvesterhci.io.addons?limit=1 HTTP/1.1" 200 1733 "https://harvester.calgaryserver.ca/dashboard/c/local/explorer/apps.statefulset" "Mozilla/5.0 (Windows NT 10.0; Win64; x64) AppleWebKit/537.36 (KHTML, like Gecko) Chrome/127.0.0.0 Safari/537.36" 1171 0.009 [cattle-system-rancher-80] [] 10.52.0.73:80 1733 0.009 200 4715013790d2203e54ce33adfc4e9d0a
2024-08-06T07:23:37.316127004Z 10.10.110.11 - - [06/Aug/2024:07:23:37 +0000] "GET /v1/devices.harvesterhci.io.pcideviceclaims?limit=1 HTTP/1.1" 200 178 "https://harvester.calgaryserver.ca/dashboard/c/local/explorer/apps.statefulset" "Mozilla/5.0 (Windows NT 10.0; Win64; x64) AppleWebKit/537.36 (KHTML, like Gecko) Chrome/127.0.0.0 Safari/537.36" 1188 0.004 [cattle-system-rancher-80] [] 10.52.1.5:80 178 0.005 200 66f7729074a379df7aa5cd150c9bca0a
2024-08-06T07:24:51.321333437Z 10.10.110.11 - - [06/Aug/2024:07:24:51 +0000] "GET /v1/harvester/pods?limit=1 HTTP/1.1" 200 2664 "https://harvester.calgaryserver.ca/dashboard/harvester/c/local/support" "Mozilla/5.0 (Windows NT 10.0; Win64; x64) AppleWebKit/537.36 (KHTML, like Gecko) Chrome/127.0.0.0 Safari/537.36" 1155 0.011 [cattle-system-rancher-80] [] 10.52.0.73:80 2664 0.011 200 77a12697d8d0df891a15816d6c2ccb0c
2024-08-06T07:25:03.004853914Z 10.52.1.0 - - [06/Aug/2024:07:25:03 +0000] "GET /version HTTP/2.0" 200 286 "-" "curl/8.0.1" 36 0.002 [cattle-system-rancher-80] [] 10.52.1.5:80 286 0.003 200 7d6f9b7e70f832ce170430230ad2cf74
2024-08-06T07:25:56.344331885Z 10.10.110.11 - - [06/Aug/2024:07:25:56 +0000] "GET /version HTTP/2.0" 200 286 "-" "curl/8.0.1" 36 0.002 [cattle-system-rancher-80] [] 10.52.0.73:80 286 0.001 200 2bef861859ab80896456e52fa739ee37
2024-08-06T07:26:02.160894103Z 10.10.110.11 - - [06/Aug/2024:07:26:02 +0000] "GET /v1/subscribe?sockId=1 HTTP/1.1" 101 140683 "-" "Mozilla/5.0 (Windows NT 10.0; Win64; x64) AppleWebKit/537.36 (KHTML, like Gecko) Chrome/127.0.0.0 Safari/537.36" 1021 18560.150 [cattle-system-rancher-80] [] 10.52.2.3:80 0 18560.151 101 d9bc5659d87786312e5b2582019caa77
2024-08-06T07:26:23.088554588Z 10.52.2.0 - - [06/Aug/2024:07:26:23 +0000] "GET /version HTTP/2.0" 200 286 "-" "curl/8.0.1" 36 0.003 [cattle-system-rancher-80] [] 10.52.1.5:80 286 0.002 200 cfcac7450a6d94aa30d0818e711ba803
2024-08-06T07:27:23.077736812Z 10.52.2.0 - - [06/Aug/2024:07:27:23 +0000] "GET /version HTTP/2.0" 200 286 "-" "curl/8.0.1" 36 0.002 [cattle-system-rancher-80] [] 10.52.0.73:80 286 0.002 200 9432a9d296030f5af6b0a9557ecf966e
2024-08-06T07:28:03.471239047Z 10.52.3.0 - - [06/Aug/2024:07:28:03 +0000] "GET /version HTTP/2.0" 200 286 "-" "curl/8.0.1" 36 0.002 [cattle-system-rancher-80] [] 10.52.2.3:80 286 0.002 200 dda6790a4a31955c235e7a44117d6d22
2024-08-06T07:28:23.085762988Z 10.52.2.0 - - [06/Aug/2024:07:28:23 +0000] "GET /version HTTP/2.0" 200 286 "-" "curl/8.0.1" 36 0.002 [cattle-system-rancher-80] [] 10.52.0.73:80 286 0.002 200 3b33aeaa68c891eea899133f6096a514
2024-08-06T07:28:33.014182732Z 10.52.1.0 - - [06/Aug/2024:07:28:33 +0000] "GET /version HTTP/2.0" 200 286 "-" "curl/8.0.1" 36 0.002 [cattle-system-rancher-80] [] 10.52.0.73:80 286 0.002 200 a4cd0c8d96814d6f2a28b82a621d04a8
2024-08-06T07:29:03.523691339Z 10.52.3.0 - - [06/Aug/2024:07:29:03 +0000] "GET /version HTTP/2.0" 200 286 "-" "curl/8.0.1" 36 0.002 [cattle-system-rancher-80] [] 10.52.1.5:80 286 0.002 200 e254b68379e4556f406119b868ff36ce
2024-08-06T07:29:23.070740750Z 10.52.2.0 - - [06/Aug/2024:07:29:23 +0000] "GET /version HTTP/2.0" 200 286 "-" "curl/8.0.1" 36 0.002 [cattle-system-rancher-80] [] 10.52.0.73:80 286 0.002 200 17e81e17fe5503b6cc8b92e91831b812
2024-08-06T07:29:26.376987735Z 10.10.110.11 - - [06/Aug/2024:07:29:26 +0000] "GET /version HTTP/2.0" 200 286 "-" "curl/8.0.1" 36 0.002 [cattle-system-rancher-80] [] 10.52.1.5:80 286 0.003 200 63e9c4be0b8e7d7d72d4b51e8c3c7016
2024-08-06T07:29:33.524754761Z 10.52.3.0 - - [06/Aug/2024:07:29:33 +0000] "GET /version HTTP/2.0" 200 286 "-" "curl/8.0.1" 36 0.003 [cattle-system-rancher-80] [] 10.52.2.3:80 286 0.003 200 0ad8b910e518181c448024fab9469333
2024-08-06T07:30:03.511828480Z 10.52.3.0 - - [06/Aug/2024:07:30:03 +0000] "GET /version HTTP/2.0" 200 286 "-" "curl/8.0.1" 36 0.003 [cattle-system-rancher-80] [] 10.52.2.3:80 286 0.003 200 ddd098a9ff78c1d8c594f92170e9321e
2024-08-06T07:33:03.481964972Z 10.52.3.0 - - [06/Aug/2024:07:33:03 +0000] "GET /version HTTP/2.0" 200 286 "-" "curl/8.0.1" 36 0.002 [cattle-system-rancher-80] [] 10.52.0.73:80 286 0.002 200 869541b8a7b0e8795bbca41952b92814
2024-08-06T07:33:26.354687585Z 10.10.110.11 - - [06/Aug/2024:07:33:26 +0000] "GET /version HTTP/2.0" 200 286 "-" "curl/8.0.1" 36 0.003 [cattle-system-rancher-80] [] 10.52.1.5:80 286 0.002 200 f779582d3eee76aadc9e638f9aa2119b
2024-08-06T07:34:03.523156715Z 10.52.3.0 - - [06/Aug/2024:07:34:03 +0000] "GET /version HTTP/2.0" 200 286 "-" "curl/8.0.1" 36 0.001 [cattle-system-rancher-80] [] 10.52.0.73:80 286 0.002 200 1252263a785dea64b7d28fa8e3b7a055
2024-08-06T07:34:23.060054370Z 10.52.2.0 - - [06/Aug/2024:07:34:23 +0000] "GET /version HTTP/2.0" 200 286 "-" "curl/8.0.1" 36 0.003 [cattle-system-rancher-80] [] 10.52.1.5:80 286 0.002 200 26ffa16e7c326375108124e5fc6ca5b6
2024-08-06T07:34:33.019480097Z 10.52.1.0 - - [06/Aug/2024:07:34:33 +0000] "GET /version HTTP/2.0" 200 286 "-" "curl/8.0.1" 36 0.002 [cattle-system-rancher-80] [] 10.52.2.3:80 286 0.002 200 1465740a2627816bdf3ab3712f2998a0
2024-08-06T07:34:56.344351417Z 10.10.110.11 - - [06/Aug/2024:07:34:56 +0000] "GET /version HTTP/2.0" 200 286 "-" "curl/8.0.1" 36 0.003 [cattle-system-rancher-80] [] 10.52.1.5:80 286 0.003 200 839bfb23800aca25583e9eb574fb7bad
2024-08-06T07:35:02.995404291Z 10.52.1.0 - - [06/Aug/2024:07:35:02 +0000] "GET /version HTTP/2.0" 200 286 "-" "curl/8.0.1" 36 0.002 [cattle-system-rancher-80] [] 10.52.0.73:80 286 0.002 200 84a9fe5a1a7f895b9fdbdb37cffd89d9
2024-08-06T07:35:03.477416427Z 10.52.3.0 - - [06/Aug/2024:07:35:03 +0000] "GET /version HTTP/2.0" 200 286 "-" "curl/8.0.1" 36 0.003 [cattle-system-rancher-80] [] 10.52.2.3:80 286 0.002 200 fa4c5f9f71ee974420d66d2649fb4570
2024-08-06T07:35:23.067948692Z 10.52.2.0 - - [06/Aug/2024:07:35:23 +0000] "GET /version HTTP/2.0" 200 286 "-" "curl/8.0.1" 36 0.002 [cattle-system-rancher-80] [] 10.52.0.73:80 286 0.002 200 0a4de20d3e22d8b337baa8679d6b6254
2024-08-06T07:35:32.999674443Z 10.52.1.0 - - [06/Aug/2024:07:35:32 +0000] "GET /version HTTP/2.0" 200 286 "-" "curl/8.0.1" 36 0.003 [cattle-system-rancher-80] [] 10.52.1.5:80 286 0.002 200 0698c1efa220a8d9c6458642e3991d90
2024-08-06T07:36:26.364434439Z 10.10.110.11 - - [06/Aug/2024:07:36:26 +0000] "GET /version HTTP/2.0" 200 286 "-" "curl/8.0.1" 36 0.003 [cattle-system-rancher-80] [] 10.52.2.3:80 286 0.002 200 49e653898e4bdceaa0cfd3d01017f719
2024-08-06T07:37:03.006700513Z 10.52.1.0 - - [06/Aug/2024:07:37:03 +0000] "GET /version HTTP/2.0" 200 286 "-" "curl/8.0.1" 36 0.002 [cattle-system-rancher-80] [] 10.52.1.5:80 286 0.002 200 05c9fe0ed7ea6f40164053d2a5755616
2024-08-06T07:38:03.531775729Z 10.52.3.0 - - [06/Aug/2024:07:38:03 +0000] "GET /version HTTP/2.0" 200 286 "-" "curl/8.0.1" 36 0.003 [cattle-system-rancher-80] [] 10.52.2.3:80 286 0.003 200 2eaa3991aa59374e2e35ab94d6603629
2024-08-06T07:39:03.500918418Z 10.52.3.0 - - [06/Aug/2024:07:39:03 +0000] "GET /version HTTP/2.0" 200 286 "-" "curl/8.0.1" 36 0.002 [cattle-system-rancher-80] [] 10.52.2.3:80 286 0.003 200 107ea675d833154bd11fe61546ce83ff
2024-08-06T07:39:33.000265435Z 10.52.1.0 - - [06/Aug/2024:07:39:32 +0000] "GET /version HTTP/2.0" 200 286 "-" "curl/8.0.1" 36 0.001 [cattle-system-rancher-80] [] 10.52.0.73:80 286 0.002 200 c61a6c16da7b96e08a6a08f3133ec05d
2024-08-06T07:39:33.494048452Z 10.52.3.0 - - [06/Aug/2024:07:39:33 +0000] "GET /version HTTP/2.0" 200 286 "-" "curl/8.0.1" 36 0.003 [cattle-system-rancher-80] [] 10.52.2.3:80 286 0.003 200 306f0f69d60db5275932c95e99e46130
2024-08-06T07:40:56.366742128Z 10.10.110.11 - - [06/Aug/2024:07:40:56 +0000] "GET /version HTTP/2.0" 200 286 "-" "curl/8.0.1" 36 0.002 [cattle-system-rancher-80] [] 10.52.0.73:80 286 0.002 200 ffc1e0b81fe23cc16a19cdc18faedffd
2024-08-06T07:41:32.993339654Z 10.52.1.0 - - [06/Aug/2024:07:41:32 +0000] "GET /version HTTP/2.0" 200 286 "-" "curl/8.0.1" 36 0.002 [cattle-system-rancher-80] [] 10.52.2.3:80 286 0.002 200 e8fa6369f782bd767096ba4185cad491
2024-08-06T07:41:33.477590792Z 10.52.3.0 - - [06/Aug/2024:07:41:33 +0000] "GET /version HTTP/2.0" 200 286 "-" "curl/8.0.1" 36 0.003 [cattle-system-rancher-80] [] 10.52.2.3:80 286 0.002 200 04859de933df8c68db745822e70eb371
2024-08-06T07:41:56.357479459Z 10.10.110.11 - - [06/Aug/2024:07:41:56 +0000] "GET /version HTTP/2.0" 200 286 "-" "curl/8.0.1" 36 0.003 [cattle-system-rancher-80] [] 10.52.1.5:80 286 0.002 200 62ce1dc4ec1f579a78c8f30ee5158186
2024-08-06T07:42:02.995287112Z 10.52.1.0 - - [06/Aug/2024:07:42:02 +0000] "GET /version HTTP/2.0" 200 286 "-" "curl/8.0.1" 36 0.002 [cattle-system-rancher-80] [] 10.52.2.3:80 286 0.002 200 cf84b507f8eb9cfa1504f128e7b56643
2024-08-06T07:42:26.369819835Z 10.10.110.11 - - [06/Aug/2024:07:42:26 +0000] "GET /version HTTP/2.0" 200 286 "-" "curl/8.0.1" 36 0.002 [cattle-system-rancher-80] [] 10.52.0.73:80 286 0.003 200 5a4130b01f54ebb1debd581117fdc4e3
2024-08-06T07:42:32.994512278Z 10.52.1.0 - - [06/Aug/2024:07:42:32 +0000] "GET /version HTTP/2.0" 200 286 "-" "curl/8.0.1" 36 0.002 [cattle-system-rancher-80] [] 10.52.0.73:80 286 0.001 200 dbad241f03101aa63946d3985cf516ef
2024-08-06T07:42:33.495747730Z 10.52.3.0 - - [06/Aug/2024:07:42:33 +0000] "GET /version HTTP/2.0" 200 286 "-" "curl/8.0.1" 36 0.003 [cattle-system-rancher-80] [] 10.52.1.5:80 286 0.002 200 634f5dea6f850429bcc6c22eaf8bcd54
2024-08-06T07:43:33.496014410Z 10.52.3.0 - - [06/Aug/2024:07:43:33 +0000] "GET /version HTTP/2.0" 200 286 "-" "curl/8.0.1" 36 0.002 [cattle-system-rancher-80] [] 10.52.0.73:80 286 0.002 200 16c7e66b9ffe79f93c4cd544edddda3e
2024-08-06T07:43:53.053904473Z 10.52.2.0 - - [06/Aug/2024:07:43:53 +0000] "GET /version HTTP/2.0" 200 286 "-" "curl/8.0.1" 36 0.003 [cattle-system-rancher-80] [] 10.52.1.5:80 286 0.003 200 6c4e338b5855c2ba16a2521a8a05e08c
2024-08-06T07:44:03.504277102Z 10.52.3.0 - - [06/Aug/2024:07:44:03 +0000] "GET /version HTTP/2.0" 200 286 "-" "curl/8.0.1" 36 0.002 [cattle-system-rancher-80] [] 10.52.0.73:80 286 0.002 200 e1ffdb61bb62bd36c3df7edca8ebdf1e
2024-08-06T07:44:33.006929435Z 10.52.1.0 - - [06/Aug/2024:07:44:33 +0000] "GET /version HTTP/2.0" 200 286 "-" "curl/8.0.1" 36 0.003 [cattle-system-rancher-80] [] 10.52.2.3:80 286 0.003 200 11d08840d9b41fa77a94ec274da66fad
2024-08-06T07:44:33.528101969Z 10.52.3.0 - - [06/Aug/2024:07:44:33 +0000] "GET /version HTTP/2.0" 200 286 "-" "curl/8.0.1" 36 0.002 [cattle-system-rancher-80] [] 10.52.0.73:80 286 0.002 200 ee02d949be76b5700a4f8164aa444d77
2024-08-06T07:45:03.008120150Z 10.52.1.0 - - [06/Aug/2024:07:45:03 +0000] "GET /version HTTP/2.0" 200 286 "-" "curl/8.0.1" 36 0.002 [cattle-system-rancher-80] [] 10.52.0.73:80 286 0.002 200 d9d967be398d5996b017012688dc7c27
2024-08-06T07:45:53.074440978Z 10.52.2.0 - - [06/Aug/2024:07:45:53 +0000] "GET /version HTTP/2.0" 200 286 "-" "curl/8.0.1" 36 0.003 [cattle-system-rancher-80] [] 10.52.1.5:80 286 0.002 200 0f00ffae598d90db7e32ab3a442c86cf
2024-08-06T07:46:03.488093866Z 10.52.3.0 - - [06/Aug/2024:07:46:03 +0000] "GET /version HTTP/2.0" 200 286 "-" "curl/8.0.1" 36 0.002 [cattle-system-rancher-80] [] 10.52.2.3:80 286 0.003 200 9b54f31feddc507dd9b81229001167b8
2024-08-06T07:46:33.000164247Z 10.52.1.0 - - [06/Aug/2024:07:46:32 +0000] "GET /version HTTP/2.0" 200 286 "-" "curl/8.0.1" 36 0.002 [cattle-system-rancher-80] [] 10.52.0.73:80 286 0.002 200 2a2e162408feb835ad0c9569da3e6479
2024-08-06T07:47:03.016986346Z 10.52.1.0 - - [06/Aug/2024:07:47:03 +0000] "GET /version HTTP/2.0" 200 286 "-" "curl/8.0.1" 36 0.002 [cattle-system-rancher-80] [] 10.52.1.5:80 286 0.003 200 92959d9be55abee48967f83bc172a3f5
2024-08-06T07:47:53.058594524Z 10.52.2.0 - - [06/Aug/2024:07:47:53 +0000] "GET /version HTTP/2.0" 200 286 "-" "curl/8.0.1" 36 0.003 [cattle-system-rancher-80] [] 10.52.1.5:80 286 0.002 200 9868b3389a7b8739f8e11e8e243059c9
2024-08-06T07:48:03.505072049Z 10.52.3.0 - - [06/Aug/2024:07:48:03 +0000] "GET /version HTTP/2.0" 200 286 "-" "curl/8.0.1" 36 0.002 [cattle-system-rancher-80] [] 10.52.1.5:80 286 0.003 200 75a18e1fe690e98dfb69fffa91a2816d
2024-08-06T07:48:33.494867532Z 10.52.3.0 - - [06/Aug/2024:07:48:33 +0000] "GET /version HTTP/2.0" 200 286 "-" "curl/8.0.1" 36 0.002 [cattle-system-rancher-80] [] 10.52.1.5:80 286 0.003 200 e194d2cc88a61cef6e62f5c60948bb52
2024-08-06T07:49:03.015446113Z 10.52.1.0 - - [06/Aug/2024:07:49:03 +0000] "GET /version HTTP/2.0" 200 286 "-" "curl/8.0.1" 36 0.002 [cattle-system-rancher-80] [] 10.52.2.3:80 286 0.002 200 1faeeac18f7066676027f868ab1d245b
2024-08-06T07:49:26.346189882Z 10.10.110.11 - - [06/Aug/2024:07:49:26 +0000] "GET /version HTTP/2.0" 200 286 "-" "curl/8.0.1" 36 0.002 [cattle-system-rancher-80] [] 10.52.2.3:80 286 0.003 200 b3be8902155a22e41bfac30629cb6d9f
2024-08-06T07:49:33.509320302Z 10.52.3.0 - - [06/Aug/2024:07:49:33 +0000] "GET /version HTTP/2.0" 200 286 "-" "curl/8.0.1" 36 0.003 [cattle-system-rancher-80] [] 10.52.2.3:80 286 0.002 200 3b98599949413f1ec676ec8f209c0ae8
2024-08-06T07:49:53.069622543Z 10.52.2.0 - - [06/Aug/2024:07:49:53 +0000] "GET /version HTTP/2.0" 200 286 "-" "curl/8.0.1" 36 0.003 [cattle-system-rancher-80] [] 10.52.1.5:80 286 0.002 200 f62a76412aefe92850cf88403881e7de
2024-08-06T07:51:03.498242879Z 10.52.3.0 - - [06/Aug/2024:07:51:03 +0000] "GET /version HTTP/2.0" 200 286 "-" "curl/8.0.1" 36 0.002 [cattle-system-rancher-80] [] 10.52.2.3:80 286 0.002 200 9f5440351e8230c3362a87ea3dd0ffd1
2024-08-06T07:51:53.060010524Z 10.52.2.0 - - [06/Aug/2024:07:51:53 +0000] "GET /version HTTP/2.0" 200 286 "-" "curl/8.0.1" 36 0.002 [cattle-system-rancher-80] [] 10.52.0.73:80 286 0.002 200 cbb7548eba4c4f21fdee6eb03cc3e240
2024-08-06T07:51:56.370590044Z 10.10.110.11 - - [06/Aug/2024:07:51:56 +0000] "GET /version HTTP/2.0" 200 286 "-" "curl/8.0.1" 36 0.003 [cattle-system-rancher-80] [] 10.52.2.3:80 286 0.002 200 d157136a1e3d9dc52047a031996845e2
2024-08-06T07:53:33.016895426Z 10.52.1.0 - - [06/Aug/2024:07:53:33 +0000] "GET /version HTTP/2.0" 200 286 "-" "curl/8.0.1" 36 0.002 [cattle-system-rancher-80] [] 10.52.1.5:80 286 0.003 200 cf2dcfbd9dd2c3ca7b32bf923541c726
2024-08-06T07:53:56.335470100Z 10.10.110.11 - - [06/Aug/2024:07:53:56 +0000] "GET /version HTTP/2.0" 200 286 "-" "curl/8.0.1" 36 0.002 [cattle-system-rancher-80] [] 10.52.2.3:80 286 0.003 200 bb78644844eadb5dd3498ce1359a3cf3
2024-08-06T07:54:02.988563177Z 10.52.1.0 - - [06/Aug/2024:07:54:02 +0000] "GET /version HTTP/2.0" 200 286 "-" "curl/8.0.1" 36 0.002 [cattle-system-rancher-80] [] 10.52.0.73:80 286 0.002 200 808c1efdc8b1aa39e3cfe88df6d529d5
2024-08-06T07:54:26.368571849Z 10.10.110.11 - - [06/Aug/2024:07:54:26 +0000] "GET /version HTTP/2.0" 200 286 "-" "curl/8.0.1" 36 0.003 [cattle-system-rancher-80] [] 10.52.1.5:80 286 0.002 200 f883a39ee97b92bf87ebe8eabf1b223e
2024-08-06T07:54:53.068166592Z 10.52.2.0 - - [06/Aug/2024:07:54:53 +0000] "GET /version HTTP/2.0" 200 286 "-" "curl/8.0.1" 36 0.002 [cattle-system-rancher-80] [] 10.52.1.5:80 286 0.003 200 1ad175dc272f1020f3ff3204a178ef90
2024-08-06T07:54:56.377603233Z 10.10.110.11 - - [06/Aug/2024:07:54:56 +0000] "GET /version HTTP/2.0" 200 286 "-" "curl/8.0.1" 36 0.003 [cattle-system-rancher-80] [] 10.52.1.5:80 286 0.002 200 a83b807ab6ff084c8fe3c60f33f8508f
2024-08-06T07:55:03.508607627Z 10.52.3.0 - - [06/Aug/2024:07:55:03 +0000] "GET /version HTTP/2.0" 200 286 "-" "curl/8.0.1" 36 0.003 [cattle-system-rancher-80] [] 10.52.0.73:80 286 0.002 200 12ea316b483f08f99df63a92f2a40b63
2024-08-06T07:55:26.349223400Z 10.10.110.11 - - [06/Aug/2024:07:55:26 +0000] "GET /version HTTP/2.0" 200 286 "-" "curl/8.0.1" 36 0.002 [cattle-system-rancher-80] [] 10.52.1.5:80 286 0.002 200 8c482777e08fad2068664d0f461afd55
2024-08-06T07:55:53.049458015Z 10.52.2.0 - - [06/Aug/2024:07:55:53 +0000] "GET /version HTTP/2.0" 200 286 "-" "curl/8.0.1" 36 0.002 [cattle-system-rancher-80] [] 10.52.0.73:80 286 0.002 200 74b3c9c36993f37b7908e92ef75c56cd
2024-08-06T07:55:56.340681212Z 10.10.110.11 - - [06/Aug/2024:07:55:56 +0000] "GET /version HTTP/2.0" 200 286 "-" "curl/8.0.1" 36 0.003 [cattle-system-rancher-80] [] 10.52.1.5:80 286 0.003 200 020a5101e953ab68f45a3ae9b9f872e3
2024-08-06T07:56:23.052162558Z 10.52.2.0 - - [06/Aug/2024:07:56:23 +0000] "GET /version HTTP/2.0" 200 286 "-" "curl/8.0.1" 36 0.001 [cattle-system-rancher-80] [] 10.52.0.73:80 286 0.002 200 0d544c2e5a88245174f5cd2d38e4fc4c
2024-08-06T07:57:01.147567945Z 10.10.110.11 - - [06/Aug/2024:07:57:01 +0000] "GET /v1/management.cattle.io.features?limit=1 HTTP/1.1" 200 797 "https://harvester.calgaryserver.ca/dashboard/harvester/c/local/support" "Mozilla/5.0 (Windows NT 10.0; Win64; x64) AppleWebKit/537.36 (KHTML, like Gecko) Chrome/127.0.0.0 Safari/537.36" 1170 0.009 [cattle-system-rancher-80] [] 10.52.2.3:80 797 0.008 200 d86f7841e52a7725697975b0ce199f3f
2024-08-06T07:57:01.150572701Z 10.10.110.11 - - [06/Aug/2024:07:57:01 +0000] "GET /v1/catalog.cattle.io.apps?limit=1 HTTP/1.1" 200 2451 "https://harvester.calgaryserver.ca/dashboard/harvester/c/local/support" "Mozilla/5.0 (Windows NT 10.0; Win64; x64) AppleWebKit/537.36 (KHTML, like Gecko) Chrome/127.0.0.0 Safari/537.36" 1163 0.012 [cattle-system-rancher-80] [] 10.52.1.5:80 2458 0.012 200 8f72f5ed64ee51b89c11d05f4783ad66
2024-08-06T07:57:01.370499941Z 10.10.110.11 - - [06/Aug/2024:07:57:01 +0000] "GET /v1/harvester/harvesterhci.io.upgrades?limit=1 HTTP/1.1" 200 172 "https://harvester.calgaryserver.ca/dashboard/harvester/c/local/support" "Mozilla/5.0 (Windows NT 10.0; Win64; x64) AppleWebKit/537.36 (KHTML, like Gecko) Chrome/127.0.0.0 Safari/537.36" 1175 0.006 [cattle-system-rancher-80] [] 10.52.2.3:80 172 0.006 200 1933b428ed4e3ae2def23172621faeaa
2024-08-06T07:57:01.382745525Z 10.10.110.11 - - [06/Aug/2024:07:57:01 +0000] "GET /v1/harvester/harvesterhci.io.virtualmachineimages?limit=1 HTTP/1.1" 200 1018 "https://harvester.calgaryserver.ca/dashboard/harvester/c/local/support" "Mozilla/5.0 (Windows NT 10.0; Win64; x64) AppleWebKit/537.36 (KHTML, like Gecko) Chrome/127.0.0.0 Safari/537.36" 1187 0.005 [cattle-system-rancher-80] [] 10.52.2.3:80 1018 0.005 200 c65084147aa519a4b13f59f2fc76181d
2024-08-06T07:57:01.383668064Z 10.10.110.11 - - [06/Aug/2024:07:57:01 +0000] "GET /v1/harvester/network.harvesterhci.io.clusternetworks?limit=1 HTTP/1.1" 200 594 "https://harvester.calgaryserver.ca/dashboard/harvester/c/local/support" "Mozilla/5.0 (Windows NT 10.0; Win64; x64) AppleWebKit/537.36 (KHTML, like Gecko) Chrome/127.0.0.0 Safari/537.36" 1190 0.006 [cattle-system-rancher-80] [] 10.52.1.5:80 594 0.006 200 dcd93f35b2b3aa6cebc922fe52362619
2024-08-06T07:57:01.383795716Z 10.10.110.11 - - [06/Aug/2024:07:57:01 +0000] "GET /v1/harvester/devices.harvesterhci.io.sriovnetworkdevices?limit=1 HTTP/1.1" 200 623 "https://harvester.calgaryserver.ca/dashboard/harvester/c/local/support" "Mozilla/5.0 (Windows NT 10.0; Win64; x64) AppleWebKit/537.36 (KHTML, like Gecko) Chrome/127.0.0.0 Safari/537.36" 1194 0.005 [cattle-system-rancher-80] [] 10.52.0.73:80 623 0.005 200 1338a33f33a4e2b289e4e132f5e27327
2024-08-06T07:57:01.386658273Z 10.10.110.11 - - [06/Aug/2024:07:57:01 +0000] "GET /v1/harvester/harvesterhci.io.settings?limit=1 HTTP/1.1" 200 686 "https://harvester.calgaryserver.ca/dashboard/harvester/c/local/support" "Mozilla/5.0 (Windows NT 10.0; Win64; x64) AppleWebKit/537.36 (KHTML, like Gecko) Chrome/127.0.0.0 Safari/537.36" 1175 0.007 [cattle-system-rancher-80] [] 10.52.1.5:80 686 0.007 200 731cd56282544a820a1afa2a425704af
2024-08-06T07:57:01.387865101Z 10.10.110.11 - - [06/Aug/2024:07:57:01 +0000] "GET /v1/harvester/longhorn.io.nodes?limit=1 HTTP/1.1" 200 2016 "https://harvester.calgaryserver.ca/dashboard/harvester/c/local/support" "Mozilla/5.0 (Windows NT 10.0; Win64; x64) AppleWebKit/537.36 (KHTML, like Gecko) Chrome/127.0.0.0 Safari/537.36" 1168 0.009 [cattle-system-rancher-80] [] 10.52.0.73:80 2016 0.009 200 a201f39bdb2d891ed51879f0398ba074
2024-08-06T07:57:01.389493007Z 10.10.110.11 - - [06/Aug/2024:07:57:01 +0000] "GET /v1/harvester/kubevirt.io.virtualmachineinstances?limit=1 HTTP/1.1" 200 2344 "https://harvester.calgaryserver.ca/dashboard/harvester/c/local/support" "Mozilla/5.0 (Windows NT 10.0; Win64; x64) AppleWebKit/537.36 (KHTML, like Gecko) Chrome/127.0.0.0 Safari/537.36" 1186 0.009 [cattle-system-rancher-80] [] 10.52.0.73:80 2344 0.010 200 1ab0ac4de2ad27e7b054f4a616f3d080
2024-08-06T07:57:03.526656160Z 10.52.3.0 - - [06/Aug/2024:07:57:03 +0000] "GET /version HTTP/2.0" 200 286 "-" "curl/8.0.1" 36 0.002 [cattle-system-rancher-80] [] 10.52.0.73:80 286 0.002 200 22f30d7bc4dbc00f6db1c6b2c46528d2
2024-08-06T07:57:03.553616220Z 10.10.110.11 - - [06/Aug/2024:07:57:03 +0000] "GET /v1/ui.cattle.io.navlinks?limit=1 HTTP/1.1" 200 166 "https://harvester.calgaryserver.ca/dashboard/c/local/explorer/apps.statefulset" "Mozilla/5.0 (Windows NT 10.0; Win64; x64) AppleWebKit/537.36 (KHTML, like Gecko) Chrome/127.0.0.0 Safari/537.36" 1170 0.005 [cattle-system-rancher-80] [] 10.52.2.3:80 166 0.005 200 bd241c4ebe8116dc259cda1c7d92455c
2024-08-06T07:57:03.557709961Z 10.10.110.11 - - [06/Aug/2024:07:57:03 +0000] "GET /v1/services?limit=1 HTTP/1.1" 200 1173 "https://harvester.calgaryserver.ca/dashboard/c/local/explorer/apps.statefulset" "Mozilla/5.0 (Windows NT 10.0; Win64; x64) AppleWebKit/537.36 (KHTML, like Gecko) Chrome/127.0.0.0 Safari/537.36" 1157 0.009 [cattle-system-rancher-80] [] 10.52.0.73:80 1173 0.009 200 d31bfe0713731385cc6e0bb2989581a1
2024-08-06T07:57:03.559220956Z 10.10.110.11 - - [06/Aug/2024:07:57:03 +0000] "GET /v1/catalog.cattle.io.apps?limit=1 HTTP/1.1" 200 2452 "https://harvester.calgaryserver.ca/dashboard/c/local/explorer/apps.statefulset" "Mozilla/5.0 (Windows NT 10.0; Win64; x64) AppleWebKit/537.36 (KHTML, like Gecko) Chrome/127.0.0.0 Safari/537.36" 1171 0.014 [cattle-system-rancher-80] [] 10.52.0.73:80 2459 0.013 200 a6a8d760c3c4b63836dd7a57a8f3057b
2024-08-06T07:57:03.559260110Z 10.10.110.11 - - [06/Aug/2024:07:57:03 +0000] "GET /v1/devices.harvesterhci.io.vgpudevices?limit=1 HTTP/1.1" 200 990 "https://harvester.calgaryserver.ca/dashboard/c/local/explorer/apps.statefulset" "Mozilla/5.0 (Windows NT 10.0; Win64; x64) AppleWebKit/537.36 (KHTML, like Gecko) Chrome/127.0.0.0 Safari/537.36" 1184 0.010 [cattle-system-rancher-80] [] 10.52.2.3:80 990 0.009 200 c9ca9a8e169361f26c030b12408c0887
2024-08-06T07:57:03.561908250Z 10.10.110.11 - - [06/Aug/2024:07:57:03 +0000] "GET /v1/apps.daemonsets?limit=1 HTTP/1.1" 200 3449 "https://harvester.calgaryserver.ca/dashboard/c/local/explorer/apps.statefulset" "Mozilla/5.0 (Windows NT 10.0; Win64; x64) AppleWebKit/537.36 (KHTML, like Gecko) Chrome/127.0.0.0 Safari/537.36" 1164 0.011 [cattle-system-rancher-80] [] 10.52.2.3:80 3456 0.011 200 0e35180b849ccc1c31b927a817e3bc4f
2024-08-06T07:57:04.540145801Z 10.10.110.11 - - [06/Aug/2024:07:57:04 +0000] "GET /v1/management.cattle.io.clusters?limit=1 HTTP/1.1" 200 1363 "https://harvester.calgaryserver.ca/dashboard/c/local/explorer/apps.statefulset" "Mozilla/5.0 (Windows NT 10.0; Win64; x64) AppleWebKit/537.36 (KHTML, like Gecko) Chrome/127.0.0.0 Safari/537.36" 1178 0.009 [cattle-system-rancher-80] [] 10.52.2.3:80 1363 0.009 200 bebe0b3d9f58c1886a3070be7f2ae62a
2024-08-06T07:57:04.541969669Z 10.10.110.11 - - [06/Aug/2024:07:57:04 +0000] "GET /v1/management.cattle.io.settings?limit=1 HTTP/1.1" 200 744 "https://harvester.calgaryserver.ca/dashboard/c/local/explorer/apps.statefulset" "Mozilla/5.0 (Windows NT 10.0; Win64; x64) AppleWebKit/537.36 (KHTML, like Gecko) Chrome/127.0.0.0 Safari/537.36" 1178 0.008 [cattle-system-rancher-80] [] 10.52.2.3:80 744 0.009 200 c198eeff084b6d802df8a8eefd75dcba
2024-08-06T07:57:23.050310010Z 10.52.2.0 - - [06/Aug/2024:07:57:23 +0000] "GET /version HTTP/2.0" 200 286 "-" "curl/8.0.1" 36 0.002 [cattle-system-rancher-80] [] 10.52.2.3:80 286 0.002 200 877fac91f22ffa310902ca5f7e0aea49
2024-08-06T07:57:26.339726162Z 10.10.110.11 - - [06/Aug/2024:07:57:26 +0000] "GET /version HTTP/2.0" 200 286 "-" "curl/8.0.1" 36 0.003 [cattle-system-rancher-80] [] 10.52.1.5:80 286 0.003 200 8660d110fd58240c56e0d7e6f1167517
