2024-08-06T02:16:11.616302468Z -------------------------------------------------------------------------------
2024-08-06T02:16:11.616339981Z NGINX Ingress controller
2024-08-06T02:16:11.616346483Z   Release:       nginx-1.9.6-hardened1
2024-08-06T02:16:11.616352936Z   Build:         git-05efe494a
2024-08-06T02:16:11.616358166Z   Repository:    https://github.com/rancher/ingress-nginx.git
2024-08-06T02:16:11.616363095Z   nginx version: nginx/1.21.4
2024-08-06T02:16:11.616367744Z 
2024-08-06T02:16:11.616372874Z -------------------------------------------------------------------------------
2024-08-06T02:16:11.616377904Z 
2024-08-06T02:16:11.619491852Z W0806 02:16:11.619149       7 client_config.go:618] Neither --kubeconfig nor --master was specified.  Using the inClusterConfig.  This might not work.
2024-08-06T02:16:11.619705953Z I0806 02:16:11.619588       7 main.go:205] "Creating API client" host="https://10.53.0.1:443"
2024-08-06T02:16:11.633338860Z I0806 02:16:11.633135       7 main.go:249] "Running in Kubernetes cluster" major="1" minor="27" git="v1.27.13+rke2r1" state="clean" commit="96b450c75ae3c48037f651b4777646dcca855ed0" platform="linux/amd64"
2024-08-06T02:16:11.719199484Z I0806 02:16:11.719070       7 main.go:101] "SSL fake certificate created" file="/etc/ingress-controller/ssl/default-fake-certificate.pem"
2024-08-06T02:16:11.748945547Z I0806 02:16:11.748784       7 ssl.go:536] "loading tls certificate" path="/usr/local/certificates/cert" key="/usr/local/certificates/key"
2024-08-06T02:16:11.760816986Z I0806 02:16:11.760616       7 nginx.go:265] "Starting NGINX Ingress controller"
2024-08-06T02:16:11.813785788Z I0806 02:16:11.813611       7 backend_ssl.go:67] "Adding secret to local store" name="cattle-system/tls-rancher-internal"
2024-08-06T02:16:11.900646294Z I0806 02:16:11.900450       7 event.go:298] Event(v1.ObjectReference{Kind:"ConfigMap", Namespace:"kube-system", Name:"rke2-ingress-nginx-controller", UID:"d9bd86bc-2776-4009-8f61-7a147ea38f06", APIVersion:"v1", ResourceVersion:"2613", FieldPath:""}): type: 'Normal' reason: 'CREATE' ConfigMap kube-system/rke2-ingress-nginx-controller
2024-08-06T02:16:12.963925562Z I0806 02:16:12.963747       7 store.go:440] "Found valid IngressClass" ingress="cattle-system/rancher-expose" ingressclass="_"
2024-08-06T02:16:12.964374085Z I0806 02:16:12.964195       7 event.go:298] Event(v1.ObjectReference{Kind:"Ingress", Namespace:"cattle-system", Name:"rancher-expose", UID:"c41678ee-82f6-41b3-a551-3060694a426a", APIVersion:"networking.k8s.io/v1", ResourceVersion:"28236", FieldPath:""}): type: 'Normal' reason: 'Sync' Scheduled for sync
2024-08-06T02:16:13.061859368Z I0806 02:16:13.061751       7 nginx.go:308] "Starting NGINX process"
2024-08-06T02:16:13.062053973Z I0806 02:16:13.061964       7 leaderelection.go:245] attempting to acquire leader lease kube-system/rke2-ingress-nginx-leader...
2024-08-06T02:16:13.062477299Z I0806 02:16:13.062402       7 nginx.go:328] "Starting validation webhook" address=":8444" certPath="/usr/local/certificates/cert" keyPath="/usr/local/certificates/key"
2024-08-06T02:16:13.063006598Z I0806 02:16:13.062860       7 controller.go:190] "Configuration changes detected, backend reload required"
2024-08-06T02:16:13.064448497Z I0806 02:16:13.064340       7 status.go:84] "New leader elected" identity="rke2-ingress-nginx-controller-ddpjc"
2024-08-06T02:16:13.115551220Z I0806 02:16:13.115284       7 controller.go:210] "Backend successfully reloaded"
2024-08-06T02:16:13.115579685Z I0806 02:16:13.115349       7 controller.go:221] "Initial sync, sleeping for 1 second"
2024-08-06T02:16:13.115622778Z I0806 02:16:13.115506       7 event.go:298] Event(v1.ObjectReference{Kind:"Pod", Namespace:"kube-system", Name:"rke2-ingress-nginx-controller-kvsmb", UID:"ffbf40cd-a5d9-4337-ace0-26af794b6339", APIVersion:"v1", ResourceVersion:"30150", FieldPath:""}): type: 'Normal' reason: 'RELOAD' NGINX reload triggered due to a change in configuration
2024-08-06T02:16:33.814362906Z I0806 02:16:33.814125       7 event.go:298] Event(v1.ObjectReference{Kind:"Ingress", Namespace:"cattle-system", Name:"rancher-expose", UID:"c41678ee-82f6-41b3-a551-3060694a426a", APIVersion:"networking.k8s.io/v1", ResourceVersion:"30973", FieldPath:""}): type: 'Normal' reason: 'Sync' Scheduled for sync
2024-08-06T02:16:41.941067591Z 10.52.0.0 - - [06/Aug/2024:02:16:41 +0000] "GET /v3/users?me=true HTTP/1.1" 200 2238 "https://harvester.calgaryserver.ca/dashboard/c/local/explorer/apps.daemonset/harvester-system/nvidia-driver-runtime" "Mozilla/5.0 (Windows NT 10.0; Win64; x64) AppleWebKit/537.36 (KHTML, like Gecko) Chrome/127.0.0.0 Safari/537.36" 1191 0.006 [cattle-system-rancher-80] [] 10.52.1.5:80 2238 0.007 200 dfb8f5ab736d9a5cb3c2f1791d87bc45
2024-08-06T02:16:42.025779823Z 10.52.0.0 - - [06/Aug/2024:02:16:42 +0000] "GET /v1/userpreferences HTTP/1.1" 200 327 "https://harvester.calgaryserver.ca/dashboard/c/local/explorer/apps.daemonset/harvester-system/nvidia-driver-runtime" "Mozilla/5.0 (Windows NT 10.0; Win64; x64) AppleWebKit/537.36 (KHTML, like Gecko) Chrome/127.0.0.0 Safari/537.36" 1193 0.007 [cattle-system-rancher-80] [] 10.52.0.73:80 327 0.007 200 6065db761fba35eed0b2d3f561e5f325
2024-08-06T02:16:42.053945890Z 10.52.0.0 - - [06/Aug/2024:02:16:42 +0000] "PUT /v1/userpreferences/user-r42jm HTTP/1.1" 200 285 "https://harvester.calgaryserver.ca/dashboard/c/local/explorer/apps.daemonset/harvester-system/nvidia-driver-runtime" "Mozilla/5.0 (Windows NT 10.0; Win64; x64) AppleWebKit/537.36 (KHTML, like Gecko) Chrome/127.0.0.0 Safari/537.36" 1905 0.006 [cattle-system-rancher-80] [] 10.52.2.3:80 285 0.007 200 0042aa1030077a12636a292a7e26e27c
2024-08-06T02:16:42.084202363Z 10.52.0.0 - - [06/Aug/2024:02:16:42 +0000] "PUT /v1/userpreferences/user-r42jm HTTP/1.1" 200 285 "https://harvester.calgaryserver.ca/dashboard/c/local/explorer/apps.daemonset/harvester-system/nvidia-driver-runtime" "Mozilla/5.0 (Windows NT 10.0; Win64; x64) AppleWebKit/537.36 (KHTML, like Gecko) Chrome/127.0.0.0 Safari/537.36" 1905 0.009 [cattle-system-rancher-80] [] 10.52.2.3:80 285 0.009 200 290e4a2eb586c3d8a5390cbbcca353a9
2024-08-06T02:16:42.274123986Z 10.52.0.0 - - [06/Aug/2024:02:16:42 +0000] "GET /v1/schemas HTTP/1.1" 200 760796 "https://harvester.calgaryserver.ca/dashboard/c/local/explorer/apps.daemonset/harvester-system/nvidia-driver-runtime" "Mozilla/5.0 (Windows NT 10.0; Win64; x64) AppleWebKit/537.36 (KHTML, like Gecko) Chrome/127.0.0.0 Safari/537.36" 1185 0.254 [cattle-system-rancher-80] [] 10.52.1.5:80 762084 0.254 200 313d4a9a964f9a67dd03d41499abb449
2024-08-06T02:16:42.630286802Z 10.52.0.0 - - [06/Aug/2024:02:16:42 +0000] "GET /v1/management.cattle.io.settings HTTP/1.1" 200 11554 "https://harvester.calgaryserver.ca/dashboard/c/local/explorer/apps.daemonset/harvester-system/nvidia-driver-runtime" "Mozilla/5.0 (Windows NT 10.0; Win64; x64) AppleWebKit/537.36 (KHTML, like Gecko) Chrome/127.0.0.0 Safari/537.36" 1207 0.036 [cattle-system-rancher-80] [] 10.52.1.5:80 11575 0.036 200 d9a3eb4e311e486f5b72091ecf7a63e6
2024-08-06T02:16:43.735487921Z 10.52.0.0 - - [06/Aug/2024:02:16:43 +0000] "GET /v1/namespaces HTTP/1.1" 200 4855 "https://harvester.calgaryserver.ca/dashboard/c/local/explorer/apps.daemonset/harvester-system/nvidia-driver-runtime" "Mozilla/5.0 (Windows NT 10.0; Win64; x64) AppleWebKit/537.36 (KHTML, like Gecko) Chrome/127.0.0.0 Safari/537.36" 1188 0.013 [cattle-system-rancher-80] [] 10.52.0.73:80 4862 0.013 200 d6ae52357ce2af787b6ff8f413fa688b
2024-08-06T02:16:46.828143601Z 10.52.0.0 - - [06/Aug/2024:02:16:46 +0000] "GET /v1/catalog.cattle.io.apps HTTP/1.1" 200 144809 "https://harvester.calgaryserver.ca/dashboard/c/local/explorer/apps.daemonset/harvester-system/nvidia-driver-runtime" "Mozilla/5.0 (Windows NT 10.0; Win64; x64) AppleWebKit/537.36 (KHTML, like Gecko) Chrome/127.0.0.0 Safari/537.36" 1200 0.110 [cattle-system-rancher-80] [] 10.52.0.73:80 145054 0.109 200 5f7ea48265d27eef81258718df956062
2024-08-06T02:16:48.075737568Z 10.52.0.0 - - [06/Aug/2024:02:16:48 +0000] "GET /v1/pods HTTP/1.1" 200 118539 "https://harvester.calgaryserver.ca/dashboard/c/local/explorer/apps.daemonset/harvester-system/nvidia-driver-runtime" "Mozilla/5.0 (Windows NT 10.0; Win64; x64) AppleWebKit/537.36 (KHTML, like Gecko) Chrome/127.0.0.0 Safari/537.36" 1182 0.194 [cattle-system-rancher-80] [] 10.52.2.3:80 118735 0.194 200 783d20992c238b3d3ee08e5b22912a13
2024-08-06T02:16:48.275788370Z 10.52.0.0 - - [06/Aug/2024:02:16:48 +0000] "GET /v1/catalog.cattle.io.apps/cattle-monitoring-system/rancher-monitoring HTTP/1.1" 200 41772 "https://harvester.calgaryserver.ca/dashboard/c/local/explorer/apps.daemonset/harvester-system/nvidia-driver-runtime" "Mozilla/5.0 (Windows NT 10.0; Win64; x64) AppleWebKit/537.36 (KHTML, like Gecko) Chrome/127.0.0.0 Safari/537.36" 1244 0.048 [cattle-system-rancher-80] [] 10.52.0.73:80 41842 0.047 200 8210f08e4caf64ddf449a97c314960c2
2024-08-06T02:16:48.788458596Z 10.52.0.0 - - [06/Aug/2024:02:16:48 +0000] "GET /api/v1/namespaces/cattle-monitoring-system/services/http:rancher-monitoring-grafana:80/proxy/api/dashboards/uid/rancher-workload-1 HTTP/1.1" 200 13495 "https://harvester.calgaryserver.ca/dashboard/c/local/explorer/apps.daemonset/harvester-system/nvidia-driver-runtime" "Mozilla/5.0 (Windows NT 10.0; Win64; x64) AppleWebKit/537.36 (KHTML, like Gecko) Chrome/127.0.0.0 Safari/537.36" 1305 0.012 [cattle-system-rancher-80] [] 10.52.1.5:80 13473 0.013 200 719a0619c8df9fb9430f385a76049110
2024-08-06T02:17:03.018460021Z 10.52.1.0 - - [06/Aug/2024:02:17:03 +0000] "GET /version HTTP/2.0" 200 286 "-" "curl/8.0.1" 36 0.002 [cattle-system-rancher-80] [] 10.52.0.73:80 286 0.002 200 3bf51bbfd60cfaa69d4adaf535189399
2024-08-06T02:17:31.688273939Z 10.52.0.0 - - [06/Aug/2024:02:17:31 +0000] "GET /v1/harvester/metrics.k8s.io.nodes HTTP/1.1" 200 2331 "https://harvester.calgaryserver.ca/dashboard/harvester/c/local/harvesterhci.io.host" "Mozilla/5.0 (Windows NT 10.0; Win64; x64) AppleWebKit/537.36 (KHTML, like Gecko) Chrome/127.0.0.0 Safari/537.36" 1176 1.893 [cattle-system-rancher-80] [] 10.52.1.5:80 2331 1.893 200 d9dcbd8d9e5dfe948cd7a63b3d0afa1a
2024-08-06T02:18:03.033451870Z 10.52.1.0 - - [06/Aug/2024:02:18:03 +0000] "GET /version HTTP/2.0" 200 286 "-" "curl/8.0.1" 36 0.002 [cattle-system-rancher-80] [] 10.52.2.3:80 286 0.002 200 ed5cb3a87caf9b9e1c17da9ee845aaf5
2024-08-06T02:18:03.514565128Z 10.10.110.232 - - [06/Aug/2024:02:18:03 +0000] "GET /version HTTP/2.0" 200 286 "-" "curl/8.0.1" 36 0.003 [cattle-system-rancher-80] [] 10.52.2.3:80 286 0.003 200 db87e91be24010a6b26fe55c440263cb
2024-08-06T02:18:33.614458540Z 10.52.0.0 - - [06/Aug/2024:02:18:33 +0000] "GET /api/v1/namespaces/cattle-ui-plugin-system/services/http:ui-plugin-operator:80/proxy/index.json HTTP/1.1" 404 259 "https://harvester.calgaryserver.ca/dashboard/harvester/c/local/devices.harvesterhci.io.sriovgpudevice" "Mozilla/5.0 (Windows NT 10.0; Win64; x64) AppleWebKit/537.36 (KHTML, like Gecko) Chrome/127.0.0.0 Safari/537.36" 1255 0.007 [cattle-system-rancher-80] [] 10.52.1.5:80 259 0.006 404 e5935650a5e0f5ff932138085565d014
2024-08-06T02:18:33.636440147Z 10.52.0.0 - - [06/Aug/2024:02:18:33 +0000] "GET /rancherversion HTTP/1.1" 404 19 "https://harvester.calgaryserver.ca/dashboard/harvester/c/local/devices.harvesterhci.io.sriovgpudevice" "Mozilla/5.0 (Windows NT 10.0; Win64; x64) AppleWebKit/537.36 (KHTML, like Gecko) Chrome/127.0.0.0 Safari/537.36" 1175 0.001 [cattle-system-rancher-80] [] 10.52.0.73:80 19 0.001 404 9e0c743aa2234102e847c269bb383cac
2024-08-06T02:18:33.740810466Z 10.52.0.0 - - [06/Aug/2024:02:18:33 +0000] "GET /v3/users?me=true HTTP/1.1" 200 2238 "https://harvester.calgaryserver.ca/dashboard/harvester/c/local/devices.harvesterhci.io.sriovgpudevice" "Mozilla/5.0 (Windows NT 10.0; Win64; x64) AppleWebKit/537.36 (KHTML, like Gecko) Chrome/127.0.0.0 Safari/537.36" 1177 0.005 [cattle-system-rancher-80] [] 10.52.0.73:80 2238 0.004 200 854d1bfb958fe42f4b3c92a01b2b6e55
2024-08-06T02:18:33.823315864Z 10.52.0.0 - - [06/Aug/2024:02:18:33 +0000] "GET /v3/schemas HTTP/1.1" 200 84176 "https://harvester.calgaryserver.ca/dashboard/harvester/c/local/devices.harvesterhci.io.sriovgpudevice" "Mozilla/5.0 (Windows NT 10.0; Win64; x64) AppleWebKit/537.36 (KHTML, like Gecko) Chrome/127.0.0.0 Safari/537.36" 1171 0.013 [cattle-system-rancher-80] [] 10.52.2.3:80 84013 0.014 200 5a4b2a88dba2713698c8099cf6d97bd4
2024-08-06T02:18:35.100126094Z 10.52.0.0 - - [06/Aug/2024:02:18:35 +0000] "GET /v1/management.cattle.io.clusters HTTP/1.1" 200 1361 "https://harvester.calgaryserver.ca/dashboard/harvester/c/local/devices.harvesterhci.io.sriovgpudevice" "Mozilla/5.0 (Windows NT 10.0; Win64; x64) AppleWebKit/537.36 (KHTML, like Gecko) Chrome/127.0.0.0 Safari/537.36" 1193 0.007 [cattle-system-rancher-80] [] 10.52.1.5:80 1361 0.007 200 c89bb8f7337c0333f8058b920be7841e
2024-08-06T02:18:36.852198531Z 10.52.0.0 - - [06/Aug/2024:02:18:36 +0000] "GET /v1/harvester/devices.harvesterhci.io.vgpudevices HTTP/1.1" 200 174 "https://harvester.calgaryserver.ca/dashboard/harvester/c/local/devices.harvesterhci.io.sriovgpudevice" "Mozilla/5.0 (Windows NT 10.0; Win64; x64) AppleWebKit/537.36 (KHTML, like Gecko) Chrome/127.0.0.0 Safari/537.36" 1209 0.006 [cattle-system-rancher-80] [] 10.52.0.73:80 174 0.006 200 942e72006bc6abb92dafa107091cb324
2024-08-06T02:18:36.854342838Z 10.52.0.0 - - [06/Aug/2024:02:18:36 +0000] "GET /v1/harvester/devices.harvesterhci.io.sriovgpudevices HTTP/1.1" 200 930 "https://harvester.calgaryserver.ca/dashboard/harvester/c/local/devices.harvesterhci.io.sriovgpudevice" "Mozilla/5.0 (Windows NT 10.0; Win64; x64) AppleWebKit/537.36 (KHTML, like Gecko) Chrome/127.0.0.0 Safari/537.36" 1213 0.007 [cattle-system-rancher-80] [] 10.52.0.73:80 930 0.006 200 c35fabe13d5c04d11cf05855c83d8140
2024-08-06T02:18:59.851936361Z 10.52.0.0 - - [06/Aug/2024:02:18:59 +0000] "GET /api/v1/namespaces/cattle-monitoring-system/services/http:rancher-monitoring-grafana:80/proxy/api/dashboards/uid/rancher-workload-pods-1 HTTP/1.1" 200 13595 "https://harvester.calgaryserver.ca/dashboard/c/local/explorer/apps.daemonset/harvester-system/harvester-pcidevices-controller" "Mozilla/5.0 (Windows NT 10.0; Win64; x64) AppleWebKit/537.36 (KHTML, like Gecko) Chrome/127.0.0.0 Safari/537.36" 1320 0.016 [cattle-system-rancher-80] [] 10.52.2.3:80 13582 0.017 200 844ad14c2e23f930bc8d5f2e39a2c941
2024-08-06T02:19:03.045979720Z 10.52.1.0 - - [06/Aug/2024:02:19:03 +0000] "GET /version HTTP/2.0" 200 286 "-" "curl/8.0.1" 36 0.003 [cattle-system-rancher-80] [] 10.52.2.3:80 286 0.003 200 0ea51288f5b828c3fd5f4bdce79d8460
2024-08-06T02:19:18.966747048Z 10.52.0.0 - - [06/Aug/2024:02:19:18 +0000] "GET /dashboard/harvester/c/local/devices.harvesterhci.io.vgpudevice HTTP/1.1" 200 2754 "-" "Mozilla/5.0 (Windows NT 10.0; Win64; x64) AppleWebKit/537.36 (KHTML, like Gecko) Chrome/127.0.0.0 Safari/537.36" 1260 0.004 [cattle-system-rancher-80] [] 10.52.2.3:80 2754 0.003 200 6070f89f30fe0927dff35b2a5c3e8f16
2024-08-06T02:19:20.112247565Z 10.52.0.0 - - [06/Aug/2024:02:19:20 +0000] "GET /v1/counts HTTP/1.1" 200 3002 "https://harvester.calgaryserver.ca/dashboard/harvester/c/local/devices.harvesterhci.io.vgpudevice" "Mozilla/5.0 (Windows NT 10.0; Win64; x64) AppleWebKit/537.36 (KHTML, like Gecko) Chrome/127.0.0.0 Safari/537.36" 1166 0.012 [cattle-system-rancher-80] [] 10.52.0.73:80 3009 0.012 200 4a42bb24431d5b72063053e6e80e999f
2024-08-06T02:19:20.126568809Z 10.52.0.0 - - [06/Aug/2024:02:19:20 +0000] "GET /v1/management.cattle.io.settings HTTP/1.1" 200 11555 "https://harvester.calgaryserver.ca/dashboard/harvester/c/local/devices.harvesterhci.io.vgpudevice" "Mozilla/5.0 (Windows NT 10.0; Win64; x64) AppleWebKit/537.36 (KHTML, like Gecko) Chrome/127.0.0.0 Safari/537.36" 1189 0.025 [cattle-system-rancher-80] [] 10.52.0.73:80 11576 0.025 200 919c4a37da473ffc8bd46ccc5b9bd88d
2024-08-06T02:19:20.260714350Z 10.52.0.0 - - [06/Aug/2024:02:19:20 +0000] "GET /v1/userpreferences HTTP/1.1" 200 327 "https://harvester.calgaryserver.ca/dashboard/harvester/c/local/devices.harvesterhci.io.vgpudevice" "Mozilla/5.0 (Windows NT 10.0; Win64; x64) AppleWebKit/537.36 (KHTML, like Gecko) Chrome/127.0.0.0 Safari/537.36" 1175 0.006 [cattle-system-rancher-80] [] 10.52.0.73:80 327 0.006 200 89d4d79b4d35e438f542470115b164bb
2024-08-06T02:19:20.334579872Z 10.52.0.0 - - [06/Aug/2024:02:19:20 +0000] "PUT /v1/userpreferences/user-r42jm HTTP/1.1" 200 285 "https://harvester.calgaryserver.ca/dashboard/harvester/c/local/devices.harvesterhci.io.vgpudevice" "Mozilla/5.0 (Windows NT 10.0; Win64; x64) AppleWebKit/537.36 (KHTML, like Gecko) Chrome/127.0.0.0 Safari/537.36" 1883 0.010 [cattle-system-rancher-80] [] 10.52.1.5:80 285 0.009 200 a6c6a132462b2f3a5b3afcbf6a547a5d
2024-08-06T02:19:20.538923487Z 10.52.0.0 - - [06/Aug/2024:02:19:20 +0000] "GET /v1/harvester/schemas HTTP/1.1" 200 764326 "https://harvester.calgaryserver.ca/dashboard/harvester/c/local/devices.harvesterhci.io.vgpudevice" "Mozilla/5.0 (Windows NT 10.0; Win64; x64) AppleWebKit/537.36 (KHTML, like Gecko) Chrome/127.0.0.0 Safari/537.36" 1177 0.283 [cattle-system-rancher-80] [] 10.52.0.73:80 762950 0.284 200 e792599da5a75fc11d2b2aad82ecca66
2024-08-06T02:19:20.834656545Z 10.52.0.0 - - [06/Aug/2024:02:19:20 +0000] "GET /v1/harvester/counts HTTP/1.1" 200 3017 "https://harvester.calgaryserver.ca/dashboard/harvester/c/local/devices.harvesterhci.io.vgpudevice" "Mozilla/5.0 (Windows NT 10.0; Win64; x64) AppleWebKit/537.36 (KHTML, like Gecko) Chrome/127.0.0.0 Safari/537.36" 1176 0.015 [cattle-system-rancher-80] [] 10.52.0.73:80 3017 0.014 200 24f78b045104bf4df8caaa8d448537c4
2024-08-06T02:19:20.837806204Z 10.52.0.0 - - [06/Aug/2024:02:19:20 +0000] "GET /v1/harvester/harvesterhci.io.settings HTTP/1.1" 200 4184 "https://harvester.calgaryserver.ca/dashboard/harvester/c/local/devices.harvesterhci.io.vgpudevice" "Mozilla/5.0 (Windows NT 10.0; Win64; x64) AppleWebKit/537.36 (KHTML, like Gecko) Chrome/127.0.0.0 Safari/537.36" 1194 0.017 [cattle-system-rancher-80] [] 10.52.2.3:80 4178 0.016 200 ab219fcee6761d6c54879deaac5da3a3
2024-08-06T02:19:22.717658775Z 10.52.0.0 - - [06/Aug/2024:02:19:22 +0000] "GET /v1/harvester/harvesterhci.io.addons HTTP/1.1" 200 3180 "https://harvester.calgaryserver.ca/dashboard/harvester/c/local/devices.harvesterhci.io.vgpudevice" "Mozilla/5.0 (Windows NT 10.0; Win64; x64) AppleWebKit/537.36 (KHTML, like Gecko) Chrome/127.0.0.0 Safari/537.36" 1192 0.009 [cattle-system-rancher-80] [] 10.52.1.5:80 3180 0.009 200 b1c811f0d8c9dcd9312b7c18ff046476
2024-08-06T02:19:23.203596420Z 10.52.0.0 - - [06/Aug/2024:02:19:23 +0000] "GET /v1/harvester/harvesterhci.io.upgradelogs HTTP/1.1" 200 172 "https://harvester.calgaryserver.ca/dashboard/harvester/c/local/devices.harvesterhci.io.vgpudevice" "Mozilla/5.0 (Windows NT 10.0; Win64; x64) AppleWebKit/537.36 (KHTML, like Gecko) Chrome/127.0.0.0 Safari/537.36" 1197 0.006 [cattle-system-rancher-80] [] 10.52.0.73:80 172 0.005 200 ce1fcea9c5cf9da0c319b1be305063ac
2024-08-06T02:19:53.088765329Z 10.52.2.0 - - [06/Aug/2024:02:19:53 +0000] "GET /version HTTP/2.0" 200 286 "-" "curl/8.0.1" 36 0.003 [cattle-system-rancher-80] [] 10.52.0.73:80 286 0.002 200 d625c43c2b28af68ae1c6df25441180b
2024-08-06T02:20:03.038891482Z 10.52.1.0 - - [06/Aug/2024:02:20:03 +0000] "GET /version HTTP/2.0" 200 286 "-" "curl/8.0.1" 36 0.003 [cattle-system-rancher-80] [] 10.52.2.3:80 286 0.002 200 a057833ae9296d3c474ff1fc659267c5
2024-08-06T02:20:19.801651170Z 10.52.0.0 - - [06/Aug/2024:02:20:19 +0000] "GET /api/v1/namespaces/harvester-system/pods/harvester-pcidevices-controller-nsdtz/log?previous=false&follow=true&timestamps=true&pretty=true&container=agent&sinceSeconds=1800&sockId=6 HTTP/1.1" 101 52074 "-" "Mozilla/5.0 (Windows NT 10.0; Win64; x64) AppleWebKit/537.36 (KHTML, like Gecko) Chrome/127.0.0.0 Safari/537.36" 1225 29.524 [cattle-system-rancher-80] [] 10.52.2.3:80 0 29.524 101 b57b04a253edda768bd05498058d3e93
2024-08-06T02:20:23.106731223Z 10.52.2.0 - - [06/Aug/2024:02:20:23 +0000] "GET /version HTTP/2.0" 200 286 "-" "curl/8.0.1" 36 0.002 [cattle-system-rancher-80] [] 10.52.0.73:80 286 0.002 200 c8229cb60a5d4454729877174ceb10d6
2024-08-06T02:20:26.396472815Z 10.52.0.0 - - [06/Aug/2024:02:20:26 +0000] "GET /version HTTP/2.0" 200 286 "-" "curl/8.0.1" 36 0.002 [cattle-system-rancher-80] [] 10.52.1.5:80 286 0.002 200 ae0a60cf7e1ed94d6be689da8b228729
2024-08-06T02:20:33.032698463Z 10.52.1.0 - - [06/Aug/2024:02:20:33 +0000] "GET /version HTTP/2.0" 200 286 "-" "curl/8.0.1" 36 0.003 [cattle-system-rancher-80] [] 10.52.1.5:80 286 0.002 200 d4d238506ec17f5349200447382db88a
2024-08-06T02:20:33.107835776Z 10.52.0.0 - - [06/Aug/2024:02:20:33 +0000] "GET /rancherversion HTTP/1.1" 404 19 "https://harvester.calgaryserver.ca/dashboard/harvester/c/local/devices.harvesterhci.io.sriovgpudevice" "Mozilla/5.0 (Windows NT 10.0; Win64; x64) AppleWebKit/537.36 (KHTML, like Gecko) Chrome/127.0.0.0 Safari/537.36" 1175 0.002 [cattle-system-rancher-80] [] 10.52.1.5:80 19 0.002 404 741312341127879ffceb25ca157d2733
2024-08-06T02:20:33.211450414Z 10.52.0.0 - - [06/Aug/2024:02:20:33 +0000] "GET /v3/users?me=true HTTP/1.1" 200 2238 "https://harvester.calgaryserver.ca/dashboard/harvester/c/local/devices.harvesterhci.io.sriovgpudevice" "Mozilla/5.0 (Windows NT 10.0; Win64; x64) AppleWebKit/537.36 (KHTML, like Gecko) Chrome/127.0.0.0 Safari/537.36" 1177 0.005 [cattle-system-rancher-80] [] 10.52.2.3:80 2238 0.005 200 6cb5f043b1bab90f387c9c4f7c77a915
2024-08-06T02:20:33.841342360Z 10.52.0.0 - - [06/Aug/2024:02:20:33 +0000] "GET /v1/namespaces HTTP/1.1" 200 4855 "https://harvester.calgaryserver.ca/dashboard/harvester/c/local/devices.harvesterhci.io.sriovgpudevice" "Mozilla/5.0 (Windows NT 10.0; Win64; x64) AppleWebKit/537.36 (KHTML, like Gecko) Chrome/127.0.0.0 Safari/537.36" 1174 0.008 [cattle-system-rancher-80] [] 10.52.0.73:80 4862 0.008 200 ac11a0d61ff8795acd5583cdb0eb4140
2024-08-06T02:20:33.903251388Z 10.52.0.0 - - [06/Aug/2024:02:20:33 +0000] "GET /v1/harvester/harvesterhci.io.settings HTTP/1.1" 200 4185 "https://harvester.calgaryserver.ca/dashboard/harvester/c/local/devices.harvesterhci.io.sriovgpudevice" "Mozilla/5.0 (Windows NT 10.0; Win64; x64) AppleWebKit/537.36 (KHTML, like Gecko) Chrome/127.0.0.0 Safari/537.36" 1198 0.018 [cattle-system-rancher-80] [] 10.52.2.3:80 4179 0.018 200 4cdc778cad78b0cb75e23761efb0e8b1
2024-08-06T02:20:34.226851501Z 10.52.0.0 - - [06/Aug/2024:02:20:34 +0000] "GET /v1/harvester/schemas HTTP/1.1" 200 765889 "https://harvester.calgaryserver.ca/dashboard/harvester/c/local/devices.harvesterhci.io.sriovgpudevice" "Mozilla/5.0 (Windows NT 10.0; Win64; x64) AppleWebKit/537.36 (KHTML, like Gecko) Chrome/127.0.0.0 Safari/537.36" 1181 0.274 [cattle-system-rancher-80] [] 10.52.0.73:80 764514 0.273 200 d4f2d4a320ea2362ae53e73792e9aebc
2024-08-06T02:20:34.492540603Z 10.52.0.0 - - [06/Aug/2024:02:20:34 +0000] "GET /v1/management.cattle.io.clusters HTTP/1.1" 200 1360 "https://harvester.calgaryserver.ca/dashboard/harvester/c/local/devices.harvesterhci.io.sriovgpudevice" "Mozilla/5.0 (Windows NT 10.0; Win64; x64) AppleWebKit/537.36 (KHTML, like Gecko) Chrome/127.0.0.0 Safari/537.36" 1193 0.009 [cattle-system-rancher-80] [] 10.52.2.3:80 1360 0.008 200 8b4c361ddf4fc89fe2237aa3d3c83d62
2024-08-06T02:20:34.496994184Z 10.52.0.0 - - [06/Aug/2024:02:20:34 +0000] "GET /v1/harvester/counts HTTP/1.1" 200 3016 "https://harvester.calgaryserver.ca/dashboard/harvester/c/local/devices.harvesterhci.io.sriovgpudevice" "Mozilla/5.0 (Windows NT 10.0; Win64; x64) AppleWebKit/537.36 (KHTML, like Gecko) Chrome/127.0.0.0 Safari/537.36" 1180 0.014 [cattle-system-rancher-80] [] 10.52.1.5:80 3016 0.014 200 43d79e6dea1465764557fcd5aab28b01
2024-08-06T02:20:36.671422265Z 10.52.0.0 - - [06/Aug/2024:02:20:36 +0000] "GET /v1/harvester/harvesterhci.io.virtualmachineimages HTTP/1.1" 200 1015 "https://harvester.calgaryserver.ca/dashboard/harvester/c/local/devices.harvesterhci.io.sriovgpudevice" "Mozilla/5.0 (Windows NT 10.0; Win64; x64) AppleWebKit/537.36 (KHTML, like Gecko) Chrome/127.0.0.0 Safari/537.36" 1210 0.007 [cattle-system-rancher-80] [] 10.52.2.3:80 1015 0.008 200 d70ecdba9819929264059b96b74369dd
2024-08-06T02:20:36.687176060Z 10.52.0.0 - - [06/Aug/2024:02:20:36 +0000] "GET /v1/harvester/nodes HTTP/1.1" 200 9800 "https://harvester.calgaryserver.ca/dashboard/harvester/c/local/devices.harvesterhci.io.sriovgpudevice" "Mozilla/5.0 (Windows NT 10.0; Win64; x64) AppleWebKit/537.36 (KHTML, like Gecko) Chrome/127.0.0.0 Safari/537.36" 1179 0.023 [cattle-system-rancher-80] [] 10.52.1.5:80 9786 0.024 200 7ba9b413e7894924cedfdb495c05d609
2024-08-06T02:20:41.356768389Z 10.52.0.0 - - [06/Aug/2024:02:20:41 +0000] "GET /v1/harvester/devices.harvesterhci.io.pcidevices HTTP/1.1" 200 33978 "https://harvester.calgaryserver.ca/dashboard/harvester/c/local/devices.harvesterhci.io.pcidevice" "Mozilla/5.0 (Windows NT 10.0; Win64; x64) AppleWebKit/537.36 (KHTML, like Gecko) Chrome/127.0.0.0 Safari/537.36" 1203 0.203 [cattle-system-rancher-80] [] 10.52.2.3:80 33924 0.202 200 c196a8a52fc8dfb9d58c153247be8193
2024-08-06T02:20:42.336260705Z 10.52.0.0 - - [06/Aug/2024:02:20:42 +0000] "GET /v1/harvester/devices.harvesterhci.io.pcideviceclaims HTTP/1.1" 200 179 "https://harvester.calgaryserver.ca/dashboard/harvester/c/local/devices.harvesterhci.io.pcidevice" "Mozilla/5.0 (Windows NT 10.0; Win64; x64) AppleWebKit/537.36 (KHTML, like Gecko) Chrome/127.0.0.0 Safari/537.36" 1208 0.005 [cattle-system-rancher-80] [] 10.52.2.3:80 179 0.006 200 553308d28bdbd74dcb25499853738edf
2024-08-06T02:21:03.046262181Z 10.52.1.0 - - [06/Aug/2024:02:21:03 +0000] "GET /version HTTP/2.0" 200 286 "-" "curl/8.0.1" 36 0.002 [cattle-system-rancher-80] [] 10.52.0.73:80 286 0.002 200 8a1bbfad8136d9b0ac6049d488743f3c
2024-08-06T02:21:30.528906715Z 10.52.0.0 - - [06/Aug/2024:02:21:30 +0000] "GET /v1/harvester/harvesterhci.io.addons?limit=1 HTTP/1.1" 200 1717 "https://harvester.calgaryserver.ca/dashboard/harvester/c/local/devices.harvesterhci.io.vgpudevice" "Mozilla/5.0 (Windows NT 10.0; Win64; x64) AppleWebKit/537.36 (KHTML, like Gecko) Chrome/127.0.0.0 Safari/537.36" 1200 2.018 [cattle-system-rancher-80] [] 10.52.0.73:80 1717 2.019 200 82afeb4b58fab8e0bb108dce167d3104
2024-08-06T02:21:30.530041559Z 10.52.0.0 - - [06/Aug/2024:02:21:30 +0000] "GET /v1/harvester/nodes?limit=1 HTTP/1.1" 200 6594 "https://harvester.calgaryserver.ca/dashboard/harvester/c/local/devices.harvesterhci.io.vgpudevice" "Mozilla/5.0 (Windows NT 10.0; Win64; x64) AppleWebKit/537.36 (KHTML, like Gecko) Chrome/127.0.0.0 Safari/537.36" 1183 2.021 [cattle-system-rancher-80] [] 10.52.0.73:80 6588 2.020 200 788ea619162a839a03c804e53e199431
2024-08-06T02:21:30.755495907Z 10.52.0.0 - - [06/Aug/2024:02:21:30 +0000] "GET /v1/harvester/devices.harvesterhci.io.pcidevices?limit=1 HTTP/1.1" 200 1005 "https://harvester.calgaryserver.ca/dashboard/harvester/c/local/devices.harvesterhci.io.vgpudevice" "Mozilla/5.0 (Windows NT 10.0; Win64; x64) AppleWebKit/537.36 (KHTML, like Gecko) Chrome/127.0.0.0 Safari/537.36" 1212 2.243 [cattle-system-rancher-80] [] 10.52.2.3:80 1005 2.244 200 8a7891ad2eb2b8df92e136238641a4fc
2024-08-06T02:21:31.131632564Z 10.52.0.0 - - [06/Aug/2024:02:21:31 +0000] "GET /v1/services?limit=1 HTTP/1.1" 200 1160 "https://harvester.calgaryserver.ca/dashboard/c/local/explorer/apps.daemonset/harvester-system/harvester-pcidevices-controller" "Mozilla/5.0 (Windows NT 10.0; Win64; x64) AppleWebKit/537.36 (KHTML, like Gecko) Chrome/127.0.0.0 Safari/537.36" 1204 2.159 [cattle-system-rancher-80] [] 10.52.2.3:80 1160 2.159 200 5495aef10853ca90c58f21cdc558d366
2024-08-06T02:21:31.229357615Z 10.52.0.0 - - [06/Aug/2024:02:21:31 +0000] "GET /v1/catalog.cattle.io.apps?limit=1 HTTP/1.1" 200 2446 "https://harvester.calgaryserver.ca/dashboard/c/local/explorer/apps.daemonset/harvester-system/harvester-pcidevices-controller" "Mozilla/5.0 (Windows NT 10.0; Win64; x64) AppleWebKit/537.36 (KHTML, like Gecko) Chrome/127.0.0.0 Safari/537.36" 1218 2.639 [cattle-system-rancher-80] [] 10.52.1.5:80 2453 2.640 200 6b3a50b44520399e80aa8752588ee25d
2024-08-06T02:21:32.167605477Z 10.52.0.0 - - [06/Aug/2024:02:21:32 +0000] "GET /v1/management.cattle.io.fleetworkspaces?limit=1 HTTP/1.1" 200 612 "https://harvester.calgaryserver.ca/dashboard/harvester/c/local/devices.harvesterhci.io.vgpudevice" "Mozilla/5.0 (Windows NT 10.0; Win64; x64) AppleWebKit/537.36 (KHTML, like Gecko) Chrome/127.0.0.0 Safari/537.36" 1204 3.056 [cattle-system-rancher-80] [] 10.52.0.73:80 612 3.056 200 c66870f22ab31f3e168d6d3589352d41
2024-08-06T02:21:33.021102250Z 10.52.1.0 - - [06/Aug/2024:02:21:33 +0000] "GET /version HTTP/2.0" 200 286 "-" "curl/8.0.1" 36 0.002 [cattle-system-rancher-80] [] 10.52.2.3:80 286 0.003 200 423a1dd53a024853e113e8ae1477d409
2024-08-06T02:21:33.492324307Z 10.10.110.232 - - [06/Aug/2024:02:21:33 +0000] "GET /version HTTP/2.0" 200 286 "-" "curl/8.0.1" 36 0.002 [cattle-system-rancher-80] [] 10.52.0.73:80 286 0.002 200 afccd6979f22ea0923dc72e4c7c57e35
2024-08-06T02:21:48.559079838Z 10.52.0.0 - - [06/Aug/2024:02:21:48 +0000] "PUT /v1/harvester/devices.harvesterhci.io.vgpudevices/harvesterdev7-00000b007 HTTP/1.1" 200 683 "https://harvester.calgaryserver.ca/dashboard/harvester/c/local/devices.harvesterhci.io.vgpudevice" "Mozilla/5.0 (Windows NT 10.0; Win64; x64) AppleWebKit/537.36 (KHTML, like Gecko) Chrome/127.0.0.0 Safari/537.36" 3383 1.949 [cattle-system-rancher-80] [] 10.52.2.3:80 683 1.949 200 93c7338c56559ce85db74be3d8a9a684
2024-08-06T02:22:03.010806443Z 10.52.1.0 - - [06/Aug/2024:02:22:03 +0000] "GET /version HTTP/2.0" 200 286 "-" "curl/8.0.1" 36 0.002 [cattle-system-rancher-80] [] 10.52.1.5:80 286 0.002 200 821237133328c8fc28c5eba65d11192a
2024-08-06T02:22:26.354294647Z 10.52.0.0 - - [06/Aug/2024:02:22:26 +0000] "GET /version HTTP/2.0" 200 286 "-" "curl/8.0.1" 36 0.002 [cattle-system-rancher-80] [] 10.52.1.5:80 286 0.003 200 e11895edc000911eb0648965f2a43a56
2024-08-06T02:22:53.127195325Z 10.52.2.0 - - [06/Aug/2024:02:22:53 +0000] "GET /version HTTP/2.0" 200 286 "-" "curl/8.0.1" 36 0.002 [cattle-system-rancher-80] [] 10.52.2.3:80 286 0.003 200 442c3edfa97a31216acf246258f01415
2024-08-06T02:23:33.044854324Z 10.52.1.0 - - [06/Aug/2024:02:23:33 +0000] "GET /version HTTP/2.0" 200 286 "-" "curl/8.0.1" 36 0.003 [cattle-system-rancher-80] [] 10.52.2.3:80 286 0.003 200 20a98e93bd638228b58eb49e38dca6d3
2024-08-06T02:23:56.954992054Z 10.52.0.0 - - [06/Aug/2024:02:23:56 +0000] "GET /v1/harvester/longhorn.io.nodes HTTP/1.1" 200 2848 "https://harvester.calgaryserver.ca/dashboard/harvester/c/local/harvesterhci.io.host" "Mozilla/5.0 (Windows NT 10.0; Win64; x64) AppleWebKit/537.36 (KHTML, like Gecko) Chrome/127.0.0.0 Safari/537.36" 1173 0.014 [cattle-system-rancher-80] [] 10.52.2.3:80 2848 0.015 200 5282e9515416dd25227b75bb49bbf7ee
2024-08-06T02:23:59.168602620Z 10.52.0.0 - - [06/Aug/2024:02:23:59 +0000] "GET /v1/harvester/pods HTTP/1.1" 200 118534 "https://harvester.calgaryserver.ca/dashboard/harvester/c/local/harvesterhci.io.host" "Mozilla/5.0 (Windows NT 10.0; Win64; x64) AppleWebKit/537.36 (KHTML, like Gecko) Chrome/127.0.0.0 Safari/537.36" 1160 2.226 [cattle-system-rancher-80] [] 10.52.1.5:80 118324 2.226 200 a7fd8602d53c96df50a57ceeb2d45223
2024-08-06T02:24:03.043033540Z 10.52.1.0 - - [06/Aug/2024:02:24:03 +0000] "GET /version HTTP/2.0" 200 286 "-" "curl/8.0.1" 36 0.003 [cattle-system-rancher-80] [] 10.52.1.5:80 286 0.003 200 6e4655b5aa0890bc7a142698666a4970
2024-08-06T02:24:03.527183077Z 10.10.110.232 - - [06/Aug/2024:02:24:03 +0000] "GET /version HTTP/2.0" 200 286 "-" "curl/8.0.1" 36 0.002 [cattle-system-rancher-80] [] 10.52.2.3:80 286 0.003 200 beee16ae9866d2cb752fa6496304ed1c
2024-08-06T02:24:19.134870996Z 10.52.0.0 - - [06/Aug/2024:02:24:19 +0000] "GET /v1/harvester/harvesterhci.io.virtualmachinerestores HTTP/1.1" 200 179 "https://harvester.calgaryserver.ca/dashboard/harvester/c/local/kubevirt.io.virtualmachine" "Mozilla/5.0 (Windows NT 10.0; Win64; x64) AppleWebKit/537.36 (KHTML, like Gecko) Chrome/127.0.0.0 Safari/537.36" 1200 0.005 [cattle-system-rancher-80] [] 10.52.1.5:80 179 0.006 200 63c47279f5c567b41cda4a2c6a1f1ef6
2024-08-06T02:24:33.521268777Z 10.10.110.232 - - [06/Aug/2024:02:24:33 +0000] "GET /version HTTP/2.0" 200 286 "-" "curl/8.0.1" 36 0.002 [cattle-system-rancher-80] [] 10.52.2.3:80 286 0.002 200 944094fce8f7d97d2c545573d20424fa
2024-08-06T02:25:03.519689039Z 10.10.110.232 - - [06/Aug/2024:02:25:03 +0000] "GET /version HTTP/2.0" 200 286 "-" "curl/8.0.1" 36 0.003 [cattle-system-rancher-80] [] 10.52.0.73:80 286 0.002 200 9aa3772bccc9bdcd8f45f341780036ca
2024-08-06T02:26:03.543152998Z 10.10.110.232 - - [06/Aug/2024:02:26:03 +0000] "GET /version HTTP/2.0" 200 286 "-" "curl/8.0.1" 36 0.002 [cattle-system-rancher-80] [] 10.52.2.3:80 286 0.003 200 499a4a22cc1162d212a441e990de3568
2024-08-06T02:26:56.422422456Z 10.52.0.0 - - [06/Aug/2024:02:26:56 +0000] "GET /version HTTP/2.0" 200 286 "-" "curl/8.0.1" 36 0.002 [cattle-system-rancher-80] [] 10.52.0.73:80 286 0.002 200 d77f5b18e7d2096036740260c6a19cc8
2024-08-06T02:27:26.411438991Z 10.52.0.0 - - [06/Aug/2024:02:27:26 +0000] "GET /version HTTP/2.0" 200 286 "-" "curl/8.0.1" 36 0.003 [cattle-system-rancher-80] [] 10.52.1.5:80 286 0.003 200 758f3dacf8ae0cecc09a69308b5769e3
2024-08-06T02:29:33.042246250Z 10.52.1.0 - - [06/Aug/2024:02:29:33 +0000] "GET /version HTTP/2.0" 200 286 "-" "curl/8.0.1" 36 0.001 [cattle-system-rancher-80] [] 10.52.0.73:80 286 0.002 200 14f88783508bac775f5c0971051a5f05
2024-08-06T02:29:53.124891435Z 10.52.2.0 - - [06/Aug/2024:02:29:53 +0000] "GET /version HTTP/2.0" 200 286 "-" "curl/8.0.1" 36 0.003 [cattle-system-rancher-80] [] 10.52.2.3:80 286 0.002 200 7ead7f70ea5470710ebe7a2376257ca7
2024-08-06T02:30:56.382289989Z 10.52.0.0 - - [06/Aug/2024:02:30:56 +0000] "GET /version HTTP/2.0" 200 286 "-" "curl/8.0.1" 36 0.002 [cattle-system-rancher-80] [] 10.52.0.73:80 286 0.003 200 3754421521f4b5d1055d113a42cb9fbb
2024-08-06T02:31:53.115781972Z 10.52.2.0 - - [06/Aug/2024:02:31:53 +0000] "GET /version HTTP/2.0" 200 286 "-" "curl/8.0.1" 36 0.003 [cattle-system-rancher-80] [] 10.52.0.73:80 286 0.002 200 7f567ed181b43b03a5eaa0ed73479399
2024-08-06T02:32:23.073178627Z 10.52.2.0 - - [06/Aug/2024:02:32:23 +0000] "GET /version HTTP/2.0" 200 286 "-" "curl/8.0.1" 36 0.002 [cattle-system-rancher-80] [] 10.52.0.73:80 286 0.002 200 3b401612cb828f263436e437c355c5fc
2024-08-06T02:33:03.038267397Z 10.52.1.0 - - [06/Aug/2024:02:33:03 +0000] "GET /version HTTP/2.0" 200 286 "-" "curl/8.0.1" 36 0.002 [cattle-system-rancher-80] [] 10.52.1.5:80 286 0.003 200 4d324bc457fea1d2a728b1348aba4d7c
2024-08-06T02:33:03.497253752Z 10.10.110.232 - - [06/Aug/2024:02:33:03 +0000] "GET /version HTTP/2.0" 200 286 "-" "curl/8.0.1" 36 0.002 [cattle-system-rancher-80] [] 10.52.1.5:80 286 0.002 200 abdafcabf3630bf7de4b9e0263e4e287
2024-08-06T02:33:33.517254520Z 10.10.110.232 - - [06/Aug/2024:02:33:33 +0000] "GET /version HTTP/2.0" 200 286 "-" "curl/8.0.1" 36 0.003 [cattle-system-rancher-80] [] 10.52.1.5:80 286 0.003 200 9e0bb712c92c8c4edba82130b9055cfb
2024-08-06T02:34:33.014091640Z 10.52.1.0 - - [06/Aug/2024:02:34:33 +0000] "GET /version HTTP/2.0" 200 286 "-" "curl/8.0.1" 36 0.003 [cattle-system-rancher-80] [] 10.52.0.73:80 286 0.003 200 058ba599b234980958f33ce96d79ad97
2024-08-06T02:35:03.026892357Z 10.52.1.0 - - [06/Aug/2024:02:35:03 +0000] "GET /version HTTP/2.0" 200 286 "-" "curl/8.0.1" 36 0.003 [cattle-system-rancher-80] [] 10.52.1.5:80 286 0.002 200 fb3875b558574997ecaec740ecaff930
2024-08-06T02:36:03.029703923Z 10.52.1.0 - - [06/Aug/2024:02:36:03 +0000] "GET /version HTTP/2.0" 200 286 "-" "curl/8.0.1" 36 0.003 [cattle-system-rancher-80] [] 10.52.2.3:80 286 0.002 200 3b0711b8634319cc586aad8997a7c6ad
2024-08-06T02:36:26.381661970Z 10.52.0.0 - - [06/Aug/2024:02:36:26 +0000] "GET /version HTTP/2.0" 200 286 "-" "curl/8.0.1" 36 0.003 [cattle-system-rancher-80] [] 10.52.0.73:80 286 0.002 200 27d9c24ad826eff4c906dafacdefdef6
2024-08-06T02:36:29.619591913Z 10.52.0.0 - - [06/Aug/2024:02:36:29 +0000] "GET /api/v1/namespaces/cattle-monitoring-system/services/http:rancher-monitoring-grafana:80/proxy/api/dashboards/uid/rancher-k8s-components-nodes-1 HTTP/1.1" 404 78 "https://harvester.calgaryserver.ca/dashboard/c/local/explorer" "Mozilla/5.0 (Windows NT 10.0; Win64; x64) AppleWebKit/537.36 (KHTML, like Gecko) Chrome/127.0.0.0 Safari/537.36" 1263 0.011 [cattle-system-rancher-80] [] 10.52.1.5:80 78 0.010 404 d688e9f1d3fe52db84fad79c239df43f
2024-08-06T02:36:29.681963022Z 10.52.0.0 - - [06/Aug/2024:02:36:29 +0000] "GET /api/v1/namespaces/cattle-monitoring-system/services/http:rancher-monitoring-grafana:80/proxy/api/dashboards/uid/rancher-etcd-nodes-1 HTTP/1.1" 404 78 "https://harvester.calgaryserver.ca/dashboard/c/local/explorer" "Mozilla/5.0 (Windows NT 10.0; Win64; x64) AppleWebKit/537.36 (KHTML, like Gecko) Chrome/127.0.0.0 Safari/537.36" 1253 0.073 [cattle-system-rancher-80] [] 10.52.1.5:80 78 0.073 404 9c2d7ed8988202e252ca388d54882942
2024-08-06T02:36:29.683581680Z 10.52.0.0 - - [06/Aug/2024:02:36:29 +0000] "GET /api/v1/namespaces/cattle-monitoring-system/services/http:rancher-monitoring-grafana:80/proxy/api/dashboards/uid/rancher-cluster-nodes-1 HTTP/1.1" 200 13515 "https://harvester.calgaryserver.ca/dashboard/c/local/explorer" "Mozilla/5.0 (Windows NT 10.0; Win64; x64) AppleWebKit/537.36 (KHTML, like Gecko) Chrome/127.0.0.0 Safari/537.36" 1256 0.073 [cattle-system-rancher-80] [] 10.52.1.5:80 13493 0.073 200 a27e661007e7510c933a12314a7eb5aa
2024-08-06T02:36:29.933046952Z 10.52.0.0 - - [06/Aug/2024:02:36:29 +0000] "GET /api/v1/namespaces/cattle-monitoring-system/services/http:rancher-monitoring-grafana:80/proxy/public/fonts/roboto/CWB0XYA8bzo0kSThX0UTuA.woff2 HTTP/1.1" 200 14600 "https://harvester.calgaryserver.ca/api/v1/namespaces/cattle-monitoring-system/services/http:rancher-monitoring-grafana:80/proxy/public/build/grafana.light.54fffb6dcf6204494323.css" "Mozilla/5.0 (Windows NT 10.0; Win64; x64) AppleWebKit/537.36 (KHTML, like Gecko) Chrome/127.0.0.0 Safari/537.36" 1361 0.007 [cattle-system-rancher-80] [] 10.52.2.3:80 14600 0.007 200 23947127c3ee2c91006cbf7d041c1e03
2024-08-06T02:36:31.672406827Z 10.52.0.0 - - [06/Aug/2024:02:36:31 +0000] "GET /api/v1/namespaces/cattle-monitoring-system/services/http:rancher-monitoring-grafana:80/proxy/public/build/271.4993138765ef58062ba5.js HTTP/1.1" 200 4260 "https://harvester.calgaryserver.ca/api/v1/namespaces/cattle-monitoring-system/services/http:rancher-monitoring-grafana:80/proxy/d/rancher-cluster-nodes-1/rancher-cluster-nodes?orgId=1&kiosk&from=now-5m&to=now&refresh=30s&theme=light" "Mozilla/5.0 (Windows NT 10.0; Win64; x64) AppleWebKit/537.36 (KHTML, like Gecko) Chrome/127.0.0.0 Safari/537.36" 1347 0.018 [cattle-system-rancher-80] [] 10.52.1.5:80 4260 0.018 200 7911fdd874369b73243ffc0502e06abe
2024-08-06T02:36:31.885011452Z 10.52.0.0 - - [06/Aug/2024:02:36:31 +0000] "POST /api/v1/namespaces/cattle-monitoring-system/services/http:rancher-monitoring-grafana:80/proxy/api/ds/query HTTP/1.1" 200 8148 "https://harvester.calgaryserver.ca/api/v1/namespaces/cattle-monitoring-system/services/http:rancher-monitoring-grafana:80/proxy/d/rancher-cluster-nodes-1/rancher-cluster-nodes?orgId=1&kiosk&from=now-5m&to=now&refresh=30s&theme=light" "Mozilla/5.0 (Windows NT 10.0; Win64; x64) AppleWebKit/537.36 (KHTML, like Gecko) Chrome/127.0.0.0 Safari/537.36" 2751 0.095 [cattle-system-rancher-80] [] 10.52.1.5:80 8142 0.095 200 d1e874feb684bebb82e9db0c6977ba1e
2024-08-06T02:36:33.040092798Z 10.52.1.0 - - [06/Aug/2024:02:36:33 +0000] "GET /version HTTP/2.0" 200 286 "-" "curl/8.0.1" 36 0.002 [cattle-system-rancher-80] [] 10.52.2.3:80 286 0.003 200 e6ed2cad72cb350654d7ae891af1653d
2024-08-06T02:36:40.429609864Z 10.52.0.0 - - [06/Aug/2024:02:36:40 +0000] "POST /api/v1/namespaces/cattle-monitoring-system/services/http:rancher-monitoring-grafana:80/proxy/api/frontend-metrics HTTP/1.1" 200 4 "https://harvester.calgaryserver.ca/api/v1/namespaces/cattle-monitoring-system/services/http:rancher-monitoring-grafana:80/proxy/d/rancher-cluster-nodes-1/rancher-cluster-nodes?orgId=1&kiosk&from=now-5m&to=now&refresh=30s&theme=light" "Mozilla/5.0 (Windows NT 10.0; Win64; x64) AppleWebKit/537.36 (KHTML, like Gecko) Chrome/127.0.0.0 Safari/537.36" 1743 0.009 [cattle-system-rancher-80] [] 10.52.2.3:80 4 0.008 200 8eb2ebec38180f67615ceb9496387cea
2024-08-06T02:37:00.878118697Z 10.52.0.0 - - [06/Aug/2024:02:37:00 +0000] "POST /api/v1/namespaces/cattle-monitoring-system/services/http:rancher-monitoring-grafana:80/proxy/api/ds/query HTTP/1.1" 200 8146 "https://harvester.calgaryserver.ca/api/v1/namespaces/cattle-monitoring-system/services/http:rancher-monitoring-grafana:80/proxy/d/rancher-cluster-nodes-1/rancher-cluster-nodes?orgId=1&kiosk&from=now-5m&to=now&refresh=30s&theme=light" "Mozilla/5.0 (Windows NT 10.0; Win64; x64) AppleWebKit/537.36 (KHTML, like Gecko) Chrome/127.0.0.0 Safari/537.36" 2751 0.191 [cattle-system-rancher-80] [] 10.52.0.73:80 8138 0.192 200 16aa706a18ec259e92c86c8fc116e106
2024-08-06T02:37:03.033710406Z 10.52.1.0 - - [06/Aug/2024:02:37:03 +0000] "GET /version HTTP/2.0" 200 286 "-" "curl/8.0.1" 36 0.003 [cattle-system-rancher-80] [] 10.52.2.3:80 286 0.002 200 f4ef0f6690974fa61ee8c3f79b6ff831
2024-08-06T02:37:03.558117053Z 10.10.110.232 - - [06/Aug/2024:02:37:03 +0000] "GET /version HTTP/2.0" 200 286 "-" "curl/8.0.1" 36 0.003 [cattle-system-rancher-80] [] 10.52.1.5:80 286 0.003 200 307fe0fce49278792c62ffddb889022c
2024-08-06T02:37:30.714463581Z 10.52.0.0 - - [06/Aug/2024:02:37:30 +0000] "POST /api/v1/namespaces/cattle-monitoring-system/services/http:rancher-monitoring-grafana:80/proxy/api/ds/query HTTP/1.1" 200 3352 "https://harvester.calgaryserver.ca/api/v1/namespaces/cattle-monitoring-system/services/http:rancher-monitoring-grafana:80/proxy/d/rancher-cluster-nodes-1/rancher-cluster-nodes?orgId=1&kiosk&from=now-5m&to=now&refresh=30s&theme=light" "Mozilla/5.0 (Windows NT 10.0; Win64; x64) AppleWebKit/537.36 (KHTML, like Gecko) Chrome/127.0.0.0 Safari/537.36" 2098 0.014 [cattle-system-rancher-80] [] 10.52.2.3:80 3352 0.015 200 bb5b6bfe5f93851165679bfa43bd7a8f
2024-08-06T02:37:30.714524236Z 10.52.0.0 - - [06/Aug/2024:02:37:30 +0000] "POST /api/v1/namespaces/cattle-monitoring-system/services/http:rancher-monitoring-grafana:80/proxy/api/ds/query HTTP/1.1" 200 3076 "https://harvester.calgaryserver.ca/api/v1/namespaces/cattle-monitoring-system/services/http:rancher-monitoring-grafana:80/proxy/d/rancher-cluster-nodes-1/rancher-cluster-nodes?orgId=1&kiosk&from=now-5m&to=now&refresh=30s&theme=light" "Mozilla/5.0 (Windows NT 10.0; Win64; x64) AppleWebKit/537.36 (KHTML, like Gecko) Chrome/127.0.0.0 Safari/537.36" 2042 0.014 [cattle-system-rancher-80] [] 10.52.2.3:80 3076 0.015 200 d6d72e9c680064e7c605f02f44f4fe13
2024-08-06T02:38:03.010369790Z 10.52.1.0 - - [06/Aug/2024:02:38:03 +0000] "GET /version HTTP/2.0" 200 286 "-" "curl/8.0.1" 36 0.002 [cattle-system-rancher-80] [] 10.52.1.5:80 286 0.002 200 f1a0d9a742787d43de2ea042820200d1
2024-08-06T02:38:03.528659098Z 10.10.110.232 - - [06/Aug/2024:02:38:03 +0000] "GET /version HTTP/2.0" 200 286 "-" "curl/8.0.1" 36 0.003 [cattle-system-rancher-80] [] 10.52.0.73:80 286 0.002 200 c2c3cd9ea7c89fdab6f5c9d61dbeb1e7
2024-08-06T02:38:26.389893674Z 10.52.0.0 - - [06/Aug/2024:02:38:26 +0000] "GET /version HTTP/2.0" 200 286 "-" "curl/8.0.1" 36 0.003 [cattle-system-rancher-80] [] 10.52.2.3:80 286 0.003 200 1d65b42e4b31dd1327aebc6943bcd14e
2024-08-06T02:38:30.706080624Z 10.52.0.0 - - [06/Aug/2024:02:38:30 +0000] "POST /api/v1/namespaces/cattle-monitoring-system/services/http:rancher-monitoring-grafana:80/proxy/api/ds/query HTTP/1.1" 200 3077 "https://harvester.calgaryserver.ca/api/v1/namespaces/cattle-monitoring-system/services/http:rancher-monitoring-grafana:80/proxy/d/rancher-cluster-nodes-1/rancher-cluster-nodes?orgId=1&kiosk&from=now-5m&to=now&refresh=30s&theme=light" "Mozilla/5.0 (Windows NT 10.0; Win64; x64) AppleWebKit/537.36 (KHTML, like Gecko) Chrome/127.0.0.0 Safari/537.36" 2042 0.011 [cattle-system-rancher-80] [] 10.52.2.3:80 3077 0.011 200 4303dddf4b19e39186ebb3ab9ad154bf
2024-08-06T02:39:00.730069999Z 10.52.0.0 - - [06/Aug/2024:02:39:00 +0000] "GET /api/v1/namespaces/cattle-monitoring-system/services/http:rancher-monitoring-grafana:80/proxy/api/annotations?from=1722911641691&to=1722911941691&limit=100&matchAny=false&dashboardUID=rancher-cluster-nodes-1 HTTP/1.1" 200 2 "https://harvester.calgaryserver.ca/api/v1/namespaces/cattle-monitoring-system/services/http:rancher-monitoring-grafana:80/proxy/d/rancher-cluster-nodes-1/rancher-cluster-nodes?orgId=1&kiosk&from=now-5m&to=now&refresh=30s&theme=light" "Mozilla/5.0 (Windows NT 10.0; Win64; x64) AppleWebKit/537.36 (KHTML, like Gecko) Chrome/127.0.0.0 Safari/537.36" 1490 0.012 [cattle-system-rancher-80] [] 10.52.0.73:80 2 0.012 200 f12f77c27e489cd43e86c99dd592e758
2024-08-06T02:39:00.732191685Z 10.52.0.0 - - [06/Aug/2024:02:39:00 +0000] "POST /api/v1/namespaces/cattle-monitoring-system/services/http:rancher-monitoring-grafana:80/proxy/api/ds/query HTTP/1.1" 200 3077 "https://harvester.calgaryserver.ca/api/v1/namespaces/cattle-monitoring-system/services/http:rancher-monitoring-grafana:80/proxy/d/rancher-cluster-nodes-1/rancher-cluster-nodes?orgId=1&kiosk&from=now-5m&to=now&refresh=30s&theme=light" "Mozilla/5.0 (Windows NT 10.0; Win64; x64) AppleWebKit/537.36 (KHTML, like Gecko) Chrome/127.0.0.0 Safari/537.36" 2042 0.014 [cattle-system-rancher-80] [] 10.52.2.3:80 3077 0.014 200 c42b99dd9f6e050ecb63f0d2342fbd4d
2024-08-06T02:39:00.878767517Z 10.52.0.0 - - [06/Aug/2024:02:39:00 +0000] "POST /api/v1/namespaces/cattle-monitoring-system/services/http:rancher-monitoring-grafana:80/proxy/api/ds/query HTTP/1.1" 200 8144 "https://harvester.calgaryserver.ca/api/v1/namespaces/cattle-monitoring-system/services/http:rancher-monitoring-grafana:80/proxy/d/rancher-cluster-nodes-1/rancher-cluster-nodes?orgId=1&kiosk&from=now-5m&to=now&refresh=30s&theme=light" "Mozilla/5.0 (Windows NT 10.0; Win64; x64) AppleWebKit/537.36 (KHTML, like Gecko) Chrome/127.0.0.0 Safari/537.36" 2751 0.159 [cattle-system-rancher-80] [] 10.52.0.73:80 8136 0.160 200 317de0540516c97819fd6d30560ed18a
2024-08-06T02:39:03.517725315Z 10.10.110.232 - - [06/Aug/2024:02:39:03 +0000] "GET /version HTTP/2.0" 200 286 "-" "curl/8.0.1" 36 0.003 [cattle-system-rancher-80] [] 10.52.0.73:80 286 0.002 200 a3f7163544f9e7daf5a9b22225cab9ca
2024-08-06T02:39:30.746275891Z 10.52.0.0 - - [06/Aug/2024:02:39:30 +0000] "POST /api/v1/namespaces/cattle-monitoring-system/services/http:rancher-monitoring-grafana:80/proxy/api/ds/query HTTP/1.1" 200 3355 "https://harvester.calgaryserver.ca/api/v1/namespaces/cattle-monitoring-system/services/http:rancher-monitoring-grafana:80/proxy/d/rancher-cluster-nodes-1/rancher-cluster-nodes?orgId=1&kiosk&from=now-5m&to=now&refresh=30s&theme=light" "Mozilla/5.0 (Windows NT 10.0; Win64; x64) AppleWebKit/537.36 (KHTML, like Gecko) Chrome/127.0.0.0 Safari/537.36" 2098 0.013 [cattle-system-rancher-80] [] 10.52.2.3:80 3355 0.014 200 3b390ae6072a1f9c78ddc29a2b7663d9
2024-08-06T02:40:00.731926516Z 10.52.0.0 - - [06/Aug/2024:02:40:00 +0000] "POST /api/v1/namespaces/cattle-monitoring-system/services/http:rancher-monitoring-grafana:80/proxy/api/ds/query HTTP/1.1" 200 3086 "https://harvester.calgaryserver.ca/api/v1/namespaces/cattle-monitoring-system/services/http:rancher-monitoring-grafana:80/proxy/d/rancher-cluster-nodes-1/rancher-cluster-nodes?orgId=1&kiosk&from=now-5m&to=now&refresh=30s&theme=light" "Mozilla/5.0 (Windows NT 10.0; Win64; x64) AppleWebKit/537.36 (KHTML, like Gecko) Chrome/127.0.0.0 Safari/537.36" 2042 0.016 [cattle-system-rancher-80] [] 10.52.2.3:80 3086 0.015 200 98d971c6c4346b310603b38cc9fa47e1
2024-08-06T02:40:03.030959700Z 10.52.1.0 - - [06/Aug/2024:02:40:03 +0000] "GET /version HTTP/2.0" 200 286 "-" "curl/8.0.1" 36 0.002 [cattle-system-rancher-80] [] 10.52.1.5:80 286 0.003 200 dc7cbbebcd7a9c31d5e6ad701319a4bb
2024-08-06T02:40:30.725579327Z 10.52.0.0 - - [06/Aug/2024:02:40:30 +0000] "GET /api/v1/namespaces/cattle-monitoring-system/services/http:rancher-monitoring-grafana:80/proxy/api/annotations?from=1722911731699&to=1722912031699&limit=100&matchAny=false&dashboardUID=rancher-cluster-nodes-1 HTTP/1.1" 200 2 "https://harvester.calgaryserver.ca/api/v1/namespaces/cattle-monitoring-system/services/http:rancher-monitoring-grafana:80/proxy/d/rancher-cluster-nodes-1/rancher-cluster-nodes?orgId=1&kiosk&from=now-5m&to=now&refresh=30s&theme=light" "Mozilla/5.0 (Windows NT 10.0; Win64; x64) AppleWebKit/537.36 (KHTML, like Gecko) Chrome/127.0.0.0 Safari/537.36" 1490 0.008 [cattle-system-rancher-80] [] 10.52.0.73:80 2 0.007 200 e0cefa3fee7f0af102c8b0f705258a2d
2024-08-06T02:40:30.735344329Z 10.52.0.0 - - [06/Aug/2024:02:40:30 +0000] "POST /api/v1/namespaces/cattle-monitoring-system/services/http:rancher-monitoring-grafana:80/proxy/api/ds/query HTTP/1.1" 200 8143 "https://harvester.calgaryserver.ca/api/v1/namespaces/cattle-monitoring-system/services/http:rancher-monitoring-grafana:80/proxy/d/rancher-cluster-nodes-1/rancher-cluster-nodes?orgId=1&kiosk&from=now-5m&to=now&refresh=30s&theme=light" "Mozilla/5.0 (Windows NT 10.0; Win64; x64) AppleWebKit/537.36 (KHTML, like Gecko) Chrome/127.0.0.0 Safari/537.36" 2751 0.015 [cattle-system-rancher-80] [] 10.52.2.3:80 8129 0.015 200 d3b02911f5550ac9c839531ef170e3ea
2024-08-06T02:40:30.736425153Z 10.52.0.0 - - [06/Aug/2024:02:40:30 +0000] "POST /api/v1/namespaces/cattle-monitoring-system/services/http:rancher-monitoring-grafana:80/proxy/api/ds/query HTTP/1.1" 200 3084 "https://harvester.calgaryserver.ca/api/v1/namespaces/cattle-monitoring-system/services/http:rancher-monitoring-grafana:80/proxy/d/rancher-cluster-nodes-1/rancher-cluster-nodes?orgId=1&kiosk&from=now-5m&to=now&refresh=30s&theme=light" "Mozilla/5.0 (Windows NT 10.0; Win64; x64) AppleWebKit/537.36 (KHTML, like Gecko) Chrome/127.0.0.0 Safari/537.36" 2042 0.010 [cattle-system-rancher-80] [] 10.52.0.73:80 3084 0.009 200 65bc62a2f142bb6fca46bbe7a010db45
