2024-08-06T04:24:13.478266253Z 10.52.0.0 - - [06/Aug/2024:04:24:13 +0000] "GET /v1/harvester/longhorn.io.nodes?limit=1 HTTP/1.1" 200 2016 "https://harvester.calgaryserver.ca/dashboard/harvester/c/local/support" "Mozilla/5.0 (Windows NT 10.0; Win64; x64) AppleWebKit/537.36 (KHTML, like Gecko) Chrome/127.0.0.0 Safari/537.36" 1168 0.013 [cattle-system-rancher-80] [] 10.52.0.73:80 2016 0.013 200 24c770ed3f13ed41b25cecb066e885c5
2024-08-06T04:24:13.479781865Z 10.52.0.0 - - [06/Aug/2024:04:24:13 +0000] "GET /v1/harvester/harvesterhci.io.blockdevices?limit=1 HTTP/1.1" 200 1526 "https://harvester.calgaryserver.ca/dashboard/harvester/c/local/support" "Mozilla/5.0 (Windows NT 10.0; Win64; x64) AppleWebKit/537.36 (KHTML, like Gecko) Chrome/127.0.0.0 Safari/537.36" 1179 0.008 [cattle-system-rancher-80] [] 10.52.0.73:80 1526 0.009 200 1b8a7b1f03518638f7f9e49163bccaaa
2024-08-06T04:24:23.065016510Z 10.52.2.0 - - [06/Aug/2024:04:24:23 +0000] "GET /version HTTP/2.0" 200 286 "-" "curl/8.0.1" 36 0.003 [cattle-system-rancher-80] [] 10.52.0.73:80 286 0.003 200 004710b80dbdab850e5a7bd6cffbb32e
2024-08-06T04:24:26.343856012Z 10.52.0.0 - - [06/Aug/2024:04:24:26 +0000] "GET /version HTTP/2.0" 200 286 "-" "curl/8.0.1" 36 0.002 [cattle-system-rancher-80] [] 10.52.2.3:80 286 0.002 200 b41e25dc258373ca2338fc6a8d0f0c64
2024-08-06T04:25:03.005713274Z 10.52.1.0 - - [06/Aug/2024:04:25:03 +0000] "GET /version HTTP/2.0" 200 286 "-" "curl/8.0.1" 36 0.002 [cattle-system-rancher-80] [] 10.52.1.5:80 286 0.002 200 0dd37a3b45a0257f239693310277303f
2024-08-06T04:25:03.503430995Z 10.10.110.232 - - [06/Aug/2024:04:25:03 +0000] "GET /version HTTP/2.0" 200 286 "-" "curl/8.0.1" 36 0.003 [cattle-system-rancher-80] [] 10.52.2.3:80 286 0.002 200 955854b747e3a55460cbf3accae3293b
2024-08-06T04:25:33.015938142Z 10.52.1.0 - - [06/Aug/2024:04:25:33 +0000] "GET /version HTTP/2.0" 200 286 "-" "curl/8.0.1" 36 0.003 [cattle-system-rancher-80] [] 10.52.0.73:80 286 0.002 200 273e9a2920406caf2a015edff6b89468
2024-08-06T04:25:53.085107139Z 10.52.2.0 - - [06/Aug/2024:04:25:53 +0000] "GET /version HTTP/2.0" 200 286 "-" "curl/8.0.1" 36 0.002 [cattle-system-rancher-80] [] 10.52.2.3:80 286 0.003 200 c9230e70990a2376c899756e5a737baf
2024-08-06T04:26:33.032153478Z 10.52.1.0 - - [06/Aug/2024:04:26:33 +0000] "GET /version HTTP/2.0" 200 286 "-" "curl/8.0.1" 36 0.002 [cattle-system-rancher-80] [] 10.52.2.3:80 286 0.003 200 178e88b840665a3b1338f02775b51f7e
2024-08-06T04:26:53.091306434Z 10.52.2.0 - - [06/Aug/2024:04:26:53 +0000] "GET /version HTTP/2.0" 200 286 "-" "curl/8.0.1" 36 0.002 [cattle-system-rancher-80] [] 10.52.0.73:80 286 0.003 200 2eb632cb8596bae31fac0b825a8fc080
2024-08-06T04:27:03.017087069Z 10.52.1.0 - - [06/Aug/2024:04:27:03 +0000] "GET /version HTTP/2.0" 200 286 "-" "curl/8.0.1" 36 0.003 [cattle-system-rancher-80] [] 10.52.0.73:80 286 0.003 200 3f464c16d4e65245adaf50f0513bcb15
2024-08-06T04:27:03.511945218Z 10.10.110.232 - - [06/Aug/2024:04:27:03 +0000] "GET /version HTTP/2.0" 200 286 "-" "curl/8.0.1" 36 0.003 [cattle-system-rancher-80] [] 10.52.2.3:80 286 0.003 200 db9e46b70e9c16d688a7f90afd5dd928
2024-08-06T04:27:26.386617410Z 10.52.0.0 - - [06/Aug/2024:04:27:26 +0000] "GET /version HTTP/2.0" 200 286 "-" "curl/8.0.1" 36 0.003 [cattle-system-rancher-80] [] 10.52.0.73:80 286 0.002 200 710de14ece4bc2a28584cb6a250db065
2024-08-06T04:27:56.379484734Z 10.52.0.0 - - [06/Aug/2024:04:27:56 +0000] "GET /version HTTP/2.0" 200 286 "-" "curl/8.0.1" 36 0.002 [cattle-system-rancher-80] [] 10.52.0.73:80 286 0.002 200 163e04d55f924bd383514a1a0f546e2e
2024-08-06T04:28:03.498088044Z 10.10.110.232 - - [06/Aug/2024:04:28:03 +0000] "GET /version HTTP/2.0" 200 286 "-" "curl/8.0.1" 36 0.002 [cattle-system-rancher-80] [] 10.52.1.5:80 286 0.002 200 48e64279e4d8dd7eecac6e77c0c48144
2024-08-06T04:28:33.029621351Z 10.52.1.0 - - [06/Aug/2024:04:28:33 +0000] "GET /version HTTP/2.0" 200 286 "-" "curl/8.0.1" 36 0.003 [cattle-system-rancher-80] [] 10.52.2.3:80 286 0.002 200 bfdbe157d16d90cab19781d3f5384ed5
2024-08-06T04:28:56.392169080Z 10.52.0.0 - - [06/Aug/2024:04:28:56 +0000] "GET /version HTTP/2.0" 200 286 "-" "curl/8.0.1" 36 0.002 [cattle-system-rancher-80] [] 10.52.2.3:80 286 0.002 200 84872b535e5c30cadc444f2ddfc6c812
2024-08-06T04:29:26.356583077Z 10.52.0.0 - - [06/Aug/2024:04:29:26 +0000] "GET /version HTTP/2.0" 200 286 "-" "curl/8.0.1" 36 0.002 [cattle-system-rancher-80] [] 10.52.1.5:80 286 0.003 200 08a858389af5c052cb48d06cd3f5c8c4
2024-08-06T04:30:23.064678673Z 10.52.2.0 - - [06/Aug/2024:04:30:23 +0000] "GET /version HTTP/2.0" 200 286 "-" "curl/8.0.1" 36 0.002 [cattle-system-rancher-80] [] 10.52.1.5:80 286 0.003 200 f0f71c824af9590da2eceae76a0900f8
2024-08-06T04:32:26.362925540Z 10.52.0.0 - - [06/Aug/2024:04:32:26 +0000] "GET /version HTTP/2.0" 200 286 "-" "curl/8.0.1" 36 0.002 [cattle-system-rancher-80] [] 10.52.2.3:80 286 0.002 200 d353090035bd32fdcc94cb99da01519f
2024-08-06T04:32:56.362602461Z 10.52.0.0 - - [06/Aug/2024:04:32:56 +0000] "GET /version HTTP/2.0" 200 286 "-" "curl/8.0.1" 36 0.003 [cattle-system-rancher-80] [] 10.52.0.73:80 286 0.002 200 b87cab7861e716facc6e429103cb53f9
2024-08-06T04:33:02.988452113Z 10.52.1.0 - - [06/Aug/2024:04:33:02 +0000] "GET /version HTTP/2.0" 200 286 "-" "curl/8.0.1" 36 0.003 [cattle-system-rancher-80] [] 10.52.0.73:80 286 0.002 200 a56a88732073da8428634e7107582927
2024-08-06T04:33:03.515547086Z 10.10.110.232 - - [06/Aug/2024:04:33:03 +0000] "GET /version HTTP/2.0" 200 286 "-" "curl/8.0.1" 36 0.002 [cattle-system-rancher-80] [] 10.52.0.73:80 286 0.002 200 bd440c4f7e69192a9d87bcdb3f728dd0
2024-08-06T04:33:23.073742754Z 10.52.2.0 - - [06/Aug/2024:04:33:23 +0000] "GET /version HTTP/2.0" 200 286 "-" "curl/8.0.1" 36 0.003 [cattle-system-rancher-80] [] 10.52.2.3:80 286 0.002 200 be1b089a641874d79122215b4130eb46
2024-08-06T04:33:33.025812878Z 10.52.1.0 - - [06/Aug/2024:04:33:33 +0000] "GET /version HTTP/2.0" 200 286 "-" "curl/8.0.1" 36 0.002 [cattle-system-rancher-80] [] 10.52.2.3:80 286 0.002 200 3f85e19d4f3e48859ed13c696a22c94a
2024-08-06T04:33:53.093989446Z 10.52.2.0 - - [06/Aug/2024:04:33:53 +0000] "GET /version HTTP/2.0" 200 286 "-" "curl/8.0.1" 36 0.002 [cattle-system-rancher-80] [] 10.52.0.73:80 286 0.003 200 7a89fa49b3455158f051e9f33262a79f
2024-08-06T04:34:23.090218875Z 10.52.2.0 - - [06/Aug/2024:04:34:23 +0000] "GET /version HTTP/2.0" 200 286 "-" "curl/8.0.1" 36 0.002 [cattle-system-rancher-80] [] 10.52.2.3:80 286 0.002 200 11e9198903352fc20ac3686b6e386649
2024-08-06T04:34:33.516066769Z 10.10.110.232 - - [06/Aug/2024:04:34:33 +0000] "GET /version HTTP/2.0" 200 286 "-" "curl/8.0.1" 36 0.002 [cattle-system-rancher-80] [] 10.52.0.73:80 286 0.003 200 dbf97e1695150e74c5738429fc71c400
2024-08-06T04:35:03.006321575Z 10.52.1.0 - - [06/Aug/2024:04:35:03 +0000] "GET /version HTTP/2.0" 200 286 "-" "curl/8.0.1" 36 0.002 [cattle-system-rancher-80] [] 10.52.0.73:80 286 0.002 200 c68c150e0fbdc184de353dca086853b4
2024-08-06T04:36:03.040209796Z 10.52.1.0 - - [06/Aug/2024:04:36:03 +0000] "GET /version HTTP/2.0" 200 286 "-" "curl/8.0.1" 36 0.002 [cattle-system-rancher-80] [] 10.52.1.5:80 286 0.002 200 71c98b8042163db8643174104a571d83
2024-08-06T04:37:03.492363861Z 10.10.110.232 - - [06/Aug/2024:04:37:03 +0000] "GET /version HTTP/2.0" 200 286 "-" "curl/8.0.1" 36 0.003 [cattle-system-rancher-80] [] 10.52.1.5:80 286 0.004 200 52789808d1164b1bb852cd14b295ff1f
2024-08-06T04:37:33.485660825Z 10.10.110.232 - - [06/Aug/2024:04:37:33 +0000] "GET /version HTTP/2.0" 200 286 "-" "curl/8.0.1" 36 0.003 [cattle-system-rancher-80] [] 10.52.1.5:80 286 0.002 200 e715066c4efe9470200c89bc6ff0998f
2024-08-06T04:38:26.366803392Z 10.52.0.0 - - [06/Aug/2024:04:38:26 +0000] "GET /version HTTP/2.0" 200 286 "-" "curl/8.0.1" 36 0.003 [cattle-system-rancher-80] [] 10.52.0.73:80 286 0.002 200 90f1c537575a5be06dea118c3b45e889
2024-08-06T04:39:03.013814262Z 10.52.1.0 - - [06/Aug/2024:04:39:03 +0000] "GET /version HTTP/2.0" 200 286 "-" "curl/8.0.1" 36 0.002 [cattle-system-rancher-80] [] 10.52.0.73:80 286 0.002 200 9deb2a9b5edbb3f16fd9a4a035c22ceb
2024-08-06T04:40:26.347291124Z 10.52.0.0 - - [06/Aug/2024:04:40:26 +0000] "GET /version HTTP/2.0" 200 286 "-" "curl/8.0.1" 36 0.002 [cattle-system-rancher-80] [] 10.52.2.3:80 286 0.003 200 cebeb31f5697c29f25bb3b588f97bf0f
2024-08-06T04:40:53.086874384Z 10.52.2.0 - - [06/Aug/2024:04:40:53 +0000] "GET /version HTTP/2.0" 200 286 "-" "curl/8.0.1" 36 0.003 [cattle-system-rancher-80] [] 10.52.1.5:80 286 0.002 200 45773221946ea686332d691a905841c8
2024-08-06T04:41:53.090569972Z 10.52.2.0 - - [06/Aug/2024:04:41:53 +0000] "GET /version HTTP/2.0" 200 286 "-" "curl/8.0.1" 36 0.002 [cattle-system-rancher-80] [] 10.52.2.3:80 286 0.002 200 ba72e7e21796d1cc6a9c1088ec497edb
2024-08-06T04:42:23.113237941Z 10.52.2.0 - - [06/Aug/2024:04:42:23 +0000] "GET /version HTTP/2.0" 200 286 "-" "curl/8.0.1" 36 0.003 [cattle-system-rancher-80] [] 10.52.2.3:80 286 0.003 200 ff65aa6cf56707a3b5922d93dbc374b3
2024-08-06T04:42:26.393300668Z 10.52.0.0 - - [06/Aug/2024:04:42:26 +0000] "GET /version HTTP/2.0" 200 286 "-" "curl/8.0.1" 36 0.002 [cattle-system-rancher-80] [] 10.52.2.3:80 286 0.003 200 28717f2f53175f7fd3fe0964697d10ef
2024-08-06T04:42:33.019124540Z 10.52.1.0 - - [06/Aug/2024:04:42:33 +0000] "GET /version HTTP/2.0" 200 286 "-" "curl/8.0.1" 36 0.002 [cattle-system-rancher-80] [] 10.52.1.5:80 286 0.002 200 422992c563aa8373fce95138731544c3
2024-08-06T04:42:33.507167999Z 10.10.110.232 - - [06/Aug/2024:04:42:33 +0000] "GET /version HTTP/2.0" 200 286 "-" "curl/8.0.1" 36 0.002 [cattle-system-rancher-80] [] 10.52.2.3:80 286 0.002 200 c956bfda89e9ec6e146f7c6126994e52
2024-08-06T04:42:53.070843990Z 10.52.2.0 - - [06/Aug/2024:04:42:53 +0000] "GET /version HTTP/2.0" 200 286 "-" "curl/8.0.1" 36 0.003 [cattle-system-rancher-80] [] 10.52.1.5:80 286 0.002 200 1e8b36b947ea4592e3adfb7a1892c290
2024-08-06T04:43:02.992781872Z 10.52.1.0 - - [06/Aug/2024:04:43:02 +0000] "GET /version HTTP/2.0" 200 286 "-" "curl/8.0.1" 36 0.003 [cattle-system-rancher-80] [] 10.52.1.5:80 286 0.002 200 3bf37c90d15cf2b81c09c63fef5c4cc0
2024-08-06T04:43:53.087616837Z 10.52.2.0 - - [06/Aug/2024:04:43:53 +0000] "GET /version HTTP/2.0" 200 286 "-" "curl/8.0.1" 36 0.003 [cattle-system-rancher-80] [] 10.52.2.3:80 286 0.002 200 6b1ebbbb6340eca24056ef10eb86a06b
2024-08-06T04:43:56.382729617Z 10.52.0.0 - - [06/Aug/2024:04:43:56 +0000] "GET /version HTTP/2.0" 200 286 "-" "curl/8.0.1" 36 0.003 [cattle-system-rancher-80] [] 10.52.0.73:80 286 0.002 200 d0c312a7ba30992f1f262856c7669d08
2024-08-06T04:44:23.100723710Z 10.52.2.0 - - [06/Aug/2024:04:44:23 +0000] "GET /version HTTP/2.0" 200 286 "-" "curl/8.0.1" 36 0.003 [cattle-system-rancher-80] [] 10.52.1.5:80 286 0.002 200 2b1b328c1b64ce43cefeaacbe50da8f3
2024-08-06T04:44:26.348937987Z 10.52.0.0 - - [06/Aug/2024:04:44:26 +0000] "GET /version HTTP/2.0" 200 286 "-" "curl/8.0.1" 36 0.003 [cattle-system-rancher-80] [] 10.52.2.3:80 286 0.003 200 3c907b62d3b3c68da4ee0f178b3ec8d4
2024-08-06T04:44:56.367851844Z 10.52.0.0 - - [06/Aug/2024:04:44:56 +0000] "GET /version HTTP/2.0" 200 286 "-" "curl/8.0.1" 36 0.003 [cattle-system-rancher-80] [] 10.52.0.73:80 286 0.003 200 72b186f611f00d3f2f7b1587298d3bc4
2024-08-06T04:46:03.025527114Z 10.52.1.0 - - [06/Aug/2024:04:46:03 +0000] "GET /version HTTP/2.0" 200 286 "-" "curl/8.0.1" 36 0.003 [cattle-system-rancher-80] [] 10.52.1.5:80 286 0.003 200 f2c9763beee49246a8371ab05c6f971a
2024-08-06T04:46:33.540377784Z 10.10.110.232 - - [06/Aug/2024:04:46:33 +0000] "GET /version HTTP/2.0" 200 286 "-" "curl/8.0.1" 36 0.002 [cattle-system-rancher-80] [] 10.52.2.3:80 286 0.003 200 77c807e604819195f142fef0990948cf
2024-08-06T04:47:23.100865965Z 10.52.2.0 - - [06/Aug/2024:04:47:23 +0000] "GET /version HTTP/2.0" 200 286 "-" "curl/8.0.1" 36 0.003 [cattle-system-rancher-80] [] 10.52.1.5:80 286 0.003 200 536794514e2de15fc004b47f4a396074
2024-08-06T04:47:26.361442914Z 10.52.0.0 - - [06/Aug/2024:04:47:26 +0000] "GET /version HTTP/2.0" 200 286 "-" "curl/8.0.1" 36 0.002 [cattle-system-rancher-80] [] 10.52.1.5:80 286 0.002 200 f21658f04493891e0a4545b6331f1224
2024-08-06T04:47:33.033060616Z 10.52.1.0 - - [06/Aug/2024:04:47:33 +0000] "GET /version HTTP/2.0" 200 286 "-" "curl/8.0.1" 36 0.003 [cattle-system-rancher-80] [] 10.52.2.3:80 286 0.002 200 1b3d3cf0c38a1d54546ec7bac89eece3
2024-08-06T04:48:23.062451032Z 10.52.2.0 - - [06/Aug/2024:04:48:23 +0000] "GET /version HTTP/2.0" 200 286 "-" "curl/8.0.1" 36 0.003 [cattle-system-rancher-80] [] 10.52.0.73:80 286 0.002 200 8046e8c695ddf984527b6abd46ad5bea
2024-08-06T04:48:33.526849242Z 10.10.110.232 - - [06/Aug/2024:04:48:33 +0000] "GET /version HTTP/2.0" 200 286 "-" "curl/8.0.1" 36 0.003 [cattle-system-rancher-80] [] 10.52.1.5:80 286 0.002 200 3ac7898c04b5cf77aa9e505d33a7cb79
2024-08-06T04:49:18.466262822Z 10.52.0.0 - - [06/Aug/2024:04:49:18 +0000] "GET /v1/batch.cronjobs?limit=1 HTTP/1.1" 200 163 "https://harvester.calgaryserver.ca/dashboard/c/local/explorer/apps.statefulset" "Mozilla/5.0 (Windows NT 10.0; Win64; x64) AppleWebKit/537.36 (KHTML, like Gecko) Chrome/127.0.0.0 Safari/537.36" 1163 0.005 [cattle-system-rancher-80] [] 10.52.2.3:80 163 0.005 200 91c31e8a867f706ea290bbc9ab586fe3
2024-08-06T04:49:18.470808260Z 10.52.0.0 - - [06/Aug/2024:04:49:18 +0000] "GET /v1/apps.deployments?limit=1 HTTP/1.1" 200 2845 "https://harvester.calgaryserver.ca/dashboard/c/local/explorer/apps.statefulset" "Mozilla/5.0 (Windows NT 10.0; Win64; x64) AppleWebKit/537.36 (KHTML, like Gecko) Chrome/127.0.0.0 Safari/537.36" 1165 0.009 [cattle-system-rancher-80] [] 10.52.2.3:80 2852 0.008 200 52a8c3bd801ad314b10342b4c812ab11
2024-08-06T04:49:56.373888772Z 10.52.0.0 - - [06/Aug/2024:04:49:56 +0000] "GET /version HTTP/2.0" 200 286 "-" "curl/8.0.1" 36 0.003 [cattle-system-rancher-80] [] 10.52.1.5:80 286 0.002 200 d142e699c821de21d21f32fd505761ec
2024-08-06T04:50:03.503185263Z 10.10.110.232 - - [06/Aug/2024:04:50:03 +0000] "GET /version HTTP/2.0" 200 286 "-" "curl/8.0.1" 36 0.002 [cattle-system-rancher-80] [] 10.52.0.73:80 286 0.002 200 1cb73aea0db097bb29ddfb11b855aa43
2024-08-06T04:50:04.460212266Z 10.52.0.0 - - [06/Aug/2024:04:50:04 +0000] "GET /v1/provisioning.cattle.io.clusters?limit=1 HTTP/1.1" 200 1965 "https://harvester.calgaryserver.ca/dashboard/c/local/explorer/apps.statefulset" "Mozilla/5.0 (Windows NT 10.0; Win64; x64) AppleWebKit/537.36 (KHTML, like Gecko) Chrome/127.0.0.0 Safari/537.36" 1180 0.007 [cattle-system-rancher-80] [] 10.52.0.73:80 1965 0.008 200 9e2bcd60772d3ca660ab84d51f663c64
2024-08-06T04:50:33.480465710Z 10.10.110.232 - - [06/Aug/2024:04:50:33 +0000] "GET /version HTTP/2.0" 200 286 "-" "curl/8.0.1" 36 0.003 [cattle-system-rancher-80] [] 10.52.0.73:80 286 0.002 200 b413f4bea887df30370f050f615fe686
2024-08-06T04:51:03.504035931Z 10.10.110.232 - - [06/Aug/2024:04:51:03 +0000] "GET /version HTTP/2.0" 200 286 "-" "curl/8.0.1" 36 0.002 [cattle-system-rancher-80] [] 10.52.0.73:80 286 0.003 200 0924c310ff2ed58ab2af96692e7f456d
2024-08-06T04:51:23.076547406Z 10.52.2.0 - - [06/Aug/2024:04:51:23 +0000] "GET /version HTTP/2.0" 200 286 "-" "curl/8.0.1" 36 0.002 [cattle-system-rancher-80] [] 10.52.1.5:80 286 0.003 200 fc31e72dc547391f22bd88266d8e68fa
2024-08-06T04:51:33.006781579Z 10.52.1.0 - - [06/Aug/2024:04:51:33 +0000] "GET /version HTTP/2.0" 200 286 "-" "curl/8.0.1" 36 0.003 [cattle-system-rancher-80] [] 10.52.2.3:80 286 0.002 200 9f82ff30851c2ad9c019fb115a3e9a2e
2024-08-06T04:51:58.476825544Z 10.52.0.0 - - [06/Aug/2024:04:51:58 +0000] "GET /v1/harvester/harvesterhci.io.upgrades?limit=1 HTTP/1.1" 200 172 "https://harvester.calgaryserver.ca/dashboard/harvester/c/local/support" "Mozilla/5.0 (Windows NT 10.0; Win64; x64) AppleWebKit/537.36 (KHTML, like Gecko) Chrome/127.0.0.0 Safari/537.36" 1175 0.008 [cattle-system-rancher-80] [] 10.52.0.73:80 172 0.008 200 6823cf9647f4764aa279607567ae6099
2024-08-06T04:51:59.457466241Z 10.52.0.0 - - [06/Aug/2024:04:51:59 +0000] "GET /v1/namespaces?limit=1 HTTP/1.1" 200 1303 "https://harvester.calgaryserver.ca/dashboard/harvester/c/local/support" "Mozilla/5.0 (Windows NT 10.0; Win64; x64) AppleWebKit/537.36 (KHTML, like Gecko) Chrome/127.0.0.0 Safari/537.36" 1151 0.009 [cattle-system-rancher-80] [] 10.52.2.3:80 1303 0.009 200 2db332eebf148751d48bfaf8611c3245
2024-08-06T04:51:59.461147318Z 10.52.0.0 - - [06/Aug/2024:04:51:59 +0000] "GET /v1/catalog.cattle.io.apps?limit=1 HTTP/1.1" 200 2453 "https://harvester.calgaryserver.ca/dashboard/harvester/c/local/support" "Mozilla/5.0 (Windows NT 10.0; Win64; x64) AppleWebKit/537.36 (KHTML, like Gecko) Chrome/127.0.0.0 Safari/537.36" 1163 0.012 [cattle-system-rancher-80] [] 10.52.2.3:80 2460 0.012 200 04f4d9a1efe71e7bb41482bdb644dafd
2024-08-06T04:52:00.455695876Z 10.52.0.0 - - [06/Aug/2024:04:52:00 +0000] "GET /v1/apps.daemonsets?limit=1 HTTP/1.1" 200 3449 "https://harvester.calgaryserver.ca/dashboard/c/local/explorer/apps.statefulset" "Mozilla/5.0 (Windows NT 10.0; Win64; x64) AppleWebKit/537.36 (KHTML, like Gecko) Chrome/127.0.0.0 Safari/537.36" 1164 0.012 [cattle-system-rancher-80] [] 10.52.1.5:80 3456 0.011 200 7436070cfeb12a8f5c7a42e44af242ec
2024-08-06T04:52:00.457371940Z 10.52.0.0 - - [06/Aug/2024:04:52:00 +0000] "GET /v1/pods?limit=1 HTTP/1.1" 200 2663 "https://harvester.calgaryserver.ca/dashboard/c/local/explorer/apps.statefulset" "Mozilla/5.0 (Windows NT 10.0; Win64; x64) AppleWebKit/537.36 (KHTML, like Gecko) Chrome/127.0.0.0 Safari/537.36" 1153 0.011 [cattle-system-rancher-80] [] 10.52.1.5:80 2670 0.012 200 ec7f91670e666b233987adaade2c1c0a
2024-08-06T04:52:00.458581854Z 10.52.0.0 - - [06/Aug/2024:04:52:00 +0000] "GET /v1/services?limit=1 HTTP/1.1" 200 1172 "https://harvester.calgaryserver.ca/dashboard/c/local/explorer/apps.statefulset" "Mozilla/5.0 (Windows NT 10.0; Win64; x64) AppleWebKit/537.36 (KHTML, like Gecko) Chrome/127.0.0.0 Safari/537.36" 1157 0.011 [cattle-system-rancher-80] [] 10.52.2.3:80 1172 0.010 200 84344e7cbaba79f02f07922193e072b9
2024-08-06T04:52:00.460119346Z 10.52.0.0 - - [06/Aug/2024:04:52:00 +0000] "GET /v1/management.cattle.io.features?limit=1 HTTP/1.1" 200 797 "https://harvester.calgaryserver.ca/dashboard/c/local/explorer/apps.statefulset" "Mozilla/5.0 (Windows NT 10.0; Win64; x64) AppleWebKit/537.36 (KHTML, like Gecko) Chrome/127.0.0.0 Safari/537.36" 1178 0.008 [cattle-system-rancher-80] [] 10.52.2.3:80 797 0.008 200 6b37adde723494b5de4d45302b1454f5
2024-08-06T04:53:03.016714141Z 10.52.1.0 - - [06/Aug/2024:04:53:03 +0000] "GET /version HTTP/2.0" 200 286 "-" "curl/8.0.1" 36 0.003 [cattle-system-rancher-80] [] 10.52.0.73:80 286 0.002 200 4284d4e4935f4e39d2770bf3889e7488
2024-08-06T04:53:09.451588608Z 10.52.0.0 - - [06/Aug/2024:04:53:09 +0000] "GET /v1/devices.harvesterhci.io.sriovgpudevices?limit=1 HTTP/1.1" 200 936 "https://harvester.calgaryserver.ca/dashboard/c/local/explorer/apps.statefulset" "Mozilla/5.0 (Windows NT 10.0; Win64; x64) AppleWebKit/537.36 (KHTML, like Gecko) Chrome/127.0.0.0 Safari/537.36" 1188 0.006 [cattle-system-rancher-80] [] 10.52.1.5:80 936 0.005 200 3e8730a0ddc2fe044e54d87fffed9082
2024-08-06T04:53:41.463817379Z 10.52.0.0 - - [06/Aug/2024:04:53:41 +0000] "GET /v1/rbac.authorization.k8s.io.clusterroles?limit=1 HTTP/1.1" 200 2222 "https://harvester.calgaryserver.ca/dashboard/c/local/explorer/apps.statefulset" "Mozilla/5.0 (Windows NT 10.0; Win64; x64) AppleWebKit/537.36 (KHTML, like Gecko) Chrome/127.0.0.0 Safari/537.36" 1187 0.012 [cattle-system-rancher-80] [] 10.52.0.73:80 2228 0.011 200 cc345906ea290ca75c6c64ac021b38d2
2024-08-06T04:54:19.459643177Z 10.52.0.0 - - [06/Aug/2024:04:54:19 +0000] "GET /v1/harvester/metal.harvesterhci.io.inventories?limit=1 HTTP/1.1" 200 178 "https://harvester.calgaryserver.ca/dashboard/harvester/c/local/support" "Mozilla/5.0 (Windows NT 10.0; Win64; x64) AppleWebKit/537.36 (KHTML, like Gecko) Chrome/127.0.0.0 Safari/537.36" 1184 0.007 [cattle-system-rancher-80] [] 10.52.1.5:80 178 0.007 200 6ce7dbdcf017be8e8e5cd8cc809c3782
2024-08-06T04:54:21.444960914Z 10.52.0.0 - - [06/Aug/2024:04:54:21 +0000] "GET /v1/harvester/pods?limit=1 HTTP/1.1" 200 2661 "https://harvester.calgaryserver.ca/dashboard/harvester/c/local/support" "Mozilla/5.0 (Windows NT 10.0; Win64; x64) AppleWebKit/537.36 (KHTML, like Gecko) Chrome/127.0.0.0 Safari/537.36" 1155 0.012 [cattle-system-rancher-80] [] 10.52.1.5:80 2661 0.012 200 05aeebbd9c00f562c3107c10d22cb377
2024-08-06T04:55:33.032549127Z 10.52.1.0 - - [06/Aug/2024:04:55:33 +0000] "GET /version HTTP/2.0" 200 286 "-" "curl/8.0.1" 36 0.003 [cattle-system-rancher-80] [] 10.52.2.3:80 286 0.003 200 79c7de779c26d87b675ded2165f4a38a
2024-08-06T04:56:03.017734354Z 10.52.1.0 - - [06/Aug/2024:04:56:03 +0000] "GET /version HTTP/2.0" 200 286 "-" "curl/8.0.1" 36 0.003 [cattle-system-rancher-80] [] 10.52.2.3:80 286 0.002 200 53932f78334f5478faf5b7068affe3bd
2024-08-06T04:56:33.532111172Z 10.10.110.232 - - [06/Aug/2024:04:56:33 +0000] "GET /version HTTP/2.0" 200 286 "-" "curl/8.0.1" 36 0.002 [cattle-system-rancher-80] [] 10.52.0.73:80 286 0.002 200 2eca7a64651ebbc56180c6545e07b380
2024-08-06T04:57:03.019794909Z 10.52.1.0 - - [06/Aug/2024:04:57:03 +0000] "GET /version HTTP/2.0" 200 286 "-" "curl/8.0.1" 36 0.003 [cattle-system-rancher-80] [] 10.52.1.5:80 286 0.002 200 b862930bfbf07890b7540d8a1390a7a7
2024-08-06T04:57:03.543690499Z 10.10.110.232 - - [06/Aug/2024:04:57:03 +0000] "GET /version HTTP/2.0" 200 286 "-" "curl/8.0.1" 36 0.003 [cattle-system-rancher-80] [] 10.52.1.5:80 286 0.002 200 6e621c8c230a4c0df95d95c1b0e5649e
2024-08-06T04:57:56.356061890Z 10.52.0.0 - - [06/Aug/2024:04:57:56 +0000] "GET /version HTTP/2.0" 200 286 "-" "curl/8.0.1" 36 0.002 [cattle-system-rancher-80] [] 10.52.2.3:80 286 0.003 200 8dac4b5262e334adfdbf0d8a528d5e8f
2024-08-06T04:58:23.048318749Z 10.52.2.0 - - [06/Aug/2024:04:58:23 +0000] "GET /version HTTP/2.0" 200 286 "-" "curl/8.0.1" 36 0.002 [cattle-system-rancher-80] [] 10.52.0.73:80 286 0.002 200 3cd20ba334d17243d7c474148a5c97a3
2024-08-06T04:58:33.039567286Z 10.52.1.0 - - [06/Aug/2024:04:58:33 +0000] "GET /version HTTP/2.0" 200 286 "-" "curl/8.0.1" 36 0.002 [cattle-system-rancher-80] [] 10.52.0.73:80 286 0.003 200 3bf93e29bae36ed78a48981649233def
2024-08-06T04:59:03.486342369Z 10.10.110.232 - - [06/Aug/2024:04:59:03 +0000] "GET /version HTTP/2.0" 200 286 "-" "curl/8.0.1" 36 0.002 [cattle-system-rancher-80] [] 10.52.1.5:80 286 0.003 200 c8121aa7b7469cd1969354bd1bcc4a24
2024-08-06T04:59:23.060605599Z 10.52.2.0 - - [06/Aug/2024:04:59:23 +0000] "GET /version HTTP/2.0" 200 286 "-" "curl/8.0.1" 36 0.002 [cattle-system-rancher-80] [] 10.52.0.73:80 286 0.002 200 eef1063c061c2c2a5e8b82885f6ef0c9
2024-08-06T04:59:26.334618113Z 10.52.0.0 - - [06/Aug/2024:04:59:26 +0000] "GET /version HTTP/2.0" 200 286 "-" "curl/8.0.1" 36 0.003 [cattle-system-rancher-80] [] 10.52.0.73:80 286 0.002 200 ee204e40b118316e9846d7e09ad33da8
2024-08-06T05:00:03.041000860Z 10.52.1.0 - - [06/Aug/2024:05:00:03 +0000] "GET /version HTTP/2.0" 200 286 "-" "curl/8.0.1" 36 0.003 [cattle-system-rancher-80] [] 10.52.2.3:80 286 0.002 200 4eb31ca3041a2e717e7204f6cd84dd4d
2024-08-06T05:00:03.506741852Z 10.10.110.232 - - [06/Aug/2024:05:00:03 +0000] "GET /version HTTP/2.0" 200 286 "-" "curl/8.0.1" 36 0.003 [cattle-system-rancher-80] [] 10.52.0.73:80 286 0.003 200 bf9080f2fb3a88956fefc782b1ee47ed
2024-08-06T05:00:26.384661353Z 10.52.0.0 - - [06/Aug/2024:05:00:26 +0000] "GET /version HTTP/2.0" 200 286 "-" "curl/8.0.1" 36 0.002 [cattle-system-rancher-80] [] 10.52.0.73:80 286 0.002 200 1cca93296697e25246c99279678db0ce
2024-08-06T05:00:33.015143799Z 10.52.1.0 - - [06/Aug/2024:05:00:33 +0000] "GET /version HTTP/2.0" 200 286 "-" "curl/8.0.1" 36 0.002 [cattle-system-rancher-80] [] 10.52.0.73:80 286 0.003 200 cfcfd18c988427fac58a9d350d15e26f
2024-08-06T05:01:33.025784256Z 10.52.1.0 - - [06/Aug/2024:05:01:33 +0000] "GET /version HTTP/2.0" 200 286 "-" "curl/8.0.1" 36 0.002 [cattle-system-rancher-80] [] 10.52.1.5:80 286 0.002 200 bec3bb1ab1a155446501e31725c6f3fc
2024-08-06T05:01:56.366306505Z 10.52.0.0 - - [06/Aug/2024:05:01:56 +0000] "GET /version HTTP/2.0" 200 286 "-" "curl/8.0.1" 36 0.002 [cattle-system-rancher-80] [] 10.52.2.3:80 286 0.002 200 fba24fb39c80e08f30293cf26b7c8a48
2024-08-06T05:02:53.086314612Z 10.52.2.0 - - [06/Aug/2024:05:02:53 +0000] "GET /version HTTP/2.0" 200 286 "-" "curl/8.0.1" 36 0.002 [cattle-system-rancher-80] [] 10.52.0.73:80 286 0.002 200 5b7eb2773aac42c15f810348a60214ec
2024-08-06T05:03:03.522129167Z 10.10.110.232 - - [06/Aug/2024:05:03:03 +0000] "GET /version HTTP/2.0" 200 286 "-" "curl/8.0.1" 36 0.002 [cattle-system-rancher-80] [] 10.52.2.3:80 286 0.003 200 174ad7f3cbf766fe2719dbac33639a81
2024-08-06T05:03:26.378242840Z 10.52.0.0 - - [06/Aug/2024:05:03:26 +0000] "GET /version HTTP/2.0" 200 286 "-" "curl/8.0.1" 36 0.002 [cattle-system-rancher-80] [] 10.52.0.73:80 286 0.003 200 46843bd302579b82c4bbd2d87bb0103d
2024-08-06T05:03:33.045239658Z 10.52.1.0 - - [06/Aug/2024:05:03:33 +0000] "GET /version HTTP/2.0" 200 286 "-" "curl/8.0.1" 36 0.002 [cattle-system-rancher-80] [] 10.52.0.73:80 286 0.003 200 1a2268ff61e9d351e7e667b948ac0391
2024-08-06T05:03:53.091461515Z 10.52.2.0 - - [06/Aug/2024:05:03:53 +0000] "GET /version HTTP/2.0" 200 286 "-" "curl/8.0.1" 36 0.002 [cattle-system-rancher-80] [] 10.52.0.73:80 286 0.002 200 9335dbfe9f15c55c59c2072b98a5b29b
2024-08-06T05:04:03.009935057Z 10.52.1.0 - - [06/Aug/2024:05:04:03 +0000] "GET /version HTTP/2.0" 200 286 "-" "curl/8.0.1" 36 0.002 [cattle-system-rancher-80] [] 10.52.2.3:80 286 0.003 200 2aa14f7d233d8313c240d687f40f79e8
2024-08-06T05:05:33.023684603Z 10.52.1.0 - - [06/Aug/2024:05:05:33 +0000] "GET /version HTTP/2.0" 200 286 "-" "curl/8.0.1" 36 0.003 [cattle-system-rancher-80] [] 10.52.0.73:80 286 0.002 200 c21449ff6614098112c4fe5c9fbfee28
2024-08-06T05:05:53.061637042Z 10.52.2.0 - - [06/Aug/2024:05:05:53 +0000] "GET /version HTTP/2.0" 200 286 "-" "curl/8.0.1" 36 0.003 [cattle-system-rancher-80] [] 10.52.0.73:80 286 0.002 200 93ae5f81db440765ce60c1ec47e7738d
2024-08-06T05:07:26.431689008Z 10.52.0.0 - - [06/Aug/2024:05:07:26 +0000] "GET /version HTTP/2.0" 200 286 "-" "curl/8.0.1" 36 0.004 [cattle-system-rancher-80] [] 10.52.1.5:80 286 0.003 200 a50c9c29d72d0a156b21475e2fa998d8
2024-08-06T05:08:23.074704252Z 10.52.2.0 - - [06/Aug/2024:05:08:23 +0000] "GET /version HTTP/2.0" 200 286 "-" "curl/8.0.1" 36 0.003 [cattle-system-rancher-80] [] 10.52.1.5:80 286 0.002 200 e166d786879f01eff572a5b9c1512362
2024-08-06T05:08:33.023302944Z 10.52.1.0 - - [06/Aug/2024:05:08:33 +0000] "GET /version HTTP/2.0" 200 286 "-" "curl/8.0.1" 36 0.002 [cattle-system-rancher-80] [] 10.52.0.73:80 286 0.003 200 bd3a450036a4a7f8fef40a66741e1572
2024-08-06T05:09:03.525759371Z 10.10.110.232 - - [06/Aug/2024:05:09:03 +0000] "GET /version HTTP/2.0" 200 286 "-" "curl/8.0.1" 36 0.003 [cattle-system-rancher-80] [] 10.52.2.3:80 286 0.003 200 43ab9d0def94bfb67ca100631536fbf6
2024-08-06T05:09:33.510338069Z 10.10.110.232 - - [06/Aug/2024:05:09:33 +0000] "GET /version HTTP/2.0" 200 286 "-" "curl/8.0.1" 36 0.002 [cattle-system-rancher-80] [] 10.52.1.5:80 286 0.002 200 d5a326af03213ccc66b4695fdf0254bb
2024-08-06T05:10:56.352069324Z 10.52.0.0 - - [06/Aug/2024:05:10:56 +0000] "GET /version HTTP/2.0" 200 286 "-" "curl/8.0.1" 36 0.002 [cattle-system-rancher-80] [] 10.52.0.73:80 286 0.003 200 4623b26c50640801edfdf16f59905307
2024-08-06T05:12:03.025216729Z 10.52.1.0 - - [06/Aug/2024:05:12:03 +0000] "GET /version HTTP/2.0" 200 286 "-" "curl/8.0.1" 36 0.002 [cattle-system-rancher-80] [] 10.52.0.73:80 286 0.002 200 0aba4ec9d43babeee50303ced8dddd30
2024-08-06T05:12:26.356692393Z 10.52.0.0 - - [06/Aug/2024:05:12:26 +0000] "GET /version HTTP/2.0" 200 286 "-" "curl/8.0.1" 36 0.003 [cattle-system-rancher-80] [] 10.52.2.3:80 286 0.002 200 ebf2efda3848b1d5e84a420901c2d687
2024-08-06T05:13:23.067012605Z 10.52.2.0 - - [06/Aug/2024:05:13:23 +0000] "GET /version HTTP/2.0" 200 286 "-" "curl/8.0.1" 36 0.002 [cattle-system-rancher-80] [] 10.52.1.5:80 286 0.003 200 71041d49fb33691701906572b4ca9a79
2024-08-06T05:13:53.076993104Z 10.52.2.0 - - [06/Aug/2024:05:13:53 +0000] "GET /version HTTP/2.0" 200 286 "-" "curl/8.0.1" 36 0.002 [cattle-system-rancher-80] [] 10.52.2.3:80 286 0.003 200 3ecb27072238072565dc85fc4a8daa21
2024-08-06T05:14:33.511221571Z 10.10.110.232 - - [06/Aug/2024:05:14:33 +0000] "GET /version HTTP/2.0" 200 286 "-" "curl/8.0.1" 36 0.002 [cattle-system-rancher-80] [] 10.52.1.5:80 286 0.003 200 15623354b7d22c0d21d654d316735bbe
2024-08-06T05:14:53.110830863Z 10.52.2.0 - - [06/Aug/2024:05:14:53 +0000] "GET /version HTTP/2.0" 200 286 "-" "curl/8.0.1" 36 0.002 [cattle-system-rancher-80] [] 10.52.0.73:80 286 0.002 200 17ff603a575933b15c5bf1faf534a905
2024-08-06T05:15:03.022549023Z 10.52.1.0 - - [06/Aug/2024:05:15:03 +0000] "GET /version HTTP/2.0" 200 286 "-" "curl/8.0.1" 36 0.003 [cattle-system-rancher-80] [] 10.52.1.5:80 286 0.003 200 c916369628c7c371c90e52823dbfe2f4
2024-08-06T05:15:26.353692573Z 10.52.0.0 - - [06/Aug/2024:05:15:26 +0000] "GET /version HTTP/2.0" 200 286 "-" "curl/8.0.1" 36 0.003 [cattle-system-rancher-80] [] 10.52.2.3:80 286 0.002 200 724d255c1bef898908b0275d011ba390
2024-08-06T05:15:56.316941163Z 10.52.0.0 - - [06/Aug/2024:05:15:56 +0000] "GET /version HTTP/2.0" 200 286 "-" "curl/8.0.1" 36 0.003 [cattle-system-rancher-80] [] 10.52.1.5:80 286 0.003 200 80818cdc3a39ed2a7ccd8a48c47888f2
2024-08-06T05:16:26.370793019Z 10.52.0.0 - - [06/Aug/2024:05:16:26 +0000] "GET /version HTTP/2.0" 200 286 "-" "curl/8.0.1" 36 0.003 [cattle-system-rancher-80] [] 10.52.1.5:80 286 0.002 200 bd2ae3e1ef726f955d0d7a7e5d9033b3
2024-08-06T05:16:53.083541915Z 10.52.2.0 - - [06/Aug/2024:05:16:53 +0000] "GET /version HTTP/2.0" 200 286 "-" "curl/8.0.1" 36 0.002 [cattle-system-rancher-80] [] 10.52.1.5:80 286 0.003 200 cbbcdac0242faebdd99c9b9b5ad72463
2024-08-06T05:17:26.349235223Z 10.52.0.0 - - [06/Aug/2024:05:17:26 +0000] "GET /version HTTP/2.0" 200 286 "-" "curl/8.0.1" 36 0.002 [cattle-system-rancher-80] [] 10.52.0.73:80 286 0.003 200 922d1c89dc6f7c256369eb8e983b0dc8
2024-08-06T05:17:33.543756082Z 10.10.110.232 - - [06/Aug/2024:05:17:33 +0000] "GET /version HTTP/2.0" 200 286 "-" "curl/8.0.1" 36 0.003 [cattle-system-rancher-80] [] 10.52.1.5:80 286 0.002 200 03bf541583b8b8398f1228293ed1f69b
2024-08-06T05:17:53.083908450Z 10.52.2.0 - - [06/Aug/2024:05:17:53 +0000] "GET /version HTTP/2.0" 200 286 "-" "curl/8.0.1" 36 0.002 [cattle-system-rancher-80] [] 10.52.1.5:80 286 0.002 200 cfd4c25e4952382ea7d7838508364ba7
2024-08-06T05:17:56.366578130Z 10.52.0.0 - - [06/Aug/2024:05:17:56 +0000] "GET /version HTTP/2.0" 200 286 "-" "curl/8.0.1" 36 0.003 [cattle-system-rancher-80] [] 10.52.1.5:80 286 0.002 200 f9627487a772a28c6e4f28a09391fd33
2024-08-06T05:18:23.100531240Z 10.52.2.0 - - [06/Aug/2024:05:18:23 +0000] "GET /version HTTP/2.0" 200 286 "-" "curl/8.0.1" 36 0.003 [cattle-system-rancher-80] [] 10.52.1.5:80 286 0.003 200 45c4924baa7e70b5dc451fc12d0cadbf
2024-08-06T05:19:03.011653211Z 10.52.1.0 - - [06/Aug/2024:05:19:03 +0000] "GET /version HTTP/2.0" 200 286 "-" "curl/8.0.1" 36 0.003 [cattle-system-rancher-80] [] 10.52.1.5:80 286 0.002 200 4cefa3560856cb3a5cf49550ec45f936
2024-08-06T05:19:23.083083924Z 10.52.2.0 - - [06/Aug/2024:05:19:23 +0000] "GET /version HTTP/2.0" 200 286 "-" "curl/8.0.1" 36 0.002 [cattle-system-rancher-80] [] 10.52.1.5:80 286 0.003 200 733768cf9e01da14f8d3f6c3aab763b5
2024-08-06T05:19:24.437191087Z 10.52.0.0 - - [06/Aug/2024:05:19:24 +0000] "GET /v1/apps.replicasets?limit=1 HTTP/1.1" 200 2679 "https://harvester.calgaryserver.ca/dashboard/c/local/explorer/apps.statefulset" "Mozilla/5.0 (Windows NT 10.0; Win64; x64) AppleWebKit/537.36 (KHTML, like Gecko) Chrome/127.0.0.0 Safari/537.36" 1165 0.008 [cattle-system-rancher-80] [] 10.52.0.73:80 2686 0.009 200 99b91524f2703a67406e6bfb3e77297c
2024-08-06T05:19:26.361368609Z 10.52.0.0 - - [06/Aug/2024:05:19:26 +0000] "GET /version HTTP/2.0" 200 286 "-" "curl/8.0.1" 36 0.002 [cattle-system-rancher-80] [] 10.52.1.5:80 286 0.002 200 a82756f55467c49707a08db6efb63f81
2024-08-06T05:19:33.518263358Z 10.10.110.232 - - [06/Aug/2024:05:19:33 +0000] "GET /version HTTP/2.0" 200 286 "-" "curl/8.0.1" 36 0.002 [cattle-system-rancher-80] [] 10.52.0.73:80 286 0.002 200 8f575d539706a50a7765d9046fbbd78e
2024-08-06T05:20:02.998523192Z 10.52.1.0 - - [06/Aug/2024:05:20:02 +0000] "GET /version HTTP/2.0" 200 286 "-" "curl/8.0.1" 36 0.003 [cattle-system-rancher-80] [] 10.52.2.3:80 286 0.002 200 196ff75a8c4dca84d98325700e220d2f
2024-08-06T05:20:10.444918693Z 10.52.0.0 - - [06/Aug/2024:05:20:10 +0000] "GET /v1/provisioning.cattle.io.clusters?limit=1 HTTP/1.1" 200 1963 "https://harvester.calgaryserver.ca/dashboard/c/local/explorer/apps.statefulset" "Mozilla/5.0 (Windows NT 10.0; Win64; x64) AppleWebKit/537.36 (KHTML, like Gecko) Chrome/127.0.0.0 Safari/537.36" 1180 0.008 [cattle-system-rancher-80] [] 10.52.0.73:80 1963 0.008 200 4b67befea5fe6dcc8dff825ce9564280
2024-08-06T05:20:33.037390856Z 10.52.1.0 - - [06/Aug/2024:05:20:33 +0000] "GET /version HTTP/2.0" 200 286 "-" "curl/8.0.1" 36 0.003 [cattle-system-rancher-80] [] 10.52.2.3:80 286 0.002 200 fa07e1d5063391f5048a78f0ec477f85
2024-08-06T05:21:23.082028664Z 10.52.2.0 - - [06/Aug/2024:05:21:23 +0000] "GET /version HTTP/2.0" 200 286 "-" "curl/8.0.1" 36 0.002 [cattle-system-rancher-80] [] 10.52.2.3:80 286 0.003 200 5af18abe4db85caa5a990ca45ca01c4c
2024-08-06T05:22:03.502073784Z 10.10.110.232 - - [06/Aug/2024:05:22:03 +0000] "GET /version HTTP/2.0" 200 286 "-" "curl/8.0.1" 36 0.002 [cattle-system-rancher-80] [] 10.52.0.73:80 286 0.003 200 a8445b512d0e2f5a8356ac0b1d228c3a
2024-08-06T05:22:04.442581019Z 10.52.0.0 - - [06/Aug/2024:05:22:04 +0000] "GET /v1/harvester/devices.harvesterhci.io.pcideviceclaims?limit=1 HTTP/1.1" 200 179 "https://harvester.calgaryserver.ca/dashboard/harvester/c/local/support" "Mozilla/5.0 (Windows NT 10.0; Win64; x64) AppleWebKit/537.36 (KHTML, like Gecko) Chrome/127.0.0.0 Safari/537.36" 1190 0.007 [cattle-system-rancher-80] [] 10.52.0.73:80 179 0.006 200 93f46182d47cf0bf9d93e08699e9bad4
2024-08-06T05:22:04.447026649Z 10.52.0.0 - - [06/Aug/2024:05:22:04 +0000] "GET /v1/harvester/harvesterhci.io.virtualmachineimages?limit=1 HTTP/1.1" 200 1017 "https://harvester.calgaryserver.ca/dashboard/harvester/c/local/support" "Mozilla/5.0 (Windows NT 10.0; Win64; x64) AppleWebKit/537.36 (KHTML, like Gecko) Chrome/127.0.0.0 Safari/537.36" 1187 0.008 [cattle-system-rancher-80] [] 10.52.2.3:80 1017 0.009 200 b16f9c0df03f3f5cbe29a9a7060ddbf9
2024-08-06T05:22:04.448731125Z 10.52.0.0 - - [06/Aug/2024:05:22:04 +0000] "GET /v1/harvester/harvesterhci.io.addons?limit=1 HTTP/1.1" 200 1725 "https://harvester.calgaryserver.ca/dashboard/harvester/c/local/support" "Mozilla/5.0 (Windows NT 10.0; Win64; x64) AppleWebKit/537.36 (KHTML, like Gecko) Chrome/127.0.0.0 Safari/537.36" 1173 0.013 [cattle-system-rancher-80] [] 10.52.2.3:80 1725 0.012 200 953ad00f74172d94ebaf4ceb44ec71f0
2024-08-06T05:22:05.436716772Z 10.52.0.0 - - [06/Aug/2024:05:22:05 +0000] "GET /v1/management.cattle.io.settings?limit=1 HTTP/1.1" 200 744 "https://harvester.calgaryserver.ca/dashboard/harvester/c/local/support" "Mozilla/5.0 (Windows NT 10.0; Win64; x64) AppleWebKit/537.36 (KHTML, like Gecko) Chrome/127.0.0.0 Safari/537.36" 1170 0.008 [cattle-system-rancher-80] [] 10.52.0.73:80 744 0.008 200 62caea780a95d683a23034ad4cdb8cda
2024-08-06T05:22:05.442468576Z 10.52.0.0 - - [06/Aug/2024:05:22:05 +0000] "GET /v1/catalog.cattle.io.apps?limit=1 HTTP/1.1" 200 2454 "https://harvester.calgaryserver.ca/dashboard/harvester/c/local/support" "Mozilla/5.0 (Windows NT 10.0; Win64; x64) AppleWebKit/537.36 (KHTML, like Gecko) Chrome/127.0.0.0 Safari/537.36" 1163 0.013 [cattle-system-rancher-80] [] 10.52.2.3:80 2461 0.013 200 858ee599f8ff708f18844b4474561c44
2024-08-06T05:22:06.428210411Z 10.52.0.0 - - [06/Aug/2024:05:22:06 +0000] "GET /v1/namespaces?limit=1 HTTP/1.1" 200 1306 "https://harvester.calgaryserver.ca/dashboard/c/local/explorer/apps.statefulset" "Mozilla/5.0 (Windows NT 10.0; Win64; x64) AppleWebKit/537.36 (KHTML, like Gecko) Chrome/127.0.0.0 Safari/537.36" 1159 0.009 [cattle-system-rancher-80] [] 10.52.1.5:80 1306 0.009 200 63b1c4ab4e7eec8d66784ab4c5226c05
2024-08-06T05:22:06.435718009Z 10.52.0.0 - - [06/Aug/2024:05:22:06 +0000] "GET /v1/namespaces?limit=1 HTTP/1.1" 200 1306 "https://harvester.calgaryserver.ca/dashboard/c/local/explorer/apps.statefulset" "Mozilla/5.0 (Windows NT 10.0; Win64; x64) AppleWebKit/537.36 (KHTML, like Gecko) Chrome/127.0.0.0 Safari/537.36" 1159 0.007 [cattle-system-rancher-80] [] 10.52.1.5:80 1306 0.006 200 b907a56398cf2081441b5106ddc92994
2024-08-06T05:23:15.414518940Z 10.52.0.0 - - [06/Aug/2024:05:23:15 +0000] "GET /v1/devices.harvesterhci.io.sriovgpudevices?limit=1 HTTP/1.1" 200 936 "https://harvester.calgaryserver.ca/dashboard/c/local/explorer/apps.statefulset" "Mozilla/5.0 (Windows NT 10.0; Win64; x64) AppleWebKit/537.36 (KHTML, like Gecko) Chrome/127.0.0.0 Safari/537.36" 1188 0.006 [cattle-system-rancher-80] [] 10.52.2.3:80 936 0.006 200 b065b3f901e8a67880ac4ea6ca819317
2024-08-06T05:24:03.021127559Z 10.52.1.0 - - [06/Aug/2024:05:24:03 +0000] "GET /version HTTP/2.0" 200 286 "-" "curl/8.0.1" 36 0.002 [cattle-system-rancher-80] [] 10.52.2.3:80 286 0.003 200 c181e2f95141707028d116ec70c0672f
2024-08-06T05:24:23.067945148Z 10.52.2.0 - - [06/Aug/2024:05:24:23 +0000] "GET /version HTTP/2.0" 200 286 "-" "curl/8.0.1" 36 0.003 [cattle-system-rancher-80] [] 10.52.1.5:80 286 0.002 200 977303fe899a1a7f74c3f7a42b82addf
2024-08-06T05:24:25.431815209Z 10.52.0.0 - - [06/Aug/2024:05:24:25 +0000] "GET /v1/harvester/metal.harvesterhci.io.inventories?limit=1 HTTP/1.1" 200 179 "https://harvester.calgaryserver.ca/dashboard/harvester/c/local/support" "Mozilla/5.0 (Windows NT 10.0; Win64; x64) AppleWebKit/537.36 (KHTML, like Gecko) Chrome/127.0.0.0 Safari/537.36" 1184 0.007 [cattle-system-rancher-80] [] 10.52.0.73:80 179 0.007 200 b732732510087a78c075dfaf2a20571b
2024-08-06T05:24:47.427197106Z 10.52.0.0 - - [06/Aug/2024:05:24:47 +0000] "GET /v1/harvester/harvesterhci.io.virtualmachinebackups?limit=1 HTTP/1.1" 200 181 "https://harvester.calgaryserver.ca/dashboard/harvester/c/local/support" "Mozilla/5.0 (Windows NT 10.0; Win64; x64) AppleWebKit/537.36 (KHTML, like Gecko) Chrome/127.0.0.0 Safari/537.36" 1188 0.006 [cattle-system-rancher-80] [] 10.52.0.73:80 181 0.007 200 fd370f815b0028d26c03ab34caf4987d
2024-08-06T05:25:33.020221413Z 10.52.1.0 - - [06/Aug/2024:05:25:33 +0000] "GET /version HTTP/2.0" 200 286 "-" "curl/8.0.1" 36 0.002 [cattle-system-rancher-80] [] 10.52.2.3:80 286 0.003 200 dd277a91ca06b611dea446edebae79a9
2024-08-06T05:25:33.524456382Z 10.10.110.232 - - [06/Aug/2024:05:25:33 +0000] "GET /version HTTP/2.0" 200 286 "-" "curl/8.0.1" 36 0.003 [cattle-system-rancher-80] [] 10.52.1.5:80 286 0.002 200 1d1b55925d6873bb2e4a4745e7ab6d15
2024-08-06T05:25:56.376561513Z 10.52.0.0 - - [06/Aug/2024:05:25:56 +0000] "GET /version HTTP/2.0" 200 286 "-" "curl/8.0.1" 36 0.002 [cattle-system-rancher-80] [] 10.52.1.5:80 286 0.002 200 8e859f1cdb58ab01d64fd7adecb1481e
2024-08-06T05:29:33.527754383Z 10.10.110.232 - - [06/Aug/2024:05:29:33 +0000] "GET /version HTTP/2.0" 200 286 "-" "curl/8.0.1" 36 0.002 [cattle-system-rancher-80] [] 10.52.0.73:80 286 0.002 200 37d7503a4ca322b3f5801b9a858a8856
2024-08-06T05:30:53.083295741Z 10.52.2.0 - - [06/Aug/2024:05:30:53 +0000] "GET /version HTTP/2.0" 200 286 "-" "curl/8.0.1" 36 0.002 [cattle-system-rancher-80] [] 10.52.2.3:80 286 0.003 200 63c9853c10c5b47dcc55e0d2e194f59b
2024-08-06T05:31:03.532324824Z 10.10.110.232 - - [06/Aug/2024:05:31:03 +0000] "GET /version HTTP/2.0" 200 286 "-" "curl/8.0.1" 36 0.002 [cattle-system-rancher-80] [] 10.52.0.73:80 286 0.002 200 9962a7fda1c43b9d7c8bf13cc8a0a4b1
2024-08-06T05:31:33.555031996Z 10.10.110.232 - - [06/Aug/2024:05:31:33 +0000] "GET /version HTTP/2.0" 200 286 "-" "curl/8.0.1" 36 0.003 [cattle-system-rancher-80] [] 10.52.2.3:80 286 0.004 200 e8f6fd685fa08d480edb70fa5c63c815
2024-08-06T05:32:26.369086494Z 10.52.0.0 - - [06/Aug/2024:05:32:26 +0000] "GET /version HTTP/2.0" 200 286 "-" "curl/8.0.1" 36 0.002 [cattle-system-rancher-80] [] 10.52.0.73:80 286 0.003 200 6260cc7b392d606972749a6cca5c55ad
2024-08-06T05:32:53.077661317Z 10.52.2.0 - - [06/Aug/2024:05:32:53 +0000] "GET /version HTTP/2.0" 200 286 "-" "curl/8.0.1" 36 0.003 [cattle-system-rancher-80] [] 10.52.2.3:80 286 0.002 200 08a27813ba226aa3015c5e95c27d447e
2024-08-06T05:33:03.020917696Z 10.52.1.0 - - [06/Aug/2024:05:33:03 +0000] "GET /version HTTP/2.0" 200 286 "-" "curl/8.0.1" 36 0.002 [cattle-system-rancher-80] [] 10.52.2.3:80 286 0.003 200 5efbbff6c438a5ee203744bb53ac0359
2024-08-06T05:33:03.548281154Z 10.10.110.232 - - [06/Aug/2024:05:33:03 +0000] "GET /version HTTP/2.0" 200 286 "-" "curl/8.0.1" 36 0.002 [cattle-system-rancher-80] [] 10.52.0.73:80 286 0.002 200 dc39db1ba6acff6daa23ffd972b54d4a
2024-08-06T05:34:26.108927654Z 10.52.2.0 - - [06/Aug/2024:05:34:26 +0000] "GET /version HTTP/2.0" 200 286 "-" "curl/8.0.1" 36 0.003 [cattle-system-rancher-80] [] 10.52.2.3:80 286 0.003 200 9a58e6c2be742587756b37563c3bd78a
2024-08-06T05:34:56.364118531Z 10.52.0.0 - - [06/Aug/2024:05:34:56 +0000] "GET /version HTTP/2.0" 200 286 "-" "curl/8.0.1" 36 0.002 [cattle-system-rancher-80] [] 10.52.0.73:80 286 0.003 200 145578fa87c850a015da1fab7cb89863
2024-08-06T05:36:23.087191365Z 10.52.2.0 - - [06/Aug/2024:05:36:23 +0000] "GET /version HTTP/2.0" 200 286 "-" "curl/8.0.1" 36 0.002 [cattle-system-rancher-80] [] 10.52.2.3:80 286 0.003 200 fefcb4a6c3eecdfbc0674af11a08d1a7
2024-08-06T05:36:33.031028656Z 10.52.1.0 - - [06/Aug/2024:05:36:33 +0000] "GET /version HTTP/2.0" 200 286 "-" "curl/8.0.1" 36 0.002 [cattle-system-rancher-80] [] 10.52.2.3:80 286 0.003 200 7ffe95b9ab023bbeb53ea5a5b124234c
2024-08-06T05:37:03.011087399Z 10.52.1.0 - - [06/Aug/2024:05:37:03 +0000] "GET /version HTTP/2.0" 200 286 "-" "curl/8.0.1" 36 0.003 [cattle-system-rancher-80] [] 10.52.1.5:80 286 0.003 200 2ff4810e9f627c14502b4744c61b2a53
2024-08-06T05:38:26.391911609Z 10.52.0.0 - - [06/Aug/2024:05:38:26 +0000] "GET /version HTTP/2.0" 200 286 "-" "curl/8.0.1" 36 0.002 [cattle-system-rancher-80] [] 10.52.2.3:80 286 0.003 200 d08f433303198b15c56a7eb061a4da63
2024-08-06T05:38:53.096079973Z 10.52.2.0 - - [06/Aug/2024:05:38:53 +0000] "GET /version HTTP/2.0" 200 286 "-" "curl/8.0.1" 36 0.002 [cattle-system-rancher-80] [] 10.52.0.73:80 286 0.003 200 d322d5dd1c4cdbbf3fdd253986150175
2024-08-06T05:38:56.350633868Z 10.52.0.0 - - [06/Aug/2024:05:38:56 +0000] "GET /version HTTP/2.0" 200 286 "-" "curl/8.0.1" 36 0.003 [cattle-system-rancher-80] [] 10.52.1.5:80 286 0.003 200 86a61a186486e3fb8775a98957b77404
2024-08-06T05:39:03.029203283Z 10.52.1.0 - - [06/Aug/2024:05:39:03 +0000] "GET /version HTTP/2.0" 200 286 "-" "curl/8.0.1" 36 0.001 [cattle-system-rancher-80] [] 10.52.0.73:80 286 0.002 200 fea3642f4f382ff94b816c32f265d826
2024-08-06T05:39:03.506336344Z 10.10.110.232 - - [06/Aug/2024:05:39:03 +0000] "GET /version HTTP/2.0" 200 286 "-" "curl/8.0.1" 36 0.002 [cattle-system-rancher-80] [] 10.52.1.5:80 286 0.003 200 a08f5874b42f747b43e52225f9454203
2024-08-06T05:39:33.006320707Z 10.52.1.0 - - [06/Aug/2024:05:39:33 +0000] "GET /version HTTP/2.0" 200 286 "-" "curl/8.0.1" 36 0.002 [cattle-system-rancher-80] [] 10.52.2.3:80 286 0.002 200 021bae775192abaf7f27e9618aaa4547
2024-08-06T05:39:53.084786147Z 10.52.2.0 - - [06/Aug/2024:05:39:53 +0000] "GET /version HTTP/2.0" 200 286 "-" "curl/8.0.1" 36 0.003 [cattle-system-rancher-80] [] 10.52.2.3:80 286 0.002 200 ab37eeae028c937ee7cf6421c918a77d
2024-08-06T05:39:56.350974184Z 10.52.0.0 - - [06/Aug/2024:05:39:56 +0000] "GET /version HTTP/2.0" 200 286 "-" "curl/8.0.1" 36 0.003 [cattle-system-rancher-80] [] 10.52.2.3:80 286 0.003 200 d632d23986b5b0c7cfb0300e2ee30a12
2024-08-06T05:40:32.984980421Z 10.52.1.0 - - [06/Aug/2024:05:40:32 +0000] "GET /version HTTP/2.0" 200 286 "-" "curl/8.0.1" 36 0.002 [cattle-system-rancher-80] [] 10.52.2.3:80 286 0.003 200 0db75052ae0a38730f5b7ec283e3bd96
2024-08-06T05:40:56.344439351Z 10.52.0.0 - - [06/Aug/2024:05:40:56 +0000] "GET /version HTTP/2.0" 200 286 "-" "curl/8.0.1" 36 0.002 [cattle-system-rancher-80] [] 10.52.0.73:80 286 0.002 200 905bb0b57a7715419785d782e2cb2614
2024-08-06T05:41:26.411109382Z 10.52.0.0 - - [06/Aug/2024:05:41:26 +0000] "GET /version HTTP/2.0" 200 286 "-" "curl/8.0.1" 36 0.003 [cattle-system-rancher-80] [] 10.52.1.5:80 286 0.003 200 cb59fab1e10e4785dbabce9c29ad5d68
2024-08-06T05:41:32.997161563Z 10.52.1.0 - - [06/Aug/2024:05:41:32 +0000] "GET /version HTTP/2.0" 200 286 "-" "curl/8.0.1" 36 0.002 [cattle-system-rancher-80] [] 10.52.1.5:80 286 0.003 200 13454f11479a5cd8c7de7169031a81c1
2024-08-06T05:42:03.537027095Z 10.10.110.232 - - [06/Aug/2024:05:42:03 +0000] "GET /version HTTP/2.0" 200 286 "-" "curl/8.0.1" 36 0.002 [cattle-system-rancher-80] [] 10.52.0.73:80 286 0.002 200 336cb1222a2376130a44c41656fc9416
2024-08-06T05:43:23.079103371Z 10.52.2.0 - - [06/Aug/2024:05:43:23 +0000] "GET /version HTTP/2.0" 200 286 "-" "curl/8.0.1" 36 0.002 [cattle-system-rancher-80] [] 10.52.1.5:80 286 0.003 200 a66d57677ef6c87fe49feda6f99879c5
2024-08-06T05:44:33.027567165Z 10.52.1.0 - - [06/Aug/2024:05:44:33 +0000] "GET /version HTTP/2.0" 200 286 "-" "curl/8.0.1" 36 0.003 [cattle-system-rancher-80] [] 10.52.1.5:80 286 0.002 200 0daccb71daa93d086c1b990373ff7c54
2024-08-06T05:44:33.544263877Z 10.10.110.232 - - [06/Aug/2024:05:44:33 +0000] "GET /version HTTP/2.0" 200 286 "-" "curl/8.0.1" 36 0.002 [cattle-system-rancher-80] [] 10.52.2.3:80 286 0.003 200 386851b23274e189f2de4e3c4d9ca0fd
2024-08-06T05:45:03.005467370Z 10.52.1.0 - - [06/Aug/2024:05:45:03 +0000] "GET /version HTTP/2.0" 200 286 "-" "curl/8.0.1" 36 0.003 [cattle-system-rancher-80] [] 10.52.2.3:80 286 0.002 200 50b9d9730ef6621bc26b80dfafb6fe85
2024-08-06T05:45:23.075850865Z 10.52.2.0 - - [06/Aug/2024:05:45:23 +0000] "GET /version HTTP/2.0" 200 286 "-" "curl/8.0.1" 36 0.003 [cattle-system-rancher-80] [] 10.52.2.3:80 286 0.002 200 0230c403f138806819c4dee0223b497b
2024-08-06T05:45:56.337439764Z 10.52.0.0 - - [06/Aug/2024:05:45:56 +0000] "GET /version HTTP/2.0" 200 286 "-" "curl/8.0.1" 36 0.002 [cattle-system-rancher-80] [] 10.52.1.5:80 286 0.003 200 a6c1b53f7e66304f46fbbbfc8e4d9ffc
2024-08-06T05:46:03.543361136Z 10.10.110.232 - - [06/Aug/2024:05:46:03 +0000] "GET /version HTTP/2.0" 200 286 "-" "curl/8.0.1" 36 0.002 [cattle-system-rancher-80] [] 10.52.1.5:80 286 0.002 200 bfa35319a81b9a81f0a7313693ce7e14
2024-08-06T05:48:03.022969950Z 10.52.1.0 - - [06/Aug/2024:05:48:03 +0000] "GET /version HTTP/2.0" 200 286 "-" "curl/8.0.1" 36 0.002 [cattle-system-rancher-80] [] 10.52.2.3:80 286 0.003 200 506e58534e50942ed9a5871988fd6bff
2024-08-06T05:48:26.360044047Z 10.52.0.0 - - [06/Aug/2024:05:48:26 +0000] "GET /version HTTP/2.0" 200 286 "-" "curl/8.0.1" 36 0.002 [cattle-system-rancher-80] [] 10.52.0.73:80 286 0.003 200 ed7598ae85fb0b07b42d06890574ae2a
2024-08-06T05:48:54.427887994Z 10.52.0.0 - - [06/Aug/2024:05:48:54 +0000] "GET /v1/cluster.x-k8s.io.machines?limit=1 HTTP/1.1" 200 2537 "https://harvester.calgaryserver.ca/dashboard/c/local/explorer/apps.statefulset" "Mozilla/5.0 (Windows NT 10.0; Win64; x64) AppleWebKit/537.36 (KHTML, like Gecko) Chrome/127.0.0.0 Safari/537.36" 1174 0.013 [cattle-system-rancher-80] [] 10.52.1.5:80 2544 0.012 200 3b4e295abccdf0e452e97276f9001f1f
2024-08-06T05:49:03.491885398Z 10.10.110.232 - - [06/Aug/2024:05:49:03 +0000] "GET /version HTTP/2.0" 200 286 "-" "curl/8.0.1" 36 0.002 [cattle-system-rancher-80] [] 10.52.0.73:80 286 0.002 200 94840a4ba2b3a2b3bbcb1f853dce0125
2024-08-06T05:49:30.414671900Z 10.52.0.0 - - [06/Aug/2024:05:49:30 +0000] "GET /v1/batch.cronjobs?limit=1 HTTP/1.1" 200 166 "https://harvester.calgaryserver.ca/dashboard/c/local/explorer/apps.statefulset" "Mozilla/5.0 (Windows NT 10.0; Win64; x64) AppleWebKit/537.36 (KHTML, like Gecko) Chrome/127.0.0.0 Safari/537.36" 1163 0.006 [cattle-system-rancher-80] [] 10.52.1.5:80 166 0.005 200 75cb6c9f2b559472ab9345007bde6301
2024-08-06T05:49:30.421575606Z 10.52.0.0 - - [06/Aug/2024:05:49:30 +0000] "GET /v1/batch.jobs?limit=1 HTTP/1.1" 200 3796 "https://harvester.calgaryserver.ca/dashboard/c/local/explorer/apps.statefulset" "Mozilla/5.0 (Windows NT 10.0; Win64; x64) AppleWebKit/537.36 (KHTML, like Gecko) Chrome/127.0.0.0 Safari/537.36" 1159 0.012 [cattle-system-rancher-80] [] 10.52.2.3:80 3797 0.011 200 ebea33d2869ec0cada15d155f22fc1df
2024-08-06T05:49:56.364911313Z 10.52.0.0 - - [06/Aug/2024:05:49:56 +0000] "GET /version HTTP/2.0" 200 286 "-" "curl/8.0.1" 36 0.003 [cattle-system-rancher-80] [] 10.52.2.3:80 286 0.003 200 e9925ada5b07c25d66b83c7164de1e06
2024-08-06T05:50:33.488066519Z 10.10.110.232 - - [06/Aug/2024:05:50:33 +0000] "GET /version HTTP/2.0" 200 286 "-" "curl/8.0.1" 36 0.003 [cattle-system-rancher-80] [] 10.52.1.5:80 286 0.003 200 870589e9062f45abde77e3d97b9063ee
2024-08-06T05:52:03.503363419Z 10.10.110.232 - - [06/Aug/2024:05:52:03 +0000] "GET /version HTTP/2.0" 200 286 "-" "curl/8.0.1" 36 0.002 [cattle-system-rancher-80] [] 10.52.0.73:80 286 0.002 200 52f2aa2216954983b5ccc51fbbe667bf
2024-08-06T05:52:10.426704627Z 10.52.0.0 - - [06/Aug/2024:05:52:10 +0000] "GET /v1/harvester/devices.harvesterhci.io.sriovnetworkdevices?limit=1 HTTP/1.1" 200 622 "https://harvester.calgaryserver.ca/dashboard/harvester/c/local/support" "Mozilla/5.0 (Windows NT 10.0; Win64; x64) AppleWebKit/537.36 (KHTML, like Gecko) Chrome/127.0.0.0 Safari/537.36" 1194 0.008 [cattle-system-rancher-80] [] 10.52.2.3:80 622 0.007 200 d809c533209cd2d0ab135b17b2ba6b93
2024-08-06T05:52:10.429044733Z 10.52.0.0 - - [06/Aug/2024:05:52:10 +0000] "GET /v1/harvester/devices.harvesterhci.io.vgpudevices?limit=1 HTTP/1.1" 200 986 "https://harvester.calgaryserver.ca/dashboard/harvester/c/local/support" "Mozilla/5.0 (Windows NT 10.0; Win64; x64) AppleWebKit/537.36 (KHTML, like Gecko) Chrome/127.0.0.0 Safari/537.36" 1186 0.009 [cattle-system-rancher-80] [] 10.52.2.3:80 986 0.010 200 634dee949ad93695c11ee4fcdc482202
