2024-08-06T02:40:53.093004085Z 10.52.2.0 - - [06/Aug/2024:02:40:53 +0000] "GET /version HTTP/2.0" 200 286 "-" "curl/8.0.1" 36 0.003 [cattle-system-rancher-80] [] 10.52.0.73:80 286 0.003 200 f5054c1488e2f40bdabc41df2f6392e8
2024-08-06T02:41:00.736574283Z 10.52.0.0 - - [06/Aug/2024:02:41:00 +0000] "POST /api/v1/namespaces/cattle-monitoring-system/services/http:rancher-monitoring-grafana:80/proxy/api/ds/query HTTP/1.1" 200 3355 "https://harvester.calgaryserver.ca/api/v1/namespaces/cattle-monitoring-system/services/http:rancher-monitoring-grafana:80/proxy/d/rancher-cluster-nodes-1/rancher-cluster-nodes?orgId=1&kiosk&from=now-5m&to=now&refresh=30s&theme=light" "Mozilla/5.0 (Windows NT 10.0; Win64; x64) AppleWebKit/537.36 (KHTML, like Gecko) Chrome/127.0.0.0 Safari/537.36" 2098 0.012 [cattle-system-rancher-80] [] 10.52.0.73:80 3355 0.012 200 cfcaa8523947fe39250e924e4b86a2b2
2024-08-06T02:41:29.110392263Z 10.52.0.0 - - [06/Aug/2024:02:41:29 +0000] "GET /v1/metrics.k8s.io.nodes HTTP/1.1" 200 2340 "https://harvester.calgaryserver.ca/dashboard/c/local/explorer" "Mozilla/5.0 (Windows NT 10.0; Win64; x64) AppleWebKit/537.36 (KHTML, like Gecko) Chrome/127.0.0.0 Safari/537.36" 1144 0.014 [cattle-system-rancher-80] [] 10.52.1.5:80 2347 0.015 200 482b6ab07f919cf6dde7f2ee5dacd0b6
2024-08-06T02:41:30.765800277Z 10.52.0.0 - - [06/Aug/2024:02:41:30 +0000] "POST /api/v1/namespaces/cattle-monitoring-system/services/http:rancher-monitoring-grafana:80/proxy/api/ds/query HTTP/1.1" 200 3355 "https://harvester.calgaryserver.ca/api/v1/namespaces/cattle-monitoring-system/services/http:rancher-monitoring-grafana:80/proxy/d/rancher-cluster-nodes-1/rancher-cluster-nodes?orgId=1&kiosk&from=now-5m&to=now&refresh=30s&theme=light" "Mozilla/5.0 (Windows NT 10.0; Win64; x64) AppleWebKit/537.36 (KHTML, like Gecko) Chrome/127.0.0.0 Safari/537.36" 2098 0.012 [cattle-system-rancher-80] [] 10.52.0.73:80 3355 0.011 200 c7afbadb5617efe94682487fbc5ddcc1
2024-08-06T02:41:30.767136259Z 10.52.0.0 - - [06/Aug/2024:02:41:30 +0000] "POST /api/v1/namespaces/cattle-monitoring-system/services/http:rancher-monitoring-grafana:80/proxy/api/ds/query HTTP/1.1" 200 3084 "https://harvester.calgaryserver.ca/api/v1/namespaces/cattle-monitoring-system/services/http:rancher-monitoring-grafana:80/proxy/d/rancher-cluster-nodes-1/rancher-cluster-nodes?orgId=1&kiosk&from=now-5m&to=now&refresh=30s&theme=light" "Mozilla/5.0 (Windows NT 10.0; Win64; x64) AppleWebKit/537.36 (KHTML, like Gecko) Chrome/127.0.0.0 Safari/537.36" 2042 0.014 [cattle-system-rancher-80] [] 10.52.0.73:80 3084 0.014 200 30a9b1549b056a3af585a551ab0750ab
2024-08-06T02:41:30.773528940Z 10.52.0.0 - - [06/Aug/2024:02:41:30 +0000] "POST /api/v1/namespaces/cattle-monitoring-system/services/http:rancher-monitoring-grafana:80/proxy/api/ds/query HTTP/1.1" 200 8133 "https://harvester.calgaryserver.ca/api/v1/namespaces/cattle-monitoring-system/services/http:rancher-monitoring-grafana:80/proxy/d/rancher-cluster-nodes-1/rancher-cluster-nodes?orgId=1&kiosk&from=now-5m&to=now&refresh=30s&theme=light" "Mozilla/5.0 (Windows NT 10.0; Win64; x64) AppleWebKit/537.36 (KHTML, like Gecko) Chrome/127.0.0.0 Safari/537.36" 2751 0.014 [cattle-system-rancher-80] [] 10.52.2.3:80 8133 0.015 200 e68f475905de8847c2e759fd0c17c889
2024-08-06T02:42:03.062557956Z 10.52.1.0 - - [06/Aug/2024:02:42:03 +0000] "GET /version HTTP/2.0" 200 286 "-" "curl/8.0.1" 36 0.003 [cattle-system-rancher-80] [] 10.52.1.5:80 286 0.003 200 45be8ff782b4f57fc07ea1561995ff68
2024-08-06T02:42:59.105395850Z 10.52.0.0 - - [06/Aug/2024:02:42:59 +0000] "GET /v1/metrics.k8s.io.nodes HTTP/1.1" 200 2342 "https://harvester.calgaryserver.ca/dashboard/c/local/explorer" "Mozilla/5.0 (Windows NT 10.0; Win64; x64) AppleWebKit/537.36 (KHTML, like Gecko) Chrome/127.0.0.0 Safari/537.36" 1144 0.013 [cattle-system-rancher-80] [] 10.52.0.73:80 2349 0.014 200 25e20a558bf7fdd62c5d193080055dca
2024-08-06T02:43:00.763333581Z 10.52.0.0 - - [06/Aug/2024:02:43:00 +0000] "POST /api/v1/namespaces/cattle-monitoring-system/services/http:rancher-monitoring-grafana:80/proxy/api/ds/query HTTP/1.1" 200 8147 "https://harvester.calgaryserver.ca/api/v1/namespaces/cattle-monitoring-system/services/http:rancher-monitoring-grafana:80/proxy/d/rancher-cluster-nodes-1/rancher-cluster-nodes?orgId=1&kiosk&from=now-5m&to=now&refresh=30s&theme=light" "Mozilla/5.0 (Windows NT 10.0; Win64; x64) AppleWebKit/537.36 (KHTML, like Gecko) Chrome/127.0.0.0 Safari/537.36" 2751 0.015 [cattle-system-rancher-80] [] 10.52.2.3:80 8133 0.016 200 b1784129604cfa881126fa6da3d29936
2024-08-06T02:43:26.373609902Z 10.52.0.0 - - [06/Aug/2024:02:43:26 +0000] "GET /version HTTP/2.0" 200 286 "-" "curl/8.0.1" 36 0.003 [cattle-system-rancher-80] [] 10.52.2.3:80 286 0.003 200 ed429c40e7e98ee42b39c9697443a3fd
2024-08-06T02:43:30.777964830Z 10.52.0.0 - - [06/Aug/2024:02:43:30 +0000] "POST /api/v1/namespaces/cattle-monitoring-system/services/http:rancher-monitoring-grafana:80/proxy/api/ds/query HTTP/1.1" 200 3352 "https://harvester.calgaryserver.ca/api/v1/namespaces/cattle-monitoring-system/services/http:rancher-monitoring-grafana:80/proxy/d/rancher-cluster-nodes-1/rancher-cluster-nodes?orgId=1&kiosk&from=now-5m&to=now&refresh=30s&theme=light" "Mozilla/5.0 (Windows NT 10.0; Win64; x64) AppleWebKit/537.36 (KHTML, like Gecko) Chrome/127.0.0.0 Safari/537.36" 2098 0.013 [cattle-system-rancher-80] [] 10.52.1.5:80 3352 0.013 200 68680df5ab48592f6dded4957775e207
2024-08-06T02:44:00.779829335Z 10.52.0.0 - - [06/Aug/2024:02:44:00 +0000] "GET /api/v1/namespaces/cattle-monitoring-system/services/http:rancher-monitoring-grafana:80/proxy/api/annotations?from=1722911941748&to=1722912241748&limit=100&matchAny=false&dashboardUID=rancher-cluster-nodes-1 HTTP/1.1" 200 2 "https://harvester.calgaryserver.ca/api/v1/namespaces/cattle-monitoring-system/services/http:rancher-monitoring-grafana:80/proxy/d/rancher-cluster-nodes-1/rancher-cluster-nodes?orgId=1&kiosk&from=now-5m&to=now&refresh=30s&theme=light" "Mozilla/5.0 (Windows NT 10.0; Win64; x64) AppleWebKit/537.36 (KHTML, like Gecko) Chrome/127.0.0.0 Safari/537.36" 1490 0.009 [cattle-system-rancher-80] [] 10.52.1.5:80 2 0.008 200 f5728fafe9f1f724fac2fee5c721a992
2024-08-06T02:44:00.784212185Z 10.52.0.0 - - [06/Aug/2024:02:44:00 +0000] "POST /api/v1/namespaces/cattle-monitoring-system/services/http:rancher-monitoring-grafana:80/proxy/api/ds/query HTTP/1.1" 200 3352 "https://harvester.calgaryserver.ca/api/v1/namespaces/cattle-monitoring-system/services/http:rancher-monitoring-grafana:80/proxy/d/rancher-cluster-nodes-1/rancher-cluster-nodes?orgId=1&kiosk&from=now-5m&to=now&refresh=30s&theme=light" "Mozilla/5.0 (Windows NT 10.0; Win64; x64) AppleWebKit/537.36 (KHTML, like Gecko) Chrome/127.0.0.0 Safari/537.36" 2098 0.012 [cattle-system-rancher-80] [] 10.52.2.3:80 3352 0.012 200 8f1cb039a809409fb84d2a355cb799bb
2024-08-06T02:44:03.014082278Z 10.52.1.0 - - [06/Aug/2024:02:44:03 +0000] "GET /version HTTP/2.0" 200 286 "-" "curl/8.0.1" 36 0.004 [cattle-system-rancher-80] [] 10.52.1.5:80 286 0.004 200 267c5a092db46914fe5aedc61155fd3e
2024-08-06T02:45:29.112576159Z 10.52.0.0 - - [06/Aug/2024:02:45:29 +0000] "GET /v1/metrics.k8s.io.nodes HTTP/1.1" 200 2344 "https://harvester.calgaryserver.ca/dashboard/c/local/explorer" "Mozilla/5.0 (Windows NT 10.0; Win64; x64) AppleWebKit/537.36 (KHTML, like Gecko) Chrome/127.0.0.0 Safari/537.36" 1144 0.015 [cattle-system-rancher-80] [] 10.52.1.5:80 2351 0.014 200 6ffbab7f441bbac7fb29eca42e3598c5
2024-08-06T02:45:30.886131645Z 10.52.0.0 - - [06/Aug/2024:02:45:30 +0000] "POST /api/v1/namespaces/cattle-monitoring-system/services/http:rancher-monitoring-grafana:80/proxy/api/ds/query HTTP/1.1" 200 3072 "https://harvester.calgaryserver.ca/api/v1/namespaces/cattle-monitoring-system/services/http:rancher-monitoring-grafana:80/proxy/d/rancher-cluster-nodes-1/rancher-cluster-nodes?orgId=1&kiosk&from=now-5m&to=now&refresh=30s&theme=light" "Mozilla/5.0 (Windows NT 10.0; Win64; x64) AppleWebKit/537.36 (KHTML, like Gecko) Chrome/127.0.0.0 Safari/537.36" 2042 0.104 [cattle-system-rancher-80] [] 10.52.1.5:80 3072 0.104 200 dd826a37a78ec5cb0ccc0383d4fec918
2024-08-06T02:45:31.086712767Z 10.52.0.0 - - [06/Aug/2024:02:45:31 +0000] "POST /api/v1/namespaces/cattle-monitoring-system/services/http:rancher-monitoring-grafana:80/proxy/api/ds/query HTTP/1.1" 200 8144 "https://harvester.calgaryserver.ca/api/v1/namespaces/cattle-monitoring-system/services/http:rancher-monitoring-grafana:80/proxy/d/rancher-cluster-nodes-1/rancher-cluster-nodes?orgId=1&kiosk&from=now-5m&to=now&refresh=30s&theme=light" "Mozilla/5.0 (Windows NT 10.0; Win64; x64) AppleWebKit/537.36 (KHTML, like Gecko) Chrome/127.0.0.0 Safari/537.36" 2751 0.305 [cattle-system-rancher-80] [] 10.52.0.73:80 8138 0.304 200 693fc96067590dd7184b376f2be589e0
2024-08-06T02:45:31.087024862Z 10.52.0.0 - - [06/Aug/2024:02:45:31 +0000] "GET /api/v1/namespaces/cattle-monitoring-system/services/http:rancher-monitoring-grafana:80/proxy/api/annotations?from=1722912031762&to=1722912331762&limit=100&matchAny=false&dashboardUID=rancher-cluster-nodes-1 HTTP/1.1" 200 2 "https://harvester.calgaryserver.ca/api/v1/namespaces/cattle-monitoring-system/services/http:rancher-monitoring-grafana:80/proxy/d/rancher-cluster-nodes-1/rancher-cluster-nodes?orgId=1&kiosk&from=now-5m&to=now&refresh=30s&theme=light" "Mozilla/5.0 (Windows NT 10.0; Win64; x64) AppleWebKit/537.36 (KHTML, like Gecko) Chrome/127.0.0.0 Safari/537.36" 1490 0.305 [cattle-system-rancher-80] [] 10.52.1.5:80 2 0.305 200 27041db875ead21ea02535e88b63789d
2024-08-06T02:45:33.499119607Z 10.10.110.232 - - [06/Aug/2024:02:45:33 +0000] "GET /version HTTP/2.0" 200 286 "-" "curl/8.0.1" 36 0.002 [cattle-system-rancher-80] [] 10.52.1.5:80 286 0.003 200 6b010004613ac6772a9ff4d43d811379
2024-08-06T02:45:53.094125692Z 10.52.2.0 - - [06/Aug/2024:02:45:53 +0000] "GET /version HTTP/2.0" 200 286 "-" "curl/8.0.1" 36 0.002 [cattle-system-rancher-80] [] 10.52.2.3:80 286 0.003 200 14012b25289a3716c2148ff7d613e63c
2024-08-06T02:46:00.809764962Z 10.52.0.0 - - [06/Aug/2024:02:46:00 +0000] "POST /api/v1/namespaces/cattle-monitoring-system/services/http:rancher-monitoring-grafana:80/proxy/api/ds/query HTTP/1.1" 200 8146 "https://harvester.calgaryserver.ca/api/v1/namespaces/cattle-monitoring-system/services/http:rancher-monitoring-grafana:80/proxy/d/rancher-cluster-nodes-1/rancher-cluster-nodes?orgId=1&kiosk&from=now-5m&to=now&refresh=30s&theme=light" "Mozilla/5.0 (Windows NT 10.0; Win64; x64) AppleWebKit/537.36 (KHTML, like Gecko) Chrome/127.0.0.0 Safari/537.36" 2751 0.017 [cattle-system-rancher-80] [] 10.52.0.73:80 8140 0.017 200 7d06d19f8d378dc8a7ab2e5a7a0fb849
2024-08-06T02:46:03.028128419Z 10.52.1.0 - - [06/Aug/2024:02:46:03 +0000] "GET /version HTTP/2.0" 200 286 "-" "curl/8.0.1" 36 0.003 [cattle-system-rancher-80] [] 10.52.1.5:80 286 0.003 200 185fd4d8f92fa72255257d4017b7c5e0
2024-08-06T02:46:29.107269216Z 10.52.0.0 - - [06/Aug/2024:02:46:29 +0000] "GET /v1/metrics.k8s.io.nodes HTTP/1.1" 200 2341 "https://harvester.calgaryserver.ca/dashboard/c/local/explorer" "Mozilla/5.0 (Windows NT 10.0; Win64; x64) AppleWebKit/537.36 (KHTML, like Gecko) Chrome/127.0.0.0 Safari/537.36" 1144 0.014 [cattle-system-rancher-80] [] 10.52.0.73:80 2348 0.014 200 f2d16af9c182c09972bd567e493194fc
2024-08-06T02:46:30.819209155Z 10.52.0.0 - - [06/Aug/2024:02:46:30 +0000] "POST /api/v1/namespaces/cattle-monitoring-system/services/http:rancher-monitoring-grafana:80/proxy/api/ds/query HTTP/1.1" 200 3351 "https://harvester.calgaryserver.ca/api/v1/namespaces/cattle-monitoring-system/services/http:rancher-monitoring-grafana:80/proxy/d/rancher-cluster-nodes-1/rancher-cluster-nodes?orgId=1&kiosk&from=now-5m&to=now&refresh=30s&theme=light" "Mozilla/5.0 (Windows NT 10.0; Win64; x64) AppleWebKit/537.36 (KHTML, like Gecko) Chrome/127.0.0.0 Safari/537.36" 2098 0.013 [cattle-system-rancher-80] [] 10.52.2.3:80 3351 0.014 200 ad133899ed3aa6a5433dc3435c3a6f19
2024-08-06T02:46:59.104051391Z 10.52.0.0 - - [06/Aug/2024:02:46:59 +0000] "GET /v1/metrics.k8s.io.nodes HTTP/1.1" 200 2348 "https://harvester.calgaryserver.ca/dashboard/c/local/explorer" "Mozilla/5.0 (Windows NT 10.0; Win64; x64) AppleWebKit/537.36 (KHTML, like Gecko) Chrome/127.0.0.0 Safari/537.36" 1144 0.011 [cattle-system-rancher-80] [] 10.52.2.3:80 2355 0.012 200 fd0bf0418008c013df4d5e7801d35f5f
2024-08-06T02:47:29.553207544Z 10.52.0.0 - - [06/Aug/2024:02:47:29 +0000] "GET /v1/metrics.k8s.io.nodes HTTP/1.1" 200 2346 "https://harvester.calgaryserver.ca/dashboard/c/local/explorer" "Mozilla/5.0 (Windows NT 10.0; Win64; x64) AppleWebKit/537.36 (KHTML, like Gecko) Chrome/127.0.0.0 Safari/537.36" 1144 0.013 [cattle-system-rancher-80] [] 10.52.0.73:80 2353 0.013 200 1993ec981a172d4771ddee33d734c9d1
2024-08-06T02:47:56.416064820Z 10.52.0.0 - - [06/Aug/2024:02:47:56 +0000] "GET /version HTTP/2.0" 200 286 "-" "curl/8.0.1" 36 0.001 [cattle-system-rancher-80] [] 10.52.0.73:80 286 0.002 200 df78207cbad5719cccf49383df27f549
2024-08-06T02:48:00.207501506Z 10.52.0.0 - - [06/Aug/2024:02:48:00 +0000] "GET /api/v1/namespaces/cattle-monitoring-system/services/http:rancher-monitoring-grafana:80/proxy/api/annotations?from=1722912181168&to=1722912481168&limit=100&matchAny=false&dashboardUID=rancher-cluster-nodes-1 HTTP/1.1" 200 2 "https://harvester.calgaryserver.ca/api/v1/namespaces/cattle-monitoring-system/services/http:rancher-monitoring-grafana:80/proxy/d/rancher-cluster-nodes-1/rancher-cluster-nodes?orgId=1&kiosk&from=now-5m&to=now&refresh=30s&theme=light" "Mozilla/5.0 (Windows NT 10.0; Win64; x64) AppleWebKit/537.36 (KHTML, like Gecko) Chrome/127.0.0.0 Safari/537.36" 1490 0.010 [cattle-system-rancher-80] [] 10.52.1.5:80 2 0.010 200 3fb1fb2cd815f8a6a55463e616897aba
2024-08-06T02:48:00.210601749Z 10.52.0.0 - - [06/Aug/2024:02:48:00 +0000] "POST /api/v1/namespaces/cattle-monitoring-system/services/http:rancher-monitoring-grafana:80/proxy/api/ds/query HTTP/1.1" 200 3085 "https://harvester.calgaryserver.ca/api/v1/namespaces/cattle-monitoring-system/services/http:rancher-monitoring-grafana:80/proxy/d/rancher-cluster-nodes-1/rancher-cluster-nodes?orgId=1&kiosk&from=now-5m&to=now&refresh=30s&theme=light" "Mozilla/5.0 (Windows NT 10.0; Win64; x64) AppleWebKit/537.36 (KHTML, like Gecko) Chrome/127.0.0.0 Safari/537.36" 2042 0.013 [cattle-system-rancher-80] [] 10.52.2.3:80 3085 0.012 200 9c02e543728e43dafe85f4f62ccdebb9
2024-08-06T02:48:09.043433976Z 10.52.0.0 - - [06/Aug/2024:02:48:09 +0000] "GET /v1/harvester/harvesterhci.io.supportbundles/harvester-system/bundle-jk7b5 HTTP/1.1" 200 1037 "https://harvester.calgaryserver.ca/dashboard/harvester/c/local/support" "Mozilla/5.0 (Windows NT 10.0; Win64; x64) AppleWebKit/537.36 (KHTML, like Gecko) Chrome/127.0.0.0 Safari/537.36" 1203 0.008 [cattle-system-rancher-80] [] 10.52.2.3:80 1037 0.007 200 db51662a45631b0d24acb9c2f0b68e8d
2024-08-06T02:48:15.043797817Z 10.52.0.0 - - [06/Aug/2024:02:48:15 +0000] "GET /v1/harvester/harvesterhci.io.supportbundles/harvester-system/bundle-jk7b5 HTTP/1.1" 200 1037 "https://harvester.calgaryserver.ca/dashboard/harvester/c/local/support" "Mozilla/5.0 (Windows NT 10.0; Win64; x64) AppleWebKit/537.36 (KHTML, like Gecko) Chrome/127.0.0.0 Safari/537.36" 1203 0.006 [cattle-system-rancher-80] [] 10.52.1.5:80 1037 0.005 200 9e63a7d102314054dab9d04c211acd65
2024-08-06T02:48:18.061476003Z 10.52.0.0 - - [06/Aug/2024:02:48:18 +0000] "GET /v1/harvester/harvesterhci.io.supportbundles/harvester-system/bundle-jk7b5 HTTP/1.1" 200 1037 "https://harvester.calgaryserver.ca/dashboard/harvester/c/local/support" "Mozilla/5.0 (Windows NT 10.0; Win64; x64) AppleWebKit/537.36 (KHTML, like Gecko) Chrome/127.0.0.0 Safari/537.36" 1203 0.005 [cattle-system-rancher-80] [] 10.52.0.73:80 1037 0.004 200 c99e7c348788811d5d697d313b525684
2024-08-06T02:48:21.045443079Z 10.52.0.0 - - [06/Aug/2024:02:48:21 +0000] "GET /v1/harvester/harvesterhci.io.supportbundles/harvester-system/bundle-jk7b5 HTTP/1.1" 200 1037 "https://harvester.calgaryserver.ca/dashboard/harvester/c/local/support" "Mozilla/5.0 (Windows NT 10.0; Win64; x64) AppleWebKit/537.36 (KHTML, like Gecko) Chrome/127.0.0.0 Safari/537.36" 1203 0.007 [cattle-system-rancher-80] [] 10.52.0.73:80 1037 0.006 200 e4056f67a6821dcfdb023d17a9669225
2024-08-06T02:48:24.968583269Z 10.52.0.0 - - [06/Aug/2024:02:48:24 +0000] "GET /v1/cluster.x-k8s.io.machines HTTP/1.1" 200 4951 "https://harvester.calgaryserver.ca/dashboard/c/local/explorer/node" "Mozilla/5.0 (Windows NT 10.0; Win64; x64) AppleWebKit/537.36 (KHTML, like Gecko) Chrome/127.0.0.0 Safari/537.36" 1154 0.014 [cattle-system-rancher-80] [] 10.52.0.73:80 4958 0.014 200 e2aa39f57aa9064d73e3c467a6e28b84
2024-08-06T02:48:26.420305508Z 10.52.0.0 - - [06/Aug/2024:02:48:26 +0000] "GET /version HTTP/2.0" 200 286 "-" "curl/8.0.1" 36 0.002 [cattle-system-rancher-80] [] 10.52.2.3:80 286 0.003 200 8883e961183567b80776b03e74672015
2024-08-06T02:48:45.041373751Z 10.52.0.0 - - [06/Aug/2024:02:48:45 +0000] "GET /v1/harvester/harvesterhci.io.supportbundles/harvester-system/bundle-jk7b5 HTTP/1.1" 200 1037 "https://harvester.calgaryserver.ca/dashboard/harvester/c/local/support" "Mozilla/5.0 (Windows NT 10.0; Win64; x64) AppleWebKit/537.36 (KHTML, like Gecko) Chrome/127.0.0.0 Safari/537.36" 1203 0.006 [cattle-system-rancher-80] [] 10.52.1.5:80 1037 0.007 200 1dd12d2122844e1254684e7f2e43326e
2024-08-06T02:48:48.062884254Z 10.52.0.0 - - [06/Aug/2024:02:48:48 +0000] "GET /v1/harvester/harvesterhci.io.supportbundles/harvester-system/bundle-jk7b5 HTTP/1.1" 200 1037 "https://harvester.calgaryserver.ca/dashboard/harvester/c/local/support" "Mozilla/5.0 (Windows NT 10.0; Win64; x64) AppleWebKit/537.36 (KHTML, like Gecko) Chrome/127.0.0.0 Safari/537.36" 1203 0.007 [cattle-system-rancher-80] [] 10.52.0.73:80 1037 0.007 200 5a93fa5f19c3690a8fe729774b0e0dff
2024-08-06T02:48:51.057318712Z 10.52.0.0 - - [06/Aug/2024:02:48:51 +0000] "GET /v1/harvester/harvesterhci.io.supportbundles/harvester-system/bundle-jk7b5 HTTP/1.1" 200 1037 "https://harvester.calgaryserver.ca/dashboard/harvester/c/local/support" "Mozilla/5.0 (Windows NT 10.0; Win64; x64) AppleWebKit/537.36 (KHTML, like Gecko) Chrome/127.0.0.0 Safari/537.36" 1203 0.006 [cattle-system-rancher-80] [] 10.52.2.3:80 1037 0.006 200 e74fa633fe2078a2b039013262f153ee
2024-08-06T02:48:59.528533556Z 10.52.0.0 - - [06/Aug/2024:02:48:59 +0000] "GET /v1/apps.deployments HTTP/1.1" 200 25322 "https://harvester.calgaryserver.ca/dashboard/c/local/explorer/workload" "Mozilla/5.0 (Windows NT 10.0; Win64; x64) AppleWebKit/537.36 (KHTML, like Gecko) Chrome/127.0.0.0 Safari/537.36" 1149 0.040 [cattle-system-rancher-80] [] 10.52.1.5:80 25364 0.040 200 ca2febea8a9b89dd8b0e745ff8ec5397
2024-08-06T02:48:59.528587707Z 10.52.0.0 - - [06/Aug/2024:02:48:59 +0000] "GET /v1/apps.replicasets HTTP/1.1" 200 26069 "https://harvester.calgaryserver.ca/dashboard/c/local/explorer/workload" "Mozilla/5.0 (Windows NT 10.0; Win64; x64) AppleWebKit/537.36 (KHTML, like Gecko) Chrome/127.0.0.0 Safari/537.36" 1149 0.036 [cattle-system-rancher-80] [] 10.52.1.5:80 26111 0.035 200 574b52f8ef24feac4abafcd5ef57bdb0
2024-08-06T02:49:03.050229689Z 10.52.1.0 - - [06/Aug/2024:02:49:03 +0000] "GET /version HTTP/2.0" 200 286 "-" "curl/8.0.1" 36 0.002 [cattle-system-rancher-80] [] 10.52.1.5:80 286 0.003 200 c08e76f7cbd8e00512fd0bbcba9c63d8
2024-08-06T02:49:04.397791009Z 10.52.0.0 - - [06/Aug/2024:02:49:04 +0000] "GET /api/v1/namespaces/cattle-monitoring-system/services/http:rancher-monitoring-grafana:80/proxy/api/dashboards/uid/rancher-workload-1 HTTP/1.1" 200 13495 "https://harvester.calgaryserver.ca/dashboard/c/local/explorer/apps.daemonset/harvester-system/virt-handler" "Mozilla/5.0 (Windows NT 10.0; Win64; x64) AppleWebKit/537.36 (KHTML, like Gecko) Chrome/127.0.0.0 Safari/537.36" 1296 0.013 [cattle-system-rancher-80] [] 10.52.0.73:80 13473 0.012 200 62e398628bc3b55a8c2ecec725445abd
2024-08-06T02:49:06.068261853Z 10.52.0.0 - - [06/Aug/2024:02:49:06 +0000] "GET /v1/harvester/harvesterhci.io.supportbundles/harvester-system/bundle-jk7b5 HTTP/1.1" 200 1037 "https://harvester.calgaryserver.ca/dashboard/harvester/c/local/support" "Mozilla/5.0 (Windows NT 10.0; Win64; x64) AppleWebKit/537.36 (KHTML, like Gecko) Chrome/127.0.0.0 Safari/537.36" 1203 0.006 [cattle-system-rancher-80] [] 10.52.1.5:80 1037 0.006 200 869e80f8fd4ad39a1329a5d99e21724c
2024-08-06T02:49:23.125410833Z 10.52.2.0 - - [06/Aug/2024:02:49:23 +0000] "GET /version HTTP/2.0" 200 286 "-" "curl/8.0.1" 36 0.002 [cattle-system-rancher-80] [] 10.52.0.73:80 286 0.002 200 f35651a8a2b6323079ca27fddb7294cf
2024-08-06T02:49:26.381445345Z 10.52.0.0 - - [06/Aug/2024:02:49:26 +0000] "GET /version HTTP/2.0" 200 286 "-" "curl/8.0.1" 36 0.002 [cattle-system-rancher-80] [] 10.52.1.5:80 286 0.002 200 4e81033f8ad57b3ac0e290af46e4538f
2024-08-06T02:49:27.040999040Z 10.52.0.0 - - [06/Aug/2024:02:49:27 +0000] "GET /v1/harvester/harvesterhci.io.supportbundles/harvester-system/bundle-jk7b5 HTTP/1.1" 200 1037 "https://harvester.calgaryserver.ca/dashboard/harvester/c/local/support" "Mozilla/5.0 (Windows NT 10.0; Win64; x64) AppleWebKit/537.36 (KHTML, like Gecko) Chrome/127.0.0.0 Safari/537.36" 1203 0.007 [cattle-system-rancher-80] [] 10.52.2.3:80 1037 0.008 200 be41cce2dbdd72701da586d49e9d65eb
2024-08-06T02:49:30.058603647Z 10.52.0.0 - - [06/Aug/2024:02:49:30 +0000] "GET /v1/harvester/harvesterhci.io.supportbundles/harvester-system/bundle-jk7b5 HTTP/1.1" 200 1037 "https://harvester.calgaryserver.ca/dashboard/harvester/c/local/support" "Mozilla/5.0 (Windows NT 10.0; Win64; x64) AppleWebKit/537.36 (KHTML, like Gecko) Chrome/127.0.0.0 Safari/537.36" 1203 0.007 [cattle-system-rancher-80] [] 10.52.0.73:80 1037 0.006 200 cde15546bb3650a8305408ddbcc39e3d
2024-08-06T02:49:33.048007003Z 10.52.1.0 - - [06/Aug/2024:02:49:33 +0000] "GET /version HTTP/2.0" 200 286 "-" "curl/8.0.1" 36 0.002 [cattle-system-rancher-80] [] 10.52.1.5:80 286 0.002 200 30ce4ba0206bfb7548256c1d26daecbb
2024-08-06T02:49:42.064951019Z 10.52.0.0 - - [06/Aug/2024:02:49:42 +0000] "GET /v1/harvester/harvesterhci.io.supportbundles/harvester-system/bundle-jk7b5 HTTP/1.1" 200 1037 "https://harvester.calgaryserver.ca/dashboard/harvester/c/local/support" "Mozilla/5.0 (Windows NT 10.0; Win64; x64) AppleWebKit/537.36 (KHTML, like Gecko) Chrome/127.0.0.0 Safari/537.36" 1203 0.007 [cattle-system-rancher-80] [] 10.52.2.3:80 1037 0.007 200 1849af9d4a445561dfbb57abd4947ff0
2024-08-06T02:49:53.126208611Z 10.52.2.0 - - [06/Aug/2024:02:49:53 +0000] "GET /version HTTP/2.0" 200 286 "-" "curl/8.0.1" 36 0.003 [cattle-system-rancher-80] [] 10.52.1.5:80 286 0.003 200 0a51a013fba882b942547c455c5766a7
2024-08-06T02:49:57.044757594Z 10.52.0.0 - - [06/Aug/2024:02:49:57 +0000] "GET /v1/harvester/harvesterhci.io.supportbundles/harvester-system/bundle-jk7b5 HTTP/1.1" 200 1037 "https://harvester.calgaryserver.ca/dashboard/harvester/c/local/support" "Mozilla/5.0 (Windows NT 10.0; Win64; x64) AppleWebKit/537.36 (KHTML, like Gecko) Chrome/127.0.0.0 Safari/537.36" 1203 0.007 [cattle-system-rancher-80] [] 10.52.1.5:80 1037 0.006 200 a99790d4c274146c69bc81aef9ce7665
2024-08-06T02:50:06.059626851Z 10.52.0.0 - - [06/Aug/2024:02:50:06 +0000] "GET /v1/harvester/harvesterhci.io.supportbundles/harvester-system/bundle-jk7b5 HTTP/1.1" 200 1038 "https://harvester.calgaryserver.ca/dashboard/harvester/c/local/support" "Mozilla/5.0 (Windows NT 10.0; Win64; x64) AppleWebKit/537.36 (KHTML, like Gecko) Chrome/127.0.0.0 Safari/537.36" 1203 0.008 [cattle-system-rancher-80] [] 10.52.0.73:80 1038 0.007 200 ce8a558b4c5d2e108e40b0bc2b00cf80
2024-08-06T02:50:18.065458321Z 10.52.0.0 - - [06/Aug/2024:02:50:18 +0000] "GET /v1/harvester/harvesterhci.io.supportbundles/harvester-system/bundle-jk7b5 HTTP/1.1" 200 1038 "https://harvester.calgaryserver.ca/dashboard/harvester/c/local/support" "Mozilla/5.0 (Windows NT 10.0; Win64; x64) AppleWebKit/537.36 (KHTML, like Gecko) Chrome/127.0.0.0 Safari/537.36" 1203 0.006 [cattle-system-rancher-80] [] 10.52.0.73:80 1038 0.007 200 5fdb473fee06197e07e089e6f6b55b1b
2024-08-06T02:50:23.103566880Z 10.52.2.0 - - [06/Aug/2024:02:50:23 +0000] "GET /version HTTP/2.0" 200 286 "-" "curl/8.0.1" 36 0.003 [cattle-system-rancher-80] [] 10.52.2.3:80 286 0.002 200 7ce707b4d06878184a6ad80a6a1597a1
2024-08-06T02:51:23.131225020Z 10.52.2.0 - - [06/Aug/2024:02:51:23 +0000] "GET /version HTTP/2.0" 200 286 "-" "curl/8.0.1" 36 0.002 [cattle-system-rancher-80] [] 10.52.1.5:80 286 0.003 200 4d949c208bc357d0f6df5b2daf736d90
2024-08-06T02:51:35.693890574Z 10.52.0.0 - - [06/Aug/2024:02:51:35 +0000] "GET /v1/harvester/devices.harvesterhci.io.sriovgpudevices?limit=1 HTTP/1.1" 200 931 "https://harvester.calgaryserver.ca/dashboard/harvester/c/local/support" "Mozilla/5.0 (Windows NT 10.0; Win64; x64) AppleWebKit/537.36 (KHTML, like Gecko) Chrome/127.0.0.0 Safari/537.36" 1190 0.007 [cattle-system-rancher-80] [] 10.52.2.3:80 931 0.007 200 337760fe9801f8b8e04f4da5c6126b85
2024-08-06T02:51:35.748502107Z 10.52.0.0 - - [06/Aug/2024:02:51:35 +0000] "GET /v1/harvester/harvesterhci.io.settings?limit=1 HTTP/1.1" 200 679 "https://harvester.calgaryserver.ca/dashboard/harvester/c/local/support" "Mozilla/5.0 (Windows NT 10.0; Win64; x64) AppleWebKit/537.36 (KHTML, like Gecko) Chrome/127.0.0.0 Safari/537.36" 1175 0.009 [cattle-system-rancher-80] [] 10.52.1.5:80 679 0.009 200 bfe4926d333b02c48ac08381b048df74
2024-08-06T02:51:35.757962683Z 10.52.0.0 - - [06/Aug/2024:02:51:35 +0000] "GET /v1/harvester/nodes?limit=1 HTTP/1.1" 200 6597 "https://harvester.calgaryserver.ca/dashboard/harvester/c/local/support" "Mozilla/5.0 (Windows NT 10.0; Win64; x64) AppleWebKit/537.36 (KHTML, like Gecko) Chrome/127.0.0.0 Safari/537.36" 1156 0.018 [cattle-system-rancher-80] [] 10.52.0.73:80 6591 0.017 200 c8c9364a4c9b761498e3cd02e24d4e2b
2024-08-06T02:51:35.905601536Z 10.52.0.0 - - [06/Aug/2024:02:51:35 +0000] "GET /v1/harvester/harvesterhci.io.upgradelogs?limit=1 HTTP/1.1" 200 173 "https://harvester.calgaryserver.ca/dashboard/harvester/c/local/support" "Mozilla/5.0 (Windows NT 10.0; Win64; x64) AppleWebKit/537.36 (KHTML, like Gecko) Chrome/127.0.0.0 Safari/537.36" 1178 0.007 [cattle-system-rancher-80] [] 10.52.2.3:80 173 0.006 200 d89d1ee23893408e94d87f7f37acd9d3
2024-08-06T02:51:37.552482405Z 10.52.0.0 - - [06/Aug/2024:02:51:37 +0000] "GET /v1/management.cattle.io.settings?limit=1 HTTP/1.1" 200 732 "https://harvester.calgaryserver.ca/dashboard/c/local/explorer/apps.daemonset/harvester-system/virt-handler" "Mozilla/5.0 (Windows NT 10.0; Win64; x64) AppleWebKit/537.36 (KHTML, like Gecko) Chrome/127.0.0.0 Safari/537.36" 1206 0.007 [cattle-system-rancher-80] [] 10.52.2.3:80 732 0.008 200 67b729a8506d1a680c4a94ccea442902
2024-08-06T02:51:37.618520273Z 10.52.0.0 - - [06/Aug/2024:02:51:37 +0000] "GET /v1/management.cattle.io.clusters?limit=1 HTTP/1.1" 200 1361 "https://harvester.calgaryserver.ca/dashboard/c/local/explorer/apps.daemonset/harvester-system/virt-handler" "Mozilla/5.0 (Windows NT 10.0; Win64; x64) AppleWebKit/537.36 (KHTML, like Gecko) Chrome/127.0.0.0 Safari/537.36" 1206 0.007 [cattle-system-rancher-80] [] 10.52.0.73:80 1361 0.007 200 25848ef76b3af145616e99ed0414b3b0
2024-08-06T02:51:37.625605492Z 10.52.0.0 - - [06/Aug/2024:02:51:37 +0000] "GET /v1/catalog.cattle.io.apps?limit=1 HTTP/1.1" 200 2447 "https://harvester.calgaryserver.ca/dashboard/c/local/explorer/apps.daemonset/harvester-system/virt-handler" "Mozilla/5.0 (Windows NT 10.0; Win64; x64) AppleWebKit/537.36 (KHTML, like Gecko) Chrome/127.0.0.0 Safari/537.36" 1199 0.011 [cattle-system-rancher-80] [] 10.52.2.3:80 2454 0.010 200 08886ae3563936f8560920c8a75bd630
2024-08-06T02:51:37.999481704Z 10.52.0.0 - - [06/Aug/2024:02:51:37 +0000] "GET /v1/ui.cattle.io.navlinks?limit=1 HTTP/1.1" 200 168 "https://harvester.calgaryserver.ca/dashboard/c/local/explorer/apps.daemonset/harvester-system/virt-handler" "Mozilla/5.0 (Windows NT 10.0; Win64; x64) AppleWebKit/537.36 (KHTML, like Gecko) Chrome/127.0.0.0 Safari/537.36" 1198 0.006 [cattle-system-rancher-80] [] 10.52.2.3:80 168 0.006 200 809562e855baeba00c354853d131256b
2024-08-06T02:51:38.061533592Z 10.52.0.0 - - [06/Aug/2024:02:51:38 +0000] "GET /v1/networking.k8s.io.ingresses?limit=1 HTTP/1.1" 200 886 "https://harvester.calgaryserver.ca/dashboard/c/local/explorer/apps.daemonset/harvester-system/virt-handler" "Mozilla/5.0 (Windows NT 10.0; Win64; x64) AppleWebKit/537.36 (KHTML, like Gecko) Chrome/127.0.0.0 Safari/537.36" 1204 0.005 [cattle-system-rancher-80] [] 10.52.1.5:80 886 0.005 200 2715181be2640698f8d03e6f521a3a7e
2024-08-06T02:51:56.412385807Z 10.52.0.0 - - [06/Aug/2024:02:51:56 +0000] "GET /version HTTP/2.0" 200 286 "-" "curl/8.0.1" 36 0.002 [cattle-system-rancher-80] [] 10.52.0.73:80 286 0.002 200 c3f0d6222fc843e63ae79e68a8336b76
2024-08-06T02:52:23.115267165Z 10.52.2.0 - - [06/Aug/2024:02:52:23 +0000] "GET /version HTTP/2.0" 200 286 "-" "curl/8.0.1" 36 0.003 [cattle-system-rancher-80] [] 10.52.1.5:80 286 0.003 200 341fa7a29b97eae8dd7fd6892fdf045f
2024-08-06T02:52:33.512946211Z 10.10.110.232 - - [06/Aug/2024:02:52:33 +0000] "GET /version HTTP/2.0" 200 286 "-" "curl/8.0.1" 36 0.003 [cattle-system-rancher-80] [] 10.52.0.73:80 286 0.003 200 e916582b143643b028dbca110bee828b
2024-08-06T02:52:47.686385234Z 10.52.0.0 - - [06/Aug/2024:02:52:47 +0000] "GET /v1/devices.harvesterhci.io.pcidevices HTTP/1.1" 200 33957 "https://harvester.calgaryserver.ca/dashboard/c/local/explorer/devices.harvesterhci.io.pcidevice" "Mozilla/5.0 (Windows NT 10.0; Win64; x64) AppleWebKit/537.36 (KHTML, like Gecko) Chrome/127.0.0.0 Safari/537.36" 1192 0.141 [cattle-system-rancher-80] [] 10.52.0.73:80 34013 0.141 200 e92a1324a1646bfc613ca1b6b1f7365c
2024-08-06T02:52:51.852793298Z 10.52.0.0 - - [06/Aug/2024:02:52:51 +0000] "GET /v1/devices.harvesterhci.io.sriovgpudevices HTTP/1.1" 200 936 "https://harvester.calgaryserver.ca/dashboard/c/local/explorer/devices.harvesterhci.io.vgpudevice" "Mozilla/5.0 (Windows NT 10.0; Win64; x64) AppleWebKit/537.36 (KHTML, like Gecko) Chrome/127.0.0.0 Safari/537.36" 1198 0.007 [cattle-system-rancher-80] [] 10.52.1.5:80 936 0.007 200 550b2329c7a205ba7a2f81a835abcf6b
2024-08-06T02:53:03.485252420Z 10.10.110.232 - - [06/Aug/2024:02:53:03 +0000] "GET /version HTTP/2.0" 200 286 "-" "curl/8.0.1" 36 0.002 [cattle-system-rancher-80] [] 10.52.2.3:80 286 0.002 200 e64d69fa16909cd90d8d92ecd4a4352b
2024-08-06T02:53:23.113293859Z 10.52.2.0 - - [06/Aug/2024:02:53:23 +0000] "GET /version HTTP/2.0" 200 286 "-" "curl/8.0.1" 36 0.002 [cattle-system-rancher-80] [] 10.52.0.73:80 286 0.002 200 b8c9b139cde0896d7124c973bf8865e2
2024-08-06T02:53:56.407974339Z 10.52.0.0 - - [06/Aug/2024:02:53:56 +0000] "GET /version HTTP/2.0" 200 286 "-" "curl/8.0.1" 36 0.002 [cattle-system-rancher-80] [] 10.52.1.5:80 286 0.002 200 a79af06b0aa5f63f8e2dbb6428a1b81c
2024-08-06T02:53:59.103243249Z 10.52.0.0 - - [06/Aug/2024:02:53:59 +0000] "GET /v1/harvester/cluster.x-k8s.io.machines?limit=1 HTTP/1.1" 200 2528 "https://harvester.calgaryserver.ca/dashboard/harvester/c/local/support" "Mozilla/5.0 (Windows NT 10.0; Win64; x64) AppleWebKit/537.36 (KHTML, like Gecko) Chrome/127.0.0.0 Safari/537.36" 1176 0.014 [cattle-system-rancher-80] [] 10.52.1.5:80 2528 0.014 200 2ec5b3edabbcc6d3eb60e67e351d6467
2024-08-06T02:54:19.182942698Z 10.52.0.0 - - [06/Aug/2024:02:54:19 +0000] "GET /v1/harvester/harvesterhci.io.virtualmachinerestores?limit=1 HTTP/1.1" 200 179 "https://harvester.calgaryserver.ca/dashboard/harvester/c/local/support" "Mozilla/5.0 (Windows NT 10.0; Win64; x64) AppleWebKit/537.36 (KHTML, like Gecko) Chrome/127.0.0.0 Safari/537.36" 1189 0.006 [cattle-system-rancher-80] [] 10.52.2.3:80 179 0.006 200 9b0b8a125e4a1864b8c3062ed90b3aa3
2024-08-06T02:54:19.201039518Z 10.52.0.0 - - [06/Aug/2024:02:54:19 +0000] "GET /v1/harvester/kubevirt.io.virtualmachines?limit=1 HTTP/1.1" 200 2396 "https://harvester.calgaryserver.ca/dashboard/harvester/c/local/support" "Mozilla/5.0 (Windows NT 10.0; Win64; x64) AppleWebKit/537.36 (KHTML, like Gecko) Chrome/127.0.0.0 Safari/537.36" 1178 0.012 [cattle-system-rancher-80] [] 10.52.2.3:80 2396 0.013 200 d4a607c1d489867acb57992731866cd1
2024-08-06T02:54:23.114435671Z 10.52.2.0 - - [06/Aug/2024:02:54:23 +0000] "GET /version HTTP/2.0" 200 286 "-" "curl/8.0.1" 36 0.002 [cattle-system-rancher-80] [] 10.52.2.3:80 286 0.003 200 181a60192af50757a86aec586f92ff1a
2024-08-06T02:54:33.041172587Z 10.52.1.0 - - [06/Aug/2024:02:54:33 +0000] "GET /version HTTP/2.0" 200 286 "-" "curl/8.0.1" 36 0.003 [cattle-system-rancher-80] [] 10.52.2.3:80 286 0.004 200 c67e50bc96d6fdae5330cedd38766bc1
2024-08-06T02:56:33.070785941Z 10.52.1.0 - - [06/Aug/2024:02:56:33 +0000] "GET /version HTTP/2.0" 200 286 "-" "curl/8.0.1" 36 0.003 [cattle-system-rancher-80] [] 10.52.0.73:80 286 0.002 200 8a09ec7f8f5e37e7e68d7bf64b10af86
2024-08-06T02:57:03.522223093Z 10.10.110.232 - - [06/Aug/2024:02:57:03 +0000] "GET /version HTTP/2.0" 200 286 "-" "curl/8.0.1" 36 0.002 [cattle-system-rancher-80] [] 10.52.0.73:80 286 0.002 200 b8e4baf3a3b378d8e07b90ff80f86053
2024-08-06T02:57:33.499585220Z 10.10.110.232 - - [06/Aug/2024:02:57:33 +0000] "GET /version HTTP/2.0" 200 286 "-" "curl/8.0.1" 36 0.003 [cattle-system-rancher-80] [] 10.52.2.3:80 286 0.002 200 cc8034bf1580e3fe7984473f88a773c7
2024-08-06T02:58:33.047853782Z 10.52.1.0 - - [06/Aug/2024:02:58:33 +0000] "GET /version HTTP/2.0" 200 286 "-" "curl/8.0.1" 36 0.003 [cattle-system-rancher-80] [] 10.52.1.5:80 286 0.002 200 97ca5080989d27a3455f08a96ea08549
2024-08-06T02:58:53.134003167Z 10.52.2.0 - - [06/Aug/2024:02:58:53 +0000] "GET /version HTTP/2.0" 200 286 "-" "curl/8.0.1" 36 0.002 [cattle-system-rancher-80] [] 10.52.2.3:80 286 0.003 200 c11e260cf4ba2ca632e47ce607aeaa3b
2024-08-06T02:58:56.409841591Z 10.52.0.0 - - [06/Aug/2024:02:58:56 +0000] "GET /version HTTP/2.0" 200 286 "-" "curl/8.0.1" 36 0.003 [cattle-system-rancher-80] [] 10.52.2.3:80 286 0.002 200 fd2356a63603bec9f5a72dd961623937
2024-08-06T02:59:03.034204551Z 10.52.1.0 - - [06/Aug/2024:02:59:03 +0000] "GET /version HTTP/2.0" 200 286 "-" "curl/8.0.1" 36 0.002 [cattle-system-rancher-80] [] 10.52.2.3:80 286 0.003 200 b08dbc4bc29e15378b966676a708ec1a
2024-08-06T02:59:33.057814571Z 10.52.1.0 - - [06/Aug/2024:02:59:33 +0000] "GET /version HTTP/2.0" 200 286 "-" "curl/8.0.1" 36 0.003 [cattle-system-rancher-80] [] 10.52.0.73:80 286 0.002 200 4f7aae4163948c351f4ee3bbbf9f5dc5
2024-08-06T02:59:47.702985446Z 10.52.0.0 - - [06/Aug/2024:02:59:47 +0000] "GET /api/v1/namespaces/cattle-monitoring-system/services/http:rancher-monitoring-grafana:80/proxy/api/dashboards/uid/rancher-node-detail-1 HTTP/1.1" 200 14380 "https://harvester.calgaryserver.ca/dashboard/c/local/explorer/node/harvesterdev7" "Mozilla/5.0 (Windows NT 10.0; Win64; x64) AppleWebKit/537.36 (KHTML, like Gecko) Chrome/127.0.0.0 Safari/537.36" 1273 0.009 [cattle-system-rancher-80] [] 10.52.0.73:80 14366 0.009 200 0179c10d4ef59b6e9bfa319f3850c164
2024-08-06T02:59:49.883805464Z 10.52.0.0 - - [06/Aug/2024:02:59:49 +0000] "GET /api/v1/namespaces/harvester-system/pods/harvester-network-controller-4jbzn/log?previous=false&follow=true&timestamps=true&pretty=true&container=harvester-network&sinceSeconds=1800&sockId=10 HTTP/1.1" 101 6 "-" "Mozilla/5.0 (Windows NT 10.0; Win64; x64) AppleWebKit/537.36 (KHTML, like Gecko) Chrome/127.0.0.0 Safari/537.36" 1235 9.134 [cattle-system-rancher-80] [] 10.52.2.3:80 0 9.133 101 3a1804375df6c299b1d7b93a8c8b0e71
2024-08-06T03:00:05.150630169Z 10.52.0.0 - - [06/Aug/2024:03:00:05 +0000] "GET /api/v1/namespaces/harvester-system/pods/virt-handler-2kgsd/log?previous=false&follow=true&timestamps=true&pretty=true&container=virt-handler&sinceSeconds=1800&sockId=9 HTTP/1.1" 101 127942 "-" "Mozilla/5.0 (Windows NT 10.0; Win64; x64) AppleWebKit/537.36 (KHTML, like Gecko) Chrome/127.0.0.0 Safari/537.36" 1213 71.229 [cattle-system-rancher-80] [] 10.52.0.73:80 0 71.228 101 887c212251d708e9ea409fa5238ff988
2024-08-06T03:00:23.125373008Z 10.52.2.0 - - [06/Aug/2024:03:00:23 +0000] "GET /version HTTP/2.0" 200 286 "-" "curl/8.0.1" 36 0.002 [cattle-system-rancher-80] [] 10.52.2.3:80 286 0.002 200 656c8a2a1a5ea5906c23ebdac18e45f5
2024-08-06T03:00:47.288336895Z 10.52.0.0 - - [06/Aug/2024:03:00:47 +0000] "GET /api/v1/namespaces/default/pods/virt-launcher-gputest-primary-c31607d4-hpllh-kljbh/log?previous=false&follow=true&timestamps=true&pretty=true&container=compute&sinceSeconds=1800&sockId=11 HTTP/1.1" 101 6650 "-" "Mozilla/5.0 (Windows NT 10.0; Win64; x64) AppleWebKit/537.36 (KHTML, like Gecko) Chrome/127.0.0.0 Safari/537.36" 1232 28.017 [cattle-system-rancher-80] [] 10.52.0.73:80 0 28.017 101 4b83ff49477b6105b020a56e0e6822ab
2024-08-06T03:00:53.107451206Z 10.52.2.0 - - [06/Aug/2024:03:00:53 +0000] "GET /version HTTP/2.0" 200 286 "-" "curl/8.0.1" 36 0.003 [cattle-system-rancher-80] [] 10.52.1.5:80 286 0.003 200 d0cd4c08bac391ef48f1be2b36a589e9
2024-08-06T03:00:55.640463489Z 10.52.0.0 - - [06/Aug/2024:03:00:55 +0000] "GET /v1/events HTTP/1.1" 200 130849 "https://harvester.calgaryserver.ca/dashboard/c/local/explorer/pod/default/virt-launcher-gputest-primary-c31607d4-hpllh-kljbh" "Mozilla/5.0 (Windows NT 10.0; Win64; x64) AppleWebKit/537.36 (KHTML, like Gecko) Chrome/127.0.0.0 Safari/537.36" 1193 0.175 [cattle-system-rancher-80] [] 10.52.0.73:80 131066 0.176 200 4d4a39c000bc314c7e37a39c89301fc2
2024-08-06T03:01:03.512608345Z 10.10.110.232 - - [06/Aug/2024:03:01:03 +0000] "GET /version HTTP/2.0" 200 286 "-" "curl/8.0.1" 36 0.003 [cattle-system-rancher-80] [] 10.52.1.5:80 286 0.002 200 87e0fdd07c9c9163d2a2a5699d954d0b
2024-08-06T03:01:23.118734033Z 10.52.2.0 - - [06/Aug/2024:03:01:23 +0000] "GET /version HTTP/2.0" 200 286 "-" "curl/8.0.1" 36 0.003 [cattle-system-rancher-80] [] 10.52.0.73:80 286 0.002 200 0eb7ea221c30c647eaec210b6fe9ad88
2024-08-06T03:01:33.512860137Z 10.10.110.232 - - [06/Aug/2024:03:01:33 +0000] "GET /version HTTP/2.0" 200 286 "-" "curl/8.0.1" 36 0.003 [cattle-system-rancher-80] [] 10.52.1.5:80 286 0.003 200 047dd6b800c96869a582920d5d5ec285
2024-08-06T03:02:03.521512451Z 10.10.110.232 - - [06/Aug/2024:03:02:03 +0000] "GET /version HTTP/2.0" 200 286 "-" "curl/8.0.1" 36 0.003 [cattle-system-rancher-80] [] 10.52.0.73:80 286 0.002 200 0c5513ea9398d0ff364258fb9a57fd0c
2024-08-06T03:03:03.536537161Z 10.10.110.232 - - [06/Aug/2024:03:03:03 +0000] "GET /version HTTP/2.0" 200 286 "-" "curl/8.0.1" 36 0.003 [cattle-system-rancher-80] [] 10.52.1.5:80 286 0.002 200 3090588b5f5d720f14226b314eac2aa4
2024-08-06T03:03:33.036766257Z 10.52.1.0 - - [06/Aug/2024:03:03:33 +0000] "GET /version HTTP/2.0" 200 286 "-" "curl/8.0.1" 36 0.003 [cattle-system-rancher-80] [] 10.52.0.73:80 286 0.002 200 baa71db4a6b1c8b3ac060aad3facf84b
2024-08-06T03:03:53.103451694Z 10.52.2.0 - - [06/Aug/2024:03:03:53 +0000] "GET /version HTTP/2.0" 200 286 "-" "curl/8.0.1" 36 0.002 [cattle-system-rancher-80] [] 10.52.2.3:80 286 0.003 200 8e72e230d74718de2e8e6fbe90a46a36
2024-08-06T03:03:56.421667375Z 10.52.0.0 - - [06/Aug/2024:03:03:56 +0000] "GET /version HTTP/2.0" 200 286 "-" "curl/8.0.1" 36 0.003 [cattle-system-rancher-80] [] 10.52.0.73:80 286 0.002 200 718e2b1e092693683c96ecf6bbf0e693
2024-08-06T03:04:03.036801428Z 10.52.1.0 - - [06/Aug/2024:03:04:03 +0000] "GET /version HTTP/2.0" 200 286 "-" "curl/8.0.1" 36 0.002 [cattle-system-rancher-80] [] 10.52.1.5:80 286 0.002 200 c06fd534549b9bce2a33b64ba4e218ad
2024-08-06T03:05:03.031041895Z 10.52.1.0 - - [06/Aug/2024:03:05:03 +0000] "GET /version HTTP/2.0" 200 286 "-" "curl/8.0.1" 36 0.002 [cattle-system-rancher-80] [] 10.52.0.73:80 286 0.003 200 21244c9334644be02818cf70eaa3b364
2024-08-06T03:05:53.106184901Z 10.52.2.0 - - [06/Aug/2024:03:05:53 +0000] "GET /version HTTP/2.0" 200 286 "-" "curl/8.0.1" 36 0.002 [cattle-system-rancher-80] [] 10.52.2.3:80 286 0.003 200 fdeb7c02458f519cc158811850530d1d
2024-08-06T03:06:56.415606268Z 10.52.0.0 - - [06/Aug/2024:03:06:56 +0000] "GET /version HTTP/2.0" 200 286 "-" "curl/8.0.1" 36 0.003 [cattle-system-rancher-80] [] 10.52.0.73:80 286 0.003 200 fbe817a4692bd6a61585fff37781570f
2024-08-06T03:07:03.030094370Z 10.52.1.0 - - [06/Aug/2024:03:07:03 +0000] "GET /version HTTP/2.0" 200 286 "-" "curl/8.0.1" 36 0.003 [cattle-system-rancher-80] [] 10.52.2.3:80 286 0.003 200 e5da3137c95b858064166a8bf2061e52
2024-08-06T03:08:26.417718226Z 10.52.0.0 - - [06/Aug/2024:03:08:26 +0000] "GET /version HTTP/2.0" 200 286 "-" "curl/8.0.1" 36 0.003 [cattle-system-rancher-80] [] 10.52.0.73:80 286 0.002 200 7966fdfb81d6088026864f7e677a9180
2024-08-06T03:09:26.384323761Z 10.52.0.0 - - [06/Aug/2024:03:09:26 +0000] "GET /version HTTP/2.0" 200 286 "-" "curl/8.0.1" 36 0.002 [cattle-system-rancher-80] [] 10.52.0.73:80 286 0.003 200 6ef3a81011eb8a39b530794e26aad157
2024-08-06T03:09:56.388668198Z 10.52.0.0 - - [06/Aug/2024:03:09:56 +0000] "GET /version HTTP/2.0" 200 286 "-" "curl/8.0.1" 36 0.003 [cattle-system-rancher-80] [] 10.52.2.3:80 286 0.002 200 dea6f7f993679c2c2f8b370654a45a17
2024-08-06T03:10:56.370420533Z 10.52.0.0 - - [06/Aug/2024:03:10:56 +0000] "GET /version HTTP/2.0" 200 286 "-" "curl/8.0.1" 36 0.002 [cattle-system-rancher-80] [] 10.52.1.5:80 286 0.003 200 1f8df375007430c17db33931fed757b2
2024-08-06T03:11:03.068538640Z 10.52.1.0 - - [06/Aug/2024:03:11:03 +0000] "GET /version HTTP/2.0" 200 286 "-" "curl/8.0.1" 36 0.002 [cattle-system-rancher-80] [] 10.52.1.5:80 286 0.002 200 a1eb31c2251cd8b17f220ed5a264f743
2024-08-06T03:12:03.053298037Z 10.52.1.0 - - [06/Aug/2024:03:12:03 +0000] "GET /version HTTP/2.0" 200 286 "-" "curl/8.0.1" 36 0.002 [cattle-system-rancher-80] [] 10.52.0.73:80 286 0.002 200 ffb780b1c78120bfd85179cd07d7d2ac
2024-08-06T03:12:03.532730930Z 10.10.110.232 - - [06/Aug/2024:03:12:03 +0000] "GET /version HTTP/2.0" 200 286 "-" "curl/8.0.1" 36 0.003 [cattle-system-rancher-80] [] 10.52.1.5:80 286 0.002 200 3b395ee513d1eff368bd4bd80d87b213
2024-08-06T03:12:33.042531342Z 10.52.1.0 - - [06/Aug/2024:03:12:33 +0000] "GET /version HTTP/2.0" 200 286 "-" "curl/8.0.1" 36 0.003 [cattle-system-rancher-80] [] 10.52.1.5:80 286 0.002 200 22627ba5a6284f2b8d2a9511d9301ba7
2024-08-06T03:13:03.508278144Z 10.10.110.232 - - [06/Aug/2024:03:13:03 +0000] "GET /version HTTP/2.0" 200 286 "-" "curl/8.0.1" 36 0.003 [cattle-system-rancher-80] [] 10.52.1.5:80 286 0.003 200 7c7dd9211d6f5f30c701527333467095
2024-08-06T03:13:26.411445743Z 10.52.0.0 - - [06/Aug/2024:03:13:26 +0000] "GET /version HTTP/2.0" 200 286 "-" "curl/8.0.1" 36 0.002 [cattle-system-rancher-80] [] 10.52.1.5:80 286 0.002 200 bd1998260e80601361efc2da74390f9a
2024-08-06T03:14:03.046844158Z 10.52.1.0 - - [06/Aug/2024:03:14:03 +0000] "GET /version HTTP/2.0" 200 286 "-" "curl/8.0.1" 36 0.003 [cattle-system-rancher-80] [] 10.52.0.73:80 286 0.002 200 2e9ff0bf9f4baf32b9a94a9687b4ee5e
2024-08-06T03:14:33.067118937Z 10.52.1.0 - - [06/Aug/2024:03:14:33 +0000] "GET /version HTTP/2.0" 200 286 "-" "curl/8.0.1" 36 0.002 [cattle-system-rancher-80] [] 10.52.2.3:80 286 0.003 200 eae625adabf16b787285e8c5146fcc1b
2024-08-06T03:15:26.397366771Z 10.52.0.0 - - [06/Aug/2024:03:15:26 +0000] "GET /version HTTP/2.0" 200 286 "-" "curl/8.0.1" 36 0.002 [cattle-system-rancher-80] [] 10.52.1.5:80 286 0.003 200 75f7a7da8b46fd71995b53d640c19cd7
2024-08-06T03:16:23.122201616Z 10.52.2.0 - - [06/Aug/2024:03:16:23 +0000] "GET /version HTTP/2.0" 200 286 "-" "curl/8.0.1" 36 0.002 [cattle-system-rancher-80] [] 10.52.1.5:80 286 0.003 200 fde9a5bb53cc933b7a17f89143f3640e
2024-08-06T03:16:26.404456294Z 10.52.0.0 - - [06/Aug/2024:03:16:26 +0000] "GET /version HTTP/2.0" 200 286 "-" "curl/8.0.1" 36 0.002 [cattle-system-rancher-80] [] 10.52.0.73:80 286 0.002 200 7c768dd8fc820ae26f53d215122055b3
2024-08-06T03:17:03.541969760Z 10.10.110.232 - - [06/Aug/2024:03:17:03 +0000] "GET /version HTTP/2.0" 200 286 "-" "curl/8.0.1" 36 0.002 [cattle-system-rancher-80] [] 10.52.1.5:80 286 0.003 200 39f2fa59dbf50801c1ef916ea1f7f18f
2024-08-06T03:17:33.058819669Z 10.52.1.0 - - [06/Aug/2024:03:17:33 +0000] "GET /version HTTP/2.0" 200 286 "-" "curl/8.0.1" 36 0.002 [cattle-system-rancher-80] [] 10.52.2.3:80 286 0.003 200 eaba5ba7ca8a232d7ebc0cabc8bf0dbd
2024-08-06T03:17:33.542909690Z 10.10.110.232 - - [06/Aug/2024:03:17:33 +0000] "GET /version HTTP/2.0" 200 286 "-" "curl/8.0.1" 36 0.002 [cattle-system-rancher-80] [] 10.52.1.5:80 286 0.003 200 3d99cb741980050003789c1aaeef9cae
2024-08-06T03:17:53.124923762Z 10.52.2.0 - - [06/Aug/2024:03:17:53 +0000] "GET /version HTTP/2.0" 200 286 "-" "curl/8.0.1" 36 0.002 [cattle-system-rancher-80] [] 10.52.2.3:80 286 0.003 200 07f677e22f35017479f34724930f7ff6
2024-08-06T03:18:56.392127257Z 10.52.0.0 - - [06/Aug/2024:03:18:56 +0000] "GET /version HTTP/2.0" 200 286 "-" "curl/8.0.1" 36 0.002 [cattle-system-rancher-80] [] 10.52.0.73:80 286 0.003 200 b5aff0d57cf59ae03a967e4d8ab87435
2024-08-06T03:19:00.541128281Z 10.52.0.0 - - [06/Aug/2024:03:19:00 +0000] "GET /v1/batch.jobs?limit=1 HTTP/1.1" 200 3799 "https://harvester.calgaryserver.ca/dashboard/c/local/explorer/apps.statefulset" "Mozilla/5.0 (Windows NT 10.0; Win64; x64) AppleWebKit/537.36 (KHTML, like Gecko) Chrome/127.0.0.0 Safari/537.36" 1159 0.010 [cattle-system-rancher-80] [] 10.52.2.3:80 3800 0.011 200 306e7dd47f53702fecb9787ab3051bed
2024-08-06T03:19:00.549751231Z 10.52.0.0 - - [06/Aug/2024:03:19:00 +0000] "GET /v1/batch.cronjobs?limit=1 HTTP/1.1" 200 164 "https://harvester.calgaryserver.ca/dashboard/c/local/explorer/apps.statefulset" "Mozilla/5.0 (Windows NT 10.0; Win64; x64) AppleWebKit/537.36 (KHTML, like Gecko) Chrome/127.0.0.0 Safari/537.36" 1163 0.005 [cattle-system-rancher-80] [] 10.52.1.5:80 164 0.005 200 4456322ee9b52541184090681adec838
2024-08-06T03:19:00.555779506Z 10.52.0.0 - - [06/Aug/2024:03:19:00 +0000] "GET /v1/apps.statefulsets?limit=1 HTTP/1.1" 200 2778 "https://harvester.calgaryserver.ca/dashboard/c/local/explorer/apps.statefulset" "Mozilla/5.0 (Windows NT 10.0; Win64; x64) AppleWebKit/537.36 (KHTML, like Gecko) Chrome/127.0.0.0 Safari/537.36" 1166 0.011 [cattle-system-rancher-80] [] 10.52.0.73:80 2785 0.010 200 4eb2b474c7cc3a2fc48d40b1fa08371b
2024-08-06T03:19:00.561460841Z 10.52.0.0 - - [06/Aug/2024:03:19:00 +0000] "GET /v1/replicationcontrollers?limit=1 HTTP/1.1" 200 166 "https://harvester.calgaryserver.ca/dashboard/c/local/explorer/apps.statefulset" "Mozilla/5.0 (Windows NT 10.0; Win64; x64) AppleWebKit/537.36 (KHTML, like Gecko) Chrome/127.0.0.0 Safari/537.36" 1171 0.004 [cattle-system-rancher-80] [] 10.52.0.73:80 166 0.004 200 d81e6ee929df169d02b0d9aad975660c
2024-08-06T03:19:03.506984537Z 10.10.110.232 - - [06/Aug/2024:03:19:03 +0000] "GET /version HTTP/2.0" 200 286 "-" "curl/8.0.1" 36 0.002 [cattle-system-rancher-80] [] 10.52.1.5:80 286 0.003 200 adb966ea2b4b05359cb5572f40924413
2024-08-06T03:19:26.404979441Z 10.52.0.0 - - [06/Aug/2024:03:19:26 +0000] "GET /version HTTP/2.0" 200 286 "-" "curl/8.0.1" 36 0.003 [cattle-system-rancher-80] [] 10.52.2.3:80 286 0.002 200 b246f4d69e62fe0e36e8edde0882b0e2
2024-08-06T03:19:46.923232606Z 10.52.0.0 - - [06/Aug/2024:03:19:46 +0000] "GET /v1/provisioning.cattle.io.clusters?limit=1 HTTP/1.1" 200 1965 "https://harvester.calgaryserver.ca/dashboard/c/local/explorer/apps.statefulset" "Mozilla/5.0 (Windows NT 10.0; Win64; x64) AppleWebKit/537.36 (KHTML, like Gecko) Chrome/127.0.0.0 Safari/537.36" 1180 0.006 [cattle-system-rancher-80] [] 10.52.2.3:80 1965 0.006 200 5f7167942eb25a3aed22dd368c6f8441
2024-08-06T03:20:03.052618631Z 10.52.1.0 - - [06/Aug/2024:03:20:03 +0000] "GET /version HTTP/2.0" 200 286 "-" "curl/8.0.1" 36 0.003 [cattle-system-rancher-80] [] 10.52.1.5:80 286 0.002 200 c0164a0cdcf5b03eae9156ce058c139a
2024-08-06T03:20:03.501463462Z 10.10.110.232 - - [06/Aug/2024:03:20:03 +0000] "GET /version HTTP/2.0" 200 286 "-" "curl/8.0.1" 36 0.003 [cattle-system-rancher-80] [] 10.52.0.73:80 286 0.002 200 e6f8b35b5f02cefb320be2bc5226f1ba
2024-08-06T03:20:26.387433562Z 10.52.0.0 - - [06/Aug/2024:03:20:26 +0000] "GET /version HTTP/2.0" 200 286 "-" "curl/8.0.1" 36 0.002 [cattle-system-rancher-80] [] 10.52.1.5:80 286 0.003 200 ef174a602b14a5666252d28244142e0a
2024-08-06T03:20:53.129221329Z 10.52.2.0 - - [06/Aug/2024:03:20:53 +0000] "GET /version HTTP/2.0" 200 286 "-" "curl/8.0.1" 36 0.002 [cattle-system-rancher-80] [] 10.52.2.3:80 286 0.003 200 91bdaa44fc03857f59e1deda9c3dd362
2024-08-06T03:21:03.063037150Z 10.52.1.0 - - [06/Aug/2024:03:21:03 +0000] "GET /version HTTP/2.0" 200 286 "-" "curl/8.0.1" 36 0.003 [cattle-system-rancher-80] [] 10.52.1.5:80 286 0.003 200 eee5b9275c69f6a0609f87d885e889d2
2024-08-06T03:21:41.649385093Z 10.52.0.0 - - [06/Aug/2024:03:21:41 +0000] "GET /v1/harvester/namespaces?limit=1 HTTP/1.1" 200 1290 "https://harvester.calgaryserver.ca/dashboard/harvester/c/local/support" "Mozilla/5.0 (Windows NT 10.0; Win64; x64) AppleWebKit/537.36 (KHTML, like Gecko) Chrome/127.0.0.0 Safari/537.36" 1161 0.788 [cattle-system-rancher-80] [] 10.52.1.5:80 1290 0.788 200 ca9972cada906980624206b9114e7ff7
2024-08-06T03:21:41.759922373Z 10.52.0.0 - - [06/Aug/2024:03:21:41 +0000] "GET /v1/harvester/devices.harvesterhci.io.pcideviceclaims?limit=1 HTTP/1.1" 200 179 "https://harvester.calgaryserver.ca/dashboard/harvester/c/local/support" "Mozilla/5.0 (Windows NT 10.0; Win64; x64) AppleWebKit/537.36 (KHTML, like Gecko) Chrome/127.0.0.0 Safari/537.36" 1190 0.006 [cattle-system-rancher-80] [] 10.52.2.3:80 179 0.007 200 814b7be52dbe2ca08a773f0f87b1fff8
2024-08-06T03:21:41.771100727Z 10.52.0.0 - - [06/Aug/2024:03:21:41 +0000] "GET /v1/harvester/harvesterhci.io.addons?limit=1 HTTP/1.1" 200 1718 "https://harvester.calgaryserver.ca/dashboard/harvester/c/local/support" "Mozilla/5.0 (Windows NT 10.0; Win64; x64) AppleWebKit/537.36 (KHTML, like Gecko) Chrome/127.0.0.0 Safari/537.36" 1173 0.012 [cattle-system-rancher-80] [] 10.52.1.5:80 1718 0.012 200 9bd906f054ef492a1b748f975f498ed3
2024-08-06T03:21:42.587805948Z 10.52.0.0 - - [06/Aug/2024:03:21:42 +0000] "GET /v1/management.cattle.io.settings?limit=1 HTTP/1.1" 200 729 "https://harvester.calgaryserver.ca/dashboard/c/local/explorer/apps.statefulset" "Mozilla/5.0 (Windows NT 10.0; Win64; x64) AppleWebKit/537.36 (KHTML, like Gecko) Chrome/127.0.0.0 Safari/537.36" 1178 0.008 [cattle-system-rancher-80] [] 10.52.2.3:80 729 0.007 200 8cab76f161d9671e7e5e07854e12d937
