2024-08-06T03:21:43.148385503Z 10.52.0.0 - - [06/Aug/2024:03:21:43 +0000] "GET /v1/nodes?limit=1 HTTP/1.1" 200 6503 "https://harvester.calgaryserver.ca/dashboard/c/local/explorer/apps.statefulset" "Mozilla/5.0 (Windows NT 10.0; Win64; x64) AppleWebKit/537.36 (KHTML, like Gecko) Chrome/127.0.0.0 Safari/537.36" 1154 0.018 [cattle-system-rancher-80] [] 10.52.2.3:80 6517 0.018 200 26f75e5d0bbe9860e0f0ae5bbc9b22fd
2024-08-06T03:22:33.054227078Z 10.52.1.0 - - [06/Aug/2024:03:22:33 +0000] "GET /version HTTP/2.0" 200 286 "-" "curl/8.0.1" 36 0.002 [cattle-system-rancher-80] [] 10.52.2.3:80 286 0.003 200 88d57ad6a8ada4f7c82a92cb8cbd5158
2024-08-06T03:22:33.511152575Z 10.10.110.232 - - [06/Aug/2024:03:22:33 +0000] "GET /version HTTP/2.0" 200 286 "-" "curl/8.0.1" 36 0.002 [cattle-system-rancher-80] [] 10.52.0.73:80 286 0.002 200 c773e5378af16617022fab2bba476797
2024-08-06T03:22:35.961702147Z 10.52.0.0 - - [06/Aug/2024:03:22:35 +0000] "GET /v1/logging.banzaicloud.io.loggings?limit=1 HTTP/1.1" 200 1942 "https://harvester.calgaryserver.ca/dashboard/c/local/explorer/apps.statefulset" "Mozilla/5.0 (Windows NT 10.0; Win64; x64) AppleWebKit/537.36 (KHTML, like Gecko) Chrome/127.0.0.0 Safari/537.36" 1180 0.012 [cattle-system-rancher-80] [] 10.52.2.3:80 1942 0.011 200 2135f309934f4bcf360f9a3cc4d90bb2
2024-08-06T03:22:50.329475495Z 10.52.0.0 - - [06/Aug/2024:03:22:50 +0000] "GET /v1/devices.harvesterhci.io.sriovnetworkdevices?limit=1 HTTP/1.1" 200 626 "https://harvester.calgaryserver.ca/dashboard/c/local/explorer/apps.statefulset" "Mozilla/5.0 (Windows NT 10.0; Win64; x64) AppleWebKit/537.36 (KHTML, like Gecko) Chrome/127.0.0.0 Safari/537.36" 1192 0.007 [cattle-system-rancher-80] [] 10.52.0.73:80 626 0.006 200 9d068dd72f030e2fddff62ac683174dd
2024-08-06T03:22:51.454408880Z 10.52.0.0 - - [06/Aug/2024:03:22:51 +0000] "GET /v1/devices.harvesterhci.io.vgpudevices?limit=1 HTTP/1.1" 200 987 "https://harvester.calgaryserver.ca/dashboard/c/local/explorer/apps.statefulset" "Mozilla/5.0 (Windows NT 10.0; Win64; x64) AppleWebKit/537.36 (KHTML, like Gecko) Chrome/127.0.0.0 Safari/537.36" 1184 0.008 [cattle-system-rancher-80] [] 10.52.2.3:80 987 0.009 200 1f203b5007fd6c246c2c47cd5fc8678a
2024-08-06T03:23:26.436062874Z 10.52.0.0 - - [06/Aug/2024:03:23:26 +0000] "GET /version HTTP/2.0" 200 286 "-" "curl/8.0.1" 36 0.003 [cattle-system-rancher-80] [] 10.52.0.73:80 286 0.002 200 02f35ab0513ff13c57342ef0513bde73
2024-08-06T03:23:53.106379568Z 10.52.2.0 - - [06/Aug/2024:03:23:53 +0000] "GET /version HTTP/2.0" 200 286 "-" "curl/8.0.1" 36 0.002 [cattle-system-rancher-80] [] 10.52.2.3:80 286 0.003 200 14f19086106b0018586466aeb59d29f3
2024-08-06T03:23:56.418806336Z 10.52.0.0 - - [06/Aug/2024:03:23:56 +0000] "GET /version HTTP/2.0" 200 286 "-" "curl/8.0.1" 36 0.003 [cattle-system-rancher-80] [] 10.52.0.73:80 286 0.002 200 c0c74e050913547b2beba12f6344518b
2024-08-06T03:24:02.036809417Z 10.52.0.0 - - [06/Aug/2024:03:24:02 +0000] "GET /v1/harvester/longhorn.io.nodes?limit=1 HTTP/1.1" 200 2016 "https://harvester.calgaryserver.ca/dashboard/harvester/c/local/support" "Mozilla/5.0 (Windows NT 10.0; Win64; x64) AppleWebKit/537.36 (KHTML, like Gecko) Chrome/127.0.0.0 Safari/537.36" 1168 0.015 [cattle-system-rancher-80] [] 10.52.2.3:80 2016 0.016 200 537c1d1d0f02e57c770e070fe278717a
2024-08-06T03:24:24.207593639Z 10.52.0.0 - - [06/Aug/2024:03:24:24 +0000] "GET /v1/harvester/harvesterhci.io.virtualmachinebackups?limit=1 HTTP/1.1" 200 181 "https://harvester.calgaryserver.ca/dashboard/harvester/c/local/support" "Mozilla/5.0 (Windows NT 10.0; Win64; x64) AppleWebKit/537.36 (KHTML, like Gecko) Chrome/127.0.0.0 Safari/537.36" 1188 0.006 [cattle-system-rancher-80] [] 10.52.2.3:80 181 0.005 200 d93e9e539d2909bc04f8668b326737e4
2024-08-06T03:24:24.211578527Z 10.52.0.0 - - [06/Aug/2024:03:24:24 +0000] "GET /v1/harvester/network.harvesterhci.io.clusternetworks?limit=1 HTTP/1.1" 200 594 "https://harvester.calgaryserver.ca/dashboard/harvester/c/local/support" "Mozilla/5.0 (Windows NT 10.0; Win64; x64) AppleWebKit/537.36 (KHTML, like Gecko) Chrome/127.0.0.0 Safari/537.36" 1190 0.005 [cattle-system-rancher-80] [] 10.52.2.3:80 594 0.004 200 b164ac7fbe18cfd1c5d664391db2bcaf
2024-08-06T03:24:25.909143006Z 10.52.0.0 - - [06/Aug/2024:03:24:25 +0000] "GET /v1/harvester/kubevirt.io.virtualmachineinstancemigrations?limit=1 HTTP/1.1" 200 186 "https://harvester.calgaryserver.ca/dashboard/harvester/c/local/support" "Mozilla/5.0 (Windows NT 10.0; Win64; x64) AppleWebKit/537.36 (KHTML, like Gecko) Chrome/127.0.0.0 Safari/537.36" 1195 0.006 [cattle-system-rancher-80] [] 10.52.0.73:80 186 0.006 200 753a4d2cdb44a817adf4e19d67280a32
2024-08-06T03:25:26.415541445Z 10.52.0.0 - - [06/Aug/2024:03:25:26 +0000] "GET /version HTTP/2.0" 200 286 "-" "curl/8.0.1" 36 0.003 [cattle-system-rancher-80] [] 10.52.1.5:80 286 0.003 200 c64b5e017465a349a313848739e974ae
2024-08-06T03:25:33.526034152Z 10.10.110.232 - - [06/Aug/2024:03:25:33 +0000] "GET /version HTTP/2.0" 200 286 "-" "curl/8.0.1" 36 0.002 [cattle-system-rancher-80] [] 10.52.2.3:80 286 0.003 200 946aa09f8b84ca4e8c6bb2932b63d208
2024-08-06T03:25:53.126734790Z 10.52.2.0 - - [06/Aug/2024:03:25:53 +0000] "GET /version HTTP/2.0" 200 286 "-" "curl/8.0.1" 36 0.002 [cattle-system-rancher-80] [] 10.52.0.73:80 286 0.003 200 7b390c3e6b25ca74a76e712cb01696f3
2024-08-06T03:25:56.414958803Z 10.52.0.0 - - [06/Aug/2024:03:25:56 +0000] "GET /version HTTP/2.0" 200 286 "-" "curl/8.0.1" 36 0.003 [cattle-system-rancher-80] [] 10.52.1.5:80 286 0.002 200 5619b496571f21725308ff17ba549a7c
2024-08-06T03:26:23.107320405Z 10.52.2.0 - - [06/Aug/2024:03:26:23 +0000] "GET /version HTTP/2.0" 200 286 "-" "curl/8.0.1" 36 0.002 [cattle-system-rancher-80] [] 10.52.1.5:80 286 0.003 200 aa80bafd522f11a4ca642ebb914b38e1
2024-08-06T03:26:26.413938492Z 10.52.0.0 - - [06/Aug/2024:03:26:26 +0000] "GET /version HTTP/2.0" 200 286 "-" "curl/8.0.1" 36 0.003 [cattle-system-rancher-80] [] 10.52.2.3:80 286 0.002 200 748816779ddfce2b864522328dc9f609
2024-08-06T03:26:53.123720312Z 10.52.2.0 - - [06/Aug/2024:03:26:53 +0000] "GET /version HTTP/2.0" 200 286 "-" "curl/8.0.1" 36 0.003 [cattle-system-rancher-80] [] 10.52.0.73:80 286 0.002 200 04a98e9084f9e09faac62537cb2770fd
2024-08-06T03:28:23.094938175Z 10.52.2.0 - - [06/Aug/2024:03:28:23 +0000] "GET /version HTTP/2.0" 200 286 "-" "curl/8.0.1" 36 0.003 [cattle-system-rancher-80] [] 10.52.0.73:80 286 0.003 200 bc587bfe478526f089a26ee3b7189747
2024-08-06T03:28:53.112928329Z 10.52.2.0 - - [06/Aug/2024:03:28:53 +0000] "GET /version HTTP/2.0" 200 286 "-" "curl/8.0.1" 36 0.002 [cattle-system-rancher-80] [] 10.52.2.3:80 286 0.003 200 1b02473a77a849728aad9d66492b399d
2024-08-06T03:28:56.394288110Z 10.52.0.0 - - [06/Aug/2024:03:28:56 +0000] "GET /version HTTP/2.0" 200 286 "-" "curl/8.0.1" 36 0.002 [cattle-system-rancher-80] [] 10.52.1.5:80 286 0.002 200 a991c3884c80b2015ef97a5028a73dec
2024-08-06T03:29:03.023609837Z 10.52.1.0 - - [06/Aug/2024:03:29:03 +0000] "GET /version HTTP/2.0" 200 286 "-" "curl/8.0.1" 36 0.003 [cattle-system-rancher-80] [] 10.52.1.5:80 286 0.002 200 464aed3a5955af98e2197e1db4910da9
2024-08-06T03:29:26.380534140Z 10.52.0.0 - - [06/Aug/2024:03:29:26 +0000] "GET /version HTTP/2.0" 200 286 "-" "curl/8.0.1" 36 0.003 [cattle-system-rancher-80] [] 10.52.1.5:80 286 0.002 200 7a9d4f872d4cd161612a247aea4d82c6
2024-08-06T03:29:33.030367916Z 10.52.1.0 - - [06/Aug/2024:03:29:33 +0000] "GET /version HTTP/2.0" 200 286 "-" "curl/8.0.1" 36 0.002 [cattle-system-rancher-80] [] 10.52.1.5:80 286 0.003 200 5a858eb95cd271560bcc137399316d6d
2024-08-06T03:29:53.107412317Z 10.52.2.0 - - [06/Aug/2024:03:29:53 +0000] "GET /version HTTP/2.0" 200 286 "-" "curl/8.0.1" 36 0.003 [cattle-system-rancher-80] [] 10.52.0.73:80 286 0.002 200 7fbb12872554d14fc436df5b2cddfeee
2024-08-06T03:30:03.032707596Z 10.52.1.0 - - [06/Aug/2024:03:30:03 +0000] "GET /version HTTP/2.0" 200 286 "-" "curl/8.0.1" 36 0.002 [cattle-system-rancher-80] [] 10.52.1.5:80 286 0.002 200 b4304518a3c030e2ec2600cacf69de87
2024-08-06T03:30:33.506565713Z 10.10.110.232 - - [06/Aug/2024:03:30:33 +0000] "GET /version HTTP/2.0" 200 286 "-" "curl/8.0.1" 36 0.002 [cattle-system-rancher-80] [] 10.52.1.5:80 286 0.003 200 b14e637ca40bca9efdb00c2b564ab54c
2024-08-06T03:31:03.025086115Z 10.52.1.0 - - [06/Aug/2024:03:31:03 +0000] "GET /version HTTP/2.0" 200 286 "-" "curl/8.0.1" 36 0.003 [cattle-system-rancher-80] [] 10.52.2.3:80 286 0.003 200 47360e151003377d010905c9c254aee2
2024-08-06T03:31:26.403310485Z 10.52.0.0 - - [06/Aug/2024:03:31:26 +0000] "GET /version HTTP/2.0" 200 286 "-" "curl/8.0.1" 36 0.002 [cattle-system-rancher-80] [] 10.52.0.73:80 286 0.002 200 a781e3e18135d38166ceadbade962615
2024-08-06T03:31:53.080001244Z 10.52.2.0 - - [06/Aug/2024:03:31:53 +0000] "GET /version HTTP/2.0" 200 286 "-" "curl/8.0.1" 36 0.003 [cattle-system-rancher-80] [] 10.52.1.5:80 286 0.003 200 2977d9fc554f6e148ae0f2503dca2e71
2024-08-06T03:32:33.488159505Z 10.10.110.232 - - [06/Aug/2024:03:32:33 +0000] "GET /version HTTP/2.0" 200 286 "-" "curl/8.0.1" 36 0.002 [cattle-system-rancher-80] [] 10.52.2.3:80 286 0.003 200 4e79c28eab3f8e92a9011705acc98427
2024-08-06T03:34:03.488110664Z 10.10.110.232 - - [06/Aug/2024:03:34:03 +0000] "GET /version HTTP/2.0" 200 286 "-" "curl/8.0.1" 36 0.002 [cattle-system-rancher-80] [] 10.52.2.3:80 286 0.003 200 a7c8e93a90399566a3de8f7ebeeeeede
2024-08-06T03:34:26.385209444Z 10.52.0.0 - - [06/Aug/2024:03:34:26 +0000] "GET /version HTTP/2.0" 200 286 "-" "curl/8.0.1" 36 0.003 [cattle-system-rancher-80] [] 10.52.2.3:80 286 0.003 200 446369a6e9b37a2e30ece033c3a17d58
2024-08-06T03:35:23.119547329Z 10.52.2.0 - - [06/Aug/2024:03:35:23 +0000] "GET /version HTTP/2.0" 200 286 "-" "curl/8.0.1" 36 0.003 [cattle-system-rancher-80] [] 10.52.1.5:80 286 0.002 200 365d42e3e3fa2abad297a7ca4eba8c44
2024-08-06T03:35:56.365044793Z 10.52.0.0 - - [06/Aug/2024:03:35:56 +0000] "GET /version HTTP/2.0" 200 286 "-" "curl/8.0.1" 36 0.002 [cattle-system-rancher-80] [] 10.52.1.5:80 286 0.003 200 6162bbbfb7e0cec166f578e5b53b8f1f
2024-08-06T03:36:03.495534972Z 10.10.110.232 - - [06/Aug/2024:03:36:03 +0000] "GET /version HTTP/2.0" 200 286 "-" "curl/8.0.1" 36 0.003 [cattle-system-rancher-80] [] 10.52.2.3:80 286 0.002 200 f3355822afaff3f1f5b0586c1db80b6e
2024-08-06T03:36:33.033505628Z 10.52.1.0 - - [06/Aug/2024:03:36:33 +0000] "GET /version HTTP/2.0" 200 286 "-" "curl/8.0.1" 36 0.002 [cattle-system-rancher-80] [] 10.52.1.5:80 286 0.002 200 76107f436b5402a16a628bdcb8bae4c0
2024-08-06T03:36:56.415843542Z 10.52.0.0 - - [06/Aug/2024:03:36:56 +0000] "GET /version HTTP/2.0" 200 286 "-" "curl/8.0.1" 36 0.003 [cattle-system-rancher-80] [] 10.52.0.73:80 286 0.002 200 2be259ee80201f7396a32501e514b54d
2024-08-06T03:37:03.051368002Z 10.52.1.0 - - [06/Aug/2024:03:37:03 +0000] "GET /version HTTP/2.0" 200 286 "-" "curl/8.0.1" 36 0.002 [cattle-system-rancher-80] [] 10.52.2.3:80 286 0.002 200 b9608aec21b32366e265544e2f493d16
2024-08-06T03:37:56.382903306Z 10.52.0.0 - - [06/Aug/2024:03:37:56 +0000] "GET /version HTTP/2.0" 200 286 "-" "curl/8.0.1" 36 0.003 [cattle-system-rancher-80] [] 10.52.2.3:80 286 0.002 200 1d8482d8b58ed903c7ed32f037420ce5
2024-08-06T03:38:26.404975949Z 10.52.0.0 - - [06/Aug/2024:03:38:26 +0000] "GET /version HTTP/2.0" 200 286 "-" "curl/8.0.1" 36 0.003 [cattle-system-rancher-80] [] 10.52.2.3:80 286 0.003 200 8805ff3357001eaf53321532a9a9e40b
2024-08-06T03:38:33.037007290Z 10.52.1.0 - - [06/Aug/2024:03:38:33 +0000] "GET /version HTTP/2.0" 200 286 "-" "curl/8.0.1" 36 0.003 [cattle-system-rancher-80] [] 10.52.2.3:80 286 0.003 200 cf9089580be7b82162894993e9d88691
2024-08-06T03:39:03.506607067Z 10.10.110.232 - - [06/Aug/2024:03:39:03 +0000] "GET /version HTTP/2.0" 200 286 "-" "curl/8.0.1" 36 0.003 [cattle-system-rancher-80] [] 10.52.2.3:80 286 0.003 200 f0081bc370369e4073272b13ec4d641f
2024-08-06T03:40:23.093398515Z 10.52.2.0 - - [06/Aug/2024:03:40:23 +0000] "GET /version HTTP/2.0" 200 286 "-" "curl/8.0.1" 36 0.002 [cattle-system-rancher-80] [] 10.52.1.5:80 286 0.002 200 03d33b82eae08a236ceaaf924adfcb70
2024-08-06T03:40:26.385620268Z 10.52.0.0 - - [06/Aug/2024:03:40:26 +0000] "GET /version HTTP/2.0" 200 286 "-" "curl/8.0.1" 36 0.002 [cattle-system-rancher-80] [] 10.52.0.73:80 286 0.002 200 0c5382fcd51d0a6be37856b860953abe
2024-08-06T03:40:33.046999568Z 10.52.1.0 - - [06/Aug/2024:03:40:33 +0000] "GET /version HTTP/2.0" 200 286 "-" "curl/8.0.1" 36 0.003 [cattle-system-rancher-80] [] 10.52.0.73:80 286 0.003 200 5cf0310edb014c32040202a569c7573b
2024-08-06T03:41:03.503895117Z 10.10.110.232 - - [06/Aug/2024:03:41:03 +0000] "GET /version HTTP/2.0" 200 286 "-" "curl/8.0.1" 36 0.003 [cattle-system-rancher-80] [] 10.52.1.5:80 286 0.002 200 5bc7505a502590a1d7038036651dca28
2024-08-06T03:41:23.102480126Z 10.52.2.0 - - [06/Aug/2024:03:41:23 +0000] "GET /version HTTP/2.0" 200 286 "-" "curl/8.0.1" 36 0.002 [cattle-system-rancher-80] [] 10.52.2.3:80 286 0.002 200 24c4bf55bfdbd47d8e19e7eb2f3de63c
2024-08-06T03:42:03.537897291Z 10.10.110.232 - - [06/Aug/2024:03:42:03 +0000] "GET /version HTTP/2.0" 200 286 "-" "curl/8.0.1" 36 0.003 [cattle-system-rancher-80] [] 10.52.0.73:80 286 0.003 200 0ac1c9739bd5f7143669e99d72098204
2024-08-06T03:42:33.510376420Z 10.10.110.232 - - [06/Aug/2024:03:42:33 +0000] "GET /version HTTP/2.0" 200 286 "-" "curl/8.0.1" 36 0.002 [cattle-system-rancher-80] [] 10.52.0.73:80 286 0.002 200 64b66169c099e150bf93a9f0bcf39eb2
2024-08-06T03:43:53.123035679Z 10.52.2.0 - - [06/Aug/2024:03:43:53 +0000] "GET /version HTTP/2.0" 200 286 "-" "curl/8.0.1" 36 0.002 [cattle-system-rancher-80] [] 10.52.0.73:80 286 0.003 200 215fa6a136112723746d50223cda31bc
2024-08-06T03:44:03.036119806Z 10.52.1.0 - - [06/Aug/2024:03:44:03 +0000] "GET /version HTTP/2.0" 200 286 "-" "curl/8.0.1" 36 0.002 [cattle-system-rancher-80] [] 10.52.1.5:80 286 0.003 200 129f98fcb7533fb978ec2ea122911919
2024-08-06T03:44:03.481223138Z 10.10.110.232 - - [06/Aug/2024:03:44:03 +0000] "GET /version HTTP/2.0" 200 286 "-" "curl/8.0.1" 36 0.002 [cattle-system-rancher-80] [] 10.52.0.73:80 286 0.002 200 e7fd5aae680013f016786c5c5f85a6e6
2024-08-06T03:45:03.498919635Z 10.10.110.232 - - [06/Aug/2024:03:45:03 +0000] "GET /version HTTP/2.0" 200 286 "-" "curl/8.0.1" 36 0.003 [cattle-system-rancher-80] [] 10.52.1.5:80 286 0.003 200 4fd1da0b144f9dbd652fe95d0ae9b450
2024-08-06T03:45:56.400455430Z 10.52.0.0 - - [06/Aug/2024:03:45:56 +0000] "GET /version HTTP/2.0" 200 286 "-" "curl/8.0.1" 36 0.002 [cattle-system-rancher-80] [] 10.52.2.3:80 286 0.003 200 180613c45094e24db56862ea4f206f75
2024-08-06T03:46:23.110158597Z 10.52.2.0 - - [06/Aug/2024:03:46:23 +0000] "GET /version HTTP/2.0" 200 286 "-" "curl/8.0.1" 36 0.002 [cattle-system-rancher-80] [] 10.52.0.73:80 286 0.003 200 ec7ead49260936f99fe5787516af8798
2024-08-06T03:46:53.115911484Z 10.52.2.0 - - [06/Aug/2024:03:46:53 +0000] "GET /version HTTP/2.0" 200 286 "-" "curl/8.0.1" 36 0.003 [cattle-system-rancher-80] [] 10.52.2.3:80 286 0.002 200 19dfb8290740c279f35795e218109668
2024-08-06T03:46:56.389129811Z 10.52.0.0 - - [06/Aug/2024:03:46:56 +0000] "GET /version HTTP/2.0" 200 286 "-" "curl/8.0.1" 36 0.002 [cattle-system-rancher-80] [] 10.52.0.73:80 286 0.003 200 e6fbd494cca351991b1d8e720e2b94f8
2024-08-06T03:47:03.487809986Z 10.10.110.232 - - [06/Aug/2024:03:47:03 +0000] "GET /version HTTP/2.0" 200 286 "-" "curl/8.0.1" 36 0.003 [cattle-system-rancher-80] [] 10.52.0.73:80 286 0.002 200 9b539366e1fb54ca2710a637a08b8ce6
2024-08-06T03:48:03.018945822Z 10.52.1.0 - - [06/Aug/2024:03:48:03 +0000] "GET /version HTTP/2.0" 200 286 "-" "curl/8.0.1" 36 0.003 [cattle-system-rancher-80] [] 10.52.2.3:80 286 0.003 200 37cb609bf1f9e3f0d53ebc8ba571d86a
2024-08-06T03:48:23.111414716Z 10.52.2.0 - - [06/Aug/2024:03:48:23 +0000] "GET /version HTTP/2.0" 200 286 "-" "curl/8.0.1" 36 0.002 [cattle-system-rancher-80] [] 10.52.0.73:80 286 0.003 200 f7b85a78df31ac774a11806eebe4c249
2024-08-06T03:48:26.394487065Z 10.52.0.0 - - [06/Aug/2024:03:48:26 +0000] "GET /version HTTP/2.0" 200 286 "-" "curl/8.0.1" 36 0.002 [cattle-system-rancher-80] [] 10.52.2.3:80 286 0.003 200 488f733d0e1dcef31b6608ec251e7819
2024-08-06T03:48:33.523785849Z 10.10.110.232 - - [06/Aug/2024:03:48:33 +0000] "GET /version HTTP/2.0" 200 286 "-" "curl/8.0.1" 36 0.003 [cattle-system-rancher-80] [] 10.52.2.3:80 286 0.002 200 57382230e47028f04d8ecdb60a5a1c33
2024-08-06T03:48:56.370305924Z 10.52.0.0 - - [06/Aug/2024:03:48:56 +0000] "GET /version HTTP/2.0" 200 286 "-" "curl/8.0.1" 36 0.002 [cattle-system-rancher-80] [] 10.52.0.73:80 286 0.003 200 4dd31d524868924a004909599288e218
2024-08-06T03:49:03.050897197Z 10.52.1.0 - - [06/Aug/2024:03:49:03 +0000] "GET /version HTTP/2.0" 200 286 "-" "curl/8.0.1" 36 0.003 [cattle-system-rancher-80] [] 10.52.1.5:80 286 0.002 200 d76f07c1cd8f05c50dd2a4f3cc4371f2
2024-08-06T03:49:06.516543246Z 10.52.0.0 - - [06/Aug/2024:03:49:06 +0000] "GET /v1/replicationcontrollers?limit=1 HTTP/1.1" 200 168 "https://harvester.calgaryserver.ca/dashboard/c/local/explorer/apps.statefulset" "Mozilla/5.0 (Windows NT 10.0; Win64; x64) AppleWebKit/537.36 (KHTML, like Gecko) Chrome/127.0.0.0 Safari/537.36" 1171 0.006 [cattle-system-rancher-80] [] 10.52.1.5:80 168 0.005 200 2054ffd3e36d52efab961ff43fe985e7
2024-08-06T03:49:06.521558597Z 10.52.0.0 - - [06/Aug/2024:03:49:06 +0000] "GET /v1/batch.jobs?limit=1 HTTP/1.1" 200 3795 "https://harvester.calgaryserver.ca/dashboard/c/local/explorer/apps.statefulset" "Mozilla/5.0 (Windows NT 10.0; Win64; x64) AppleWebKit/537.36 (KHTML, like Gecko) Chrome/127.0.0.0 Safari/537.36" 1159 0.013 [cattle-system-rancher-80] [] 10.52.2.3:80 3796 0.012 200 df1d8532694990729d12bc84b558ecae
2024-08-06T03:49:52.505138593Z 10.52.0.0 - - [06/Aug/2024:03:49:52 +0000] "GET /v1/provisioning.cattle.io.clusters?limit=1 HTTP/1.1" 200 1952 "https://harvester.calgaryserver.ca/dashboard/c/local/explorer/apps.statefulset" "Mozilla/5.0 (Windows NT 10.0; Win64; x64) AppleWebKit/537.36 (KHTML, like Gecko) Chrome/127.0.0.0 Safari/537.36" 1180 0.007 [cattle-system-rancher-80] [] 10.52.0.73:80 1952 0.008 200 25f340de84b9feffa169d61d1259613f
2024-08-06T03:49:56.371932156Z 10.52.0.0 - - [06/Aug/2024:03:49:56 +0000] "GET /version HTTP/2.0" 200 286 "-" "curl/8.0.1" 36 0.002 [cattle-system-rancher-80] [] 10.52.0.73:80 286 0.002 200 6d0fd75a2838d6283888daf987ef20c5
2024-08-06T03:50:03.026671187Z 10.52.1.0 - - [06/Aug/2024:03:50:03 +0000] "GET /version HTTP/2.0" 200 286 "-" "curl/8.0.1" 36 0.003 [cattle-system-rancher-80] [] 10.52.1.5:80 286 0.002 200 71c7b3b5f5b19aade11c1ee51b9fec2c
2024-08-06T03:50:33.034325869Z 10.52.1.0 - - [06/Aug/2024:03:50:33 +0000] "GET /version HTTP/2.0" 200 286 "-" "curl/8.0.1" 36 0.002 [cattle-system-rancher-80] [] 10.52.0.73:80 286 0.002 200 9b85e36412a044fe0d4d9bdf76415dc9
2024-08-06T03:50:53.102876639Z 10.52.2.0 - - [06/Aug/2024:03:50:53 +0000] "GET /version HTTP/2.0" 200 286 "-" "curl/8.0.1" 36 0.002 [cattle-system-rancher-80] [] 10.52.0.73:80 286 0.002 200 c79d591c86d652fc040ad2e687cdfc84
2024-08-06T03:51:33.488000725Z 10.10.110.232 - - [06/Aug/2024:03:51:33 +0000] "GET /version HTTP/2.0" 200 286 "-" "curl/8.0.1" 36 0.003 [cattle-system-rancher-80] [] 10.52.0.73:80 286 0.003 200 346de35b2793818633f075db44fccdc2
2024-08-06T03:51:46.515281882Z 10.52.0.0 - - [06/Aug/2024:03:51:46 +0000] "GET /v1/harvester/harvesterhci.io.upgrades?limit=1 HTTP/1.1" 200 172 "https://harvester.calgaryserver.ca/dashboard/harvester/c/local/support" "Mozilla/5.0 (Windows NT 10.0; Win64; x64) AppleWebKit/537.36 (KHTML, like Gecko) Chrome/127.0.0.0 Safari/537.36" 1175 0.007 [cattle-system-rancher-80] [] 10.52.2.3:80 172 0.007 200 124bf52240736365567dcfb5298c03ad
2024-08-06T03:51:46.519258119Z 10.52.0.0 - - [06/Aug/2024:03:51:46 +0000] "GET /v1/harvester/harvesterhci.io.virtualmachineimages?limit=1 HTTP/1.1" 200 1017 "https://harvester.calgaryserver.ca/dashboard/harvester/c/local/support" "Mozilla/5.0 (Windows NT 10.0; Win64; x64) AppleWebKit/537.36 (KHTML, like Gecko) Chrome/127.0.0.0 Safari/537.36" 1187 0.008 [cattle-system-rancher-80] [] 10.52.1.5:80 1017 0.009 200 39a853f6bad459ee32c14e2115acf019
2024-08-06T03:51:46.519325006Z 10.52.0.0 - - [06/Aug/2024:03:51:46 +0000] "GET /v1/harvester/devices.harvesterhci.io.pcidevices?limit=1 HTTP/1.1" 200 1002 "https://harvester.calgaryserver.ca/dashboard/harvester/c/local/support" "Mozilla/5.0 (Windows NT 10.0; Win64; x64) AppleWebKit/537.36 (KHTML, like Gecko) Chrome/127.0.0.0 Safari/537.36" 1185 0.010 [cattle-system-rancher-80] [] 10.52.1.5:80 1002 0.010 200 d036d750c2df9fe466793835e23aebad
2024-08-06T03:51:46.520237814Z 10.52.0.0 - - [06/Aug/2024:03:51:46 +0000] "GET /v1/harvester/devices.harvesterhci.io.vgpudevices?limit=1 HTTP/1.1" 200 985 "https://harvester.calgaryserver.ca/dashboard/harvester/c/local/support" "Mozilla/5.0 (Windows NT 10.0; Win64; x64) AppleWebKit/537.36 (KHTML, like Gecko) Chrome/127.0.0.0 Safari/537.36" 1186 0.010 [cattle-system-rancher-80] [] 10.52.1.5:80 985 0.010 200 078d7e6a588a277f2e2ea6591e02d390
2024-08-06T03:51:47.511593914Z 10.52.0.0 - - [06/Aug/2024:03:51:47 +0000] "GET /v1/management.cattle.io.clusters?limit=1 HTTP/1.1" 200 1363 "https://harvester.calgaryserver.ca/dashboard/harvester/c/local/support" "Mozilla/5.0 (Windows NT 10.0; Win64; x64) AppleWebKit/537.36 (KHTML, like Gecko) Chrome/127.0.0.0 Safari/537.36" 1170 0.008 [cattle-system-rancher-80] [] 10.52.2.3:80 1363 0.007 200 74c43fb72737847115972ecdab88df47
2024-08-06T03:51:47.513358415Z 10.52.0.0 - - [06/Aug/2024:03:51:47 +0000] "GET /v1/management.cattle.io.features?limit=1 HTTP/1.1" 200 797 "https://harvester.calgaryserver.ca/dashboard/harvester/c/local/support" "Mozilla/5.0 (Windows NT 10.0; Win64; x64) AppleWebKit/537.36 (KHTML, like Gecko) Chrome/127.0.0.0 Safari/537.36" 1170 0.009 [cattle-system-rancher-80] [] 10.52.2.3:80 797 0.008 200 4e6e8fc456a127d18ccf3a5ff1815aeb
2024-08-06T03:51:47.514318542Z 10.52.0.0 - - [06/Aug/2024:03:51:47 +0000] "GET /v1/management.cattle.io.settings?limit=1 HTTP/1.1" 200 742 "https://harvester.calgaryserver.ca/dashboard/harvester/c/local/support" "Mozilla/5.0 (Windows NT 10.0; Win64; x64) AppleWebKit/537.36 (KHTML, like Gecko) Chrome/127.0.0.0 Safari/537.36" 1170 0.009 [cattle-system-rancher-80] [] 10.52.0.73:80 742 0.009 200 1dad3a11657501c82b7f99285076822c
2024-08-06T03:51:48.579868510Z 10.52.0.0 - - [06/Aug/2024:03:51:48 +0000] "GET /v1/management.cattle.io.fleetworkspaces?limit=1 HTTP/1.1" 200 614 "https://harvester.calgaryserver.ca/dashboard/c/local/explorer/apps.statefulset" "Mozilla/5.0 (Windows NT 10.0; Win64; x64) AppleWebKit/537.36 (KHTML, like Gecko) Chrome/127.0.0.0 Safari/537.36" 1185 0.007 [cattle-system-rancher-80] [] 10.52.0.73:80 614 0.007 200 d6745241b2f12104298cbbb3640d9733
2024-08-06T03:51:56.409422429Z 10.52.0.0 - - [06/Aug/2024:03:51:56 +0000] "GET /version HTTP/2.0" 200 286 "-" "curl/8.0.1" 36 0.003 [cattle-system-rancher-80] [] 10.52.1.5:80 286 0.002 200 e7a6b5129b41afd37ec4914b34ec0a6d
2024-08-06T03:52:03.035507156Z 10.52.1.0 - - [06/Aug/2024:03:52:03 +0000] "GET /version HTTP/2.0" 200 286 "-" "curl/8.0.1" 36 0.003 [cattle-system-rancher-80] [] 10.52.1.5:80 286 0.002 200 38b9fc873ed6498eb32aacc262f4f7c6
2024-08-06T03:52:54.513895632Z 10.52.0.0 - - [06/Aug/2024:03:52:54 +0000] "GET /v1/harvesterhci.io.addons?limit=1 HTTP/1.1" 200 1732 "https://harvester.calgaryserver.ca/dashboard/c/local/explorer/apps.statefulset" "Mozilla/5.0 (Windows NT 10.0; Win64; x64) AppleWebKit/537.36 (KHTML, like Gecko) Chrome/127.0.0.0 Safari/537.36" 1171 0.010 [cattle-system-rancher-80] [] 10.52.2.3:80 1732 0.011 200 40c07241b1be4a6e7220b608fea7d83e
2024-08-06T03:52:57.487176496Z 10.52.0.0 - - [06/Aug/2024:03:52:57 +0000] "GET /v1/devices.harvesterhci.io.sriovgpudevices?limit=1 HTTP/1.1" 200 935 "https://harvester.calgaryserver.ca/dashboard/c/local/explorer/apps.statefulset" "Mozilla/5.0 (Windows NT 10.0; Win64; x64) AppleWebKit/537.36 (KHTML, like Gecko) Chrome/127.0.0.0 Safari/537.36" 1188 0.006 [cattle-system-rancher-80] [] 10.52.0.73:80 935 0.006 200 26322d9738da410612249db6818d2c8a
2024-08-06T03:53:23.080896151Z 10.52.2.0 - - [06/Aug/2024:03:53:23 +0000] "GET /version HTTP/2.0" 200 286 "-" "curl/8.0.1" 36 0.002 [cattle-system-rancher-80] [] 10.52.0.73:80 286 0.003 200 70a420b7bc538b2917444a308ee81a55
2024-08-06T03:53:56.508640257Z 10.52.0.0 - - [06/Aug/2024:03:53:56 +0000] "GET /v1/rbac.authorization.k8s.io.clusterrolebindings?limit=1 HTTP/1.1" 200 916 "https://harvester.calgaryserver.ca/dashboard/c/local/explorer/apps.statefulset" "Mozilla/5.0 (Windows NT 10.0; Win64; x64) AppleWebKit/537.36 (KHTML, like Gecko) Chrome/127.0.0.0 Safari/537.36" 1194 0.009 [cattle-system-rancher-80] [] 10.52.1.5:80 916 0.009 200 5e6cd08336684e963f11943a9e76ff08
2024-08-06T03:54:09.503686630Z 10.52.0.0 - - [06/Aug/2024:03:54:09 +0000] "GET /v1/harvester/cluster.x-k8s.io.machines?limit=1 HTTP/1.1" 200 2531 "https://harvester.calgaryserver.ca/dashboard/harvester/c/local/support" "Mozilla/5.0 (Windows NT 10.0; Win64; x64) AppleWebKit/537.36 (KHTML, like Gecko) Chrome/127.0.0.0 Safari/537.36" 1176 0.013 [cattle-system-rancher-80] [] 10.52.0.73:80 2531 0.012 200 6ab5d0bc71d85fd4865bf03b8c4a7337
2024-08-06T03:54:26.375027055Z 10.52.0.0 - - [06/Aug/2024:03:54:26 +0000] "GET /version HTTP/2.0" 200 286 "-" "curl/8.0.1" 36 0.003 [cattle-system-rancher-80] [] 10.52.2.3:80 286 0.002 200 868cce8084e6cb4b142b4240775c4b7b
2024-08-06T03:54:29.494943772Z 10.52.0.0 - - [06/Aug/2024:03:54:29 +0000] "GET /v1/harvester/network.harvesterhci.io.clusternetworks?limit=1 HTTP/1.1" 200 595 "https://harvester.calgaryserver.ca/dashboard/harvester/c/local/support" "Mozilla/5.0 (Windows NT 10.0; Win64; x64) AppleWebKit/537.36 (KHTML, like Gecko) Chrome/127.0.0.0 Safari/537.36" 1190 0.007 [cattle-system-rancher-80] [] 10.52.2.3:80 595 0.007 200 f1b139c31dc85f8fb8cb6eeedb8738fa
2024-08-06T03:54:29.496120010Z 10.52.0.0 - - [06/Aug/2024:03:54:29 +0000] "GET /v1/harvester/harvesterhci.io.virtualmachinebackups?limit=1 HTTP/1.1" 200 181 "https://harvester.calgaryserver.ca/dashboard/harvester/c/local/support" "Mozilla/5.0 (Windows NT 10.0; Win64; x64) AppleWebKit/537.36 (KHTML, like Gecko) Chrome/127.0.0.0 Safari/537.36" 1188 0.005 [cattle-system-rancher-80] [] 10.52.2.3:80 181 0.006 200 14600b972a48ac82fd9e93542fe33ac8
2024-08-06T03:54:29.502179384Z 10.52.0.0 - - [06/Aug/2024:03:54:29 +0000] "GET /v1/harvester/kubevirt.io.virtualmachines?limit=1 HTTP/1.1" 200 2396 "https://harvester.calgaryserver.ca/dashboard/harvester/c/local/support" "Mozilla/5.0 (Windows NT 10.0; Win64; x64) AppleWebKit/537.36 (KHTML, like Gecko) Chrome/127.0.0.0 Safari/537.36" 1178 0.016 [cattle-system-rancher-80] [] 10.52.1.5:80 2396 0.016 200 868d167e9cff4688e7752e34ae96b108
2024-08-06T03:54:30.513951662Z 10.52.0.0 - - [06/Aug/2024:03:54:30 +0000] "GET /v1/harvester/kubevirt.io.virtualmachineinstances?limit=1 HTTP/1.1" 200 2348 "https://harvester.calgaryserver.ca/dashboard/harvester/c/local/support" "Mozilla/5.0 (Windows NT 10.0; Win64; x64) AppleWebKit/537.36 (KHTML, like Gecko) Chrome/127.0.0.0 Safari/537.36" 1186 0.016 [cattle-system-rancher-80] [] 10.52.2.3:80 2348 0.016 200 a715e1514c5a4b7e2bbaec060a300e7c
2024-08-06T03:54:33.067211576Z 10.52.1.0 - - [06/Aug/2024:03:54:33 +0000] "GET /version HTTP/2.0" 200 286 "-" "curl/8.0.1" 36 0.002 [cattle-system-rancher-80] [] 10.52.2.3:80 286 0.003 200 621d13bbb56ce8903184ef436cf93328
2024-08-06T03:55:33.013597303Z 10.52.1.0 - - [06/Aug/2024:03:55:33 +0000] "GET /version HTTP/2.0" 200 286 "-" "curl/8.0.1" 36 0.003 [cattle-system-rancher-80] [] 10.52.0.73:80 286 0.002 200 f6b9cb2c0f8ebeeaba8ca8cdb9bec2d1
2024-08-06T03:55:56.373548958Z 10.52.0.0 - - [06/Aug/2024:03:55:56 +0000] "GET /version HTTP/2.0" 200 286 "-" "curl/8.0.1" 36 0.002 [cattle-system-rancher-80] [] 10.52.2.3:80 286 0.003 200 79f266d0ea09ed01e8776b6853073356
2024-08-06T03:56:56.409977759Z 10.52.0.0 - - [06/Aug/2024:03:56:56 +0000] "GET /version HTTP/2.0" 200 286 "-" "curl/8.0.1" 36 0.003 [cattle-system-rancher-80] [] 10.52.0.73:80 286 0.003 200 aa45a5fb596cbe0783b3eebe2d84f487
2024-08-06T03:57:03.517328632Z 10.10.110.232 - - [06/Aug/2024:03:57:03 +0000] "GET /version HTTP/2.0" 200 286 "-" "curl/8.0.1" 36 0.002 [cattle-system-rancher-80] [] 10.52.0.73:80 286 0.002 200 614488f253db6518856e6841d96a1bc7
2024-08-06T03:57:23.086191596Z 10.52.2.0 - - [06/Aug/2024:03:57:23 +0000] "GET /version HTTP/2.0" 200 286 "-" "curl/8.0.1" 36 0.002 [cattle-system-rancher-80] [] 10.52.1.5:80 286 0.003 200 da340a182cd47540e0cde49e034a04b0
2024-08-06T03:57:26.406211276Z 10.52.0.0 - - [06/Aug/2024:03:57:26 +0000] "GET /version HTTP/2.0" 200 286 "-" "curl/8.0.1" 36 0.002 [cattle-system-rancher-80] [] 10.52.0.73:80 286 0.003 200 abbe7c3fc12cae00317323b32b7df169
2024-08-06T03:58:56.375100928Z 10.52.0.0 - - [06/Aug/2024:03:58:56 +0000] "GET /version HTTP/2.0" 200 286 "-" "curl/8.0.1" 36 0.002 [cattle-system-rancher-80] [] 10.52.0.73:80 286 0.002 200 c6bf2d1459632658efb875212bee0b43
2024-08-06T03:59:23.132326806Z 10.52.2.0 - - [06/Aug/2024:03:59:23 +0000] "GET /version HTTP/2.0" 200 286 "-" "curl/8.0.1" 36 0.002 [cattle-system-rancher-80] [] 10.52.0.73:80 286 0.003 200 00fadb8eda443273f29a8e4ea6fd02a4
2024-08-06T03:59:33.050808231Z 10.52.1.0 - - [06/Aug/2024:03:59:33 +0000] "GET /version HTTP/2.0" 200 286 "-" "curl/8.0.1" 36 0.003 [cattle-system-rancher-80] [] 10.52.2.3:80 286 0.002 200 496ec827bbf6ec27381130cf21b684a9
2024-08-06T03:59:56.383064882Z 10.52.0.0 - - [06/Aug/2024:03:59:56 +0000] "GET /version HTTP/2.0" 200 286 "-" "curl/8.0.1" 36 0.003 [cattle-system-rancher-80] [] 10.52.1.5:80 286 0.003 200 2f02f3defddb599a7c2379a2af505b4d
2024-08-06T04:00:03.513937961Z 10.10.110.232 - - [06/Aug/2024:04:00:03 +0000] "GET /version HTTP/2.0" 200 286 "-" "curl/8.0.1" 36 0.003 [cattle-system-rancher-80] [] 10.52.1.5:80 286 0.003 200 4af523e64b3761e50f1c500260858e71
2024-08-06T04:00:33.552877104Z 10.10.110.232 - - [06/Aug/2024:04:00:33 +0000] "GET /version HTTP/2.0" 200 286 "-" "curl/8.0.1" 36 0.003 [cattle-system-rancher-80] [] 10.52.1.5:80 286 0.003 200 ab2ef97f8dccac91c41f2ffbd5cfbe4b
2024-08-06T04:00:56.391308839Z 10.52.0.0 - - [06/Aug/2024:04:00:56 +0000] "GET /version HTTP/2.0" 200 286 "-" "curl/8.0.1" 36 0.002 [cattle-system-rancher-80] [] 10.52.2.3:80 286 0.003 200 2f9a9de7a176187cb9af2bef844ee9b7
2024-08-06T04:01:33.475567769Z 10.10.110.232 - - [06/Aug/2024:04:01:33 +0000] "GET /version HTTP/2.0" 200 286 "-" "curl/8.0.1" 36 0.003 [cattle-system-rancher-80] [] 10.52.0.73:80 286 0.002 200 74438a137b9e15224150b90f203c2379
2024-08-06T04:02:03.024424437Z 10.52.1.0 - - [06/Aug/2024:04:02:03 +0000] "GET /version HTTP/2.0" 200 286 "-" "curl/8.0.1" 36 0.003 [cattle-system-rancher-80] [] 10.52.2.3:80 286 0.003 200 cab8d93e5cb28529995d13976d3b8e47
2024-08-06T04:02:03.506645845Z 10.10.110.232 - - [06/Aug/2024:04:02:03 +0000] "GET /version HTTP/2.0" 200 286 "-" "curl/8.0.1" 36 0.003 [cattle-system-rancher-80] [] 10.52.1.5:80 286 0.002 200 c8d3c1f978c6af43fa3ff2e36ea6bd3d
2024-08-06T04:02:26.411464252Z 10.52.0.0 - - [06/Aug/2024:04:02:26 +0000] "GET /version HTTP/2.0" 200 286 "-" "curl/8.0.1" 36 0.002 [cattle-system-rancher-80] [] 10.52.1.5:80 286 0.002 200 59ee1a066474270b58ec4605aeb74847
2024-08-06T04:03:23.085855707Z 10.52.2.0 - - [06/Aug/2024:04:03:23 +0000] "GET /version HTTP/2.0" 200 286 "-" "curl/8.0.1" 36 0.003 [cattle-system-rancher-80] [] 10.52.0.73:80 286 0.003 200 2725a14d7ff91a6703a5331a5aee3998
2024-08-06T04:04:03.002325655Z 10.52.1.0 - - [06/Aug/2024:04:04:03 +0000] "GET /version HTTP/2.0" 200 286 "-" "curl/8.0.1" 36 0.002 [cattle-system-rancher-80] [] 10.52.1.5:80 286 0.002 200 297ea0efaf5881518461ef72096e01c5
2024-08-06T04:04:33.521602947Z 10.10.110.232 - - [06/Aug/2024:04:04:33 +0000] "GET /version HTTP/2.0" 200 286 "-" "curl/8.0.1" 36 0.003 [cattle-system-rancher-80] [] 10.52.1.5:80 286 0.002 200 124a264e782cfd7b3aba57990f02722c
2024-08-06T04:05:03.503288652Z 10.10.110.232 - - [06/Aug/2024:04:05:03 +0000] "GET /version HTTP/2.0" 200 286 "-" "curl/8.0.1" 36 0.002 [cattle-system-rancher-80] [] 10.52.0.73:80 286 0.002 200 0c37ccc4f97d3d770d3fdb23d0c757ae
2024-08-06T04:05:33.077177692Z 10.52.1.0 - - [06/Aug/2024:04:05:33 +0000] "GET /version HTTP/2.0" 200 286 "-" "curl/8.0.1" 36 0.002 [cattle-system-rancher-80] [] 10.52.1.5:80 286 0.002 200 c2bd58552fe308ca3bd1bc44fa23cfc6
2024-08-06T04:05:33.523810850Z 10.10.110.232 - - [06/Aug/2024:04:05:33 +0000] "GET /version HTTP/2.0" 200 286 "-" "curl/8.0.1" 36 0.003 [cattle-system-rancher-80] [] 10.52.2.3:80 286 0.002 200 465698c60fcdd3e9081ade3b45778188
2024-08-06T04:05:53.090003049Z 10.52.2.0 - - [06/Aug/2024:04:05:53 +0000] "GET /version HTTP/2.0" 200 286 "-" "curl/8.0.1" 36 0.002 [cattle-system-rancher-80] [] 10.52.1.5:80 286 0.002 200 6d14010701ac3bb5e73120622c78c781
2024-08-06T04:06:03.025770331Z 10.52.1.0 - - [06/Aug/2024:04:06:03 +0000] "GET /version HTTP/2.0" 200 286 "-" "curl/8.0.1" 36 0.003 [cattle-system-rancher-80] [] 10.52.2.3:80 286 0.003 200 d89634eb6881279ed4f785c554d82d61
2024-08-06T04:06:23.113403791Z 10.52.2.0 - - [06/Aug/2024:04:06:23 +0000] "GET /version HTTP/2.0" 200 286 "-" "curl/8.0.1" 36 0.002 [cattle-system-rancher-80] [] 10.52.0.73:80 286 0.002 200 44ad517c3278056f1e6f01119683ccad
2024-08-06T04:06:53.099334188Z 10.52.2.0 - - [06/Aug/2024:04:06:53 +0000] "GET /version HTTP/2.0" 200 286 "-" "curl/8.0.1" 36 0.002 [cattle-system-rancher-80] [] 10.52.0.73:80 286 0.002 200 d4246456be30e31d10254c7ee5c21954
2024-08-06T04:07:03.528837879Z 10.10.110.232 - - [06/Aug/2024:04:07:03 +0000] "GET /version HTTP/2.0" 200 286 "-" "curl/8.0.1" 36 0.003 [cattle-system-rancher-80] [] 10.52.2.3:80 286 0.003 200 32c18dae0a7c263eec9b48138f7c83bb
2024-08-06T04:07:30.248255217Z 10.52.2.0 - - [06/Aug/2024:04:07:30 +0000] "GET /version HTTP/2.0" 200 286 "-" "curl/8.0.1" 36 0.003 [cattle-system-rancher-80] [] 10.52.1.5:80 286 0.003 200 c0e7d3045f6700aef70c1e9547e030bc
2024-08-06T04:07:33.038144709Z 10.52.1.0 - - [06/Aug/2024:04:07:33 +0000] "GET /version HTTP/2.0" 200 286 "-" "curl/8.0.1" 36 0.003 [cattle-system-rancher-80] [] 10.52.2.3:80 286 0.003 200 6a2517f4197fbe010711ace2641ca61d
2024-08-06T04:07:56.389291958Z 10.52.0.0 - - [06/Aug/2024:04:07:56 +0000] "GET /version HTTP/2.0" 200 286 "-" "curl/8.0.1" 36 0.002 [cattle-system-rancher-80] [] 10.52.2.3:80 286 0.003 200 72dd26267e893c25f35cebb8d0f3bd82
2024-08-06T04:08:03.495274501Z 10.10.110.232 - - [06/Aug/2024:04:08:03 +0000] "GET /version HTTP/2.0" 200 286 "-" "curl/8.0.1" 36 0.002 [cattle-system-rancher-80] [] 10.52.2.3:80 286 0.003 200 9dd851ba10f5bd3554b65bf011ae4db9
2024-08-06T04:08:33.025135411Z 10.52.1.0 - - [06/Aug/2024:04:08:33 +0000] "GET /version HTTP/2.0" 200 286 "-" "curl/8.0.1" 36 0.003 [cattle-system-rancher-80] [] 10.52.0.73:80 286 0.003 200 264a13b2bc18e9a68dad6c73903c598e
2024-08-06T04:08:56.361582022Z 10.52.0.0 - - [06/Aug/2024:04:08:56 +0000] "GET /version HTTP/2.0" 200 286 "-" "curl/8.0.1" 36 0.003 [cattle-system-rancher-80] [] 10.52.1.5:80 286 0.003 200 3a66b76ac3807efe20ec22f3ed797534
2024-08-06T04:09:03.014210989Z 10.52.1.0 - - [06/Aug/2024:04:09:03 +0000] "GET /version HTTP/2.0" 200 286 "-" "curl/8.0.1" 36 0.002 [cattle-system-rancher-80] [] 10.52.0.73:80 286 0.002 200 0ae633dfac4ce9028715955478b0956c
2024-08-06T04:09:33.488875956Z 10.10.110.232 - - [06/Aug/2024:04:09:33 +0000] "GET /version HTTP/2.0" 200 286 "-" "curl/8.0.1" 36 0.003 [cattle-system-rancher-80] [] 10.52.2.3:80 286 0.003 200 7fdc036b28828709284660696aa65834
2024-08-06T04:10:26.343802060Z 10.52.0.0 - - [06/Aug/2024:04:10:26 +0000] "GET /version HTTP/2.0" 200 286 "-" "curl/8.0.1" 36 0.002 [cattle-system-rancher-80] [] 10.52.0.73:80 286 0.002 200 97dcf6c3f71660893db103453c265f54
2024-08-06T04:10:33.022342582Z 10.52.1.0 - - [06/Aug/2024:04:10:33 +0000] "GET /version HTTP/2.0" 200 286 "-" "curl/8.0.1" 36 0.002 [cattle-system-rancher-80] [] 10.52.0.73:80 286 0.002 200 df8d8d3e4f060ad70b3dfb62cf88ced3
2024-08-06T04:10:53.071103067Z 10.52.2.0 - - [06/Aug/2024:04:10:53 +0000] "GET /version HTTP/2.0" 200 286 "-" "curl/8.0.1" 36 0.003 [cattle-system-rancher-80] [] 10.52.1.5:80 286 0.003 200 d2395539084d75144b295154e071994c
2024-08-06T04:11:26.386694717Z 10.52.0.0 - - [06/Aug/2024:04:11:26 +0000] "GET /version HTTP/2.0" 200 286 "-" "curl/8.0.1" 36 0.004 [cattle-system-rancher-80] [] 10.52.1.5:80 286 0.003 200 5c732b44066dac36f586d82ee204722f
2024-08-06T04:11:33.015910929Z 10.52.1.0 - - [06/Aug/2024:04:11:33 +0000] "GET /version HTTP/2.0" 200 286 "-" "curl/8.0.1" 36 0.003 [cattle-system-rancher-80] [] 10.52.1.5:80 286 0.002 200 6a2ac184c2f65636aa1ce7ec0bebdc8b
2024-08-06T04:11:56.393950192Z 10.52.0.0 - - [06/Aug/2024:04:11:56 +0000] "GET /version HTTP/2.0" 200 286 "-" "curl/8.0.1" 36 0.003 [cattle-system-rancher-80] [] 10.52.2.3:80 286 0.003 200 f77a1bec6851b094760e9a68361b307e
2024-08-06T04:12:03.014413782Z 10.52.1.0 - - [06/Aug/2024:04:12:03 +0000] "GET /version HTTP/2.0" 200 286 "-" "curl/8.0.1" 36 0.002 [cattle-system-rancher-80] [] 10.52.1.5:80 286 0.003 200 2c8cf576921bb0138cebe1daaee3d095
2024-08-06T04:12:03.553077994Z 10.10.110.232 - - [06/Aug/2024:04:12:03 +0000] "GET /version HTTP/2.0" 200 286 "-" "curl/8.0.1" 36 0.002 [cattle-system-rancher-80] [] 10.52.1.5:80 286 0.002 200 a27a3a72b0b38dcc9e8174679a1c6df6
2024-08-06T04:12:23.090676240Z 10.52.2.0 - - [06/Aug/2024:04:12:23 +0000] "GET /version HTTP/2.0" 200 286 "-" "curl/8.0.1" 36 0.003 [cattle-system-rancher-80] [] 10.52.2.3:80 286 0.002 200 24e5ab0942d3160cc1c7167420b6ad26
2024-08-06T04:12:26.370433858Z 10.52.0.0 - - [06/Aug/2024:04:12:26 +0000] "GET /version HTTP/2.0" 200 286 "-" "curl/8.0.1" 36 0.002 [cattle-system-rancher-80] [] 10.52.2.3:80 286 0.003 200 cec0b48791c65277e6ca544c94d8a933
2024-08-06T04:12:56.358813060Z 10.52.0.0 - - [06/Aug/2024:04:12:56 +0000] "GET /version HTTP/2.0" 200 286 "-" "curl/8.0.1" 36 0.003 [cattle-system-rancher-80] [] 10.52.0.73:80 286 0.003 200 d6d3f45f4b4c1f2d27d0bbd04ff38c5e
2024-08-06T04:13:03.015943940Z 10.52.1.0 - - [06/Aug/2024:04:13:03 +0000] "GET /version HTTP/2.0" 200 286 "-" "curl/8.0.1" 36 0.003 [cattle-system-rancher-80] [] 10.52.2.3:80 286 0.003 200 7b7e6fbd721898dcf8945ca3e8b830fa
2024-08-06T04:13:56.388097223Z 10.52.0.0 - - [06/Aug/2024:04:13:56 +0000] "GET /version HTTP/2.0" 200 286 "-" "curl/8.0.1" 36 0.002 [cattle-system-rancher-80] [] 10.52.1.5:80 286 0.003 200 70a40734dc2114a968da331fb5da863d
2024-08-06T04:14:03.494949228Z 10.10.110.232 - - [06/Aug/2024:04:14:03 +0000] "GET /version HTTP/2.0" 200 286 "-" "curl/8.0.1" 36 0.002 [cattle-system-rancher-80] [] 10.52.1.5:80 286 0.003 200 3088a608d5c9e3f3c091e301793b83a5
2024-08-06T04:15:23.075843626Z 10.52.2.0 - - [06/Aug/2024:04:15:23 +0000] "GET /version HTTP/2.0" 200 286 "-" "curl/8.0.1" 36 0.003 [cattle-system-rancher-80] [] 10.52.2.3:80 286 0.002 200 d3bcb1084bc00f21c97a297b0a49ed43
2024-08-06T04:15:26.357141035Z 10.52.0.0 - - [06/Aug/2024:04:15:26 +0000] "GET /version HTTP/2.0" 200 286 "-" "curl/8.0.1" 36 0.003 [cattle-system-rancher-80] [] 10.52.2.3:80 286 0.003 200 5704905e295801bf37383f4d366456b8
2024-08-06T04:15:33.068317594Z 10.52.1.0 - - [06/Aug/2024:04:15:33 +0000] "GET /version HTTP/2.0" 200 286 "-" "curl/8.0.1" 36 0.002 [cattle-system-rancher-80] [] 10.52.0.73:80 286 0.003 200 baa9995086f248b5fec60e68e08ccf28
2024-08-06T04:16:03.012121591Z 10.52.1.0 - - [06/Aug/2024:04:16:03 +0000] "GET /version HTTP/2.0" 200 286 "-" "curl/8.0.1" 36 0.002 [cattle-system-rancher-80] [] 10.52.1.5:80 286 0.003 200 e1adbfe9d07d152fa356f1a41cf1b5b4
2024-08-06T04:16:33.033057786Z 10.52.1.0 - - [06/Aug/2024:04:16:33 +0000] "GET /version HTTP/2.0" 200 286 "-" "curl/8.0.1" 36 0.002 [cattle-system-rancher-80] [] 10.52.0.73:80 286 0.003 200 f37dc6b49f2a68e3b368c311288f1eb1
2024-08-06T04:17:33.504028263Z 10.10.110.232 - - [06/Aug/2024:04:17:33 +0000] "GET /version HTTP/2.0" 200 286 "-" "curl/8.0.1" 36 0.002 [cattle-system-rancher-80] [] 10.52.0.73:80 286 0.003 200 e760999d35cb1c9b0add6735e81b186c
2024-08-06T04:17:53.086294620Z 10.52.2.0 - - [06/Aug/2024:04:17:53 +0000] "GET /version HTTP/2.0" 200 286 "-" "curl/8.0.1" 36 0.002 [cattle-system-rancher-80] [] 10.52.2.3:80 286 0.003 200 9ba0ff1c005bd4487e8d1051e160f952
2024-08-06T04:18:33.049391686Z 10.52.1.0 - - [06/Aug/2024:04:18:33 +0000] "GET /version HTTP/2.0" 200 286 "-" "curl/8.0.1" 36 0.002 [cattle-system-rancher-80] [] 10.52.2.3:80 286 0.002 200 ac78b8704dbbbc5c3a6c1e875fdf1710
2024-08-06T04:19:12.494848590Z 10.52.0.0 - - [06/Aug/2024:04:19:12 +0000] "GET /v1/batch.cronjobs?limit=1 HTTP/1.1" 200 164 "https://harvester.calgaryserver.ca/dashboard/c/local/explorer/apps.statefulset" "Mozilla/5.0 (Windows NT 10.0; Win64; x64) AppleWebKit/537.36 (KHTML, like Gecko) Chrome/127.0.0.0 Safari/537.36" 1163 0.006 [cattle-system-rancher-80] [] 10.52.0.73:80 164 0.006 200 9c7105e4cc20b881af306b47b920469b
2024-08-06T04:19:12.498675811Z 10.52.0.0 - - [06/Aug/2024:04:19:12 +0000] "GET /v1/apps.statefulsets?limit=1 HTTP/1.1" 200 2787 "https://harvester.calgaryserver.ca/dashboard/c/local/explorer/apps.statefulset" "Mozilla/5.0 (Windows NT 10.0; Win64; x64) AppleWebKit/537.36 (KHTML, like Gecko) Chrome/127.0.0.0 Safari/537.36" 1166 0.010 [cattle-system-rancher-80] [] 10.52.1.5:80 2794 0.009 200 6813248522981c8269fdffbb330c2441
2024-08-06T04:19:23.117957792Z 10.52.2.0 - - [06/Aug/2024:04:19:23 +0000] "GET /version HTTP/2.0" 200 286 "-" "curl/8.0.1" 36 0.003 [cattle-system-rancher-80] [] 10.52.0.73:80 286 0.003 200 f20697e1774b9308d794abc6d2b3267f
2024-08-06T04:19:26.360993022Z 10.52.0.0 - - [06/Aug/2024:04:19:26 +0000] "GET /version HTTP/2.0" 200 286 "-" "curl/8.0.1" 36 0.003 [cattle-system-rancher-80] [] 10.52.1.5:80 286 0.003 200 7163ef22d20f610901089f6ddd471ef4
2024-08-06T04:19:33.481981121Z 10.10.110.232 - - [06/Aug/2024:04:19:33 +0000] "GET /version HTTP/2.0" 200 286 "-" "curl/8.0.1" 36 0.002 [cattle-system-rancher-80] [] 10.52.2.3:80 286 0.003 200 79b1e92e640a26010f7e4a49c5264376
2024-08-06T04:20:03.014200766Z 10.52.1.0 - - [06/Aug/2024:04:20:03 +0000] "GET /version HTTP/2.0" 200 286 "-" "curl/8.0.1" 36 0.002 [cattle-system-rancher-80] [] 10.52.0.73:80 286 0.002 200 d1f8fd8d4bab75abce31a2cf28015eca
2024-08-06T04:20:26.360716997Z 10.52.0.0 - - [06/Aug/2024:04:20:26 +0000] "GET /version HTTP/2.0" 200 286 "-" "curl/8.0.1" 36 0.003 [cattle-system-rancher-80] [] 10.52.0.73:80 286 0.002 200 0a7874353ec76f13a0355e84de07236f
2024-08-06T04:20:33.023849400Z 10.52.1.0 - - [06/Aug/2024:04:20:33 +0000] "GET /version HTTP/2.0" 200 286 "-" "curl/8.0.1" 36 0.003 [cattle-system-rancher-80] [] 10.52.2.3:80 286 0.002 200 164842f5d2e17ff2a1fef302dfb75cc8
2024-08-06T04:20:33.509570239Z 10.10.110.232 - - [06/Aug/2024:04:20:33 +0000] "GET /version HTTP/2.0" 200 286 "-" "curl/8.0.1" 36 0.003 [cattle-system-rancher-80] [] 10.52.0.73:80 286 0.002 200 3eb9efe6638852d9bae7fa00039e0f88
2024-08-06T04:20:53.116282180Z 10.52.2.0 - - [06/Aug/2024:04:20:53 +0000] "GET /version HTTP/2.0" 200 286 "-" "curl/8.0.1" 36 0.002 [cattle-system-rancher-80] [] 10.52.0.73:80 286 0.002 200 03c5dc7233260c5692eeab847030f894
2024-08-06T04:21:26.364482869Z 10.52.0.0 - - [06/Aug/2024:04:21:26 +0000] "GET /version HTTP/2.0" 200 286 "-" "curl/8.0.1" 36 0.002 [cattle-system-rancher-80] [] 10.52.2.3:80 286 0.002 200 bc70c6f56c17defb39406940d43151a0
2024-08-06T04:21:52.504623104Z 10.52.0.0 - - [06/Aug/2024:04:21:52 +0000] "GET /v1/harvester/devices.harvesterhci.io.sriovnetworkdevices?limit=1 HTTP/1.1" 200 622 "https://harvester.calgaryserver.ca/dashboard/harvester/c/local/support" "Mozilla/5.0 (Windows NT 10.0; Win64; x64) AppleWebKit/537.36 (KHTML, like Gecko) Chrome/127.0.0.0 Safari/537.36" 1194 0.008 [cattle-system-rancher-80] [] 10.52.0.73:80 622 0.007 200 6d4a9a068c5267496adb09205cae3c24
2024-08-06T04:21:52.506110481Z 10.52.0.0 - - [06/Aug/2024:04:21:52 +0000] "GET /v1/harvester/harvesterhci.io.upgrades?limit=1 HTTP/1.1" 200 171 "https://harvester.calgaryserver.ca/dashboard/harvester/c/local/support" "Mozilla/5.0 (Windows NT 10.0; Win64; x64) AppleWebKit/537.36 (KHTML, like Gecko) Chrome/127.0.0.0 Safari/537.36" 1175 0.004 [cattle-system-rancher-80] [] 10.52.1.5:80 171 0.005 200 16696afd2143300791f31f975e8e53a6
2024-08-06T04:21:52.509112047Z 10.52.0.0 - - [06/Aug/2024:04:21:52 +0000] "GET /v1/harvester/harvesterhci.io.settings?limit=1 HTTP/1.1" 200 686 "https://harvester.calgaryserver.ca/dashboard/harvester/c/local/support" "Mozilla/5.0 (Windows NT 10.0; Win64; x64) AppleWebKit/537.36 (KHTML, like Gecko) Chrome/127.0.0.0 Safari/537.36" 1175 0.008 [cattle-system-rancher-80] [] 10.52.2.3:80 686 0.008 200 549357a790e0dced545242bc21113ec7
2024-08-06T04:21:53.469918130Z 10.52.0.0 - - [06/Aug/2024:04:21:53 +0000] "GET /v1/namespaces?limit=1 HTTP/1.1" 200 1304 "https://harvester.calgaryserver.ca/dashboard/harvester/c/local/support" "Mozilla/5.0 (Windows NT 10.0; Win64; x64) AppleWebKit/537.36 (KHTML, like Gecko) Chrome/127.0.0.0 Safari/537.36" 1151 0.008 [cattle-system-rancher-80] [] 10.52.2.3:80 1304 0.009 200 aaec79ff04b089c18db74d7344ced50c
2024-08-06T04:21:54.465172866Z 10.52.0.0 - - [06/Aug/2024:04:21:54 +0000] "GET /v1/namespaces?limit=1 HTTP/1.1" 200 1303 "https://harvester.calgaryserver.ca/dashboard/c/local/explorer/apps.statefulset" "Mozilla/5.0 (Windows NT 10.0; Win64; x64) AppleWebKit/537.36 (KHTML, like Gecko) Chrome/127.0.0.0 Safari/537.36" 1159 0.008 [cattle-system-rancher-80] [] 10.52.1.5:80 1303 0.008 200 ebe39b16ccb0d149bc163f1495108bd3
2024-08-06T04:21:54.466284534Z 10.52.0.0 - - [06/Aug/2024:04:21:54 +0000] "GET /v1/management.cattle.io.features?limit=1 HTTP/1.1" 200 796 "https://harvester.calgaryserver.ca/dashboard/c/local/explorer/apps.statefulset" "Mozilla/5.0 (Windows NT 10.0; Win64; x64) AppleWebKit/537.36 (KHTML, like Gecko) Chrome/127.0.0.0 Safari/537.36" 1178 0.008 [cattle-system-rancher-80] [] 10.52.1.5:80 796 0.009 200 54bbc8d8814d20c06cd88c515392174b
2024-08-06T04:21:54.468199068Z 10.52.0.0 - - [06/Aug/2024:04:21:54 +0000] "GET /v1/networking.k8s.io.ingresses?limit=1 HTTP/1.1" 200 887 "https://harvester.calgaryserver.ca/dashboard/c/local/explorer/apps.statefulset" "Mozilla/5.0 (Windows NT 10.0; Win64; x64) AppleWebKit/537.36 (KHTML, like Gecko) Chrome/127.0.0.0 Safari/537.36" 1176 0.007 [cattle-system-rancher-80] [] 10.52.2.3:80 887 0.007 200 e2390af173648d88b193efae9c5a74a0
2024-08-06T04:21:54.469627924Z 10.52.0.0 - - [06/Aug/2024:04:21:54 +0000] "GET /v1/harvesterhci.io.settings?limit=1 HTTP/1.1" 200 689 "https://harvester.calgaryserver.ca/dashboard/c/local/explorer/apps.statefulset" "Mozilla/5.0 (Windows NT 10.0; Win64; x64) AppleWebKit/537.36 (KHTML, like Gecko) Chrome/127.0.0.0 Safari/537.36" 1173 0.008 [cattle-system-rancher-80] [] 10.52.2.3:80 689 0.008 200 2bea4c373eb2c6405f8efdfd15fa6021
2024-08-06T04:21:54.469755806Z 10.52.0.0 - - [06/Aug/2024:04:21:54 +0000] "GET /v1/namespaces?limit=1 HTTP/1.1" 200 1303 "https://harvester.calgaryserver.ca/dashboard/c/local/explorer/apps.statefulset" "Mozilla/5.0 (Windows NT 10.0; Win64; x64) AppleWebKit/537.36 (KHTML, like Gecko) Chrome/127.0.0.0 Safari/537.36" 1159 0.007 [cattle-system-rancher-80] [] 10.52.1.5:80 1303 0.007 200 abdb551f6aabe99fff1496a323a807c6
2024-08-06T04:21:54.470510149Z 10.52.0.0 - - [06/Aug/2024:04:21:54 +0000] "GET /v1/ui.cattle.io.navlinks?limit=1 HTTP/1.1" 200 167 "https://harvester.calgaryserver.ca/dashboard/c/local/explorer/apps.statefulset" "Mozilla/5.0 (Windows NT 10.0; Win64; x64) AppleWebKit/537.36 (KHTML, like Gecko) Chrome/127.0.0.0 Safari/537.36" 1170 0.003 [cattle-system-rancher-80] [] 10.52.1.5:80 167 0.003 200 c0b1bc70eafa58e95d146ab342e0c497
2024-08-06T04:21:54.472895752Z 10.52.0.0 - - [06/Aug/2024:04:21:54 +0000] "GET /v1/catalog.cattle.io.apps?limit=1 HTTP/1.1" 200 2453 "https://harvester.calgaryserver.ca/dashboard/c/local/explorer/apps.statefulset" "Mozilla/5.0 (Windows NT 10.0; Win64; x64) AppleWebKit/537.36 (KHTML, like Gecko) Chrome/127.0.0.0 Safari/537.36" 1171 0.013 [cattle-system-rancher-80] [] 10.52.1.5:80 2460 0.013 200 60acb22ad3c4da0c20efc81dd18dd2d1
2024-08-06T04:21:56.410664440Z 10.52.0.0 - - [06/Aug/2024:04:21:56 +0000] "GET /version HTTP/2.0" 200 286 "-" "curl/8.0.1" 36 0.003 [cattle-system-rancher-80] [] 10.52.2.3:80 286 0.002 200 9bbfce8eccb461d4c3f7802741c2b7e0
2024-08-06T04:22:33.500646289Z 10.10.110.232 - - [06/Aug/2024:04:22:33 +0000] "GET /version HTTP/2.0" 200 286 "-" "curl/8.0.1" 36 0.003 [cattle-system-rancher-80] [] 10.52.2.3:80 286 0.002 200 1baeb26c28474ef4e5392897cbb3e914
2024-08-06T04:22:53.107682851Z 10.52.2.0 - - [06/Aug/2024:04:22:53 +0000] "GET /version HTTP/2.0" 200 286 "-" "curl/8.0.1" 36 0.003 [cattle-system-rancher-80] [] 10.52.0.73:80 286 0.002 200 0eaf63e3aa9e574b20b455d62e441a6b
2024-08-06T04:23:00.466282760Z 10.52.0.0 - - [06/Aug/2024:04:23:00 +0000] "GET /v1/devices.harvesterhci.io.pcidevices?limit=1 HTTP/1.1" 200 1007 "https://harvester.calgaryserver.ca/dashboard/c/local/explorer/apps.statefulset" "Mozilla/5.0 (Windows NT 10.0; Win64; x64) AppleWebKit/537.36 (KHTML, like Gecko) Chrome/127.0.0.0 Safari/537.36" 1183 0.008 [cattle-system-rancher-80] [] 10.52.1.5:80 1007 0.008 200 ca25df379c18a2e5948b97f36be93401
2024-08-06T04:24:02.474733698Z 10.52.0.0 - - [06/Aug/2024:04:24:02 +0000] "GET /v1/rbac.authorization.k8s.io.clusterrolebindings?limit=1 HTTP/1.1" 200 916 "https://harvester.calgaryserver.ca/dashboard/c/local/explorer/apps.statefulset" "Mozilla/5.0 (Windows NT 10.0; Win64; x64) AppleWebKit/537.36 (KHTML, like Gecko) Chrome/127.0.0.0 Safari/537.36" 1194 0.007 [cattle-system-rancher-80] [] 10.52.1.5:80 916 0.007 200 63f01406a26249fcfa6f4c43edb6bd68
2024-08-06T04:24:03.036811601Z 10.52.1.0 - - [06/Aug/2024:04:24:03 +0000] "GET /version HTTP/2.0" 200 286 "-" "curl/8.0.1" 36 0.002 [cattle-system-rancher-80] [] 10.52.1.5:80 286 0.002 200 25470d36f4e656aabfbc99689a17e8cc
2024-08-06T04:24:03.495979241Z 10.10.110.232 - - [06/Aug/2024:04:24:03 +0000] "GET /version HTTP/2.0" 200 286 "-" "curl/8.0.1" 36 0.002 [cattle-system-rancher-80] [] 10.52.1.5:80 286 0.003 200 cd5d437c2c5b0e2f5a2c49c4b6c49052
