2024-08-06T06:49:53.094383293Z 10.52.2.0 - - [06/Aug/2024:06:49:53 +0000] "GET /version HTTP/2.0" 200 286 "-" "curl/8.0.1" 36 0.002 [cattle-system-rancher-80] [] 10.52.1.5:80 286 0.002 200 e399884ddecb4cf3ffe6fd32ff76cdd5
2024-08-06T06:51:33.027156751Z 10.10.110.71 - - [06/Aug/2024:06:51:33 +0000] "GET /version HTTP/2.0" 200 286 "-" "curl/8.0.1" 36 0.003 [cattle-system-rancher-80] [] 10.52.2.3:80 286 0.003 200 a0878dfe19cdfe379fb250a26a542923
2024-08-06T06:52:22.365327084Z 10.52.0.0 - - [06/Aug/2024:06:52:22 +0000] "GET /v1/harvester/harvesterhci.io.upgradelogs?limit=1 HTTP/1.1" 200 174 "https://harvester.calgaryserver.ca/dashboard/harvester/c/local/support" "Mozilla/5.0 (Windows NT 10.0; Win64; x64) AppleWebKit/537.36 (KHTML, like Gecko) Chrome/127.0.0.0 Safari/537.36" 1178 0.006 [cattle-system-rancher-80] [] 10.52.1.5:80 174 0.006 200 ad51bff356eba6318451978a8951866a
2024-08-06T06:52:22.368162526Z 10.52.0.0 - - [06/Aug/2024:06:52:22 +0000] "GET /v1/harvester/harvesterhci.io.settings?limit=1 HTTP/1.1" 200 685 "https://harvester.calgaryserver.ca/dashboard/harvester/c/local/support" "Mozilla/5.0 (Windows NT 10.0; Win64; x64) AppleWebKit/537.36 (KHTML, like Gecko) Chrome/127.0.0.0 Safari/537.36" 1175 0.009 [cattle-system-rancher-80] [] 10.52.2.3:80 685 0.010 200 f3bc29b7718a81956a0a943df07e5d54
2024-08-06T06:52:22.370634149Z 10.52.0.0 - - [06/Aug/2024:06:52:22 +0000] "GET /v1/harvester/harvesterhci.io.virtualmachineimages?limit=1 HTTP/1.1" 200 1017 "https://harvester.calgaryserver.ca/dashboard/harvester/c/local/support" "Mozilla/5.0 (Windows NT 10.0; Win64; x64) AppleWebKit/537.36 (KHTML, like Gecko) Chrome/127.0.0.0 Safari/537.36" 1187 0.006 [cattle-system-rancher-80] [] 10.52.1.5:80 1017 0.006 200 85f93fc3c99681c3f67c700bcfadf38b
2024-08-06T06:52:22.375487444Z 10.52.0.0 - - [06/Aug/2024:06:52:22 +0000] "GET /v1/harvester/nodes?limit=1 HTTP/1.1" 200 6610 "https://harvester.calgaryserver.ca/dashboard/harvester/c/local/support" "Mozilla/5.0 (Windows NT 10.0; Win64; x64) AppleWebKit/537.36 (KHTML, like Gecko) Chrome/127.0.0.0 Safari/537.36" 1156 0.016 [cattle-system-rancher-80] [] 10.52.0.73:80 6604 0.015 200 b9c684bbb93de084164ded17c49f27b7
2024-08-06T06:52:23.355052460Z 10.52.0.0 - - [06/Aug/2024:06:52:23 +0000] "GET /v1/management.cattle.io.fleetworkspaces?limit=1 HTTP/1.1" 200 615 "https://harvester.calgaryserver.ca/dashboard/harvester/c/local/support" "Mozilla/5.0 (Windows NT 10.0; Win64; x64) AppleWebKit/537.36 (KHTML, like Gecko) Chrome/127.0.0.0 Safari/537.36" 1177 0.006 [cattle-system-rancher-80] [] 10.52.1.5:80 615 0.006 200 7860459bd13e5156895e695bafb59b6b
2024-08-06T06:52:23.360230069Z 10.52.0.0 - - [06/Aug/2024:06:52:23 +0000] "GET /v1/catalog.cattle.io.apps?limit=1 HTTP/1.1" 200 2454 "https://harvester.calgaryserver.ca/dashboard/harvester/c/local/support" "Mozilla/5.0 (Windows NT 10.0; Win64; x64) AppleWebKit/537.36 (KHTML, like Gecko) Chrome/127.0.0.0 Safari/537.36" 1163 0.011 [cattle-system-rancher-80] [] 10.52.0.73:80 2461 0.012 200 a5baf78c54876404c50e0bfc9d7072eb
2024-08-06T06:52:24.351566698Z 10.52.0.0 - - [06/Aug/2024:06:52:24 +0000] "GET /v1/management.cattle.io.features?limit=1 HTTP/1.1" 200 797 "https://harvester.calgaryserver.ca/dashboard/c/local/explorer/apps.statefulset" "Mozilla/5.0 (Windows NT 10.0; Win64; x64) AppleWebKit/537.36 (KHTML, like Gecko) Chrome/127.0.0.0 Safari/537.36" 1178 0.010 [cattle-system-rancher-80] [] 10.52.0.73:80 797 0.009 200 1267974c3bcd5edafd4bdc0a8f31fbb9
2024-08-06T06:52:24.352900635Z 10.52.0.0 - - [06/Aug/2024:06:52:24 +0000] "GET /v1/namespaces?limit=1 HTTP/1.1" 200 1304 "https://harvester.calgaryserver.ca/dashboard/c/local/explorer/apps.statefulset" "Mozilla/5.0 (Windows NT 10.0; Win64; x64) AppleWebKit/537.36 (KHTML, like Gecko) Chrome/127.0.0.0 Safari/537.36" 1159 0.009 [cattle-system-rancher-80] [] 10.52.0.73:80 1304 0.009 200 95a5632c8d0ebbae14fd9aa13bec8535
2024-08-06T06:52:24.359143373Z 10.52.0.0 - - [06/Aug/2024:06:52:24 +0000] "GET /v1/harvesterhci.io.settings?limit=1 HTTP/1.1" 200 688 "https://harvester.calgaryserver.ca/dashboard/c/local/explorer/apps.statefulset" "Mozilla/5.0 (Windows NT 10.0; Win64; x64) AppleWebKit/537.36 (KHTML, like Gecko) Chrome/127.0.0.0 Safari/537.36" 1173 0.004 [cattle-system-rancher-80] [] 10.52.2.3:80 688 0.005 200 3c3badeb8021beaffa264395662fcbca
2024-08-06T06:52:56.358257454Z 10.52.0.0 - - [06/Aug/2024:06:52:56 +0000] "GET /version HTTP/2.0" 200 286 "-" "curl/8.0.1" 36 0.002 [cattle-system-rancher-80] [] 10.52.0.73:80 286 0.002 200 bd4350612ebc9a78a011d78f9ccdc2b7
2024-08-06T06:53:02.989402182Z 10.10.110.71 - - [06/Aug/2024:06:53:02 +0000] "GET /version HTTP/2.0" 200 286 "-" "curl/8.0.1" 36 0.002 [cattle-system-rancher-80] [] 10.52.1.5:80 286 0.002 200 8bc2295d25b9c6edc0bc10463d8ff042
2024-08-06T06:53:18.368149957Z 10.52.0.0 - - [06/Aug/2024:06:53:18 +0000] "GET /v1/logging.banzaicloud.io.loggings?limit=1 HTTP/1.1" 200 1942 "https://harvester.calgaryserver.ca/dashboard/c/local/explorer/apps.statefulset" "Mozilla/5.0 (Windows NT 10.0; Win64; x64) AppleWebKit/537.36 (KHTML, like Gecko) Chrome/127.0.0.0 Safari/537.36" 1180 0.011 [cattle-system-rancher-80] [] 10.52.1.5:80 1942 0.011 200 1e1ae2154c5ac6d2fd3bf8f2c6726ae6
2024-08-06T06:53:32.358849169Z 10.52.0.0 - - [06/Aug/2024:06:53:32 +0000] "GET /v1/devices.harvesterhci.io.vgpudevices?limit=1 HTTP/1.1" 200 992 "https://harvester.calgaryserver.ca/dashboard/c/local/explorer/apps.statefulset" "Mozilla/5.0 (Windows NT 10.0; Win64; x64) AppleWebKit/537.36 (KHTML, like Gecko) Chrome/127.0.0.0 Safari/537.36" 1184 0.009 [cattle-system-rancher-80] [] 10.52.1.5:80 992 0.009 200 f0818f7304aabcdaf0e9bc2971e9c528
2024-08-06T06:54:06.377322531Z 10.52.0.0 - - [06/Aug/2024:06:54:06 +0000] "GET /v1/rbac.authorization.k8s.io.clusterroles?limit=1 HTTP/1.1" 200 2223 "https://harvester.calgaryserver.ca/dashboard/c/local/explorer/apps.statefulset" "Mozilla/5.0 (Windows NT 10.0; Win64; x64) AppleWebKit/537.36 (KHTML, like Gecko) Chrome/127.0.0.0 Safari/537.36" 1187 0.011 [cattle-system-rancher-80] [] 10.52.2.3:80 2229 0.012 200 c53ec5eb232eb8e7ad543a237603da36
2024-08-06T06:54:43.355859223Z 10.52.0.0 - - [06/Aug/2024:06:54:43 +0000] "GET /v1/harvester/longhorn.io.nodes?limit=1 HTTP/1.1" 200 2014 "https://harvester.calgaryserver.ca/dashboard/harvester/c/local/support" "Mozilla/5.0 (Windows NT 10.0; Win64; x64) AppleWebKit/537.36 (KHTML, like Gecko) Chrome/127.0.0.0 Safari/537.36" 1168 0.013 [cattle-system-rancher-80] [] 10.52.0.73:80 2014 0.014 200 8b7a395b7ea9c29e553c0892e68321f4
2024-08-06T06:55:06.367154210Z 10.52.0.0 - - [06/Aug/2024:06:55:06 +0000] "GET /v1/harvester/kubevirt.io.virtualmachineinstances?limit=1 HTTP/1.1" 200 2348 "https://harvester.calgaryserver.ca/dashboard/harvester/c/local/support" "Mozilla/5.0 (Windows NT 10.0; Win64; x64) AppleWebKit/537.36 (KHTML, like Gecko) Chrome/127.0.0.0 Safari/537.36" 1186 0.014 [cattle-system-rancher-80] [] 10.52.0.73:80 2348 0.015 200 d94d6d7c4c98dd47ab667e736aa202f8
2024-08-06T06:55:23.101254958Z 10.52.2.0 - - [06/Aug/2024:06:55:23 +0000] "GET /version HTTP/2.0" 200 286 "-" "curl/8.0.1" 36 0.002 [cattle-system-rancher-80] [] 10.52.2.3:80 286 0.003 200 ff9720be9429315c22516384f7474cd1
2024-08-06T06:55:26.364450273Z 10.52.0.0 - - [06/Aug/2024:06:55:26 +0000] "GET /version HTTP/2.0" 200 286 "-" "curl/8.0.1" 36 0.002 [cattle-system-rancher-80] [] 10.52.0.73:80 286 0.003 200 b6eecf658f66c3525d42d57d07d55020
2024-08-06T06:55:33.502630304Z 10.52.3.0 - - [06/Aug/2024:06:55:33 +0000] "GET /version HTTP/2.0" 200 286 "-" "curl/8.0.1" 36 0.002 [cattle-system-rancher-80] [] 10.52.1.5:80 286 0.002 200 096aff40255780f3d603556bd57aed5c
2024-08-06T06:56:03.520974064Z 10.52.3.0 - - [06/Aug/2024:06:56:03 +0000] "GET /version HTTP/2.0" 200 286 "-" "curl/8.0.1" 36 0.003 [cattle-system-rancher-80] [] 10.52.2.3:80 286 0.002 200 a19ece8d2a9c684b15ff5c757be59d5b
2024-08-06T06:56:23.067532451Z 10.52.2.0 - - [06/Aug/2024:06:56:23 +0000] "GET /version HTTP/2.0" 200 286 "-" "curl/8.0.1" 36 0.003 [cattle-system-rancher-80] [] 10.52.0.73:80 286 0.002 200 16e99014095d84f86cc9c7a048b81d3e
2024-08-06T06:57:03.511367556Z 10.52.3.0 - - [06/Aug/2024:06:57:03 +0000] "GET /version HTTP/2.0" 200 286 "-" "curl/8.0.1" 36 0.002 [cattle-system-rancher-80] [] 10.52.1.5:80 286 0.002 200 72708e8a0d51ee862cd13d161e2ce126
2024-08-06T06:57:33.017924075Z 10.10.110.71 - - [06/Aug/2024:06:57:33 +0000] "GET /version HTTP/2.0" 200 286 "-" "curl/8.0.1" 36 0.002 [cattle-system-rancher-80] [] 10.52.0.73:80 286 0.003 200 998be837a9c39d4ad96233eb06cf2eff
2024-08-06T06:58:33.524915218Z 10.52.3.0 - - [06/Aug/2024:06:58:33 +0000] "GET /version HTTP/2.0" 200 286 "-" "curl/8.0.1" 36 0.002 [cattle-system-rancher-80] [] 10.52.1.5:80 286 0.002 200 d35d0290e5871fad6ce9c4992b59d3ad
2024-08-06T06:59:53.065366697Z 10.52.2.0 - - [06/Aug/2024:06:59:53 +0000] "GET /version HTTP/2.0" 200 286 "-" "curl/8.0.1" 36 0.002 [cattle-system-rancher-80] [] 10.52.2.3:80 286 0.003 200 fa09deab63bdbaa1b372b7ed141b7503
2024-08-06T06:59:56.358661673Z 10.52.0.0 - - [06/Aug/2024:06:59:56 +0000] "GET /version HTTP/2.0" 200 286 "-" "curl/8.0.1" 36 0.003 [cattle-system-rancher-80] [] 10.52.2.3:80 286 0.002 200 ab4fc53d369aa15fe9d128e785705e75
2024-08-06T07:00:23.073848272Z 10.52.2.0 - - [06/Aug/2024:07:00:23 +0000] "GET /version HTTP/2.0" 200 286 "-" "curl/8.0.1" 36 0.003 [cattle-system-rancher-80] [] 10.52.0.73:80 286 0.002 200 e19e3181c491a003bcf4d0c33bd94b85
2024-08-06T07:00:26.377448291Z 10.52.0.0 - - [06/Aug/2024:07:00:26 +0000] "GET /version HTTP/2.0" 200 286 "-" "curl/8.0.1" 36 0.003 [cattle-system-rancher-80] [] 10.52.0.73:80 286 0.002 200 f4a63081ec80b1961a87877f07106c6a
2024-08-06T07:00:53.059738111Z 10.52.2.0 - - [06/Aug/2024:07:00:53 +0000] "GET /version HTTP/2.0" 200 286 "-" "curl/8.0.1" 36 0.002 [cattle-system-rancher-80] [] 10.52.2.3:80 286 0.002 200 5ef499ba22d1f030b5128c8080035535
2024-08-06T07:00:56.342098484Z 10.52.0.0 - - [06/Aug/2024:07:00:56 +0000] "GET /version HTTP/2.0" 200 286 "-" "curl/8.0.1" 36 0.002 [cattle-system-rancher-80] [] 10.52.2.3:80 286 0.003 200 38e1754e31787d25db564070fb1e87f2
2024-08-06T07:01:03.512047532Z 10.52.3.0 - - [06/Aug/2024:07:01:03 +0000] "GET /version HTTP/2.0" 200 286 "-" "curl/8.0.1" 36 0.003 [cattle-system-rancher-80] [] 10.52.0.73:80 286 0.003 200 d23cb348d9760003d7a64b5935444c2e
2024-08-06T07:01:26.375284156Z 10.52.0.0 - - [06/Aug/2024:07:01:26 +0000] "GET /version HTTP/2.0" 200 286 "-" "curl/8.0.1" 36 0.002 [cattle-system-rancher-80] [] 10.52.0.73:80 286 0.003 200 9a89b716741d75931775a390c499f077
2024-08-06T07:01:53.080678756Z 10.52.2.0 - - [06/Aug/2024:07:01:53 +0000] "GET /version HTTP/2.0" 200 286 "-" "curl/8.0.1" 36 0.001 [cattle-system-rancher-80] [] 10.52.1.5:80 286 0.002 200 ded48b7803ce4865d5af136f6601020e
2024-08-06T07:02:53.070356658Z 10.52.2.0 - - [06/Aug/2024:07:02:53 +0000] "GET /version HTTP/2.0" 200 286 "-" "curl/8.0.1" 36 0.002 [cattle-system-rancher-80] [] 10.52.1.5:80 286 0.002 200 e09c5a09f802bbc2f8735c25956ce0b1
2024-08-06T07:03:26.364672138Z 10.52.0.0 - - [06/Aug/2024:07:03:26 +0000] "GET /version HTTP/2.0" 200 286 "-" "curl/8.0.1" 36 0.003 [cattle-system-rancher-80] [] 10.52.2.3:80 286 0.003 200 3253c6dc492a6e2e5ae18590d618dbbf
2024-08-06T07:03:33.053980185Z 10.10.110.71 - - [06/Aug/2024:07:03:33 +0000] "GET /version HTTP/2.0" 200 286 "-" "curl/8.0.1" 36 0.002 [cattle-system-rancher-80] [] 10.52.2.3:80 286 0.003 200 f5d4d76528f4ffab76a44a901cba1559
2024-08-06T07:03:53.042319003Z 10.52.2.0 - - [06/Aug/2024:07:03:53 +0000] "GET /version HTTP/2.0" 200 286 "-" "curl/8.0.1" 36 0.002 [cattle-system-rancher-80] [] 10.52.0.73:80 286 0.003 200 e1a71aba92b11338ba4ddc231c39792d
2024-08-06T07:03:56.334381422Z 10.52.0.0 - - [06/Aug/2024:07:03:56 +0000] "GET /version HTTP/2.0" 200 286 "-" "curl/8.0.1" 36 0.002 [cattle-system-rancher-80] [] 10.52.2.3:80 286 0.002 200 64ebc43e0114d85efbd138b74d9b5888
2024-08-06T07:04:33.517460038Z 10.52.3.0 - - [06/Aug/2024:07:04:33 +0000] "GET /version HTTP/2.0" 200 286 "-" "curl/8.0.1" 36 0.002 [cattle-system-rancher-80] [] 10.52.1.5:80 286 0.002 200 a83e4377df63716f0a2bba0c1175a919
2024-08-06T07:05:03.500989869Z 10.52.3.0 - - [06/Aug/2024:07:05:03 +0000] "GET /version HTTP/2.0" 200 286 "-" "curl/8.0.1" 36 0.002 [cattle-system-rancher-80] [] 10.52.1.5:80 286 0.002 200 71d62de280767240dbdc880783f98541
2024-08-06T07:06:03.485656837Z 10.52.3.0 - - [06/Aug/2024:07:06:03 +0000] "GET /version HTTP/2.0" 200 286 "-" "curl/8.0.1" 36 0.002 [cattle-system-rancher-80] [] 10.52.0.73:80 286 0.002 200 f801a51b41c40ac9e13b538ed3c33f8c
2024-08-06T07:06:33.036326803Z 10.10.110.71 - - [06/Aug/2024:07:06:33 +0000] "GET /version HTTP/2.0" 200 286 "-" "curl/8.0.1" 36 0.002 [cattle-system-rancher-80] [] 10.52.0.73:80 286 0.002 200 cd16c9ce71b079ab3d7c48eb8a1f2ef3
2024-08-06T07:07:02.992455837Z 10.10.110.71 - - [06/Aug/2024:07:07:02 +0000] "GET /version HTTP/2.0" 200 286 "-" "curl/8.0.1" 36 0.002 [cattle-system-rancher-80] [] 10.52.1.5:80 286 0.002 200 7d8c7200a829d7151179412623dc58b4
2024-08-06T07:07:03.512990192Z 10.52.3.0 - - [06/Aug/2024:07:07:03 +0000] "GET /version HTTP/2.0" 200 286 "-" "curl/8.0.1" 36 0.002 [cattle-system-rancher-80] [] 10.52.0.73:80 286 0.003 200 e41ea64285fd6b4bfbb0e2d31784105a
2024-08-06T07:07:23.060494657Z 10.52.2.0 - - [06/Aug/2024:07:07:23 +0000] "GET /version HTTP/2.0" 200 286 "-" "curl/8.0.1" 36 0.002 [cattle-system-rancher-80] [] 10.52.2.3:80 286 0.003 200 f50fafd514145ed958dd29dd5ed94f12
2024-08-06T07:08:33.011671130Z 10.10.110.71 - - [06/Aug/2024:07:08:33 +0000] "GET /version HTTP/2.0" 200 286 "-" "curl/8.0.1" 36 0.003 [cattle-system-rancher-80] [] 10.52.2.3:80 286 0.002 200 9bfd4941b8fbce372b1d291cd880e5a0
2024-08-06T07:09:23.097925949Z 10.52.2.0 - - [06/Aug/2024:07:09:23 +0000] "GET /version HTTP/2.0" 200 286 "-" "curl/8.0.1" 36 0.002 [cattle-system-rancher-80] [] 10.52.2.3:80 286 0.002 200 ef0aefa2f1ab1f9cda47d46a5aa10940
2024-08-06T07:09:33.021796274Z 10.10.110.71 - - [06/Aug/2024:07:09:33 +0000] "GET /version HTTP/2.0" 200 286 "-" "curl/8.0.1" 36 0.002 [cattle-system-rancher-80] [] 10.52.1.5:80 286 0.003 200 b27dcd1c44eb376e8398dc20e71b92f2
2024-08-06T07:10:02.994934760Z 10.10.110.71 - - [06/Aug/2024:07:10:02 +0000] "GET /version HTTP/2.0" 200 286 "-" "curl/8.0.1" 36 0.003 [cattle-system-rancher-80] [] 10.52.2.3:80 286 0.003 200 94cf0e9aae8b9c4c97723a1fbe5313bc
2024-08-06T07:10:03.492939423Z 10.52.3.0 - - [06/Aug/2024:07:10:03 +0000] "GET /version HTTP/2.0" 200 286 "-" "curl/8.0.1" 36 0.002 [cattle-system-rancher-80] [] 10.52.1.5:80 286 0.003 200 ae505b41778074fb98d8fcf973070b25
2024-08-06T07:10:23.071785793Z 10.52.2.0 - - [06/Aug/2024:07:10:23 +0000] "GET /version HTTP/2.0" 200 286 "-" "curl/8.0.1" 36 0.002 [cattle-system-rancher-80] [] 10.52.0.73:80 286 0.001 200 04501631f9e4fb00dee48468b86bbbc3
2024-08-06T07:10:33.018889936Z 10.10.110.71 - - [06/Aug/2024:07:10:33 +0000] "GET /version HTTP/2.0" 200 286 "-" "curl/8.0.1" 36 0.003 [cattle-system-rancher-80] [] 10.52.2.3:80 286 0.003 200 67d172b4bb1f7addccd041541183adb2
2024-08-06T07:10:33.520197608Z 10.52.3.0 - - [06/Aug/2024:07:10:33 +0000] "GET /version HTTP/2.0" 200 286 "-" "curl/8.0.1" 36 0.002 [cattle-system-rancher-80] [] 10.52.2.3:80 286 0.003 200 508d73e12e48cc837b9b1afa7cdab3bc
2024-08-06T07:11:23.073990345Z 10.52.2.0 - - [06/Aug/2024:07:11:23 +0000] "GET /version HTTP/2.0" 200 286 "-" "curl/8.0.1" 36 0.002 [cattle-system-rancher-80] [] 10.52.0.73:80 286 0.003 200 8ec5e7e3cc201fdaa66e587525cfcf12
2024-08-06T07:11:26.350845927Z 10.52.0.0 - - [06/Aug/2024:07:11:26 +0000] "GET /version HTTP/2.0" 200 286 "-" "curl/8.0.1" 36 0.002 [cattle-system-rancher-80] [] 10.52.2.3:80 286 0.002 200 dc2d1ed927b5d909aa8d24383bc13574
2024-08-06T07:11:33.558687887Z 10.52.3.0 - - [06/Aug/2024:07:11:33 +0000] "GET /version HTTP/2.0" 200 286 "-" "curl/8.0.1" 36 0.002 [cattle-system-rancher-80] [] 10.52.1.5:80 286 0.001 200 ab1fa2902f1aff196e6cc837f534defa
2024-08-06T07:12:26.362139788Z 10.52.0.0 - - [06/Aug/2024:07:12:26 +0000] "GET /version HTTP/2.0" 200 286 "-" "curl/8.0.1" 36 0.002 [cattle-system-rancher-80] [] 10.52.1.5:80 286 0.002 200 c6b948fc17e48afff25854602b9dd95c
2024-08-06T07:12:32.996349290Z 10.10.110.71 - - [06/Aug/2024:07:12:32 +0000] "GET /version HTTP/2.0" 200 286 "-" "curl/8.0.1" 36 0.002 [cattle-system-rancher-80] [] 10.52.0.73:80 286 0.002 200 c8cc6c2c141d0c235498a387ec18a6bb
2024-08-06T07:12:56.370015516Z 10.52.0.0 - - [06/Aug/2024:07:12:56 +0000] "GET /version HTTP/2.0" 200 286 "-" "curl/8.0.1" 36 0.002 [cattle-system-rancher-80] [] 10.52.2.3:80 286 0.003 200 f982cb948cf09e117fb80122bb8b454f
2024-08-06T07:13:56.369608544Z 10.52.0.0 - - [06/Aug/2024:07:13:56 +0000] "GET /version HTTP/2.0" 200 286 "-" "curl/8.0.1" 36 0.003 [cattle-system-rancher-80] [] 10.52.0.73:80 286 0.002 200 5e3861d739399aa5e38f76f160e1109a
2024-08-06T07:14:03.523038760Z 10.52.3.0 - - [06/Aug/2024:07:14:03 +0000] "GET /version HTTP/2.0" 200 286 "-" "curl/8.0.1" 36 0.002 [cattle-system-rancher-80] [] 10.52.1.5:80 286 0.003 200 b1d4e6471a09a64bc189e6f90773ab3c
2024-08-06T07:14:33.036817546Z 10.10.110.71 - - [06/Aug/2024:07:14:33 +0000] "GET /version HTTP/2.0" 200 286 "-" "curl/8.0.1" 36 0.002 [cattle-system-rancher-80] [] 10.52.0.73:80 286 0.002 200 8642e0fb868534c6f5f0f961410cb515
2024-08-06T07:15:03.564463348Z 10.52.3.0 - - [06/Aug/2024:07:15:03 +0000] "GET /version HTTP/2.0" 200 286 "-" "curl/8.0.1" 36 0.002 [cattle-system-rancher-80] [] 10.52.1.5:80 286 0.002 200 ab726f0e8514bdf96e65f71a450dc63a
2024-08-06T07:15:33.012197471Z 10.10.110.71 - - [06/Aug/2024:07:15:33 +0000] "GET /version HTTP/2.0" 200 286 "-" "curl/8.0.1" 36 0.002 [cattle-system-rancher-80] [] 10.52.1.5:80 286 0.002 200 fecd064fa257caa26272cacecf5a1a49
2024-08-06T07:15:56.380544226Z 10.52.0.0 - - [06/Aug/2024:07:15:56 +0000] "GET /version HTTP/2.0" 200 286 "-" "curl/8.0.1" 36 0.003 [cattle-system-rancher-80] [] 10.52.2.3:80 286 0.002 200 53c5039052265b481d32d008f2fa4e86
2024-08-06T07:16:26.350208589Z 10.52.0.0 - - [06/Aug/2024:07:16:26 +0000] "GET /version HTTP/2.0" 200 286 "-" "curl/8.0.1" 36 0.002 [cattle-system-rancher-80] [] 10.52.0.73:80 286 0.003 200 325832a1bee18a37e17626d5e9b57bd2
2024-08-06T07:16:33.017247493Z 10.10.110.71 - - [06/Aug/2024:07:16:33 +0000] "GET /version HTTP/2.0" 200 286 "-" "curl/8.0.1" 36 0.002 [cattle-system-rancher-80] [] 10.52.2.3:80 286 0.002 200 c425184bfda904ad40c8c15673c20193
2024-08-06T07:16:53.088627269Z 10.52.2.0 - - [06/Aug/2024:07:16:53 +0000] "GET /version HTTP/2.0" 200 286 "-" "curl/8.0.1" 36 0.002 [cattle-system-rancher-80] [] 10.52.1.5:80 286 0.002 200 64b3ac99fe83bb9f66df49b167504400
2024-08-06T07:18:33.007240027Z 10.10.110.71 - - [06/Aug/2024:07:18:33 +0000] "GET /version HTTP/2.0" 200 286 "-" "curl/8.0.1" 36 0.002 [cattle-system-rancher-80] [] 10.52.0.73:80 286 0.002 200 40cadc4742b1152c47150a835a4c90d8
2024-08-06T07:18:37.361567208Z 10.52.0.0 - - [06/Aug/2024:07:18:37 +0000] "GET /v1/harvester/harvesterhci.io.supportbundles?limit=1 HTTP/1.1" 200 176 "https://harvester.calgaryserver.ca/dashboard/harvester/c/local/support" "Mozilla/5.0 (Windows NT 10.0; Win64; x64) AppleWebKit/537.36 (KHTML, like Gecko) Chrome/127.0.0.0 Safari/537.36" 1181 0.006 [cattle-system-rancher-80] [] 10.52.1.5:80 176 0.005 200 7041a94fa3d4b9d6818e5ec20e6acc9e
2024-08-06T07:19:33.013843493Z 10.10.110.71 - - [06/Aug/2024:07:19:33 +0000] "GET /version HTTP/2.0" 200 286 "-" "curl/8.0.1" 36 0.002 [cattle-system-rancher-80] [] 10.52.1.5:80 286 0.003 200 f7598bde7f0a3cb95e3161b662354a49
2024-08-06T07:19:48.343911031Z 10.52.0.0 - - [06/Aug/2024:07:19:48 +0000] "GET /v1/replicationcontrollers?limit=1 HTTP/1.1" 200 168 "https://harvester.calgaryserver.ca/dashboard/c/local/explorer/apps.statefulset" "Mozilla/5.0 (Windows NT 10.0; Win64; x64) AppleWebKit/537.36 (KHTML, like Gecko) Chrome/127.0.0.0 Safari/537.36" 1171 0.005 [cattle-system-rancher-80] [] 10.52.0.73:80 168 0.005 200 3982081310e3aa1943c2e6e9e0b5cfd4
2024-08-06T07:19:48.347446652Z 10.52.0.0 - - [06/Aug/2024:07:19:48 +0000] "GET /v1/batch.jobs?limit=1 HTTP/1.1" 200 3796 "https://harvester.calgaryserver.ca/dashboard/c/local/explorer/apps.statefulset" "Mozilla/5.0 (Windows NT 10.0; Win64; x64) AppleWebKit/537.36 (KHTML, like Gecko) Chrome/127.0.0.0 Safari/537.36" 1159 0.011 [cattle-system-rancher-80] [] 10.52.2.3:80 3797 0.011 200 475d2d5e5e443ea757e14b5a4947d544
2024-08-06T07:19:48.349824660Z 10.52.0.0 - - [06/Aug/2024:07:19:48 +0000] "GET /v1/apps.replicasets?limit=1 HTTP/1.1" 200 2679 "https://harvester.calgaryserver.ca/dashboard/c/local/explorer/apps.statefulset" "Mozilla/5.0 (Windows NT 10.0; Win64; x64) AppleWebKit/537.36 (KHTML, like Gecko) Chrome/127.0.0.0 Safari/537.36" 1165 0.013 [cattle-system-rancher-80] [] 10.52.0.73:80 2686 0.013 200 c0ce959ba410478469dd34f71b19c935
2024-08-06T07:19:53.073389107Z 10.52.2.0 - - [06/Aug/2024:07:19:53 +0000] "GET /version HTTP/2.0" 200 286 "-" "curl/8.0.1" 36 0.002 [cattle-system-rancher-80] [] 10.52.2.3:80 286 0.002 200 96fd45db73e9be7052d3cd7c440c8834
2024-08-06T07:20:03.011144383Z 10.10.110.71 - - [06/Aug/2024:07:20:03 +0000] "GET /version HTTP/2.0" 200 286 "-" "curl/8.0.1" 36 0.002 [cattle-system-rancher-80] [] 10.52.2.3:80 286 0.002 200 c9b60416a72fb65e0d2213fe842229d0
2024-08-06T07:20:26.358400709Z 10.52.0.0 - - [06/Aug/2024:07:20:26 +0000] "GET /version HTTP/2.0" 200 286 "-" "curl/8.0.1" 36 0.002 [cattle-system-rancher-80] [] 10.52.2.3:80 286 0.003 200 8cf3556e2d1f1ede07bed179dc51f5f2
2024-08-06T07:20:53.085679497Z 10.52.2.0 - - [06/Aug/2024:07:20:53 +0000] "GET /version HTTP/2.0" 200 286 "-" "curl/8.0.1" 36 0.003 [cattle-system-rancher-80] [] 10.52.2.3:80 286 0.002 200 569d3404b996e96e166ef2697691e588
2024-08-06T07:21:23.060737172Z 10.52.2.0 - - [06/Aug/2024:07:21:23 +0000] "GET /version HTTP/2.0" 200 286 "-" "curl/8.0.1" 36 0.002 [cattle-system-rancher-80] [] 10.52.2.3:80 286 0.002 200 74aed590f4d12ba8c266b3ec71e765ac
2024-08-06T07:21:33.025000188Z 10.10.110.71 - - [06/Aug/2024:07:21:33 +0000] "GET /version HTTP/2.0" 200 286 "-" "curl/8.0.1" 36 0.002 [cattle-system-rancher-80] [] 10.52.1.5:80 286 0.002 200 b5218a0baf60d9da7924a1a77f39a0ea
2024-08-06T07:22:23.080602798Z 10.52.2.0 - - [06/Aug/2024:07:22:23 +0000] "GET /version HTTP/2.0" 200 286 "-" "curl/8.0.1" 36 0.002 [cattle-system-rancher-80] [] 10.52.0.73:80 286 0.002 200 e112357b3f9b74bcfd030237370c960e
2024-08-06T07:22:28.352498500Z 10.52.0.0 - - [06/Aug/2024:07:22:28 +0000] "GET /v1/harvester/harvesterhci.io.upgrades?limit=1 HTTP/1.1" 200 172 "https://harvester.calgaryserver.ca/dashboard/harvester/c/local/support" "Mozilla/5.0 (Windows NT 10.0; Win64; x64) AppleWebKit/537.36 (KHTML, like Gecko) Chrome/127.0.0.0 Safari/537.36" 1175 0.007 [cattle-system-rancher-80] [] 10.52.0.73:80 172 0.006 200 73855309eca633650ce81fc186f89827
2024-08-06T07:22:28.354289835Z 10.52.0.0 - - [06/Aug/2024:07:22:28 +0000] "GET /v1/harvester/devices.harvesterhci.io.sriovnetworkdevices?limit=1 HTTP/1.1" 200 623 "https://harvester.calgaryserver.ca/dashboard/harvester/c/local/support" "Mozilla/5.0 (Windows NT 10.0; Win64; x64) AppleWebKit/537.36 (KHTML, like Gecko) Chrome/127.0.0.0 Safari/537.36" 1194 0.006 [cattle-system-rancher-80] [] 10.52.1.5:80 623 0.006 200 dd824b4dbdf8db41d6d4c305fde61656
2024-08-06T07:22:28.357499338Z 10.52.0.0 - - [06/Aug/2024:07:22:28 +0000] "GET /v1/harvester/harvesterhci.io.virtualmachineimages?limit=1 HTTP/1.1" 200 1017 "https://harvester.calgaryserver.ca/dashboard/harvester/c/local/support" "Mozilla/5.0 (Windows NT 10.0; Win64; x64) AppleWebKit/537.36 (KHTML, like Gecko) Chrome/127.0.0.0 Safari/537.36" 1187 0.009 [cattle-system-rancher-80] [] 10.52.1.5:80 1017 0.008 200 e1bb4eac2c328f489772b8fca4bbb97b
2024-08-06T07:22:28.358682571Z 10.52.0.0 - - [06/Aug/2024:07:22:28 +0000] "GET /v1/harvester/namespaces?limit=1 HTTP/1.1" 200 1304 "https://harvester.calgaryserver.ca/dashboard/harvester/c/local/support" "Mozilla/5.0 (Windows NT 10.0; Win64; x64) AppleWebKit/537.36 (KHTML, like Gecko) Chrome/127.0.0.0 Safari/537.36" 1161 0.011 [cattle-system-rancher-80] [] 10.52.0.73:80 1304 0.010 200 1829df59b8dc0864c3b6c1a5beb587e1
2024-08-06T07:22:28.364196773Z 10.52.0.0 - - [06/Aug/2024:07:22:28 +0000] "GET /v1/harvester/harvesterhci.io.addons?limit=1 HTTP/1.1" 200 1730 "https://harvester.calgaryserver.ca/dashboard/harvester/c/local/support" "Mozilla/5.0 (Windows NT 10.0; Win64; x64) AppleWebKit/537.36 (KHTML, like Gecko) Chrome/127.0.0.0 Safari/537.36" 1173 0.015 [cattle-system-rancher-80] [] 10.52.2.3:80 1730 0.015 200 318c8494973cc87c472c0c9366f8786a
2024-08-06T07:22:29.335182446Z 10.52.0.0 - - [06/Aug/2024:07:22:29 +0000] "GET /v1/management.cattle.io.features?limit=1 HTTP/1.1" 200 798 "https://harvester.calgaryserver.ca/dashboard/harvester/c/local/support" "Mozilla/5.0 (Windows NT 10.0; Win64; x64) AppleWebKit/537.36 (KHTML, like Gecko) Chrome/127.0.0.0 Safari/537.36" 1170 0.008 [cattle-system-rancher-80] [] 10.52.0.73:80 798 0.009 200 0a975f2514952e9c08d19654f238b731
2024-08-06T07:22:30.334515389Z 10.52.0.0 - - [06/Aug/2024:07:22:30 +0000] "GET /v1/management.cattle.io.fleetworkspaces?limit=1 HTTP/1.1" 200 615 "https://harvester.calgaryserver.ca/dashboard/c/local/explorer/apps.statefulset" "Mozilla/5.0 (Windows NT 10.0; Win64; x64) AppleWebKit/537.36 (KHTML, like Gecko) Chrome/127.0.0.0 Safari/537.36" 1185 0.006 [cattle-system-rancher-80] [] 10.52.1.5:80 615 0.006 200 9d150a9f3509e1f73e21a3cd63839f01
2024-08-06T07:22:30.338275816Z 10.52.0.0 - - [06/Aug/2024:07:22:30 +0000] "GET /v1/namespaces?limit=1 HTTP/1.1" 200 1304 "https://harvester.calgaryserver.ca/dashboard/c/local/explorer/apps.statefulset" "Mozilla/5.0 (Windows NT 10.0; Win64; x64) AppleWebKit/537.36 (KHTML, like Gecko) Chrome/127.0.0.0 Safari/537.36" 1159 0.009 [cattle-system-rancher-80] [] 10.52.1.5:80 1304 0.009 200 11b7f8182b0730da459a5c3d7c684d5f
2024-08-06T07:22:30.341866341Z 10.52.0.0 - - [06/Aug/2024:07:22:30 +0000] "GET /v1/networking.k8s.io.ingresses?limit=1 HTTP/1.1" 200 887 "https://harvester.calgaryserver.ca/dashboard/c/local/explorer/apps.statefulset" "Mozilla/5.0 (Windows NT 10.0; Win64; x64) AppleWebKit/537.36 (KHTML, like Gecko) Chrome/127.0.0.0 Safari/537.36" 1176 0.003 [cattle-system-rancher-80] [] 10.52.0.73:80 887 0.003 200 94ac91d8d7d9be7e111938f8183e96d4
2024-08-06T07:22:30.342417506Z 10.52.0.0 - - [06/Aug/2024:07:22:30 +0000] "GET /v1/catalog.cattle.io.apps?limit=1 HTTP/1.1" 200 2455 "https://harvester.calgaryserver.ca/dashboard/c/local/explorer/apps.statefulset" "Mozilla/5.0 (Windows NT 10.0; Win64; x64) AppleWebKit/537.36 (KHTML, like Gecko) Chrome/127.0.0.0 Safari/537.36" 1171 0.012 [cattle-system-rancher-80] [] 10.52.1.5:80 2462 0.013 200 3d74b86b8902df992a8b20fcfe81a583
2024-08-06T07:22:30.346945238Z 10.52.0.0 - - [06/Aug/2024:07:22:30 +0000] "GET /v1/services?limit=1 HTTP/1.1" 200 1174 "https://harvester.calgaryserver.ca/dashboard/c/local/explorer/apps.statefulset" "Mozilla/5.0 (Windows NT 10.0; Win64; x64) AppleWebKit/537.36 (KHTML, like Gecko) Chrome/127.0.0.0 Safari/537.36" 1157 0.005 [cattle-system-rancher-80] [] 10.52.2.3:80 1174 0.006 200 d50161fb87d6c79cd1f9bebbdd9b67c7
2024-08-06T07:22:33.519249070Z 10.52.3.0 - - [06/Aug/2024:07:22:33 +0000] "GET /version HTTP/2.0" 200 286 "-" "curl/8.0.1" 36 0.002 [cattle-system-rancher-80] [] 10.52.1.5:80 286 0.002 200 be9b0cba97c1547641f9fe8a0683a0a5
2024-08-06T07:23:33.042050134Z 10.10.110.71 - - [06/Aug/2024:07:23:33 +0000] "GET /version HTTP/2.0" 200 286 "-" "curl/8.0.1" 36 0.002 [cattle-system-rancher-80] [] 10.52.1.5:80 286 0.002 200 12cb56e21beb846f88f90d99f0561787
2024-08-06T07:23:36.334520270Z 10.52.0.0 - - [06/Aug/2024:07:23:36 +0000] "GET /v1/devices.harvesterhci.io.pcidevices?limit=1 HTTP/1.1" 200 1006 "https://harvester.calgaryserver.ca/dashboard/c/local/explorer/apps.statefulset" "Mozilla/5.0 (Windows NT 10.0; Win64; x64) AppleWebKit/537.36 (KHTML, like Gecko) Chrome/127.0.0.0 Safari/537.36" 1183 0.009 [cattle-system-rancher-80] [] 10.52.2.3:80 1006 0.010 200 2e39d52e1003dda46d5efa7955abc836
2024-08-06T07:23:37.326272099Z 10.52.0.0 - - [06/Aug/2024:07:23:37 +0000] "GET /v1/devices.harvesterhci.io.sriovnetworkdevices?limit=1 HTTP/1.1" 200 627 "https://harvester.calgaryserver.ca/dashboard/c/local/explorer/apps.statefulset" "Mozilla/5.0 (Windows NT 10.0; Win64; x64) AppleWebKit/537.36 (KHTML, like Gecko) Chrome/127.0.0.0 Safari/537.36" 1192 0.005 [cattle-system-rancher-80] [] 10.52.2.3:80 627 0.006 200 b8899b2f15bbe02705dd748cdd6d2dbb
2024-08-06T07:23:38.335098941Z 10.52.0.0 - - [06/Aug/2024:07:23:38 +0000] "GET /v1/devices.harvesterhci.io.vgpudevices?limit=1 HTTP/1.1" 200 991 "https://harvester.calgaryserver.ca/dashboard/c/local/explorer/apps.statefulset" "Mozilla/5.0 (Windows NT 10.0; Win64; x64) AppleWebKit/537.36 (KHTML, like Gecko) Chrome/127.0.0.0 Safari/537.36" 1184 0.009 [cattle-system-rancher-80] [] 10.52.0.73:80 991 0.010 200 8f6018f6d88b7e10a5779d34bc75d1e3
2024-08-06T07:24:12.348603512Z 10.52.0.0 - - [06/Aug/2024:07:24:12 +0000] "GET /v1/rbac.authorization.k8s.io.clusterroles?limit=1 HTTP/1.1" 200 2224 "https://harvester.calgaryserver.ca/dashboard/c/local/explorer/apps.statefulset" "Mozilla/5.0 (Windows NT 10.0; Win64; x64) AppleWebKit/537.36 (KHTML, like Gecko) Chrome/127.0.0.0 Safari/537.36" 1187 0.011 [cattle-system-rancher-80] [] 10.52.2.3:80 2230 0.012 200 df11627b2e03dcb1a349489b0bfff828
2024-08-06T07:24:33.005999406Z 10.10.110.71 - - [06/Aug/2024:07:24:33 +0000] "GET /version HTTP/2.0" 200 286 "-" "curl/8.0.1" 36 0.002 [cattle-system-rancher-80] [] 10.52.1.5:80 286 0.002 200 d04787da40587815ce6c6ec5081d65b8
2024-08-06T07:24:38.339463305Z 10.52.0.0 - - [06/Aug/2024:07:24:38 +0000] "GET /v1/rbac.authorization.k8s.io.clusterrolebindings?limit=1 HTTP/1.1" 200 917 "https://harvester.calgaryserver.ca/dashboard/c/local/explorer/apps.statefulset" "Mozilla/5.0 (Windows NT 10.0; Win64; x64) AppleWebKit/537.36 (KHTML, like Gecko) Chrome/127.0.0.0 Safari/537.36" 1194 0.009 [cattle-system-rancher-80] [] 10.52.2.3:80 917 0.008 200 294c4509ce2fae4d8251fa6cbd50efd6
2024-08-06T07:24:49.349511981Z 10.52.0.0 - - [06/Aug/2024:07:24:49 +0000] "GET /v1/harvester/harvesterhci.io.blockdevices?limit=1 HTTP/1.1" 200 1526 "https://harvester.calgaryserver.ca/dashboard/harvester/c/local/support" "Mozilla/5.0 (Windows NT 10.0; Win64; x64) AppleWebKit/537.36 (KHTML, like Gecko) Chrome/127.0.0.0 Safari/537.36" 1179 0.010 [cattle-system-rancher-80] [] 10.52.2.3:80 1526 0.009 200 5fef41fa5acd760d8a14e30d7642a5da
2024-08-06T07:24:53.076113823Z 10.52.2.0 - - [06/Aug/2024:07:24:53 +0000] "GET /version HTTP/2.0" 200 286 "-" "curl/8.0.1" 36 0.002 [cattle-system-rancher-80] [] 10.52.0.73:80 286 0.002 200 dccfa9646f4d1acf5ad56cf2b52dcb09
2024-08-06T07:25:03.487450684Z 10.52.3.0 - - [06/Aug/2024:07:25:03 +0000] "GET /version HTTP/2.0" 200 286 "-" "curl/8.0.1" 36 0.003 [cattle-system-rancher-80] [] 10.52.0.73:80 286 0.002 200 00cd993906f4074adf0dca4609bfa1cb
2024-08-06T07:25:11.339765416Z 10.52.0.0 - - [06/Aug/2024:07:25:11 +0000] "GET /v1/harvester/network.harvesterhci.io.clusternetworks?limit=1 HTTP/1.1" 200 596 "https://harvester.calgaryserver.ca/dashboard/harvester/c/local/support" "Mozilla/5.0 (Windows NT 10.0; Win64; x64) AppleWebKit/537.36 (KHTML, like Gecko) Chrome/127.0.0.0 Safari/537.36" 1190 0.007 [cattle-system-rancher-80] [] 10.52.0.73:80 596 0.008 200 0c10528132b4fa936b71b2a31aa35e48
2024-08-06T07:25:13.331239232Z 10.52.0.0 - - [06/Aug/2024:07:25:13 +0000] "GET /v1/harvester/kubevirt.io.virtualmachineinstancemigrations?limit=1 HTTP/1.1" 200 187 "https://harvester.calgaryserver.ca/dashboard/harvester/c/local/support" "Mozilla/5.0 (Windows NT 10.0; Win64; x64) AppleWebKit/537.36 (KHTML, like Gecko) Chrome/127.0.0.0 Safari/537.36" 1195 0.006 [cattle-system-rancher-80] [] 10.52.1.5:80 187 0.005 200 3892540f87fcb55f39924c40cb6b7d13
2024-08-06T07:25:33.533812988Z 10.52.3.0 - - [06/Aug/2024:07:25:33 +0000] "GET /version HTTP/2.0" 200 286 "-" "curl/8.0.1" 36 0.003 [cattle-system-rancher-80] [] 10.52.0.73:80 286 0.002 200 1336004ddeda787dcf0295f6a1da57e5
2024-08-06T07:26:02.169528982Z 10.52.0.0 - - [06/Aug/2024:07:26:02 +0000] "GET /v1/harvester/subscribe?sockId=2 HTTP/1.1" 101 12028505 "-" "Mozilla/5.0 (Windows NT 10.0; Win64; x64) AppleWebKit/537.36 (KHTML, like Gecko) Chrome/127.0.0.0 Safari/537.36" 1031 18327.683 [cattle-system-rancher-80] [] 10.52.0.73:80 0 18327.683 101 277c00800f721912c4cc6b9836e51e0d
2024-08-06T07:26:03.037607750Z 10.10.110.71 - - [06/Aug/2024:07:26:03 +0000] "GET /version HTTP/2.0" 200 286 "-" "curl/8.0.1" 36 0.003 [cattle-system-rancher-80] [] 10.52.2.3:80 286 0.003 200 fec803a205da6884ce6156a278810331
2024-08-06T07:26:53.099767159Z 10.52.2.0 - - [06/Aug/2024:07:26:53 +0000] "GET /version HTTP/2.0" 200 286 "-" "curl/8.0.1" 36 0.002 [cattle-system-rancher-80] [] 10.52.0.73:80 286 0.002 200 c11a39135b8809885979dc841d1d439b
2024-08-06T07:26:56.383918657Z 10.52.0.0 - - [06/Aug/2024:07:26:56 +0000] "GET /version HTTP/2.0" 200 286 "-" "curl/8.0.1" 36 0.003 [cattle-system-rancher-80] [] 10.52.2.3:80 286 0.003 200 f87a88c084c37e8c449781a9430546b1
2024-08-06T07:27:26.377016407Z 10.52.0.0 - - [06/Aug/2024:07:27:26 +0000] "GET /version HTTP/2.0" 200 286 "-" "curl/8.0.1" 36 0.003 [cattle-system-rancher-80] [] 10.52.2.3:80 286 0.003 200 5490330378b5fb04b51e72eb83c63aec
2024-08-06T07:27:33.515970205Z 10.52.3.0 - - [06/Aug/2024:07:27:33 +0000] "GET /version HTTP/2.0" 200 286 "-" "curl/8.0.1" 36 0.002 [cattle-system-rancher-80] [] 10.52.0.73:80 286 0.003 200 8d9eb16bfff36041691282b3f0d7dca2
2024-08-06T07:28:03.022934645Z 10.10.110.71 - - [06/Aug/2024:07:28:03 +0000] "GET /version HTTP/2.0" 200 286 "-" "curl/8.0.1" 36 0.002 [cattle-system-rancher-80] [] 10.52.1.5:80 286 0.003 200 b78f34215cf50d478376b5f92ac9bfce
2024-08-06T07:28:33.512343371Z 10.52.3.0 - - [06/Aug/2024:07:28:33 +0000] "GET /version HTTP/2.0" 200 286 "-" "curl/8.0.1" 36 0.002 [cattle-system-rancher-80] [] 10.52.0.73:80 286 0.002 200 b6ebd8d863761297a1cf4b97baa7971c
2024-08-06T07:28:56.353108891Z 10.52.0.0 - - [06/Aug/2024:07:28:56 +0000] "GET /version HTTP/2.0" 200 286 "-" "curl/8.0.1" 36 0.002 [cattle-system-rancher-80] [] 10.52.2.3:80 286 0.003 200 872b92ab7645936c0574b01bb2c949c6
2024-08-06T07:29:03.003896750Z 10.10.110.71 - - [06/Aug/2024:07:29:03 +0000] "GET /version HTTP/2.0" 200 286 "-" "curl/8.0.1" 36 0.002 [cattle-system-rancher-80] [] 10.52.0.73:80 286 0.003 200 1a2386c9a2a240a47d277f26f079cfc1
2024-08-06T07:30:03.001136377Z 10.10.110.71 - - [06/Aug/2024:07:30:03 +0000] "GET /version HTTP/2.0" 200 286 "-" "curl/8.0.1" 36 0.002 [cattle-system-rancher-80] [] 10.52.2.3:80 286 0.003 200 4111d4ddd07d60b1cff8374cf9e9256b
2024-08-06T07:30:23.078694919Z 10.52.2.0 - - [06/Aug/2024:07:30:23 +0000] "GET /version HTTP/2.0" 200 286 "-" "curl/8.0.1" 36 0.003 [cattle-system-rancher-80] [] 10.52.0.73:80 286 0.002 200 952b6116eb451067aafb73f6e60154d5
2024-08-06T07:30:33.543977063Z 10.52.3.0 - - [06/Aug/2024:07:30:33 +0000] "GET /version HTTP/2.0" 200 286 "-" "curl/8.0.1" 36 0.002 [cattle-system-rancher-80] [] 10.52.2.3:80 286 0.002 200 6588af7d238f56dd42006ee76791e917
2024-08-06T07:30:53.065789348Z 10.52.2.0 - - [06/Aug/2024:07:30:53 +0000] "GET /version HTTP/2.0" 200 286 "-" "curl/8.0.1" 36 0.002 [cattle-system-rancher-80] [] 10.52.1.5:80 286 0.002 200 2789bc440b85ce2c787d549f83578612
2024-08-06T07:31:26.356185291Z 10.52.0.0 - - [06/Aug/2024:07:31:26 +0000] "GET /version HTTP/2.0" 200 286 "-" "curl/8.0.1" 36 0.003 [cattle-system-rancher-80] [] 10.52.2.3:80 286 0.003 200 d4096500a3b225415b8e7a38b05e6742
2024-08-06T07:31:33.548321113Z 10.52.3.0 - - [06/Aug/2024:07:31:33 +0000] "GET /version HTTP/2.0" 200 286 "-" "curl/8.0.1" 36 0.003 [cattle-system-rancher-80] [] 10.52.0.73:80 286 0.003 200 35199f461904c3bdc2faf8428dd5421d
2024-08-06T07:32:03.006889369Z 10.10.110.71 - - [06/Aug/2024:07:32:03 +0000] "GET /version HTTP/2.0" 200 286 "-" "curl/8.0.1" 36 0.002 [cattle-system-rancher-80] [] 10.52.1.5:80 286 0.003 200 7479198ab865bbc3e8128af0bb024f03
2024-08-06T07:33:03.021848904Z 10.10.110.71 - - [06/Aug/2024:07:33:03 +0000] "GET /version HTTP/2.0" 200 286 "-" "curl/8.0.1" 36 0.002 [cattle-system-rancher-80] [] 10.52.1.5:80 286 0.002 200 06a6dfb6519e7d559f98057de557bb5a
2024-08-06T07:33:33.502798889Z 10.52.3.0 - - [06/Aug/2024:07:33:33 +0000] "GET /version HTTP/2.0" 200 286 "-" "curl/8.0.1" 36 0.003 [cattle-system-rancher-80] [] 10.52.2.3:80 286 0.003 200 3a3872a8562b4c70bf9ccb37bb1cc7ec
2024-08-06T07:33:56.387464124Z 10.52.0.0 - - [06/Aug/2024:07:33:56 +0000] "GET /version HTTP/2.0" 200 286 "-" "curl/8.0.1" 36 0.003 [cattle-system-rancher-80] [] 10.52.0.73:80 286 0.002 200 aaed85d946750cfa899db8e3c60f1f5f
2024-08-06T07:34:03.018387386Z 10.10.110.71 - - [06/Aug/2024:07:34:03 +0000] "GET /version HTTP/2.0" 200 286 "-" "curl/8.0.1" 36 0.003 [cattle-system-rancher-80] [] 10.52.0.73:80 286 0.002 200 d6c4c66c76931e3d9538afc613af87e5
2024-08-06T07:34:33.492284531Z 10.52.3.0 - - [06/Aug/2024:07:34:33 +0000] "GET /version HTTP/2.0" 200 286 "-" "curl/8.0.1" 36 0.002 [cattle-system-rancher-80] [] 10.52.2.3:80 286 0.003 200 9ee5f4d8a8251619cfbfb8e31ec7c379
2024-08-06T07:34:53.085613085Z 10.52.2.0 - - [06/Aug/2024:07:34:53 +0000] "GET /version HTTP/2.0" 200 286 "-" "curl/8.0.1" 36 0.003 [cattle-system-rancher-80] [] 10.52.0.73:80 286 0.002 200 8d40e1f6b71e64d8524bb3c0bb2551d0
2024-08-06T07:36:03.516869472Z 10.52.3.0 - - [06/Aug/2024:07:36:03 +0000] "GET /version HTTP/2.0" 200 286 "-" "curl/8.0.1" 36 0.003 [cattle-system-rancher-80] [] 10.52.0.73:80 286 0.002 200 b5ab5ea0b91b0a9afa7777ac9a9798af
2024-08-06T07:36:53.097112275Z 10.52.2.0 - - [06/Aug/2024:07:36:53 +0000] "GET /version HTTP/2.0" 200 286 "-" "curl/8.0.1" 36 0.002 [cattle-system-rancher-80] [] 10.52.1.5:80 286 0.002 200 20abdc33def7368a6692ccae02bf4b36
2024-08-06T07:37:03.464550247Z 10.52.3.0 - - [06/Aug/2024:07:37:03 +0000] "GET /version HTTP/2.0" 200 286 "-" "curl/8.0.1" 36 0.003 [cattle-system-rancher-80] [] 10.52.0.73:80 286 0.002 200 86ba86f73dd21429cd926d44d0cdca85
2024-08-06T07:37:23.085275148Z 10.52.2.0 - - [06/Aug/2024:07:37:23 +0000] "GET /version HTTP/2.0" 200 286 "-" "curl/8.0.1" 36 0.002 [cattle-system-rancher-80] [] 10.52.1.5:80 286 0.002 200 0d09cd14278526413f3f3ff17bd90c3e
2024-08-06T07:37:33.014433862Z 10.10.110.71 - - [06/Aug/2024:07:37:33 +0000] "GET /version HTTP/2.0" 200 286 "-" "curl/8.0.1" 36 0.002 [cattle-system-rancher-80] [] 10.52.0.73:80 286 0.003 200 097c844f06fa6e45bb8bf56cc75164b1
2024-08-06T07:37:33.478725837Z 10.52.3.0 - - [06/Aug/2024:07:37:33 +0000] "GET /version HTTP/2.0" 200 286 "-" "curl/8.0.1" 36 0.003 [cattle-system-rancher-80] [] 10.52.1.5:80 286 0.002 200 c751c18d62fb01a66c9a3921101a2ff2
2024-08-06T07:38:03.019183901Z 10.10.110.71 - - [06/Aug/2024:07:38:03 +0000] "GET /version HTTP/2.0" 200 286 "-" "curl/8.0.1" 36 0.002 [cattle-system-rancher-80] [] 10.52.1.5:80 286 0.002 200 aa92c704c2ea9a5eb2ef9155358c3889
2024-08-06T07:38:23.089377637Z 10.52.2.0 - - [06/Aug/2024:07:38:23 +0000] "GET /version HTTP/2.0" 200 286 "-" "curl/8.0.1" 36 0.002 [cattle-system-rancher-80] [] 10.52.2.3:80 286 0.002 200 7f10a54a678c1145614da8cb95860c51
2024-08-06T07:38:26.397083690Z 10.52.0.0 - - [06/Aug/2024:07:38:26 +0000] "GET /version HTTP/2.0" 200 286 "-" "curl/8.0.1" 36 0.001 [cattle-system-rancher-80] [] 10.52.1.5:80 286 0.002 200 65cd7204b9c995cab73794545be8878f
2024-08-06T07:38:33.023729028Z 10.10.110.71 - - [06/Aug/2024:07:38:33 +0000] "GET /version HTTP/2.0" 200 286 "-" "curl/8.0.1" 36 0.002 [cattle-system-rancher-80] [] 10.52.1.5:80 286 0.001 200 9292d178fa0b2a9fd3db201e3dd44713
2024-08-06T07:39:03.055096756Z 10.10.110.71 - - [06/Aug/2024:07:39:03 +0000] "GET /version HTTP/2.0" 200 286 "-" "curl/8.0.1" 36 0.002 [cattle-system-rancher-80] [] 10.52.2.3:80 286 0.002 200 727331cafb38fa39713d965fc9d1c557
2024-08-06T07:39:26.352942916Z 10.52.0.0 - - [06/Aug/2024:07:39:26 +0000] "GET /version HTTP/2.0" 200 286 "-" "curl/8.0.1" 36 0.003 [cattle-system-rancher-80] [] 10.52.1.5:80 286 0.003 200 06779181e3dac37101f0ad9b251cb90f
2024-08-06T07:39:53.080699495Z 10.52.2.0 - - [06/Aug/2024:07:39:53 +0000] "GET /version HTTP/2.0" 200 286 "-" "curl/8.0.1" 36 0.002 [cattle-system-rancher-80] [] 10.52.1.5:80 286 0.002 200 a7bcc91cea1b48c7af1a323112200284
2024-08-06T07:40:03.015682886Z 10.10.110.71 - - [06/Aug/2024:07:40:03 +0000] "GET /version HTTP/2.0" 200 286 "-" "curl/8.0.1" 36 0.002 [cattle-system-rancher-80] [] 10.52.1.5:80 286 0.002 200 be8b13be2a389ffa994053741d3d9f7e
2024-08-06T07:40:23.045610508Z 10.52.2.0 - - [06/Aug/2024:07:40:23 +0000] "GET /version HTTP/2.0" 200 286 "-" "curl/8.0.1" 36 0.002 [cattle-system-rancher-80] [] 10.52.1.5:80 286 0.002 200 f7a65a3ae50e39e3218fabe7fb34075b
2024-08-06T07:40:33.003192751Z 10.10.110.71 - - [06/Aug/2024:07:40:33 +0000] "GET /version HTTP/2.0" 200 286 "-" "curl/8.0.1" 36 0.002 [cattle-system-rancher-80] [] 10.52.1.5:80 286 0.002 200 1795b0d218deade9a7c15038974c0d7f
2024-08-06T07:41:53.060108053Z 10.52.2.0 - - [06/Aug/2024:07:41:53 +0000] "GET /version HTTP/2.0" 200 286 "-" "curl/8.0.1" 36 0.001 [cattle-system-rancher-80] [] 10.52.1.5:80 286 0.002 200 7f24fd7a5f3f2dc3e5ff9a918497681e
2024-08-06T07:42:03.541466413Z 10.52.3.0 - - [06/Aug/2024:07:42:03 +0000] "GET /version HTTP/2.0" 200 286 "-" "curl/8.0.1" 36 0.002 [cattle-system-rancher-80] [] 10.52.2.3:80 286 0.003 200 86e9b0a8631f07657d56a4e95b99b370
2024-08-06T07:43:03.020059698Z 10.10.110.71 - - [06/Aug/2024:07:43:03 +0000] "GET /version HTTP/2.0" 200 286 "-" "curl/8.0.1" 36 0.003 [cattle-system-rancher-80] [] 10.52.2.3:80 286 0.003 200 2a605527f48f0578811c4c8bf64046db
2024-08-06T07:43:56.342749272Z 10.52.0.0 - - [06/Aug/2024:07:43:56 +0000] "GET /version HTTP/2.0" 200 286 "-" "curl/8.0.1" 36 0.003 [cattle-system-rancher-80] [] 10.52.2.3:80 286 0.002 200 6f076b5bbab7df9cef6d668fc932ede7
2024-08-06T07:44:23.068001035Z 10.52.2.0 - - [06/Aug/2024:07:44:23 +0000] "GET /version HTTP/2.0" 200 286 "-" "curl/8.0.1" 36 0.002 [cattle-system-rancher-80] [] 10.52.1.5:80 286 0.003 200 eaedde20dbadb6aedddbaabc0e03db64
2024-08-06T07:45:26.430605802Z 10.52.0.0 - - [06/Aug/2024:07:45:26 +0000] "GET /version HTTP/2.0" 200 286 "-" "curl/8.0.1" 36 0.003 [cattle-system-rancher-80] [] 10.52.0.73:80 286 0.002 200 af51895eca06fb2f4315ed255f2cdfdf
2024-08-06T07:46:02.970810253Z 10.10.110.71 - - [06/Aug/2024:07:46:02 +0000] "GET /version HTTP/2.0" 200 286 "-" "curl/8.0.1" 36 0.002 [cattle-system-rancher-80] [] 10.52.2.3:80 286 0.002 200 9605d1be30ff012b523255bd18728e73
2024-08-06T07:46:23.086727568Z 10.52.2.0 - - [06/Aug/2024:07:46:23 +0000] "GET /version HTTP/2.0" 200 286 "-" "curl/8.0.1" 36 0.003 [cattle-system-rancher-80] [] 10.52.0.73:80 286 0.002 200 7d29b5e9729d837e1c5e9625ec0de4f5
2024-08-06T07:47:03.516297838Z 10.52.3.0 - - [06/Aug/2024:07:47:03 +0000] "GET /version HTTP/2.0" 200 286 "-" "curl/8.0.1" 36 0.002 [cattle-system-rancher-80] [] 10.52.1.5:80 286 0.002 200 363337d46b89d85bd98a13822b3fcd6e
2024-08-06T07:47:23.092453079Z 10.52.2.0 - - [06/Aug/2024:07:47:23 +0000] "GET /version HTTP/2.0" 200 286 "-" "curl/8.0.1" 36 0.002 [cattle-system-rancher-80] [] 10.52.0.73:80 286 0.003 200 c6bd1ad75882b947356c4fd8d646ff3f
2024-08-06T07:47:33.027953863Z 10.10.110.71 - - [06/Aug/2024:07:47:33 +0000] "GET /version HTTP/2.0" 200 286 "-" "curl/8.0.1" 36 0.002 [cattle-system-rancher-80] [] 10.52.1.5:80 286 0.002 200 a6df8c734555330c2dafe726c6ba7b9c
2024-08-06T07:48:53.084356992Z 10.52.2.0 - - [06/Aug/2024:07:48:53 +0000] "GET /version HTTP/2.0" 200 286 "-" "curl/8.0.1" 36 0.002 [cattle-system-rancher-80] [] 10.52.2.3:80 286 0.003 200 9d642416bdb1a8ec7f9ec9c3f71c35af
2024-08-06T07:49:03.487889384Z 10.52.3.0 - - [06/Aug/2024:07:49:03 +0000] "GET /version HTTP/2.0" 200 286 "-" "curl/8.0.1" 36 0.002 [cattle-system-rancher-80] [] 10.52.2.3:80 286 0.002 200 4075e0879c07d058a022612a6698ccd0
2024-08-06T07:49:56.352361447Z 10.52.0.0 - - [06/Aug/2024:07:49:56 +0000] "GET /version HTTP/2.0" 200 286 "-" "curl/8.0.1" 36 0.002 [cattle-system-rancher-80] [] 10.52.0.73:80 286 0.002 200 8c3d89d32316b995a809904867abdc10
2024-08-06T07:50:03.484808394Z 10.52.3.0 - - [06/Aug/2024:07:50:03 +0000] "GET /version HTTP/2.0" 200 286 "-" "curl/8.0.1" 36 0.003 [cattle-system-rancher-80] [] 10.52.2.3:80 286 0.002 200 b530e0fa00a56635e25bea4d480cfad2
2024-08-06T07:50:33.018726236Z 10.10.110.71 - - [06/Aug/2024:07:50:33 +0000] "GET /version HTTP/2.0" 200 286 "-" "curl/8.0.1" 36 0.002 [cattle-system-rancher-80] [] 10.52.2.3:80 286 0.002 200 a79554e55c75dfb81f666341fa834255
2024-08-06T07:50:56.374174201Z 10.52.0.0 - - [06/Aug/2024:07:50:56 +0000] "GET /version HTTP/2.0" 200 286 "-" "curl/8.0.1" 36 0.003 [cattle-system-rancher-80] [] 10.52.2.3:80 286 0.003 200 b7eeb6b03f5c8c778d4c55f31fdde9d0
2024-08-06T07:53:02.992194695Z 10.10.110.71 - - [06/Aug/2024:07:53:02 +0000] "GET /version HTTP/2.0" 200 286 "-" "curl/8.0.1" 36 0.002 [cattle-system-rancher-80] [] 10.52.2.3:80 286 0.003 200 df2c4e39e63e10b374b0ac607ef5c617
2024-08-06T07:54:23.084958458Z 10.52.2.0 - - [06/Aug/2024:07:54:23 +0000] "GET /version HTTP/2.0" 200 286 "-" "curl/8.0.1" 36 0.003 [cattle-system-rancher-80] [] 10.52.0.73:80 286 0.002 200 8d869e44fee5a189ee87c5fd0e54e590
2024-08-06T07:54:33.029285492Z 10.10.110.71 - - [06/Aug/2024:07:54:33 +0000] "GET /version HTTP/2.0" 200 286 "-" "curl/8.0.1" 36 0.002 [cattle-system-rancher-80] [] 10.52.0.73:80 286 0.002 200 70f53623a0e9facc60a9478258a6c259
2024-08-06T07:56:33.495054146Z 10.52.3.0 - - [06/Aug/2024:07:56:33 +0000] "GET /version HTTP/2.0" 200 286 "-" "curl/8.0.1" 36 0.002 [cattle-system-rancher-80] [] 10.52.0.73:80 286 0.002 200 5465569748a7aabdfb026d563104a824
2024-08-06T07:56:53.066755350Z 10.52.2.0 - - [06/Aug/2024:07:56:53 +0000] "GET /version HTTP/2.0" 200 286 "-" "curl/8.0.1" 36 0.002 [cattle-system-rancher-80] [] 10.52.1.5:80 286 0.002 200 5854147ed5ff40cbc8e6ea5d90208c6a
2024-08-06T07:57:01.153687004Z 10.52.0.0 - - [06/Aug/2024:07:57:01 +0000] "GET /v1/management.cattle.io.clusters?limit=1 HTTP/1.1" 200 1364 "https://harvester.calgaryserver.ca/dashboard/harvester/c/local/support" "Mozilla/5.0 (Windows NT 10.0; Win64; x64) AppleWebKit/537.36 (KHTML, like Gecko) Chrome/127.0.0.0 Safari/537.36" 1170 0.009 [cattle-system-rancher-80] [] 10.52.0.73:80 1364 0.008 200 3e971303628f66374a6e1182da09ce8c
2024-08-06T07:57:01.155312616Z 10.52.0.0 - - [06/Aug/2024:07:57:01 +0000] "GET /v1/management.cattle.io.settings?limit=1 HTTP/1.1" 200 745 "https://harvester.calgaryserver.ca/dashboard/harvester/c/local/support" "Mozilla/5.0 (Windows NT 10.0; Win64; x64) AppleWebKit/537.36 (KHTML, like Gecko) Chrome/127.0.0.0 Safari/537.36" 1170 0.009 [cattle-system-rancher-80] [] 10.52.0.73:80 745 0.008 200 106fae825e24357ed53653514fd2938d
2024-08-06T07:57:01.388345518Z 10.52.0.0 - - [06/Aug/2024:07:57:01 +0000] "GET /v1/harvester/metal.harvesterhci.io.inventories?limit=1 HTTP/1.1" 200 179 "https://harvester.calgaryserver.ca/dashboard/harvester/c/local/support" "Mozilla/5.0 (Windows NT 10.0; Win64; x64) AppleWebKit/537.36 (KHTML, like Gecko) Chrome/127.0.0.0 Safari/537.36" 1184 0.004 [cattle-system-rancher-80] [] 10.52.2.3:80 179 0.004 200 33d6fb5303f2225a893e30e2052867f1
2024-08-06T07:57:01.389193114Z 10.52.0.0 - - [06/Aug/2024:07:57:01 +0000] "GET /v1/harvester/harvesterhci.io.blockdevices?limit=1 HTTP/1.1" 200 1525 "https://harvester.calgaryserver.ca/dashboard/harvester/c/local/support" "Mozilla/5.0 (Windows NT 10.0; Win64; x64) AppleWebKit/537.36 (KHTML, like Gecko) Chrome/127.0.0.0 Safari/537.36" 1179 0.010 [cattle-system-rancher-80] [] 10.52.1.5:80 1525 0.010 200 e210d4b9a30b7b6b9c801bffd94f626e
2024-08-06T07:57:01.391148831Z 10.52.0.0 - - [06/Aug/2024:07:57:01 +0000] "GET /v1/harvester/kubevirt.io.virtualmachineinstancemigrations?limit=1 HTTP/1.1" 200 187 "https://harvester.calgaryserver.ca/dashboard/harvester/c/local/support" "Mozilla/5.0 (Windows NT 10.0; Win64; x64) AppleWebKit/537.36 (KHTML, like Gecko) Chrome/127.0.0.0 Safari/537.36" 1195 0.004 [cattle-system-rancher-80] [] 10.52.1.5:80 187 0.004 200 f991032232235abe242154704e3a0c00
2024-08-06T07:57:03.559819314Z 10.52.0.0 - - [06/Aug/2024:07:57:03 +0000] "GET /v1/replicationcontrollers?limit=1 HTTP/1.1" 200 167 "https://harvester.calgaryserver.ca/dashboard/c/local/explorer/apps.statefulset" "Mozilla/5.0 (Windows NT 10.0; Win64; x64) AppleWebKit/537.36 (KHTML, like Gecko) Chrome/127.0.0.0 Safari/537.36" 1171 0.006 [cattle-system-rancher-80] [] 10.52.1.5:80 167 0.005 200 8144289156722b6442da5d2bf858db48
2024-08-06T07:57:03.564381452Z 10.52.0.0 - - [06/Aug/2024:07:57:03 +0000] "GET /v1/networking.k8s.io.ingresses?limit=1 HTTP/1.1" 200 887 "https://harvester.calgaryserver.ca/dashboard/c/local/explorer/apps.statefulset" "Mozilla/5.0 (Windows NT 10.0; Win64; x64) AppleWebKit/537.36 (KHTML, like Gecko) Chrome/127.0.0.0 Safari/537.36" 1176 0.007 [cattle-system-rancher-80] [] 10.52.0.73:80 887 0.006 200 833320dc74b8d9421233f30f271b0a3e
2024-08-06T07:57:03.565760807Z 10.52.0.0 - - [06/Aug/2024:07:57:03 +0000] "GET /v1/harvesterhci.io.settings?limit=1 HTTP/1.1" 200 688 "https://harvester.calgaryserver.ca/dashboard/c/local/explorer/apps.statefulset" "Mozilla/5.0 (Windows NT 10.0; Win64; x64) AppleWebKit/537.36 (KHTML, like Gecko) Chrome/127.0.0.0 Safari/537.36" 1173 0.006 [cattle-system-rancher-80] [] 10.52.0.73:80 688 0.006 200 05a79257d10ab84fafb76da63bf624a7
2024-08-06T07:57:03.566311761Z 10.52.0.0 - - [06/Aug/2024:07:57:03 +0000] "GET /v1/apps.statefulsets?limit=1 HTTP/1.1" 200 2786 "https://harvester.calgaryserver.ca/dashboard/c/local/explorer/apps.statefulset" "Mozilla/5.0 (Windows NT 10.0; Win64; x64) AppleWebKit/537.36 (KHTML, like Gecko) Chrome/127.0.0.0 Safari/537.36" 1166 0.011 [cattle-system-rancher-80] [] 10.52.2.3:80 2793 0.011 200 5718b97feac642bd76cd11a6c1c56399
