2024-08-06T03:08:33.496219822Z 10.52.3.0 - - [06/Aug/2024:03:08:33 +0000] "GET /version HTTP/2.0" 200 286 "-" "curl/8.0.1" 36 0.002 [cattle-system-rancher-80] [] 10.52.0.73:80 286 0.003 200 af26bf30348c11504f78ad4f63583c92
2024-08-06T03:09:03.019290980Z 10.10.110.71 - - [06/Aug/2024:03:09:03 +0000] "GET /version HTTP/2.0" 200 286 "-" "curl/8.0.1" 36 0.002 [cattle-system-rancher-80] [] 10.52.1.5:80 286 0.002 200 ffeab1d236101504cd208d5bb63e5c4e
2024-08-06T03:09:33.008068456Z 10.10.110.71 - - [06/Aug/2024:03:09:33 +0000] "GET /version HTTP/2.0" 200 286 "-" "curl/8.0.1" 36 0.002 [cattle-system-rancher-80] [] 10.52.0.73:80 286 0.002 200 53f0c84afe89c1c6cc4aa6f9d2685c8d
2024-08-06T03:10:26.355487691Z 10.52.0.0 - - [06/Aug/2024:03:10:26 +0000] "GET /version HTTP/2.0" 200 286 "-" "curl/8.0.1" 36 0.003 [cattle-system-rancher-80] [] 10.52.0.73:80 286 0.002 200 df82d02dc5c37f6a7d9f060647b212d0
2024-08-06T03:10:33.494826914Z 10.52.3.0 - - [06/Aug/2024:03:10:33 +0000] "GET /version HTTP/2.0" 200 286 "-" "curl/8.0.1" 36 0.002 [cattle-system-rancher-80] [] 10.52.1.5:80 286 0.002 200 ea237c85dfbfbba64ad1cb9f2794d196
2024-08-06T03:11:26.381398427Z 10.52.0.0 - - [06/Aug/2024:03:11:26 +0000] "GET /version HTTP/2.0" 200 286 "-" "curl/8.0.1" 36 0.002 [cattle-system-rancher-80] [] 10.52.2.3:80 286 0.003 200 ad6d7a5574ba3949b196ae23e8b3ef93
2024-08-06T03:12:23.080036369Z 10.52.2.0 - - [06/Aug/2024:03:12:23 +0000] "GET /version HTTP/2.0" 200 286 "-" "curl/8.0.1" 36 0.002 [cattle-system-rancher-80] [] 10.52.1.5:80 286 0.002 200 8c5912df989490e6eb276619a287c39c
2024-08-06T03:12:53.079861606Z 10.52.2.0 - - [06/Aug/2024:03:12:53 +0000] "GET /version HTTP/2.0" 200 286 "-" "curl/8.0.1" 36 0.002 [cattle-system-rancher-80] [] 10.52.0.73:80 286 0.002 200 03b9990029ded625826a2c4cb85364d4
2024-08-06T03:12:56.383883082Z 10.52.0.0 - - [06/Aug/2024:03:12:56 +0000] "GET /version HTTP/2.0" 200 286 "-" "curl/8.0.1" 36 0.003 [cattle-system-rancher-80] [] 10.52.2.3:80 286 0.003 200 be8f10cd15afa2859f9ca68dd28f0c35
2024-08-06T03:13:33.045179335Z 10.10.110.71 - - [06/Aug/2024:03:13:33 +0000] "GET /version HTTP/2.0" 200 286 "-" "curl/8.0.1" 36 0.002 [cattle-system-rancher-80] [] 10.52.2.3:80 286 0.003 200 21f0fe87dccd8fd2377b503a95987f78
2024-08-06T03:13:56.370920546Z 10.52.0.0 - - [06/Aug/2024:03:13:56 +0000] "GET /version HTTP/2.0" 200 286 "-" "curl/8.0.1" 36 0.003 [cattle-system-rancher-80] [] 10.52.0.73:80 286 0.003 200 47edb6cbbd288e9dc191d734bf4e87fd
2024-08-06T03:14:03.487745911Z 10.52.3.0 - - [06/Aug/2024:03:14:03 +0000] "GET /version HTTP/2.0" 200 286 "-" "curl/8.0.1" 36 0.002 [cattle-system-rancher-80] [] 10.52.1.5:80 286 0.002 200 bfdb22c86c314562c49674070c704402
2024-08-06T03:14:33.460494177Z 10.52.3.0 - - [06/Aug/2024:03:14:33 +0000] "GET /version HTTP/2.0" 200 286 "-" "curl/8.0.1" 36 0.002 [cattle-system-rancher-80] [] 10.52.1.5:80 286 0.002 200 f28624d822309f7645d50841b67cdb4c
2024-08-06T03:15:23.092239219Z 10.52.2.0 - - [06/Aug/2024:03:15:23 +0000] "GET /version HTTP/2.0" 200 286 "-" "curl/8.0.1" 36 0.002 [cattle-system-rancher-80] [] 10.52.1.5:80 286 0.002 200 8c2341eda5e81cbb48f5f36161705b51
2024-08-06T03:15:33.511050409Z 10.52.3.0 - - [06/Aug/2024:03:15:33 +0000] "GET /version HTTP/2.0" 200 286 "-" "curl/8.0.1" 36 0.002 [cattle-system-rancher-80] [] 10.52.2.3:80 286 0.003 200 8891601d0678899cc524d02e62ec21c5
2024-08-06T03:15:56.357653897Z 10.52.0.0 - - [06/Aug/2024:03:15:56 +0000] "GET /version HTTP/2.0" 200 286 "-" "curl/8.0.1" 36 0.002 [cattle-system-rancher-80] [] 10.52.0.73:80 286 0.002 200 d417981d6e3db902e30d929b27aeddb4
2024-08-06T03:16:03.014188645Z 10.10.110.71 - - [06/Aug/2024:03:16:03 +0000] "GET /version HTTP/2.0" 200 286 "-" "curl/8.0.1" 36 0.002 [cattle-system-rancher-80] [] 10.52.0.73:80 286 0.002 200 f12ec18b764e1db92fec83b0e5bf3073
2024-08-06T03:17:23.113259288Z 10.52.2.0 - - [06/Aug/2024:03:17:23 +0000] "GET /version HTTP/2.0" 200 286 "-" "curl/8.0.1" 36 0.002 [cattle-system-rancher-80] [] 10.52.0.73:80 286 0.003 200 2adcdb547f4ded00893d77710df145b1
2024-08-06T03:17:26.371227088Z 10.52.0.0 - - [06/Aug/2024:03:17:26 +0000] "GET /version HTTP/2.0" 200 286 "-" "curl/8.0.1" 36 0.002 [cattle-system-rancher-80] [] 10.52.1.5:80 286 0.003 200 ae2c75defd95afc6c52df65c29ca644d
2024-08-06T03:17:51.063657689Z 10.52.0.0 - - [06/Aug/2024:03:17:51 +0000] "GET /v1/harvester/harvesterhci.io.supportbundles?limit=1 HTTP/1.1" 200 175 "https://harvester.calgaryserver.ca/dashboard/harvester/c/local/support" "Mozilla/5.0 (Windows NT 10.0; Win64; x64) AppleWebKit/537.36 (KHTML, like Gecko) Chrome/127.0.0.0 Safari/537.36" 1181 0.006 [cattle-system-rancher-80] [] 10.52.0.73:80 175 0.006 200 0008dbcf7774c0441464fcc73890ef5b
2024-08-06T03:18:03.018958016Z 10.10.110.71 - - [06/Aug/2024:03:18:03 +0000] "GET /version HTTP/2.0" 200 286 "-" "curl/8.0.1" 36 0.002 [cattle-system-rancher-80] [] 10.52.1.5:80 286 0.003 200 e646c450089cce94b407831e5a7ef771
2024-08-06T03:18:03.478363028Z 10.52.3.0 - - [06/Aug/2024:03:18:03 +0000] "GET /version HTTP/2.0" 200 286 "-" "curl/8.0.1" 36 0.002 [cattle-system-rancher-80] [] 10.52.1.5:80 286 0.002 200 fa2f463ab2cec90ed66034d4f2f53173
2024-08-06T03:18:25.016488136Z 10.52.0.0 - - [06/Aug/2024:03:18:25 +0000] "GET /v1/cluster.x-k8s.io.machines?limit=1 HTTP/1.1" 200 2528 "https://harvester.calgaryserver.ca/dashboard/c/local/explorer/apps.statefulset" "Mozilla/5.0 (Windows NT 10.0; Win64; x64) AppleWebKit/537.36 (KHTML, like Gecko) Chrome/127.0.0.0 Safari/537.36" 1174 0.011 [cattle-system-rancher-80] [] 10.52.2.3:80 2535 0.011 200 856b106edb2252c3e65768f8de7f5695
2024-08-06T03:18:26.349056953Z 10.52.0.0 - - [06/Aug/2024:03:18:26 +0000] "GET /version HTTP/2.0" 200 286 "-" "curl/8.0.1" 36 0.002 [cattle-system-rancher-80] [] 10.52.2.3:80 286 0.003 200 474830c7b0e4d9e7338ec6f3e666ebf7
2024-08-06T03:18:33.019650889Z 10.10.110.71 - - [06/Aug/2024:03:18:33 +0000] "GET /version HTTP/2.0" 200 286 "-" "curl/8.0.1" 36 0.003 [cattle-system-rancher-80] [] 10.52.2.3:80 286 0.003 200 de414c6474f548d17da0c93e456d49e8
2024-08-06T03:18:53.091096372Z 10.52.2.0 - - [06/Aug/2024:03:18:53 +0000] "GET /version HTTP/2.0" 200 286 "-" "curl/8.0.1" 36 0.002 [cattle-system-rancher-80] [] 10.52.1.5:80 286 0.002 200 232a2fcd936b6099d9398a3316f40151
2024-08-06T03:19:03.018167958Z 10.10.110.71 - - [06/Aug/2024:03:19:03 +0000] "GET /version HTTP/2.0" 200 286 "-" "curl/8.0.1" 36 0.002 [cattle-system-rancher-80] [] 10.52.0.73:80 286 0.003 200 c8aa98401e69308ced5ff90deed3512f
2024-08-06T03:20:56.366664387Z 10.52.0.0 - - [06/Aug/2024:03:20:56 +0000] "GET /version HTTP/2.0" 200 286 "-" "curl/8.0.1" 36 0.003 [cattle-system-rancher-80] [] 10.52.2.3:80 286 0.002 200 7630bdf4a5b4a3bd022ee57d75e65be0
2024-08-06T03:21:26.366660947Z 10.52.0.0 - - [06/Aug/2024:03:21:26 +0000] "GET /version HTTP/2.0" 200 286 "-" "curl/8.0.1" 36 0.003 [cattle-system-rancher-80] [] 10.52.2.3:80 286 0.002 200 14531bbde687313b612a92f2d4d93703
2024-08-06T03:21:40.679624873Z 10.52.0.0 - - [06/Aug/2024:03:21:40 +0000] "GET /v1/harvester/devices.harvesterhci.io.sriovgpudevices?limit=1 HTTP/1.1" 200 931 "https://harvester.calgaryserver.ca/dashboard/harvester/c/local/support" "Mozilla/5.0 (Windows NT 10.0; Win64; x64) AppleWebKit/537.36 (KHTML, like Gecko) Chrome/127.0.0.0 Safari/537.36" 1190 0.007 [cattle-system-rancher-80] [] 10.52.2.3:80 931 0.006 200 e54a0938f42c2ac7380a64b355742bdd
2024-08-06T03:21:40.745301427Z 10.52.0.0 - - [06/Aug/2024:03:21:40 +0000] "GET /v1/harvester/nodes?limit=1 HTTP/1.1" 200 6595 "https://harvester.calgaryserver.ca/dashboard/harvester/c/local/support" "Mozilla/5.0 (Windows NT 10.0; Win64; x64) AppleWebKit/537.36 (KHTML, like Gecko) Chrome/127.0.0.0 Safari/537.36" 1156 0.017 [cattle-system-rancher-80] [] 10.52.2.3:80 6589 0.017 200 e4057f7d7701f17d13125ba3fcc95fef
2024-08-06T03:21:40.756526009Z 10.52.0.0 - - [06/Aug/2024:03:21:40 +0000] "GET /v1/harvester/harvesterhci.io.upgrades?limit=1 HTTP/1.1" 200 170 "https://harvester.calgaryserver.ca/dashboard/harvester/c/local/support" "Mozilla/5.0 (Windows NT 10.0; Win64; x64) AppleWebKit/537.36 (KHTML, like Gecko) Chrome/127.0.0.0 Safari/537.36" 1175 0.006 [cattle-system-rancher-80] [] 10.52.2.3:80 170 0.005 200 cfcae3a6e9d03ba59e197c51cfd4f56a
2024-08-06T03:21:40.938176252Z 10.52.0.0 - - [06/Aug/2024:03:21:40 +0000] "GET /v1/harvester/devices.harvesterhci.io.sriovnetworkdevices?limit=1 HTTP/1.1" 200 622 "https://harvester.calgaryserver.ca/dashboard/harvester/c/local/support" "Mozilla/5.0 (Windows NT 10.0; Win64; x64) AppleWebKit/537.36 (KHTML, like Gecko) Chrome/127.0.0.0 Safari/537.36" 1194 0.006 [cattle-system-rancher-80] [] 10.52.0.73:80 622 0.006 200 55187a4e10820775868567eef35d1743
2024-08-06T03:21:42.258300981Z 10.52.0.0 - - [06/Aug/2024:03:21:42 +0000] "GET /v1/management.cattle.io.settings?limit=1 HTTP/1.1" 200 732 "https://harvester.calgaryserver.ca/dashboard/harvester/c/local/support" "Mozilla/5.0 (Windows NT 10.0; Win64; x64) AppleWebKit/537.36 (KHTML, like Gecko) Chrome/127.0.0.0 Safari/537.36" 1170 0.009 [cattle-system-rancher-80] [] 10.52.1.5:80 732 0.009 200 6a2a0f9829a50f270ddfa2b7e2db7312
2024-08-06T03:21:42.258347480Z 10.52.0.0 - - [06/Aug/2024:03:21:42 +0000] "GET /v1/management.cattle.io.clusters?limit=1 HTTP/1.1" 200 1361 "https://harvester.calgaryserver.ca/dashboard/harvester/c/local/support" "Mozilla/5.0 (Windows NT 10.0; Win64; x64) AppleWebKit/537.36 (KHTML, like Gecko) Chrome/127.0.0.0 Safari/537.36" 1170 0.010 [cattle-system-rancher-80] [] 10.52.0.73:80 1361 0.009 200 03a0c6804bf14e936f98c52a733dbd94
2024-08-06T03:21:42.259004544Z 10.52.0.0 - - [06/Aug/2024:03:21:42 +0000] "GET /v1/namespaces?limit=1 HTTP/1.1" 200 1293 "https://harvester.calgaryserver.ca/dashboard/harvester/c/local/support" "Mozilla/5.0 (Windows NT 10.0; Win64; x64) AppleWebKit/537.36 (KHTML, like Gecko) Chrome/127.0.0.0 Safari/537.36" 1151 0.009 [cattle-system-rancher-80] [] 10.52.0.73:80 1293 0.009 200 e28b5cc66227e03da5954fc1ab9859f3
2024-08-06T03:21:42.564492591Z 10.52.0.0 - - [06/Aug/2024:03:21:42 +0000] "GET /v1/management.cattle.io.fleetworkspaces?limit=1 HTTP/1.1" 200 612 "https://harvester.calgaryserver.ca/dashboard/c/local/explorer/apps.statefulset" "Mozilla/5.0 (Windows NT 10.0; Win64; x64) AppleWebKit/537.36 (KHTML, like Gecko) Chrome/127.0.0.0 Safari/537.36" 1185 0.006 [cattle-system-rancher-80] [] 10.52.1.5:80 612 0.005 200 7f68bdc0596da4eb9dd341c2f0e1f0a0
2024-08-06T03:21:42.601048273Z 10.52.0.0 - - [06/Aug/2024:03:21:42 +0000] "GET /v1/catalog.cattle.io.apps?limit=1 HTTP/1.1" 200 2448 "https://harvester.calgaryserver.ca/dashboard/c/local/explorer/apps.statefulset" "Mozilla/5.0 (Windows NT 10.0; Win64; x64) AppleWebKit/537.36 (KHTML, like Gecko) Chrome/127.0.0.0 Safari/537.36" 1171 0.011 [cattle-system-rancher-80] [] 10.52.1.5:80 2455 0.011 200 c62faebfc09bea9bf7faa67662dfb0f7
2024-08-06T03:21:42.646250938Z 10.52.0.0 - - [06/Aug/2024:03:21:42 +0000] "GET /v1/namespaces?limit=1 HTTP/1.1" 200 1289 "https://harvester.calgaryserver.ca/dashboard/c/local/explorer/apps.statefulset" "Mozilla/5.0 (Windows NT 10.0; Win64; x64) AppleWebKit/537.36 (KHTML, like Gecko) Chrome/127.0.0.0 Safari/537.36" 1159 0.008 [cattle-system-rancher-80] [] 10.52.1.5:80 1289 0.008 200 60208c820c228217a65878963e3c4fb1
2024-08-06T03:21:42.951223483Z 10.52.0.0 - - [06/Aug/2024:03:21:42 +0000] "GET /v1/apps.daemonsets?limit=1 HTTP/1.1" 200 3442 "https://harvester.calgaryserver.ca/dashboard/c/local/explorer/apps.statefulset" "Mozilla/5.0 (Windows NT 10.0; Win64; x64) AppleWebKit/537.36 (KHTML, like Gecko) Chrome/127.0.0.0 Safari/537.36" 1164 0.012 [cattle-system-rancher-80] [] 10.52.2.3:80 3449 0.012 200 f9abbc468f0197b1a6c7ae18d29639cf
2024-08-06T03:21:42.986225851Z 10.52.0.0 - - [06/Aug/2024:03:21:42 +0000] "GET /v1/catalog.cattle.io.apps?limit=1 HTTP/1.1" 200 2448 "https://harvester.calgaryserver.ca/dashboard/c/local/explorer/apps.statefulset" "Mozilla/5.0 (Windows NT 10.0; Win64; x64) AppleWebKit/537.36 (KHTML, like Gecko) Chrome/127.0.0.0 Safari/537.36" 1171 0.012 [cattle-system-rancher-80] [] 10.52.2.3:80 2455 0.013 200 4fe7055666a551245156f45759991d1f
2024-08-06T03:21:43.114751375Z 10.52.0.0 - - [06/Aug/2024:03:21:43 +0000] "GET /v1/harvesterhci.io.settings?limit=1 HTTP/1.1" 200 677 "https://harvester.calgaryserver.ca/dashboard/c/local/explorer/apps.statefulset" "Mozilla/5.0 (Windows NT 10.0; Win64; x64) AppleWebKit/537.36 (KHTML, like Gecko) Chrome/127.0.0.0 Safari/537.36" 1173 0.007 [cattle-system-rancher-80] [] 10.52.0.73:80 677 0.007 200 a2cbf3ef268b09959e4d5cbf48a75956
2024-08-06T03:22:23.077978357Z 10.52.2.0 - - [06/Aug/2024:03:22:23 +0000] "GET /version HTTP/2.0" 200 286 "-" "curl/8.0.1" 36 0.002 [cattle-system-rancher-80] [] 10.52.2.3:80 286 0.003 200 7c2e94b668515d542f2f220cd78e57de
2024-08-06T03:22:48.500220522Z 10.52.0.0 - - [06/Aug/2024:03:22:48 +0000] "GET /v1/harvesterhci.io.addons?limit=1 HTTP/1.1" 200 1729 "https://harvester.calgaryserver.ca/dashboard/c/local/explorer/apps.statefulset" "Mozilla/5.0 (Windows NT 10.0; Win64; x64) AppleWebKit/537.36 (KHTML, like Gecko) Chrome/127.0.0.0 Safari/537.36" 1171 0.010 [cattle-system-rancher-80] [] 10.52.2.3:80 1729 0.010 200 611754e073e919f9d914ce779b34551e
2024-08-06T03:23:23.111502228Z 10.52.2.0 - - [06/Aug/2024:03:23:23 +0000] "GET /version HTTP/2.0" 200 286 "-" "curl/8.0.1" 36 0.003 [cattle-system-rancher-80] [] 10.52.1.5:80 286 0.002 200 5e899fc49b2ef0dd308c1e6d9262b028
2024-08-06T03:23:32.995932935Z 10.10.110.71 - - [06/Aug/2024:03:23:32 +0000] "GET /version HTTP/2.0" 200 286 "-" "curl/8.0.1" 36 0.002 [cattle-system-rancher-80] [] 10.52.1.5:80 286 0.002 200 682c4186c92b588d873f08501b144c85
2024-08-06T03:24:02.995094508Z 10.10.110.71 - - [06/Aug/2024:03:24:02 +0000] "GET /version HTTP/2.0" 200 286 "-" "curl/8.0.1" 36 0.002 [cattle-system-rancher-80] [] 10.52.1.5:80 286 0.002 200 5ef2824f2337be77b8fb68800d2d3da9
2024-08-06T03:24:03.477890677Z 10.52.3.0 - - [06/Aug/2024:03:24:03 +0000] "GET /version HTTP/2.0" 200 286 "-" "curl/8.0.1" 36 0.002 [cattle-system-rancher-80] [] 10.52.1.5:80 286 0.002 200 559788b648a726c18347e3a35c8ee247
2024-08-06T03:24:04.070043026Z 10.52.0.0 - - [06/Aug/2024:03:24:04 +0000] "GET /v1/harvester/cluster.x-k8s.io.machines?limit=1 HTTP/1.1" 200 2532 "https://harvester.calgaryserver.ca/dashboard/harvester/c/local/support" "Mozilla/5.0 (Windows NT 10.0; Win64; x64) AppleWebKit/537.36 (KHTML, like Gecko) Chrome/127.0.0.0 Safari/537.36" 1176 0.011 [cattle-system-rancher-80] [] 10.52.1.5:80 2532 0.012 200 736881ff291bb0fda95d907da96242c2
2024-08-06T03:25:03.495199048Z 10.52.3.0 - - [06/Aug/2024:03:25:03 +0000] "GET /version HTTP/2.0" 200 286 "-" "curl/8.0.1" 36 0.002 [cattle-system-rancher-80] [] 10.52.1.5:80 286 0.002 200 ecfec0ab68bf5601598a994f574b9eae
2024-08-06T03:25:32.998488513Z 10.10.110.71 - - [06/Aug/2024:03:25:32 +0000] "GET /version HTTP/2.0" 200 286 "-" "curl/8.0.1" 36 0.003 [cattle-system-rancher-80] [] 10.52.2.3:80 286 0.002 200 e759fa66d607a7815b54facc83747716
2024-08-06T03:26:33.036866652Z 10.10.110.71 - - [06/Aug/2024:03:26:33 +0000] "GET /version HTTP/2.0" 200 286 "-" "curl/8.0.1" 36 0.003 [cattle-system-rancher-80] [] 10.52.2.3:80 286 0.002 200 3a0a6f7aa4dbdce5de5119bcd18e2af8
2024-08-06T03:27:03.046535668Z 10.10.110.71 - - [06/Aug/2024:03:27:03 +0000] "GET /version HTTP/2.0" 200 286 "-" "curl/8.0.1" 36 0.002 [cattle-system-rancher-80] [] 10.52.1.5:80 286 0.002 200 d2d219eff6ace5b93efea420e66308d5
2024-08-06T03:27:33.502137391Z 10.52.3.0 - - [06/Aug/2024:03:27:33 +0000] "GET /version HTTP/2.0" 200 286 "-" "curl/8.0.1" 36 0.002 [cattle-system-rancher-80] [] 10.52.1.5:80 286 0.002 200 54817ade69acf9656383467d8890c344
2024-08-06T03:28:03.011597459Z 10.10.110.71 - - [06/Aug/2024:03:28:03 +0000] "GET /version HTTP/2.0" 200 286 "-" "curl/8.0.1" 36 0.003 [cattle-system-rancher-80] [] 10.52.0.73:80 286 0.002 200 d8b71ecc3dd7b973c60752ce2164abb4
2024-08-06T03:28:26.368409970Z 10.52.0.0 - - [06/Aug/2024:03:28:26 +0000] "GET /version HTTP/2.0" 200 286 "-" "curl/8.0.1" 36 0.002 [cattle-system-rancher-80] [] 10.52.2.3:80 286 0.002 200 c4a226d38203ccb2077f00a9a23e845e
2024-08-06T03:29:03.470922787Z 10.52.3.0 - - [06/Aug/2024:03:29:03 +0000] "GET /version HTTP/2.0" 200 286 "-" "curl/8.0.1" 36 0.003 [cattle-system-rancher-80] [] 10.52.0.73:80 286 0.002 200 4b840c6347ba4c99f9e0dd33b0f7651d
2024-08-06T03:29:23.090171233Z 10.52.2.0 - - [06/Aug/2024:03:29:23 +0000] "GET /version HTTP/2.0" 200 286 "-" "curl/8.0.1" 36 0.002 [cattle-system-rancher-80] [] 10.52.2.3:80 286 0.003 200 cfde483a5cad745e0031a5befae03024
2024-08-06T03:30:03.482053223Z 10.52.3.0 - - [06/Aug/2024:03:30:03 +0000] "GET /version HTTP/2.0" 200 286 "-" "curl/8.0.1" 36 0.003 [cattle-system-rancher-80] [] 10.52.2.3:80 286 0.003 200 3ada20988657dd32e13757ca02a4843c
2024-08-06T03:30:23.099133019Z 10.52.2.0 - - [06/Aug/2024:03:30:23 +0000] "GET /version HTTP/2.0" 200 286 "-" "curl/8.0.1" 36 0.002 [cattle-system-rancher-80] [] 10.52.2.3:80 286 0.003 200 a72588e3c393b1e786f92d74512c73bd
2024-08-06T03:30:56.350698024Z 10.52.0.0 - - [06/Aug/2024:03:30:56 +0000] "GET /version HTTP/2.0" 200 286 "-" "curl/8.0.1" 36 0.003 [cattle-system-rancher-80] [] 10.52.2.3:80 286 0.002 200 f88b001c1e6a24b4bf2c5d2610a9dd35
2024-08-06T03:31:23.088604723Z 10.52.2.0 - - [06/Aug/2024:03:31:23 +0000] "GET /version HTTP/2.0" 200 286 "-" "curl/8.0.1" 36 0.003 [cattle-system-rancher-80] [] 10.52.2.3:80 286 0.003 200 03fe2fd63897155e4e05ee48734c5a54
2024-08-06T03:31:56.394983097Z 10.52.0.0 - - [06/Aug/2024:03:31:56 +0000] "GET /version HTTP/2.0" 200 286 "-" "curl/8.0.1" 36 0.002 [cattle-system-rancher-80] [] 10.52.0.73:80 286 0.002 200 0e6e721334abab436c25421b1f34067a
2024-08-06T03:32:03.514569878Z 10.52.3.0 - - [06/Aug/2024:03:32:03 +0000] "GET /version HTTP/2.0" 200 286 "-" "curl/8.0.1" 36 0.003 [cattle-system-rancher-80] [] 10.52.2.3:80 286 0.002 200 084658493fbd4dad3009132c29be9300
2024-08-06T03:32:53.091059130Z 10.52.2.0 - - [06/Aug/2024:03:32:53 +0000] "GET /version HTTP/2.0" 200 286 "-" "curl/8.0.1" 36 0.002 [cattle-system-rancher-80] [] 10.52.0.73:80 286 0.003 200 dd50c635b511633780697788e50c57bd
2024-08-06T03:33:03.023411514Z 10.10.110.71 - - [06/Aug/2024:03:33:03 +0000] "GET /version HTTP/2.0" 200 286 "-" "curl/8.0.1" 36 0.002 [cattle-system-rancher-80] [] 10.52.0.73:80 286 0.002 200 d05a5b3318d6956188b82e7186c1cc56
2024-08-06T03:33:03.491641006Z 10.52.3.0 - - [06/Aug/2024:03:33:03 +0000] "GET /version HTTP/2.0" 200 286 "-" "curl/8.0.1" 36 0.003 [cattle-system-rancher-80] [] 10.52.2.3:80 286 0.002 200 54e142325e7ba0190fc8b1471d49372a
2024-08-06T03:33:23.076039986Z 10.52.2.0 - - [06/Aug/2024:03:33:23 +0000] "GET /version HTTP/2.0" 200 286 "-" "curl/8.0.1" 36 0.004 [cattle-system-rancher-80] [] 10.52.1.5:80 286 0.003 200 1f3f2d93a624291218a22a506a960e48
2024-08-06T03:33:26.370152578Z 10.52.0.0 - - [06/Aug/2024:03:33:26 +0000] "GET /version HTTP/2.0" 200 286 "-" "curl/8.0.1" 36 0.002 [cattle-system-rancher-80] [] 10.52.1.5:80 286 0.002 200 2df024cf8eeba0deb23c067e7b619f0c
2024-08-06T03:33:53.090838711Z 10.52.2.0 - - [06/Aug/2024:03:33:53 +0000] "GET /version HTTP/2.0" 200 286 "-" "curl/8.0.1" 36 0.002 [cattle-system-rancher-80] [] 10.52.1.5:80 286 0.002 200 13a06b658a4b461ecb3e564b18168530
2024-08-06T03:34:56.370138581Z 10.52.0.0 - - [06/Aug/2024:03:34:56 +0000] "GET /version HTTP/2.0" 200 286 "-" "curl/8.0.1" 36 0.003 [cattle-system-rancher-80] [] 10.52.2.3:80 286 0.003 200 9446d045e9935e8d1ad71c1aa403a3c6
2024-08-06T03:35:03.024246852Z 10.10.110.71 - - [06/Aug/2024:03:35:03 +0000] "GET /version HTTP/2.0" 200 286 "-" "curl/8.0.1" 36 0.002 [cattle-system-rancher-80] [] 10.52.0.73:80 286 0.003 200 dc336380b4830a95815db9e1408d65c2
2024-08-06T03:35:26.381757592Z 10.52.0.0 - - [06/Aug/2024:03:35:26 +0000] "GET /version HTTP/2.0" 200 286 "-" "curl/8.0.1" 36 0.002 [cattle-system-rancher-80] [] 10.52.1.5:80 286 0.002 200 85390fefe392e13a9ba9f0b796db1e26
2024-08-06T03:35:32.974742270Z 10.10.110.71 - - [06/Aug/2024:03:35:32 +0000] "GET /version HTTP/2.0" 200 286 "-" "curl/8.0.1" 36 0.002 [cattle-system-rancher-80] [] 10.52.0.73:80 286 0.002 200 3331c7a2ffd534ae57e901f12b1e617c
2024-08-06T03:36:53.094638757Z 10.52.2.0 - - [06/Aug/2024:03:36:53 +0000] "GET /version HTTP/2.0" 200 286 "-" "curl/8.0.1" 36 0.003 [cattle-system-rancher-80] [] 10.52.0.73:80 286 0.002 200 33e72a042e3a0bf365b2ff238dad0c50
2024-08-06T03:37:26.413138561Z 10.52.0.0 - - [06/Aug/2024:03:37:26 +0000] "GET /version HTTP/2.0" 200 286 "-" "curl/8.0.1" 36 0.002 [cattle-system-rancher-80] [] 10.52.0.73:80 286 0.003 200 b0587e89481f6e60cac65cd71670dae2
2024-08-06T03:37:33.500146931Z 10.52.3.0 - - [06/Aug/2024:03:37:33 +0000] "GET /version HTTP/2.0" 200 286 "-" "curl/8.0.1" 36 0.002 [cattle-system-rancher-80] [] 10.52.0.73:80 286 0.003 200 c9e979123e34dca3330c9d973f241960
2024-08-06T03:38:03.034953359Z 10.10.110.71 - - [06/Aug/2024:03:38:03 +0000] "GET /version HTTP/2.0" 200 286 "-" "curl/8.0.1" 36 0.002 [cattle-system-rancher-80] [] 10.52.0.73:80 286 0.002 200 e9457b86a0617203d35aaf18ad0a0357
2024-08-06T03:38:03.509221564Z 10.52.3.0 - - [06/Aug/2024:03:38:03 +0000] "GET /version HTTP/2.0" 200 286 "-" "curl/8.0.1" 36 0.002 [cattle-system-rancher-80] [] 10.52.2.3:80 286 0.003 200 eea37606d0cb45262daa175fcec36ff4
2024-08-06T03:38:23.073993280Z 10.52.2.0 - - [06/Aug/2024:03:38:23 +0000] "GET /version HTTP/2.0" 200 286 "-" "curl/8.0.1" 36 0.002 [cattle-system-rancher-80] [] 10.52.2.3:80 286 0.003 200 11a5d99ce2b6eec1aa16e4aff9964ce8
2024-08-06T03:38:33.497693845Z 10.52.3.0 - - [06/Aug/2024:03:38:33 +0000] "GET /version HTTP/2.0" 200 286 "-" "curl/8.0.1" 36 0.002 [cattle-system-rancher-80] [] 10.52.1.5:80 286 0.001 200 2a41fc7afb990866c050a68bdeb09bbf
2024-08-06T03:39:03.018880943Z 10.10.110.71 - - [06/Aug/2024:03:39:03 +0000] "GET /version HTTP/2.0" 200 286 "-" "curl/8.0.1" 36 0.002 [cattle-system-rancher-80] [] 10.52.0.73:80 286 0.003 200 3b0a8cba991b3ee605ef5cbd24656602
2024-08-06T03:39:23.090018396Z 10.52.2.0 - - [06/Aug/2024:03:39:23 +0000] "GET /version HTTP/2.0" 200 286 "-" "curl/8.0.1" 36 0.002 [cattle-system-rancher-80] [] 10.52.1.5:80 286 0.003 200 ad75ecae3aa8fb358289d02e8d2f9934
2024-08-06T03:40:56.369719631Z 10.52.0.0 - - [06/Aug/2024:03:40:56 +0000] "GET /version HTTP/2.0" 200 286 "-" "curl/8.0.1" 36 0.003 [cattle-system-rancher-80] [] 10.52.2.3:80 286 0.002 200 a3024493088fab4d799f73e78a59f604
2024-08-06T03:41:56.385063276Z 10.52.0.0 - - [06/Aug/2024:03:41:56 +0000] "GET /version HTTP/2.0" 200 286 "-" "curl/8.0.1" 36 0.002 [cattle-system-rancher-80] [] 10.52.0.73:80 286 0.003 200 6902c11984f5bd88db03b7e550f87753
2024-08-06T03:42:26.354834575Z 10.52.0.0 - - [06/Aug/2024:03:42:26 +0000] "GET /version HTTP/2.0" 200 286 "-" "curl/8.0.1" 36 0.002 [cattle-system-rancher-80] [] 10.52.1.5:80 286 0.002 200 935a51e81b8989d978285bd3070fd481
2024-08-06T03:42:53.082956356Z 10.52.2.0 - - [06/Aug/2024:03:42:53 +0000] "GET /version HTTP/2.0" 200 286 "-" "curl/8.0.1" 36 0.002 [cattle-system-rancher-80] [] 10.52.0.73:80 286 0.003 200 a528acebc415566838111a6c74aba902
2024-08-06T03:42:56.351048949Z 10.52.0.0 - - [06/Aug/2024:03:42:56 +0000] "GET /version HTTP/2.0" 200 286 "-" "curl/8.0.1" 36 0.002 [cattle-system-rancher-80] [] 10.52.0.73:80 286 0.003 200 ed3c88f176883bd820b38034b71f1a31
2024-08-06T03:43:03.031580433Z 10.10.110.71 - - [06/Aug/2024:03:43:03 +0000] "GET /version HTTP/2.0" 200 286 "-" "curl/8.0.1" 36 0.003 [cattle-system-rancher-80] [] 10.52.0.73:80 286 0.002 200 a7c345665f37120ced21f253b1927291
2024-08-06T03:43:26.405400754Z 10.52.0.0 - - [06/Aug/2024:03:43:26 +0000] "GET /version HTTP/2.0" 200 286 "-" "curl/8.0.1" 36 0.003 [cattle-system-rancher-80] [] 10.52.0.73:80 286 0.002 200 401002c482729e6c64c88146fec68c3a
2024-08-06T03:43:33.018875438Z 10.10.110.71 - - [06/Aug/2024:03:43:33 +0000] "GET /version HTTP/2.0" 200 286 "-" "curl/8.0.1" 36 0.002 [cattle-system-rancher-80] [] 10.52.2.3:80 286 0.003 200 2c90bddc732a65b7746852d04dea1891
2024-08-06T03:44:23.082976029Z 10.52.2.0 - - [06/Aug/2024:03:44:23 +0000] "GET /version HTTP/2.0" 200 286 "-" "curl/8.0.1" 36 0.002 [cattle-system-rancher-80] [] 10.52.0.73:80 286 0.002 200 8965d070326a63483c5f1eaaaceed004
2024-08-06T03:44:53.093606534Z 10.52.2.0 - - [06/Aug/2024:03:44:53 +0000] "GET /version HTTP/2.0" 200 286 "-" "curl/8.0.1" 36 0.002 [cattle-system-rancher-80] [] 10.52.1.5:80 286 0.002 200 a650819a9732ecb4b34d7aea836a6b22
2024-08-06T03:45:33.010609482Z 10.10.110.71 - - [06/Aug/2024:03:45:33 +0000] "GET /version HTTP/2.0" 200 286 "-" "curl/8.0.1" 36 0.003 [cattle-system-rancher-80] [] 10.52.2.3:80 286 0.002 200 f67c13f391870de4dbe5982ed03945bc
2024-08-06T03:45:33.503650744Z 10.52.3.0 - - [06/Aug/2024:03:45:33 +0000] "GET /version HTTP/2.0" 200 286 "-" "curl/8.0.1" 36 0.003 [cattle-system-rancher-80] [] 10.52.0.73:80 286 0.002 200 a7c14e21da5e65529e7c1954b4d5dafc
2024-08-06T03:45:53.084876571Z 10.52.2.0 - - [06/Aug/2024:03:45:53 +0000] "GET /version HTTP/2.0" 200 286 "-" "curl/8.0.1" 36 0.003 [cattle-system-rancher-80] [] 10.52.0.73:80 286 0.002 200 8c703a4fd482ebea350031b3bf0b8bf6
2024-08-06T03:46:33.021834155Z 10.10.110.71 - - [06/Aug/2024:03:46:33 +0000] "GET /version HTTP/2.0" 200 286 "-" "curl/8.0.1" 36 0.002 [cattle-system-rancher-80] [] 10.52.2.3:80 286 0.002 200 91a7469142c843eb795c32355fd48488
2024-08-06T03:47:03.015365971Z 10.10.110.71 - - [06/Aug/2024:03:47:03 +0000] "GET /version HTTP/2.0" 200 286 "-" "curl/8.0.1" 36 0.002 [cattle-system-rancher-80] [] 10.52.2.3:80 286 0.002 200 5b0e09ff929103374c186573b3dc76cf
2024-08-06T03:48:03.512742873Z 10.52.3.0 - - [06/Aug/2024:03:48:03 +0000] "GET /version HTTP/2.0" 200 286 "-" "curl/8.0.1" 36 0.002 [cattle-system-rancher-80] [] 10.52.2.3:80 286 0.002 200 273a8c44c893b474a44b144f614a39cb
2024-08-06T03:48:33.032252206Z 10.10.110.71 - - [06/Aug/2024:03:48:33 +0000] "GET /version HTTP/2.0" 200 286 "-" "curl/8.0.1" 36 0.002 [cattle-system-rancher-80] [] 10.52.0.73:80 286 0.003 200 64af5fe986fd2c5c3c33fcbc6ef7eebe
2024-08-06T03:49:06.493999146Z 10.52.0.0 - - [06/Aug/2024:03:49:06 +0000] "GET /v1/batch.cronjobs?limit=1 HTTP/1.1" 200 166 "https://harvester.calgaryserver.ca/dashboard/c/local/explorer/apps.statefulset" "Mozilla/5.0 (Windows NT 10.0; Win64; x64) AppleWebKit/537.36 (KHTML, like Gecko) Chrome/127.0.0.0 Safari/537.36" 1163 0.005 [cattle-system-rancher-80] [] 10.52.0.73:80 166 0.005 200 4b1b12476b49c1f477411dc190595153
2024-08-06T03:49:06.500730819Z 10.52.0.0 - - [06/Aug/2024:03:49:06 +0000] "GET /v1/apps.replicasets?limit=1 HTTP/1.1" 200 2679 "https://harvester.calgaryserver.ca/dashboard/c/local/explorer/apps.statefulset" "Mozilla/5.0 (Windows NT 10.0; Win64; x64) AppleWebKit/537.36 (KHTML, like Gecko) Chrome/127.0.0.0 Safari/537.36" 1165 0.009 [cattle-system-rancher-80] [] 10.52.1.5:80 2686 0.009 200 a295e513622c456f9d03302ce63184da
2024-08-06T03:49:06.502992894Z 10.52.0.0 - - [06/Aug/2024:03:49:06 +0000] "GET /v1/apps.statefulsets?limit=1 HTTP/1.1" 200 2787 "https://harvester.calgaryserver.ca/dashboard/c/local/explorer/apps.statefulset" "Mozilla/5.0 (Windows NT 10.0; Win64; x64) AppleWebKit/537.36 (KHTML, like Gecko) Chrome/127.0.0.0 Safari/537.36" 1166 0.010 [cattle-system-rancher-80] [] 10.52.2.3:80 2794 0.010 200 98ec0997026f185ec0bdecaa67e8f394
2024-08-06T03:49:23.108659805Z 10.52.2.0 - - [06/Aug/2024:03:49:23 +0000] "GET /version HTTP/2.0" 200 286 "-" "curl/8.0.1" 36 0.003 [cattle-system-rancher-80] [] 10.52.0.73:80 286 0.002 200 fc51736427304bb673f1b1c5694d2940
2024-08-06T03:50:26.361056566Z 10.52.0.0 - - [06/Aug/2024:03:50:26 +0000] "GET /version HTTP/2.0" 200 286 "-" "curl/8.0.1" 36 0.002 [cattle-system-rancher-80] [] 10.52.1.5:80 286 0.002 200 90aecd9ce439c12e758c81b2d86bc38d
2024-08-06T03:51:03.484183758Z 10.52.3.0 - - [06/Aug/2024:03:51:03 +0000] "GET /version HTTP/2.0" 200 286 "-" "curl/8.0.1" 36 0.002 [cattle-system-rancher-80] [] 10.52.1.5:80 286 0.002 200 f041f4ace38a074b8e34677029ec6cdd
2024-08-06T03:51:32.994076110Z 10.10.110.71 - - [06/Aug/2024:03:51:32 +0000] "GET /version HTTP/2.0" 200 286 "-" "curl/8.0.1" 36 0.002 [cattle-system-rancher-80] [] 10.52.1.5:80 286 0.003 200 045991988fc21fe030f777f83f96199c
2024-08-06T03:51:46.493235241Z 10.52.0.0 - - [06/Aug/2024:03:51:46 +0000] "GET /v1/harvester/harvesterhci.io.upgradelogs?limit=1 HTTP/1.1" 200 174 "https://harvester.calgaryserver.ca/dashboard/harvester/c/local/support" "Mozilla/5.0 (Windows NT 10.0; Win64; x64) AppleWebKit/537.36 (KHTML, like Gecko) Chrome/127.0.0.0 Safari/537.36" 1178 0.005 [cattle-system-rancher-80] [] 10.52.1.5:80 174 0.006 200 8291175e7190f1db6a52b4ed4641537e
2024-08-06T03:51:46.497539595Z 10.52.0.0 - - [06/Aug/2024:03:51:46 +0000] "GET /v1/harvester/devices.harvesterhci.io.sriovnetworkdevices?limit=1 HTTP/1.1" 200 622 "https://harvester.calgaryserver.ca/dashboard/harvester/c/local/support" "Mozilla/5.0 (Windows NT 10.0; Win64; x64) AppleWebKit/537.36 (KHTML, like Gecko) Chrome/127.0.0.0 Safari/537.36" 1194 0.009 [cattle-system-rancher-80] [] 10.52.2.3:80 622 0.009 200 85e21cb1d0b03bc33f97beae99d45b73
2024-08-06T03:51:46.498046716Z 10.52.0.0 - - [06/Aug/2024:03:51:46 +0000] "GET /v1/harvester/harvesterhci.io.settings?limit=1 HTTP/1.1" 200 684 "https://harvester.calgaryserver.ca/dashboard/harvester/c/local/support" "Mozilla/5.0 (Windows NT 10.0; Win64; x64) AppleWebKit/537.36 (KHTML, like Gecko) Chrome/127.0.0.0 Safari/537.36" 1175 0.008 [cattle-system-rancher-80] [] 10.52.1.5:80 684 0.009 200 a3081bfea5d79df9e5e8f7aab9664038
2024-08-06T03:51:48.557965814Z 10.52.0.0 - - [06/Aug/2024:03:51:48 +0000] "GET /v1/services?limit=1 HTTP/1.1" 200 1172 "https://harvester.calgaryserver.ca/dashboard/c/local/explorer/apps.statefulset" "Mozilla/5.0 (Windows NT 10.0; Win64; x64) AppleWebKit/537.36 (KHTML, like Gecko) Chrome/127.0.0.0 Safari/537.36" 1157 0.009 [cattle-system-rancher-80] [] 10.52.1.5:80 1172 0.009 200 a093f138e2ef1e958b18208163925a12
2024-08-06T03:51:48.559404509Z 10.52.0.0 - - [06/Aug/2024:03:51:48 +0000] "GET /v1/management.cattle.io.features?limit=1 HTTP/1.1" 200 796 "https://harvester.calgaryserver.ca/dashboard/c/local/explorer/apps.statefulset" "Mozilla/5.0 (Windows NT 10.0; Win64; x64) AppleWebKit/537.36 (KHTML, like Gecko) Chrome/127.0.0.0 Safari/537.36" 1178 0.010 [cattle-system-rancher-80] [] 10.52.2.3:80 796 0.009 200 5117dee5b16206a975cd4a1dc57bc07e
2024-08-06T03:51:48.559818914Z 10.52.0.0 - - [06/Aug/2024:03:51:48 +0000] "GET /v1/networking.k8s.io.ingresses?limit=1 HTTP/1.1" 200 887 "https://harvester.calgaryserver.ca/dashboard/c/local/explorer/apps.statefulset" "Mozilla/5.0 (Windows NT 10.0; Win64; x64) AppleWebKit/537.36 (KHTML, like Gecko) Chrome/127.0.0.0 Safari/537.36" 1176 0.006 [cattle-system-rancher-80] [] 10.52.0.73:80 887 0.006 200 19bbeb7b5bb131b126c9740adbd16b43
2024-08-06T03:51:48.562778731Z 10.52.0.0 - - [06/Aug/2024:03:51:48 +0000] "GET /v1/apps.daemonsets?limit=1 HTTP/1.1" 200 3449 "https://harvester.calgaryserver.ca/dashboard/c/local/explorer/apps.statefulset" "Mozilla/5.0 (Windows NT 10.0; Win64; x64) AppleWebKit/537.36 (KHTML, like Gecko) Chrome/127.0.0.0 Safari/537.36" 1164 0.010 [cattle-system-rancher-80] [] 10.52.1.5:80 3456 0.010 200 f589910344acdd902f4e3f514c7df878
2024-08-06T03:51:48.567651071Z 10.52.0.0 - - [06/Aug/2024:03:51:48 +0000] "GET /v1/namespaces?limit=1 HTTP/1.1" 200 1303 "https://harvester.calgaryserver.ca/dashboard/c/local/explorer/apps.statefulset" "Mozilla/5.0 (Windows NT 10.0; Win64; x64) AppleWebKit/537.36 (KHTML, like Gecko) Chrome/127.0.0.0 Safari/537.36" 1159 0.007 [cattle-system-rancher-80] [] 10.52.2.3:80 1303 0.007 200 f829490adba95540e1254863a7c1f49e
2024-08-06T03:51:53.086956946Z 10.52.2.0 - - [06/Aug/2024:03:51:53 +0000] "GET /version HTTP/2.0" 200 286 "-" "curl/8.0.1" 36 0.002 [cattle-system-rancher-80] [] 10.52.1.5:80 286 0.002 200 9710c1b5b87d82b2c653ec89790c1a14
2024-08-06T03:52:26.384891922Z 10.52.0.0 - - [06/Aug/2024:03:52:26 +0000] "GET /version HTTP/2.0" 200 286 "-" "curl/8.0.1" 36 0.003 [cattle-system-rancher-80] [] 10.52.2.3:80 286 0.002 200 3797095d1d85833e1a02459000324e98
2024-08-06T03:52:54.493923234Z 10.52.0.0 - - [06/Aug/2024:03:52:54 +0000] "GET /v1/devices.harvesterhci.io.pcidevices?limit=1 HTTP/1.1" 200 1007 "https://harvester.calgaryserver.ca/dashboard/c/local/explorer/apps.statefulset" "Mozilla/5.0 (Windows NT 10.0; Win64; x64) AppleWebKit/537.36 (KHTML, like Gecko) Chrome/127.0.0.0 Safari/537.36" 1183 0.010 [cattle-system-rancher-80] [] 10.52.1.5:80 1007 0.010 200 76d6200008d93b71b010c6307597aabb
2024-08-06T03:52:55.467808651Z 10.52.0.0 - - [06/Aug/2024:03:52:55 +0000] "GET /v1/devices.harvesterhci.io.sriovnetworkdevices?limit=1 HTTP/1.1" 200 626 "https://harvester.calgaryserver.ca/dashboard/c/local/explorer/apps.statefulset" "Mozilla/5.0 (Windows NT 10.0; Win64; x64) AppleWebKit/537.36 (KHTML, like Gecko) Chrome/127.0.0.0 Safari/537.36" 1192 0.006 [cattle-system-rancher-80] [] 10.52.0.73:80 626 0.005 200 2b92f73551dfa6c1c9ddc92a2c81f7a5
2024-08-06T03:52:56.473331348Z 10.52.0.0 - - [06/Aug/2024:03:52:56 +0000] "GET /v1/devices.harvesterhci.io.vgpudevices?limit=1 HTTP/1.1" 200 990 "https://harvester.calgaryserver.ca/dashboard/c/local/explorer/apps.statefulset" "Mozilla/5.0 (Windows NT 10.0; Win64; x64) AppleWebKit/537.36 (KHTML, like Gecko) Chrome/127.0.0.0 Safari/537.36" 1184 0.008 [cattle-system-rancher-80] [] 10.52.2.3:80 990 0.009 200 83cf4341e41121e5d1e5714183eb9d21
2024-08-06T03:53:03.459395399Z 10.52.3.0 - - [06/Aug/2024:03:53:03 +0000] "GET /version HTTP/2.0" 200 286 "-" "curl/8.0.1" 36 0.003 [cattle-system-rancher-80] [] 10.52.2.3:80 286 0.002 200 f3280971d814d6cd71794c0d8c834db2
2024-08-06T03:53:29.493714625Z 10.52.0.0 - - [06/Aug/2024:03:53:29 +0000] "GET /v1/rbac.authorization.k8s.io.clusterroles?limit=1 HTTP/1.1" 200 2222 "https://harvester.calgaryserver.ca/dashboard/c/local/explorer/apps.statefulset" "Mozilla/5.0 (Windows NT 10.0; Win64; x64) AppleWebKit/537.36 (KHTML, like Gecko) Chrome/127.0.0.0 Safari/537.36" 1187 0.010 [cattle-system-rancher-80] [] 10.52.2.3:80 2228 0.009 200 bf0666d92aa5ad1b1f9e9be7b8cbe897
2024-08-06T03:53:33.023905681Z 10.10.110.71 - - [06/Aug/2024:03:53:33 +0000] "GET /version HTTP/2.0" 200 286 "-" "curl/8.0.1" 36 0.002 [cattle-system-rancher-80] [] 10.52.0.73:80 286 0.002 200 7f47e15a7709a297239bb42eb0557c5a
2024-08-06T03:53:53.088852018Z 10.52.2.0 - - [06/Aug/2024:03:53:53 +0000] "GET /version HTTP/2.0" 200 286 "-" "curl/8.0.1" 36 0.002 [cattle-system-rancher-80] [] 10.52.0.73:80 286 0.003 200 60126fa26268e650e2a741a4c2065e26
2024-08-06T03:54:07.486921730Z 10.52.0.0 - - [06/Aug/2024:03:54:07 +0000] "GET /v1/harvester/metal.harvesterhci.io.inventories?limit=1 HTTP/1.1" 200 179 "https://harvester.calgaryserver.ca/dashboard/harvester/c/local/support" "Mozilla/5.0 (Windows NT 10.0; Win64; x64) AppleWebKit/537.36 (KHTML, like Gecko) Chrome/127.0.0.0 Safari/537.36" 1184 0.005 [cattle-system-rancher-80] [] 10.52.0.73:80 179 0.005 200 11aaf3e3efa7d77f06f03b9997a71f9b
2024-08-06T03:54:07.489879205Z 10.52.0.0 - - [06/Aug/2024:03:54:07 +0000] "GET /v1/harvester/harvesterhci.io.blockdevices?limit=1 HTTP/1.1" 200 1523 "https://harvester.calgaryserver.ca/dashboard/harvester/c/local/support" "Mozilla/5.0 (Windows NT 10.0; Win64; x64) AppleWebKit/537.36 (KHTML, like Gecko) Chrome/127.0.0.0 Safari/537.36" 1179 0.011 [cattle-system-rancher-80] [] 10.52.0.73:80 1523 0.011 200 a301e5b08b43ec3b950fb3b88a44906d
2024-08-06T03:54:07.491679492Z 10.52.0.0 - - [06/Aug/2024:03:54:07 +0000] "GET /v1/harvester/longhorn.io.nodes?limit=1 HTTP/1.1" 200 2014 "https://harvester.calgaryserver.ca/dashboard/harvester/c/local/support" "Mozilla/5.0 (Windows NT 10.0; Win64; x64) AppleWebKit/537.36 (KHTML, like Gecko) Chrome/127.0.0.0 Safari/537.36" 1168 0.013 [cattle-system-rancher-80] [] 10.52.1.5:80 2014 0.012 200 7631216c419ec131c2c39fe847ce30c9
2024-08-06T03:54:29.473252641Z 10.52.0.0 - - [06/Aug/2024:03:54:29 +0000] "GET /v1/harvester/harvesterhci.io.virtualmachinerestores?limit=1 HTTP/1.1" 200 179 "https://harvester.calgaryserver.ca/dashboard/harvester/c/local/support" "Mozilla/5.0 (Windows NT 10.0; Win64; x64) AppleWebKit/537.36 (KHTML, like Gecko) Chrome/127.0.0.0 Safari/537.36" 1189 0.006 [cattle-system-rancher-80] [] 10.52.2.3:80 179 0.006 200 a02ab0dd293cb5e6229ce9f227effeab
2024-08-06T03:54:33.515090296Z 10.52.3.0 - - [06/Aug/2024:03:54:33 +0000] "GET /version HTTP/2.0" 200 286 "-" "curl/8.0.1" 36 0.002 [cattle-system-rancher-80] [] 10.52.0.73:80 286 0.003 200 81fe7deb2ecef86b8202719477457ca9
2024-08-06T03:54:53.090646921Z 10.52.2.0 - - [06/Aug/2024:03:54:53 +0000] "GET /version HTTP/2.0" 200 286 "-" "curl/8.0.1" 36 0.002 [cattle-system-rancher-80] [] 10.52.0.73:80 286 0.002 200 1ff4db9bf9ac12214e4b350a03f0f44d
2024-08-06T03:55:23.105766152Z 10.52.2.0 - - [06/Aug/2024:03:55:23 +0000] "GET /version HTTP/2.0" 200 286 "-" "curl/8.0.1" 36 0.002 [cattle-system-rancher-80] [] 10.52.1.5:80 286 0.003 200 eb3a75634ca5315c9ab8c6de12a91187
2024-08-06T03:55:33.496795181Z 10.52.3.0 - - [06/Aug/2024:03:55:33 +0000] "GET /version HTTP/2.0" 200 286 "-" "curl/8.0.1" 36 0.002 [cattle-system-rancher-80] [] 10.52.1.5:80 286 0.002 200 af48f550d8c7d24f3b0fe8b405f100d7
2024-08-06T03:56:02.983131373Z 10.10.110.71 - - [06/Aug/2024:03:56:02 +0000] "GET /version HTTP/2.0" 200 286 "-" "curl/8.0.1" 36 0.002 [cattle-system-rancher-80] [] 10.52.1.5:80 286 0.003 200 30671d1f7e4d99de00f5d3b49d4fd77a
2024-08-06T03:56:33.003711202Z 10.10.110.71 - - [06/Aug/2024:03:56:33 +0000] "GET /version HTTP/2.0" 200 286 "-" "curl/8.0.1" 36 0.003 [cattle-system-rancher-80] [] 10.52.0.73:80 286 0.002 200 abd00c8abdcd14f37b687f069268f6b5
2024-08-06T03:56:53.072597278Z 10.52.2.0 - - [06/Aug/2024:03:56:53 +0000] "GET /version HTTP/2.0" 200 286 "-" "curl/8.0.1" 36 0.003 [cattle-system-rancher-80] [] 10.52.0.73:80 286 0.002 200 ecd8a9a0cff30888b2741b4e713f2f83
2024-08-06T03:57:33.502632299Z 10.52.3.0 - - [06/Aug/2024:03:57:33 +0000] "GET /version HTTP/2.0" 200 286 "-" "curl/8.0.1" 36 0.002 [cattle-system-rancher-80] [] 10.52.2.3:80 286 0.002 200 b0330b1e933ff63aad9e86f73bf56d3e
2024-08-06T03:58:23.104680485Z 10.52.2.0 - - [06/Aug/2024:03:58:23 +0000] "GET /version HTTP/2.0" 200 286 "-" "curl/8.0.1" 36 0.003 [cattle-system-rancher-80] [] 10.52.1.5:80 286 0.002 200 2720210bcd935c4acda7eefedf05ce67
2024-08-06T03:58:26.347165276Z 10.52.0.0 - - [06/Aug/2024:03:58:26 +0000] "GET /version HTTP/2.0" 200 286 "-" "curl/8.0.1" 36 0.002 [cattle-system-rancher-80] [] 10.52.2.3:80 286 0.003 200 614225478af68dd13e3ec3974fc5c26b
2024-08-06T03:58:33.021536019Z 10.10.110.71 - - [06/Aug/2024:03:58:33 +0000] "GET /version HTTP/2.0" 200 286 "-" "curl/8.0.1" 36 0.002 [cattle-system-rancher-80] [] 10.52.0.73:80 286 0.001 200 68ca4eb4622257e22fcb4c8fcb8894f0
2024-08-06T03:58:53.103847935Z 10.52.2.0 - - [06/Aug/2024:03:58:53 +0000] "GET /version HTTP/2.0" 200 286 "-" "curl/8.0.1" 36 0.002 [cattle-system-rancher-80] [] 10.52.0.73:80 286 0.002 200 c297e698c810c4a09272cd5d884ba668
2024-08-06T03:59:03.031512139Z 10.10.110.71 - - [06/Aug/2024:03:59:03 +0000] "GET /version HTTP/2.0" 200 286 "-" "curl/8.0.1" 36 0.002 [cattle-system-rancher-80] [] 10.52.1.5:80 286 0.002 200 57550a766e64d57c45d7aec08643594b
2024-08-06T03:59:03.530427831Z 10.52.3.0 - - [06/Aug/2024:03:59:03 +0000] "GET /version HTTP/2.0" 200 286 "-" "curl/8.0.1" 36 0.002 [cattle-system-rancher-80] [] 10.52.1.5:80 286 0.002 200 3689f8c39993a70b7985deadd53e0f02
2024-08-06T03:59:26.378450196Z 10.52.0.0 - - [06/Aug/2024:03:59:26 +0000] "GET /version HTTP/2.0" 200 286 "-" "curl/8.0.1" 36 0.003 [cattle-system-rancher-80] [] 10.52.0.73:80 286 0.002 200 b1d066583121dbaf958a966098b222ac
2024-08-06T03:59:53.090443908Z 10.52.2.0 - - [06/Aug/2024:03:59:53 +0000] "GET /version HTTP/2.0" 200 286 "-" "curl/8.0.1" 36 0.003 [cattle-system-rancher-80] [] 10.52.2.3:80 286 0.002 200 c7fa23edd75f53e616b70ee84a3386b3
2024-08-06T04:00:53.087380088Z 10.52.2.0 - - [06/Aug/2024:04:00:53 +0000] "GET /version HTTP/2.0" 200 286 "-" "curl/8.0.1" 36 0.002 [cattle-system-rancher-80] [] 10.52.1.5:80 286 0.002 200 42ca35c0078f1272529f0aa297302785
2024-08-06T04:01:23.076888795Z 10.52.2.0 - - [06/Aug/2024:04:01:23 +0000] "GET /version HTTP/2.0" 200 286 "-" "curl/8.0.1" 36 0.003 [cattle-system-rancher-80] [] 10.52.2.3:80 286 0.002 200 a18317780738e99621e6ed32c3fb56e5
2024-08-06T04:01:56.378807284Z 10.52.0.0 - - [06/Aug/2024:04:01:56 +0000] "GET /version HTTP/2.0" 200 286 "-" "curl/8.0.1" 36 0.003 [cattle-system-rancher-80] [] 10.52.1.5:80 286 0.002 200 83ccc367256203e868fb2ca857256199
2024-08-06T04:02:33.483175331Z 10.52.3.0 - - [06/Aug/2024:04:02:33 +0000] "GET /version HTTP/2.0" 200 286 "-" "curl/8.0.1" 36 0.002 [cattle-system-rancher-80] [] 10.52.1.5:80 286 0.002 200 7579a600cc7206647239d6a5f28c1d05
2024-08-06T04:02:56.362452020Z 10.52.0.0 - - [06/Aug/2024:04:02:56 +0000] "GET /version HTTP/2.0" 200 286 "-" "curl/8.0.1" 36 0.002 [cattle-system-rancher-80] [] 10.52.2.3:80 286 0.002 200 1aaa72343066b9719218fbb93aebba0a
2024-08-06T04:03:02.994482482Z 10.10.110.71 - - [06/Aug/2024:04:03:02 +0000] "GET /version HTTP/2.0" 200 286 "-" "curl/8.0.1" 36 0.003 [cattle-system-rancher-80] [] 10.52.2.3:80 286 0.002 200 6a7b48e0eeb5eebc12793ae1135d3112
2024-08-06T04:03:03.503682408Z 10.52.3.0 - - [06/Aug/2024:04:03:03 +0000] "GET /version HTTP/2.0" 200 286 "-" "curl/8.0.1" 36 0.003 [cattle-system-rancher-80] [] 10.52.0.73:80 286 0.002 200 a533e1ae9d60762f32b12b8c8ad630d9
2024-08-06T04:03:32.992600813Z 10.10.110.71 - - [06/Aug/2024:04:03:32 +0000] "GET /version HTTP/2.0" 200 286 "-" "curl/8.0.1" 36 0.003 [cattle-system-rancher-80] [] 10.52.1.5:80 286 0.002 200 b6bc94ef427e09ce1b2b0980dc6f1d21
2024-08-06T04:04:23.097545392Z 10.52.2.0 - - [06/Aug/2024:04:04:23 +0000] "GET /version HTTP/2.0" 200 286 "-" "curl/8.0.1" 36 0.003 [cattle-system-rancher-80] [] 10.52.2.3:80 286 0.002 200 a21744af9457f4d25f70f1e9f29f5444
2024-08-06T04:04:33.028024687Z 10.10.110.71 - - [06/Aug/2024:04:04:33 +0000] "GET /version HTTP/2.0" 200 286 "-" "curl/8.0.1" 36 0.002 [cattle-system-rancher-80] [] 10.52.1.5:80 286 0.002 200 77793d65d4c98906ba537d40b4fd3c28
2024-08-06T04:04:56.357855100Z 10.52.0.0 - - [06/Aug/2024:04:04:56 +0000] "GET /version HTTP/2.0" 200 286 "-" "curl/8.0.1" 36 0.002 [cattle-system-rancher-80] [] 10.52.0.73:80 286 0.003 200 ae89da12e60a05755bc21f086990d466
2024-08-06T04:06:26.338010696Z 10.52.0.0 - - [06/Aug/2024:04:06:26 +0000] "GET /version HTTP/2.0" 200 286 "-" "curl/8.0.1" 36 0.002 [cattle-system-rancher-80] [] 10.52.0.73:80 286 0.002 200 f8ae9b72e2aa9e6e7dc016571c329807
2024-08-06T04:06:33.026696718Z 10.10.110.71 - - [06/Aug/2024:04:06:33 +0000] "GET /version HTTP/2.0" 200 286 "-" "curl/8.0.1" 36 0.002 [cattle-system-rancher-80] [] 10.52.1.5:80 286 0.001 200 860820c199dc38cd8a3e7835f8239aab
2024-08-06T04:08:03.000261045Z 10.10.110.71 - - [06/Aug/2024:04:08:02 +0000] "GET /version HTTP/2.0" 200 286 "-" "curl/8.0.1" 36 0.001 [cattle-system-rancher-80] [] 10.52.1.5:80 286 0.002 200 c3d820334ee168de771931082b1c725f
2024-08-06T04:08:26.372291067Z 10.52.0.0 - - [06/Aug/2024:04:08:26 +0000] "GET /version HTTP/2.0" 200 286 "-" "curl/8.0.1" 36 0.002 [cattle-system-rancher-80] [] 10.52.2.3:80 286 0.003 200 eda922690c78ba61a3e4861853a0da35
2024-08-06T04:08:53.068424366Z 10.52.2.0 - - [06/Aug/2024:04:08:53 +0000] "GET /version HTTP/2.0" 200 286 "-" "curl/8.0.1" 36 0.002 [cattle-system-rancher-80] [] 10.52.0.73:80 286 0.002 200 bb27f95ea7ca625f2d9cda54b4dc985e
2024-08-06T04:09:03.502093087Z 10.52.3.0 - - [06/Aug/2024:04:09:03 +0000] "GET /version HTTP/2.0" 200 286 "-" "curl/8.0.1" 36 0.002 [cattle-system-rancher-80] [] 10.52.1.5:80 286 0.002 200 8754450cd07b2937184702968baaa2a7
2024-08-06T04:09:26.355593628Z 10.52.0.0 - - [06/Aug/2024:04:09:26 +0000] "GET /version HTTP/2.0" 200 286 "-" "curl/8.0.1" 36 0.002 [cattle-system-rancher-80] [] 10.52.0.73:80 286 0.002 200 58efc4e560d6142728525064fec96a5c
2024-08-06T04:09:33.019182188Z 10.10.110.71 - - [06/Aug/2024:04:09:33 +0000] "GET /version HTTP/2.0" 200 286 "-" "curl/8.0.1" 36 0.002 [cattle-system-rancher-80] [] 10.52.0.73:80 286 0.003 200 b633627c6103b517c6482e12790d9f0d
2024-08-06T04:09:53.081582735Z 10.52.2.0 - - [06/Aug/2024:04:09:53 +0000] "GET /version HTTP/2.0" 200 286 "-" "curl/8.0.1" 36 0.003 [cattle-system-rancher-80] [] 10.52.0.73:80 286 0.002 200 f481d546315771de0a4d6becfcc29da7
2024-08-06T04:10:03.003452110Z 10.10.110.71 - - [06/Aug/2024:04:10:03 +0000] "GET /version HTTP/2.0" 200 286 "-" "curl/8.0.1" 36 0.004 [cattle-system-rancher-80] [] 10.52.2.3:80 286 0.003 200 e9942400843c30e0a2b00be18d5945f8
2024-08-06T04:10:33.490333776Z 10.52.3.0 - - [06/Aug/2024:04:10:33 +0000] "GET /version HTTP/2.0" 200 286 "-" "curl/8.0.1" 36 0.002 [cattle-system-rancher-80] [] 10.52.2.3:80 286 0.003 200 854fb12459d3b11c155d38c38c597064
2024-08-06T04:10:56.362649101Z 10.52.0.0 - - [06/Aug/2024:04:10:56 +0000] "GET /version HTTP/2.0" 200 286 "-" "curl/8.0.1" 36 0.002 [cattle-system-rancher-80] [] 10.52.1.5:80 286 0.002 200 562d5646e9edca919a19ba0ca7dd073d
2024-08-06T04:11:03.011679074Z 10.10.110.71 - - [06/Aug/2024:04:11:03 +0000] "GET /version HTTP/2.0" 200 286 "-" "curl/8.0.1" 36 0.002 [cattle-system-rancher-80] [] 10.52.1.5:80 286 0.001 200 ae31f148de0065cfedbde8986de9bfeb
2024-08-06T04:11:23.089157650Z 10.52.2.0 - - [06/Aug/2024:04:11:23 +0000] "GET /version HTTP/2.0" 200 286 "-" "curl/8.0.1" 36 0.002 [cattle-system-rancher-80] [] 10.52.2.3:80 286 0.002 200 2a262ef8fc464a84c97ca435905b413e
2024-08-06T04:13:03.512650770Z 10.52.3.0 - - [06/Aug/2024:04:13:03 +0000] "GET /version HTTP/2.0" 200 286 "-" "curl/8.0.1" 36 0.003 [cattle-system-rancher-80] [] 10.52.2.3:80 286 0.002 200 d57329a78353cab748e1babbe235e9a6
2024-08-06T04:13:26.395943408Z 10.52.0.0 - - [06/Aug/2024:04:13:26 +0000] "GET /version HTTP/2.0" 200 286 "-" "curl/8.0.1" 36 0.002 [cattle-system-rancher-80] [] 10.52.1.5:80 286 0.002 200 864db7033505bc3046dbbf9c73df43d7
2024-08-06T04:14:03.002796929Z 10.10.110.71 - - [06/Aug/2024:04:14:03 +0000] "GET /version HTTP/2.0" 200 286 "-" "curl/8.0.1" 36 0.002 [cattle-system-rancher-80] [] 10.52.0.73:80 286 0.002 200 f0a7712b9acf95e742ededb8a53256c9
2024-08-06T04:14:23.109963983Z 10.52.2.0 - - [06/Aug/2024:04:14:23 +0000] "GET /version HTTP/2.0" 200 286 "-" "curl/8.0.1" 36 0.003 [cattle-system-rancher-80] [] 10.52.2.3:80 286 0.002 200 4f2e917d4b6ca8b53c12016992f8616b
2024-08-06T04:14:26.377006256Z 10.52.0.0 - - [06/Aug/2024:04:14:26 +0000] "GET /version HTTP/2.0" 200 286 "-" "curl/8.0.1" 36 0.002 [cattle-system-rancher-80] [] 10.52.0.73:80 286 0.003 200 8e95eaa28d941f626134e5ef652fe6c5
2024-08-06T04:14:33.012767843Z 10.10.110.71 - - [06/Aug/2024:04:14:33 +0000] "GET /version HTTP/2.0" 200 286 "-" "curl/8.0.1" 36 0.002 [cattle-system-rancher-80] [] 10.52.2.3:80 286 0.002 200 06878835ac356437190c85e883fc645e
2024-08-06T04:14:33.509393931Z 10.52.3.0 - - [06/Aug/2024:04:14:33 +0000] "GET /version HTTP/2.0" 200 286 "-" "curl/8.0.1" 36 0.003 [cattle-system-rancher-80] [] 10.52.2.3:80 286 0.002 200 be7c739b3aa42dda1f8261d537dcf2b0
2024-08-06T04:15:33.503400763Z 10.52.3.0 - - [06/Aug/2024:04:15:33 +0000] "GET /version HTTP/2.0" 200 286 "-" "curl/8.0.1" 36 0.002 [cattle-system-rancher-80] [] 10.52.0.73:80 286 0.002 200 1cb30a836a51fc95d1fc964be021d93c
2024-08-06T04:16:33.504880140Z 10.52.3.0 - - [06/Aug/2024:04:16:33 +0000] "GET /version HTTP/2.0" 200 286 "-" "curl/8.0.1" 36 0.002 [cattle-system-rancher-80] [] 10.52.0.73:80 286 0.002 200 2898f14a09b71fbd185c52a7309299d7
2024-08-06T04:17:03.005048240Z 10.10.110.71 - - [06/Aug/2024:04:17:03 +0000] "GET /version HTTP/2.0" 200 286 "-" "curl/8.0.1" 36 0.002 [cattle-system-rancher-80] [] 10.52.1.5:80 286 0.002 200 a0a2c2375e6b1f046865fe267ec2cf62
2024-08-06T04:17:23.078855503Z 10.52.2.0 - - [06/Aug/2024:04:17:23 +0000] "GET /version HTTP/2.0" 200 286 "-" "curl/8.0.1" 36 0.002 [cattle-system-rancher-80] [] 10.52.0.73:80 286 0.002 200 dbcc3255afbbf80dbe4095e135e06ea9
2024-08-06T04:18:02.509419031Z 10.52.0.0 - - [06/Aug/2024:04:18:02 +0000] "GET /v1/harvester/harvesterhci.io.supportbundles?limit=1 HTTP/1.1" 200 176 "https://harvester.calgaryserver.ca/dashboard/harvester/c/local/support" "Mozilla/5.0 (Windows NT 10.0; Win64; x64) AppleWebKit/537.36 (KHTML, like Gecko) Chrome/127.0.0.0 Safari/537.36" 1181 0.027 [cattle-system-rancher-80] [] 10.52.0.73:80 176 0.027 200 22ab31a0f88bc6df4a5f53ae38091fe2
2024-08-06T04:18:56.361906322Z 10.52.0.0 - - [06/Aug/2024:04:18:56 +0000] "GET /version HTTP/2.0" 200 286 "-" "curl/8.0.1" 36 0.002 [cattle-system-rancher-80] [] 10.52.0.73:80 286 0.003 200 09550ec704a3c062081eb9997cb79fef
2024-08-06T04:19:12.487678103Z 10.52.0.0 - - [06/Aug/2024:04:19:12 +0000] "GET /v1/replicationcontrollers?limit=1 HTTP/1.1" 200 167 "https://harvester.calgaryserver.ca/dashboard/c/local/explorer/apps.statefulset" "Mozilla/5.0 (Windows NT 10.0; Win64; x64) AppleWebKit/537.36 (KHTML, like Gecko) Chrome/127.0.0.0 Safari/537.36" 1171 0.005 [cattle-system-rancher-80] [] 10.52.2.3:80 167 0.005 200 74717b9b66f1a74828c0be5173b3d987
2024-08-06T04:19:12.491179037Z 10.52.0.0 - - [06/Aug/2024:04:19:12 +0000] "GET /v1/apps.replicasets?limit=1 HTTP/1.1" 200 2680 "https://harvester.calgaryserver.ca/dashboard/c/local/explorer/apps.statefulset" "Mozilla/5.0 (Windows NT 10.0; Win64; x64) AppleWebKit/537.36 (KHTML, like Gecko) Chrome/127.0.0.0 Safari/537.36" 1165 0.010 [cattle-system-rancher-80] [] 10.52.1.5:80 2687 0.010 200 5ed0e0a3e584fc5d6f4eb8e8ddf9e755
2024-08-06T04:19:33.006860167Z 10.10.110.71 - - [06/Aug/2024:04:19:33 +0000] "GET /version HTTP/2.0" 200 286 "-" "curl/8.0.1" 36 0.002 [cattle-system-rancher-80] [] 10.52.1.5:80 286 0.002 200 8780bfd668d1288a20e49fcf2f70d50f
2024-08-06T04:20:23.085021829Z 10.52.2.0 - - [06/Aug/2024:04:20:23 +0000] "GET /version HTTP/2.0" 200 286 "-" "curl/8.0.1" 36 0.002 [cattle-system-rancher-80] [] 10.52.1.5:80 286 0.002 200 3d78306b31f6115dc5bcaed12bc2d600
2024-08-06T04:20:56.349992331Z 10.52.0.0 - - [06/Aug/2024:04:20:56 +0000] "GET /version HTTP/2.0" 200 286 "-" "curl/8.0.1" 36 0.002 [cattle-system-rancher-80] [] 10.52.1.5:80 286 0.003 200 f34665b56592b040cf6cd9fa36a32fb3
