2024-08-06T09:14:03.017957305Z 10.10.110.71 - - [06/Aug/2024:09:14:03 +0000] "GET /version HTTP/2.0" 200 286 "-" "curl/8.0.1" 36 0.002 [cattle-system-rancher-80] [] 10.52.1.5:80 286 0.002 200 a9df4ac1ebb9a010fa7d7d7d35915c13
2024-08-06T09:14:33.024795302Z 10.10.110.71 - - [06/Aug/2024:09:14:33 +0000] "GET /version HTTP/2.0" 200 286 "-" "curl/8.0.1" 36 0.002 [cattle-system-rancher-80] [] 10.52.2.3:80 286 0.002 200 988c1d8f374c96cc8c175a03f1b90f1a
2024-08-06T09:14:53.054471211Z 10.52.2.0 - - [06/Aug/2024:09:14:53 +0000] "GET /version HTTP/2.0" 200 286 "-" "curl/8.0.1" 36 0.002 [cattle-system-rancher-80] [] 10.52.0.73:80 286 0.002 200 9c15e380b725929235a10375e8a18fc4
2024-08-06T09:15:03.018009855Z 10.10.110.71 - - [06/Aug/2024:09:15:03 +0000] "GET /version HTTP/2.0" 200 286 "-" "curl/8.0.1" 36 0.002 [cattle-system-rancher-80] [] 10.52.1.5:80 286 0.002 200 58feecf9bb4356e2a0b4d8f3705b4fa4
2024-08-06T09:15:53.115433550Z 10.52.2.0 - - [06/Aug/2024:09:15:53 +0000] "GET /version HTTP/2.0" 200 286 "-" "curl/8.0.1" 36 0.002 [cattle-system-rancher-80] [] 10.52.1.5:80 286 0.002 200 3df0942913ebfb0f3586c5c4bf34c238
2024-08-06T09:16:26.345778496Z 10.52.0.0 - - [06/Aug/2024:09:16:26 +0000] "GET /version HTTP/2.0" 200 286 "-" "curl/8.0.1" 36 0.003 [cattle-system-rancher-80] [] 10.52.0.73:80 286 0.002 200 b6195efe88a5ceebe44b1408bd629f22
2024-08-06T09:16:33.010198363Z 10.10.110.71 - - [06/Aug/2024:09:16:33 +0000] "GET /version HTTP/2.0" 200 286 "-" "curl/8.0.1" 36 0.001 [cattle-system-rancher-80] [] 10.52.1.5:80 286 0.002 200 d4a4b4f5fb5513df84707a6569fceb69
2024-08-06T09:17:23.081664810Z 10.52.2.0 - - [06/Aug/2024:09:17:23 +0000] "GET /version HTTP/2.0" 200 286 "-" "curl/8.0.1" 36 0.003 [cattle-system-rancher-80] [] 10.52.1.5:80 286 0.002 200 6e9ddee32ec6591dd3768ff091bc251a
2024-08-06T09:17:33.010287774Z 10.10.110.71 - - [06/Aug/2024:09:17:33 +0000] "GET /version HTTP/2.0" 200 286 "-" "curl/8.0.1" 36 0.002 [cattle-system-rancher-80] [] 10.52.2.3:80 286 0.002 200 732c3c5dd5fa683575212862bed91d9d
2024-08-06T09:17:53.071823304Z 10.52.2.0 - - [06/Aug/2024:09:17:53 +0000] "GET /version HTTP/2.0" 200 286 "-" "curl/8.0.1" 36 0.002 [cattle-system-rancher-80] [] 10.52.2.3:80 286 0.003 200 d7e830c90a1ce13100c550b7f367df11
2024-08-06T09:18:33.027185755Z 10.10.110.71 - - [06/Aug/2024:09:18:33 +0000] "GET /version HTTP/2.0" 200 286 "-" "curl/8.0.1" 36 0.001 [cattle-system-rancher-80] [] 10.52.0.73:80 286 0.002 200 19ef827dd805d1e2f9f044fca5372364
2024-08-06T09:18:33.508360609Z 10.52.3.0 - - [06/Aug/2024:09:18:33 +0000] "GET /version HTTP/2.0" 200 286 "-" "curl/8.0.1" 36 0.003 [cattle-system-rancher-80] [] 10.52.2.3:80 286 0.002 200 3c9e70d74fca14e071680cc22d960e3a
2024-08-06T09:19:03.503356654Z 10.52.3.0 - - [06/Aug/2024:09:19:03 +0000] "GET /version HTTP/2.0" 200 286 "-" "curl/8.0.1" 36 0.002 [cattle-system-rancher-80] [] 10.52.0.73:80 286 0.002 200 2194f88bba0829d801c7ecd04d85c0d0
2024-08-06T09:20:03.527767029Z 10.52.3.0 - - [06/Aug/2024:09:20:03 +0000] "GET /version HTTP/2.0" 200 286 "-" "curl/8.0.1" 36 0.003 [cattle-system-rancher-80] [] 10.52.0.73:80 286 0.002 200 2038711f184f15542e8f0647ba132898
2024-08-06T09:20:53.084418011Z 10.52.2.0 - - [06/Aug/2024:09:20:53 +0000] "GET /version HTTP/2.0" 200 286 "-" "curl/8.0.1" 36 0.002 [cattle-system-rancher-80] [] 10.52.2.3:80 286 0.002 200 173301dd1574c09ea58fa989fa63534c
2024-08-06T09:22:03.004297986Z 10.10.110.71 - - [06/Aug/2024:09:22:03 +0000] "GET /version HTTP/2.0" 200 286 "-" "curl/8.0.1" 36 0.002 [cattle-system-rancher-80] [] 10.52.0.73:80 286 0.003 200 21f32a30da666c0f02d400c9152786e1
2024-08-06T09:22:03.518084626Z 10.52.3.0 - - [06/Aug/2024:09:22:03 +0000] "GET /version HTTP/2.0" 200 286 "-" "curl/8.0.1" 36 0.002 [cattle-system-rancher-80] [] 10.52.0.73:80 286 0.003 200 ff6f6ae8620570e7a5e0083405c75642
2024-08-06T09:22:26.334059347Z 10.52.0.0 - - [06/Aug/2024:09:22:26 +0000] "GET /version HTTP/2.0" 200 286 "-" "curl/8.0.1" 36 0.002 [cattle-system-rancher-80] [] 10.52.0.73:80 286 0.002 200 42cd6c430350e0672cf3fb08f28515b7
2024-08-06T09:22:56.335183208Z 10.52.0.0 - - [06/Aug/2024:09:22:56 +0000] "GET /version HTTP/2.0" 200 286 "-" "curl/8.0.1" 36 0.002 [cattle-system-rancher-80] [] 10.52.2.3:80 286 0.003 200 6b9b7812dc8426fa80f725dbe37c730e
2024-08-06T09:23:53.098088249Z 10.52.2.0 - - [06/Aug/2024:09:23:53 +0000] "GET /version HTTP/2.0" 200 286 "-" "curl/8.0.1" 36 0.002 [cattle-system-rancher-80] [] 10.52.1.5:80 286 0.002 200 4d0e66ae539e97e9e60978c3c1cc1b47
2024-08-06T09:24:26.357817152Z 10.52.0.0 - - [06/Aug/2024:09:24:26 +0000] "GET /version HTTP/2.0" 200 286 "-" "curl/8.0.1" 36 0.003 [cattle-system-rancher-80] [] 10.52.2.3:80 286 0.002 200 eb15f15ff6bc4c7dbdb3412fdfc0e18d
2024-08-06T09:26:03.000767853Z 10.10.110.71 - - [06/Aug/2024:09:26:03 +0000] "GET /version HTTP/2.0" 200 286 "-" "curl/8.0.1" 36 0.003 [cattle-system-rancher-80] [] 10.52.2.3:80 286 0.002 200 2032d34193dc3941e4934b2af9ddf747
2024-08-06T09:26:03.521549097Z 10.52.3.0 - - [06/Aug/2024:09:26:03 +0000] "GET /version HTTP/2.0" 200 286 "-" "curl/8.0.1" 36 0.002 [cattle-system-rancher-80] [] 10.52.1.5:80 286 0.002 200 c6cc1752180419fe9117d69cf356566c
2024-08-06T09:27:03.527572398Z 10.52.3.0 - - [06/Aug/2024:09:27:03 +0000] "GET /version HTTP/2.0" 200 286 "-" "curl/8.0.1" 36 0.002 [cattle-system-rancher-80] [] 10.52.1.5:80 286 0.002 200 190da680f4d5dd20c884f1157ba00cfc
2024-08-06T09:27:23.090559731Z 10.52.2.0 - - [06/Aug/2024:09:27:23 +0000] "GET /version HTTP/2.0" 200 286 "-" "curl/8.0.1" 36 0.003 [cattle-system-rancher-80] [] 10.52.2.3:80 286 0.002 200 ddedcb7aba76f21b4da7c001762f61b3
2024-08-06T09:27:26.362195086Z 10.52.0.0 - - [06/Aug/2024:09:27:26 +0000] "GET /version HTTP/2.0" 200 286 "-" "curl/8.0.1" 36 0.002 [cattle-system-rancher-80] [] 10.52.2.3:80 286 0.003 200 139a8599a04befce4e006f976b43af56
2024-08-06T09:27:33.021735077Z 10.10.110.71 - - [06/Aug/2024:09:27:33 +0000] "GET /version HTTP/2.0" 200 286 "-" "curl/8.0.1" 36 0.002 [cattle-system-rancher-80] [] 10.52.2.3:80 286 0.002 200 789d01812ccc0e72353f05673173858d
2024-08-06T09:28:03.000243300Z 10.10.110.71 - - [06/Aug/2024:09:28:02 +0000] "GET /version HTTP/2.0" 200 286 "-" "curl/8.0.1" 36 0.002 [cattle-system-rancher-80] [] 10.52.1.5:80 286 0.002 200 8f38a5e1ae9b0ea9c9480c746459c3ad
2024-08-06T09:29:33.511313416Z 10.52.3.0 - - [06/Aug/2024:09:29:33 +0000] "GET /version HTTP/2.0" 200 286 "-" "curl/8.0.1" 36 0.002 [cattle-system-rancher-80] [] 10.52.2.3:80 286 0.003 200 18a656805a57bee25a16697bb753ead5
2024-08-06T09:30:08.502883986Z 10.52.0.0 - - [06/Aug/2024:09:30:08 +0000] "GET /v1/subscribe?sockId=35 HTTP/1.1" 101 7948 "-" "Mozilla/5.0 (Windows NT 10.0; Win64; x64) AppleWebKit/537.36 (KHTML, like Gecko) Chrome/127.0.0.0 Safari/537.36" 1022 1562.264 [cattle-system-rancher-80] [] 10.52.1.5:80 0 1562.264 101 c028ccc399e3c07eeddadffc4d6daebd
2024-08-06T09:30:23.090074181Z 10.52.2.0 - - [06/Aug/2024:09:30:23 +0000] "GET /version HTTP/2.0" 200 286 "-" "curl/8.0.1" 36 0.002 [cattle-system-rancher-80] [] 10.52.2.3:80 286 0.002 200 f4d501bf375a86e7218417464d87e1bf
2024-08-06T09:30:33.505151773Z 10.52.3.0 - - [06/Aug/2024:09:30:33 +0000] "GET /version HTTP/2.0" 200 286 "-" "curl/8.0.1" 36 0.002 [cattle-system-rancher-80] [] 10.52.2.3:80 286 0.003 200 a3df27899dd217036dbff0cb73a8340f
2024-08-06T09:31:02.983088657Z 10.10.110.71 - - [06/Aug/2024:09:31:02 +0000] "GET /version HTTP/2.0" 200 286 "-" "curl/8.0.1" 36 0.002 [cattle-system-rancher-80] [] 10.52.1.5:80 286 0.002 200 77571d8448289761518767171ce7bfde
2024-08-06T09:32:53.082571375Z 10.52.2.0 - - [06/Aug/2024:09:32:53 +0000] "GET /version HTTP/2.0" 200 286 "-" "curl/8.0.1" 36 0.003 [cattle-system-rancher-80] [] 10.52.0.73:80 286 0.002 200 4b3a4d6f79373ea24a798d080b2e9c21
2024-08-06T09:32:56.361092410Z 10.52.0.0 - - [06/Aug/2024:09:32:56 +0000] "GET /version HTTP/2.0" 200 286 "-" "curl/8.0.1" 36 0.003 [cattle-system-rancher-80] [] 10.52.2.3:80 286 0.002 200 d210660b2738b4f94bca5693785eb68a
2024-08-06T09:33:23.090786045Z 10.52.2.0 - - [06/Aug/2024:09:33:23 +0000] "GET /version HTTP/2.0" 200 286 "-" "curl/8.0.1" 36 0.003 [cattle-system-rancher-80] [] 10.52.2.3:80 286 0.002 200 976ba7e5ff437e4fa72b18df88480579
2024-08-06T09:33:33.530171350Z 10.52.3.0 - - [06/Aug/2024:09:33:33 +0000] "GET /version HTTP/2.0" 200 286 "-" "curl/8.0.1" 36 0.002 [cattle-system-rancher-80] [] 10.52.1.5:80 286 0.002 200 ad81e27b896d20656eea9dee8d4a98c7
2024-08-06T09:33:56.359101786Z 10.52.0.0 - - [06/Aug/2024:09:33:56 +0000] "GET /version HTTP/2.0" 200 286 "-" "curl/8.0.1" 36 0.002 [cattle-system-rancher-80] [] 10.52.0.73:80 286 0.003 200 2e06be7fdf91a4abb081bb8c9efa389b
2024-08-06T09:34:03.526138002Z 10.52.3.0 - - [06/Aug/2024:09:34:03 +0000] "GET /version HTTP/2.0" 200 286 "-" "curl/8.0.1" 36 0.002 [cattle-system-rancher-80] [] 10.52.0.73:80 286 0.002 200 fc359cb431f51e06611884dbb94d642b
2024-08-06T09:36:03.001363185Z 10.10.110.71 - - [06/Aug/2024:09:36:03 +0000] "GET /version HTTP/2.0" 200 286 "-" "curl/8.0.1" 36 0.002 [cattle-system-rancher-80] [] 10.52.0.73:80 286 0.003 200 0507b0f0ba2d61064716940fe5f064a5
2024-08-06T09:36:33.528395898Z 10.52.3.0 - - [06/Aug/2024:09:36:33 +0000] "GET /version HTTP/2.0" 200 286 "-" "curl/8.0.1" 36 0.002 [cattle-system-rancher-80] [] 10.52.1.5:80 286 0.002 200 6c5f680b7cb4f3efb312f39949548f4b
2024-08-06T09:36:53.048390085Z 10.52.2.0 - - [06/Aug/2024:09:36:53 +0000] "GET /version HTTP/2.0" 200 286 "-" "curl/8.0.1" 36 0.002 [cattle-system-rancher-80] [] 10.52.1.5:80 286 0.002 200 53907f875ab2ee8f086d688a4c458690
2024-08-06T09:37:03.029423638Z 10.10.110.71 - - [06/Aug/2024:09:37:03 +0000] "GET /version HTTP/2.0" 200 286 "-" "curl/8.0.1" 36 0.002 [cattle-system-rancher-80] [] 10.52.1.5:80 286 0.002 200 84f1af1c0860f867eae97ff664021461
2024-08-06T09:38:03.027400747Z 10.10.110.71 - - [06/Aug/2024:09:38:03 +0000] "GET /version HTTP/2.0" 200 286 "-" "curl/8.0.1" 36 0.003 [cattle-system-rancher-80] [] 10.52.2.3:80 286 0.002 200 bb88ab87fc099e38c8e94308bd3019c2
2024-08-06T09:38:53.059405882Z 10.52.2.0 - - [06/Aug/2024:09:38:53 +0000] "GET /version HTTP/2.0" 200 286 "-" "curl/8.0.1" 36 0.003 [cattle-system-rancher-80] [] 10.52.0.73:80 286 0.002 200 025ad17acfa678b33a97ecff2edf24d6
2024-08-06T09:39:03.002835136Z 10.10.110.71 - - [06/Aug/2024:09:39:03 +0000] "GET /version HTTP/2.0" 200 286 "-" "curl/8.0.1" 36 0.002 [cattle-system-rancher-80] [] 10.52.1.5:80 286 0.002 200 5c68b44ecadde50ad513c7240b5c76c1
2024-08-06T09:39:28.254101285Z 10.52.0.0 - - [06/Aug/2024:09:39:28 +0000] "GET /v1/management.cattle.io.settings?limit=1 HTTP/1.1" 200 745 "https://harvester.calgaryserver.ca/dashboard/harvester/c/local/support" "Mozilla/5.0 (Windows NT 10.0; Win64; x64) AppleWebKit/537.36 (KHTML, like Gecko) Chrome/127.0.0.0 Safari/537.36" 1170 0.009 [cattle-system-rancher-80] [] 10.52.0.73:80 745 0.009 200 a68fc99450b1c3a907680a5e2a0f3165
2024-08-06T09:41:03.005383767Z 10.10.110.71 - - [06/Aug/2024:09:41:03 +0000] "GET /version HTTP/2.0" 200 286 "-" "curl/8.0.1" 36 0.003 [cattle-system-rancher-80] [] 10.52.2.3:80 286 0.002 200 846a0ff3d2e4bf265c778b86cb040cd1
2024-08-06T09:41:26.357032503Z 10.52.0.0 - - [06/Aug/2024:09:41:26 +0000] "GET /version HTTP/2.0" 200 286 "-" "curl/8.0.1" 36 0.002 [cattle-system-rancher-80] [] 10.52.2.3:80 286 0.002 200 8fab223f62ef9b18edb9edca1debe884
2024-08-06T09:42:56.365477949Z 10.52.0.0 - - [06/Aug/2024:09:42:56 +0000] "GET /version HTTP/2.0" 200 286 "-" "curl/8.0.1" 36 0.003 [cattle-system-rancher-80] [] 10.52.0.73:80 286 0.002 200 3500104d6ac833880fd4301fdc3d8ffd
2024-08-06T09:43:02.994774025Z 10.10.110.71 - - [06/Aug/2024:09:43:02 +0000] "GET /version HTTP/2.0" 200 286 "-" "curl/8.0.1" 36 0.002 [cattle-system-rancher-80] [] 10.52.1.5:80 286 0.002 200 34311d0ebc85ab816a7974cdfb1764db
2024-08-06T09:43:33.044760055Z 10.10.110.71 - - [06/Aug/2024:09:43:33 +0000] "GET /version HTTP/2.0" 200 286 "-" "curl/8.0.1" 36 0.003 [cattle-system-rancher-80] [] 10.52.2.3:80 286 0.002 200 3774cff18e4813091d401157e00244f6
2024-08-06T09:43:53.108719973Z 10.52.2.0 - - [06/Aug/2024:09:43:53 +0000] "GET /version HTTP/2.0" 200 286 "-" "curl/8.0.1" 36 0.002 [cattle-system-rancher-80] [] 10.52.2.3:80 286 0.002 200 b2734921b9dfcd8ccea02418855b001b
2024-08-06T09:44:56.380612240Z 10.52.0.0 - - [06/Aug/2024:09:44:56 +0000] "GET /version HTTP/2.0" 200 286 "-" "curl/8.0.1" 36 0.003 [cattle-system-rancher-80] [] 10.52.2.3:80 286 0.003 200 7551b1fdb8895b79a1dae6c54af80d24
2024-08-06T09:45:03.481400611Z 10.52.3.0 - - [06/Aug/2024:09:45:03 +0000] "GET /version HTTP/2.0" 200 286 "-" "curl/8.0.1" 36 0.003 [cattle-system-rancher-80] [] 10.52.0.73:80 286 0.002 200 f007929113e82d4a6dac3f66ffec781f
2024-08-06T09:46:26.343064651Z 10.52.0.0 - - [06/Aug/2024:09:46:26 +0000] "GET /version HTTP/2.0" 200 286 "-" "curl/8.0.1" 36 0.002 [cattle-system-rancher-80] [] 10.52.0.73:80 286 0.002 200 49a77ec9594061426f79edb1ef0bd492
2024-08-06T09:46:33.525292823Z 10.52.3.0 - - [06/Aug/2024:09:46:33 +0000] "GET /version HTTP/2.0" 200 286 "-" "curl/8.0.1" 36 0.002 [cattle-system-rancher-80] [] 10.52.0.73:80 286 0.003 200 940b13d546e91d86354373b4a489e6ee
2024-08-06T09:47:56.354177212Z 10.52.0.0 - - [06/Aug/2024:09:47:56 +0000] "GET /version HTTP/2.0" 200 286 "-" "curl/8.0.1" 36 0.002 [cattle-system-rancher-80] [] 10.52.0.73:80 286 0.002 200 3437d1e3e1e1c55b3c527bca83da6029
2024-08-06T09:48:26.327125241Z 10.52.0.0 - - [06/Aug/2024:09:48:26 +0000] "GET /version HTTP/2.0" 200 286 "-" "curl/8.0.1" 36 0.002 [cattle-system-rancher-80] [] 10.52.1.5:80 286 0.002 200 26f2d26c52c74f2d93a952e303a8d178
2024-08-06T09:48:53.088437547Z 10.52.2.0 - - [06/Aug/2024:09:48:53 +0000] "GET /version HTTP/2.0" 200 286 "-" "curl/8.0.1" 36 0.003 [cattle-system-rancher-80] [] 10.52.0.73:80 286 0.002 200 d7bd52123e07b1aaa0a93034f4989d91
2024-08-06T09:49:33.528515736Z 10.52.3.0 - - [06/Aug/2024:09:49:33 +0000] "GET /version HTTP/2.0" 200 286 "-" "curl/8.0.1" 36 0.003 [cattle-system-rancher-80] [] 10.52.0.73:80 286 0.002 200 95d9a37b519f15a96db1617557b23453
2024-08-06T09:49:56.355227573Z 10.52.0.0 - - [06/Aug/2024:09:49:56 +0000] "GET /version HTTP/2.0" 200 286 "-" "curl/8.0.1" 36 0.002 [cattle-system-rancher-80] [] 10.52.1.5:80 286 0.003 200 4f0779589d0af75b1bff3b85fb1f655f
2024-08-06T09:50:23.050089919Z 10.52.2.0 - - [06/Aug/2024:09:50:23 +0000] "GET /version HTTP/2.0" 200 286 "-" "curl/8.0.1" 36 0.002 [cattle-system-rancher-80] [] 10.52.0.73:80 286 0.003 200 b67662d2d807e233323b6c3c866ea803
2024-08-06T09:50:33.033124266Z 10.10.110.71 - - [06/Aug/2024:09:50:33 +0000] "GET /version HTTP/2.0" 200 286 "-" "curl/8.0.1" 36 0.002 [cattle-system-rancher-80] [] 10.52.1.5:80 286 0.002 200 2967af4712af42b7b70528609b70bf8f
2024-08-06T09:51:02.998305143Z 10.10.110.71 - - [06/Aug/2024:09:51:02 +0000] "GET /version HTTP/2.0" 200 286 "-" "curl/8.0.1" 36 0.002 [cattle-system-rancher-80] [] 10.52.1.5:80 286 0.002 200 2ec24c70231e70ba682374eefbdfe6f2
2024-08-06T09:51:23.071282115Z 10.52.2.0 - - [06/Aug/2024:09:51:23 +0000] "GET /version HTTP/2.0" 200 286 "-" "curl/8.0.1" 36 0.002 [cattle-system-rancher-80] [] 10.52.1.5:80 286 0.002 200 b629f87d3cc7f4779b535476c7187bd1
2024-08-06T09:51:33.016676752Z 10.10.110.71 - - [06/Aug/2024:09:51:33 +0000] "GET /version HTTP/2.0" 200 286 "-" "curl/8.0.1" 36 0.003 [cattle-system-rancher-80] [] 10.52.1.5:80 286 0.002 200 d7423442d5923ce69c4a5398ded186d9
2024-08-06T09:51:53.115484627Z 10.52.2.0 - - [06/Aug/2024:09:51:53 +0000] "GET /version HTTP/2.0" 200 286 "-" "curl/8.0.1" 36 0.003 [cattle-system-rancher-80] [] 10.52.0.73:80 286 0.002 200 5eac2c80b6c653c873e108b5146c0b4e
2024-08-06T09:51:56.391536630Z 10.52.0.0 - - [06/Aug/2024:09:51:56 +0000] "GET /version HTTP/2.0" 200 286 "-" "curl/8.0.1" 36 0.003 [cattle-system-rancher-80] [] 10.52.2.3:80 286 0.002 200 37b543f9b942c3b631afa03236e0f7ae
2024-08-06T09:52:03.020046314Z 10.10.110.71 - - [06/Aug/2024:09:52:03 +0000] "GET /version HTTP/2.0" 200 286 "-" "curl/8.0.1" 36 0.002 [cattle-system-rancher-80] [] 10.52.1.5:80 286 0.003 200 28c895b13cb6cf6bbbacdb4f5f7726fa
2024-08-06T09:52:23.101472268Z 10.52.2.0 - - [06/Aug/2024:09:52:23 +0000] "GET /version HTTP/2.0" 200 286 "-" "curl/8.0.1" 36 0.003 [cattle-system-rancher-80] [] 10.52.2.3:80 286 0.003 200 bd4d829ed55003d47c60050826c10cbb
2024-08-06T09:53:53.089960108Z 10.52.2.0 - - [06/Aug/2024:09:53:53 +0000] "GET /version HTTP/2.0" 200 286 "-" "curl/8.0.1" 36 0.002 [cattle-system-rancher-80] [] 10.52.1.5:80 286 0.003 200 e6abb22c4f839b31eef4536a9cdc8603
2024-08-06T09:54:33.000558965Z 10.10.110.71 - - [06/Aug/2024:09:54:33 +0000] "GET /version HTTP/2.0" 200 286 "-" "curl/8.0.1" 36 0.003 [cattle-system-rancher-80] [] 10.52.0.73:80 286 0.002 200 dd9ccfdf67ab2656cc9e69277f08712b
2024-08-06T09:56:03.485982976Z 10.52.3.0 - - [06/Aug/2024:09:56:03 +0000] "GET /version HTTP/2.0" 200 286 "-" "curl/8.0.1" 36 0.002 [cattle-system-rancher-80] [] 10.52.2.3:80 286 0.002 200 72cb194e07ee5c6081895eb4bd844112
2024-08-06T09:56:33.535473124Z 10.52.3.0 - - [06/Aug/2024:09:56:33 +0000] "GET /version HTTP/2.0" 200 286 "-" "curl/8.0.1" 36 0.002 [cattle-system-rancher-80] [] 10.52.2.3:80 286 0.002 200 79c58f182d7dfc274201b6350e9f4d91
2024-08-06T09:56:53.057341184Z 10.52.2.0 - - [06/Aug/2024:09:56:53 +0000] "GET /version HTTP/2.0" 200 286 "-" "curl/8.0.1" 36 0.002 [cattle-system-rancher-80] [] 10.52.2.3:80 286 0.002 200 17e2da12f0adc32e214d586177fb9302
2024-08-06T09:56:56.375139625Z 10.52.0.0 - - [06/Aug/2024:09:56:56 +0000] "GET /version HTTP/2.0" 200 286 "-" "curl/8.0.1" 36 0.002 [cattle-system-rancher-80] [] 10.52.1.5:80 286 0.002 200 e88228cebc6ea4044e0195bb00d57526
2024-08-06T09:57:33.524645037Z 10.52.3.0 - - [06/Aug/2024:09:57:33 +0000] "GET /version HTTP/2.0" 200 286 "-" "curl/8.0.1" 36 0.002 [cattle-system-rancher-80] [] 10.52.0.73:80 286 0.002 200 1b2f5eb053bdcd168ded682f65d25c63
2024-08-06T09:57:53.074383383Z 10.52.2.0 - - [06/Aug/2024:09:57:53 +0000] "GET /version HTTP/2.0" 200 286 "-" "curl/8.0.1" 36 0.003 [cattle-system-rancher-80] [] 10.52.0.73:80 286 0.003 200 f500032cb0f633ee9da68dfda9fcc1c3
2024-08-06T09:58:03.540955465Z 10.52.3.0 - - [06/Aug/2024:09:58:03 +0000] "GET /version HTTP/2.0" 200 286 "-" "curl/8.0.1" 36 0.002 [cattle-system-rancher-80] [] 10.52.0.73:80 286 0.003 200 4fc22e6a9562f0d77d0606aefd28f0d8
2024-08-06T09:58:33.008352497Z 10.10.110.71 - - [06/Aug/2024:09:58:33 +0000] "GET /version HTTP/2.0" 200 286 "-" "curl/8.0.1" 36 0.003 [cattle-system-rancher-80] [] 10.52.1.5:80 286 0.002 200 cfcb928a18401c42571f288c46681f44
2024-08-06T09:58:53.078101127Z 10.52.2.0 - - [06/Aug/2024:09:58:53 +0000] "GET /version HTTP/2.0" 200 286 "-" "curl/8.0.1" 36 0.002 [cattle-system-rancher-80] [] 10.52.1.5:80 286 0.002 200 2d9580d6a3c2444cf494f6cd6dc9f28b
2024-08-06T09:58:56.339590607Z 10.52.0.0 - - [06/Aug/2024:09:58:56 +0000] "GET /version HTTP/2.0" 200 286 "-" "curl/8.0.1" 36 0.003 [cattle-system-rancher-80] [] 10.52.0.73:80 286 0.002 200 e3d9fdaf6359bafe7b64c04a3c3836e5
2024-08-06T09:59:02.984068558Z 10.10.110.71 - - [06/Aug/2024:09:59:02 +0000] "GET /version HTTP/2.0" 200 286 "-" "curl/8.0.1" 36 0.002 [cattle-system-rancher-80] [] 10.52.2.3:80 286 0.003 200 c56b6030b4122124970f02a9b1e113b4
2024-08-06T09:59:26.297281385Z 10.52.0.0 - - [06/Aug/2024:09:59:26 +0000] "GET /v1/harvester/devices.harvesterhci.io.sriovnetworkdevices?limit=1 HTTP/1.1" 200 621 "https://harvester.calgaryserver.ca/dashboard/harvester/c/local/support" "Mozilla/5.0 (Windows NT 10.0; Win64; x64) AppleWebKit/537.36 (KHTML, like Gecko) Chrome/127.0.0.0 Safari/537.36" 1194 0.006 [cattle-system-rancher-80] [] 10.52.2.3:80 621 0.005 200 a36ec5d2745553080215a83fef7b9268
2024-08-06T09:59:26.297721319Z 10.52.0.0 - - [06/Aug/2024:09:59:26 +0000] "GET /v1/harvester/harvesterhci.io.upgradelogs?limit=1 HTTP/1.1" 200 174 "https://harvester.calgaryserver.ca/dashboard/harvester/c/local/support" "Mozilla/5.0 (Windows NT 10.0; Win64; x64) AppleWebKit/537.36 (KHTML, like Gecko) Chrome/127.0.0.0 Safari/537.36" 1178 0.007 [cattle-system-rancher-80] [] 10.52.2.3:80 174 0.007 200 44190bc9fb92c21231b7432f7035f66c
2024-08-06T09:59:26.298735641Z 10.52.0.0 - - [06/Aug/2024:09:59:26 +0000] "GET /v1/harvester/namespaces?limit=1 HTTP/1.1" 200 1301 "https://harvester.calgaryserver.ca/dashboard/harvester/c/local/support" "Mozilla/5.0 (Windows NT 10.0; Win64; x64) AppleWebKit/537.36 (KHTML, like Gecko) Chrome/127.0.0.0 Safari/537.36" 1161 0.009 [cattle-system-rancher-80] [] 10.52.2.3:80 1301 0.010 200 539858ad45b7840d744260f09f77328e
2024-08-06T09:59:26.299008407Z 10.52.0.0 - - [06/Aug/2024:09:59:26 +0000] "GET /v1/harvester/metal.harvesterhci.io.inventories?limit=1 HTTP/1.1" 200 179 "https://harvester.calgaryserver.ca/dashboard/harvester/c/local/support" "Mozilla/5.0 (Windows NT 10.0; Win64; x64) AppleWebKit/537.36 (KHTML, like Gecko) Chrome/127.0.0.0 Safari/537.36" 1184 0.005 [cattle-system-rancher-80] [] 10.52.2.3:80 179 0.006 200 52d10db9ab84c655530040f2cd66c031
2024-08-06T09:59:26.299496292Z 10.52.0.0 - - [06/Aug/2024:09:59:26 +0000] "GET /v1/harvester/harvesterhci.io.blockdevices?limit=1 HTTP/1.1" 200 1525 "https://harvester.calgaryserver.ca/dashboard/harvester/c/local/support" "Mozilla/5.0 (Windows NT 10.0; Win64; x64) AppleWebKit/537.36 (KHTML, like Gecko) Chrome/127.0.0.0 Safari/537.36" 1179 0.010 [cattle-system-rancher-80] [] 10.52.1.5:80 1525 0.009 200 c3ebeed179ce3a163485d432cd6541ed
2024-08-06T09:59:26.303307764Z 10.52.0.0 - - [06/Aug/2024:09:59:26 +0000] "GET /v1/harvester/longhorn.io.nodes?limit=1 HTTP/1.1" 200 2015 "https://harvester.calgaryserver.ca/dashboard/harvester/c/local/support" "Mozilla/5.0 (Windows NT 10.0; Win64; x64) AppleWebKit/537.36 (KHTML, like Gecko) Chrome/127.0.0.0 Safari/537.36" 1168 0.011 [cattle-system-rancher-80] [] 10.52.1.5:80 2015 0.011 200 dfbeb367f07b46fe286ab081c9000223
2024-08-06T10:00:10.272608881Z 10.52.0.0 - - [06/Aug/2024:10:00:10 +0000] "GET /v1/provisioning.cattle.io.clusters?limit=1 HTTP/1.1" 200 1954 "https://harvester.calgaryserver.ca/dashboard/c/local/explorer/apps.statefulset" "Mozilla/5.0 (Windows NT 10.0; Win64; x64) AppleWebKit/537.36 (KHTML, like Gecko) Chrome/127.0.0.0 Safari/537.36" 1180 0.008 [cattle-system-rancher-80] [] 10.52.1.5:80 1954 0.007 200 aa99d356d66515a9af9a74839c52e6c2
2024-08-06T10:00:10.272662282Z 10.52.0.0 - - [06/Aug/2024:10:00:10 +0000] "GET /v1/management.cattle.io.settings?limit=1 HTTP/1.1" 200 745 "https://harvester.calgaryserver.ca/dashboard/c/local/explorer/apps.statefulset" "Mozilla/5.0 (Windows NT 10.0; Win64; x64) AppleWebKit/537.36 (KHTML, like Gecko) Chrome/127.0.0.0 Safari/537.36" 1178 0.009 [cattle-system-rancher-80] [] 10.52.1.5:80 745 0.009 200 26f67c5e08d98ed127f1cc7ec2f489d8
2024-08-06T10:00:10.277041019Z 10.52.0.0 - - [06/Aug/2024:10:00:10 +0000] "GET /v1/catalog.cattle.io.apps?limit=1 HTTP/1.1" 200 2454 "https://harvester.calgaryserver.ca/dashboard/c/local/explorer/apps.statefulset" "Mozilla/5.0 (Windows NT 10.0; Win64; x64) AppleWebKit/537.36 (KHTML, like Gecko) Chrome/127.0.0.0 Safari/537.36" 1171 0.013 [cattle-system-rancher-80] [] 10.52.2.3:80 2461 0.014 200 e4d525526970248b41ba545a07389768
2024-08-06T10:00:25.254183241Z 10.52.0.0 - - [06/Aug/2024:10:00:25 +0000] "GET /v1/devices.harvesterhci.io.sriovnetworkdevices?limit=1 HTTP/1.1" 200 624 "https://harvester.calgaryserver.ca/dashboard/c/local/explorer/apps.statefulset" "Mozilla/5.0 (Windows NT 10.0; Win64; x64) AppleWebKit/537.36 (KHTML, like Gecko) Chrome/127.0.0.0 Safari/537.36" 1192 0.005 [cattle-system-rancher-80] [] 10.52.0.73:80 624 0.006 200 f2e81adbbf668f1e73802db7bc5757fc
2024-08-06T10:00:25.254378521Z 10.52.0.0 - - [06/Aug/2024:10:00:25 +0000] "GET /v1/harvesterhci.io.settings?limit=1 HTTP/1.1" 200 689 "https://harvester.calgaryserver.ca/dashboard/c/local/explorer/apps.statefulset" "Mozilla/5.0 (Windows NT 10.0; Win64; x64) AppleWebKit/537.36 (KHTML, like Gecko) Chrome/127.0.0.0 Safari/537.36" 1173 0.009 [cattle-system-rancher-80] [] 10.52.0.73:80 689 0.009 200 cbc7432255a5ef0c5fcfdaef0445cbc4
2024-08-06T10:00:25.256313027Z 10.52.0.0 - - [06/Aug/2024:10:00:25 +0000] "GET /v1/batch.jobs?limit=1 HTTP/1.1" 200 3794 "https://harvester.calgaryserver.ca/dashboard/c/local/explorer/apps.statefulset" "Mozilla/5.0 (Windows NT 10.0; Win64; x64) AppleWebKit/537.36 (KHTML, like Gecko) Chrome/127.0.0.0 Safari/537.36" 1159 0.012 [cattle-system-rancher-80] [] 10.52.0.73:80 3795 0.012 200 325c930eeb78b749b913670afba6e7ca
2024-08-06T10:00:25.257090981Z 10.52.0.0 - - [06/Aug/2024:10:00:25 +0000] "GET /v1/apps.deployments?limit=1 HTTP/1.1" 200 2847 "https://harvester.calgaryserver.ca/dashboard/c/local/explorer/apps.statefulset" "Mozilla/5.0 (Windows NT 10.0; Win64; x64) AppleWebKit/537.36 (KHTML, like Gecko) Chrome/127.0.0.0 Safari/537.36" 1165 0.009 [cattle-system-rancher-80] [] 10.52.1.5:80 2854 0.010 200 c9d8675d527d0a51bb667f0190b1eea8
2024-08-06T10:00:25.258380594Z 10.52.0.0 - - [06/Aug/2024:10:00:25 +0000] "GET /v1/catalog.cattle.io.apps?limit=1 HTTP/1.1" 200 2454 "https://harvester.calgaryserver.ca/dashboard/c/local/explorer/apps.statefulset" "Mozilla/5.0 (Windows NT 10.0; Win64; x64) AppleWebKit/537.36 (KHTML, like Gecko) Chrome/127.0.0.0 Safari/537.36" 1171 0.014 [cattle-system-rancher-80] [] 10.52.1.5:80 2461 0.014 200 83221100a8d99edf9b01f1864e74b88c
2024-08-06T10:00:25.259353398Z 10.52.0.0 - - [06/Aug/2024:10:00:25 +0000] "GET /v1/ui.cattle.io.navlinks?limit=1 HTTP/1.1" 200 166 "https://harvester.calgaryserver.ca/dashboard/c/local/explorer/apps.statefulset" "Mozilla/5.0 (Windows NT 10.0; Win64; x64) AppleWebKit/537.36 (KHTML, like Gecko) Chrome/127.0.0.0 Safari/537.36" 1170 0.004 [cattle-system-rancher-80] [] 10.52.2.3:80 166 0.004 200 453763f4c9ee08503ed3898640844422
2024-08-06T10:00:25.262632842Z 10.52.0.0 - - [06/Aug/2024:10:00:25 +0000] "GET /v1/devices.harvesterhci.io.pcidevices?limit=1 HTTP/1.1" 200 1006 "https://harvester.calgaryserver.ca/dashboard/c/local/explorer/apps.statefulset" "Mozilla/5.0 (Windows NT 10.0; Win64; x64) AppleWebKit/537.36 (KHTML, like Gecko) Chrome/127.0.0.0 Safari/537.36" 1183 0.007 [cattle-system-rancher-80] [] 10.52.2.3:80 1006 0.006 200 23ba5066011e8eb64f74808966e7cee1
2024-08-06T10:00:25.263093885Z 10.52.0.0 - - [06/Aug/2024:10:00:25 +0000] "GET /v1/logging.banzaicloud.io.loggings?limit=1 HTTP/1.1" 200 1938 "https://harvester.calgaryserver.ca/dashboard/c/local/explorer/apps.statefulset" "Mozilla/5.0 (Windows NT 10.0; Win64; x64) AppleWebKit/537.36 (KHTML, like Gecko) Chrome/127.0.0.0 Safari/537.36" 1180 0.008 [cattle-system-rancher-80] [] 10.52.1.5:80 1938 0.009 200 e4902bea6df0879270b913b22fd305ae
2024-08-06T10:00:33.527821162Z 10.52.3.0 - - [06/Aug/2024:10:00:33 +0000] "GET /version HTTP/2.0" 200 286 "-" "curl/8.0.1" 36 0.002 [cattle-system-rancher-80] [] 10.52.2.3:80 286 0.002 200 d9a718717e697faf83c7671db8da5b1e
2024-08-06T10:00:53.062187993Z 10.52.2.0 - - [06/Aug/2024:10:00:53 +0000] "GET /version HTTP/2.0" 200 286 "-" "curl/8.0.1" 36 0.002 [cattle-system-rancher-80] [] 10.52.0.73:80 286 0.003 200 aaaa3e41dc9ae651c051c5192dfec61a
2024-08-06T10:01:23.068826459Z 10.52.2.0 - - [06/Aug/2024:10:01:23 +0000] "GET /version HTTP/2.0" 200 286 "-" "curl/8.0.1" 36 0.002 [cattle-system-rancher-80] [] 10.52.1.5:80 286 0.002 200 0952175c1c874e92fcb4a47f77edc478
2024-08-06T10:02:03.510211328Z 10.52.3.0 - - [06/Aug/2024:10:02:03 +0000] "GET /version HTTP/2.0" 200 286 "-" "curl/8.0.1" 36 0.001 [cattle-system-rancher-80] [] 10.52.1.5:80 286 0.002 200 8304f1fecdef11b5c720e153a8df711d
2024-08-06T10:02:23.093426242Z 10.52.2.0 - - [06/Aug/2024:10:02:23 +0000] "GET /version HTTP/2.0" 200 286 "-" "curl/8.0.1" 36 0.002 [cattle-system-rancher-80] [] 10.52.0.73:80 286 0.003 200 a896611e449ed435b6e1bae44ed7cc3c
2024-08-06T10:02:53.084629994Z 10.52.2.0 - - [06/Aug/2024:10:02:53 +0000] "GET /version HTTP/2.0" 200 286 "-" "curl/8.0.1" 36 0.002 [cattle-system-rancher-80] [] 10.52.1.5:80 286 0.002 200 3704306ee573079bcabadc395158cb3f
2024-08-06T10:03:33.500566670Z 10.52.3.0 - - [06/Aug/2024:10:03:33 +0000] "GET /version HTTP/2.0" 200 286 "-" "curl/8.0.1" 36 0.003 [cattle-system-rancher-80] [] 10.52.0.73:80 286 0.002 200 457c2ae06bad4f3b43b49dc04c1c89cd
2024-08-06T10:03:56.365281801Z 10.52.0.0 - - [06/Aug/2024:10:03:56 +0000] "GET /version HTTP/2.0" 200 286 "-" "curl/8.0.1" 36 0.002 [cattle-system-rancher-80] [] 10.52.2.3:80 286 0.003 200 d237161049440d1dba705fbfb61387c8
2024-08-06T10:04:33.546726567Z 10.52.3.0 - - [06/Aug/2024:10:04:33 +0000] "GET /version HTTP/2.0" 200 286 "-" "curl/8.0.1" 36 0.002 [cattle-system-rancher-80] [] 10.52.1.5:80 286 0.002 200 5bc4827759b0841fd92146165d0f127a
2024-08-06T10:05:02.990754780Z 10.10.110.71 - - [06/Aug/2024:10:05:02 +0000] "GET /version HTTP/2.0" 200 286 "-" "curl/8.0.1" 36 0.003 [cattle-system-rancher-80] [] 10.52.2.3:80 286 0.003 200 7a0cb6d4aa956a54f4d7a5d9fd1c357d
2024-08-06T10:05:33.517744079Z 10.52.3.0 - - [06/Aug/2024:10:05:33 +0000] "GET /version HTTP/2.0" 200 286 "-" "curl/8.0.1" 36 0.003 [cattle-system-rancher-80] [] 10.52.2.3:80 286 0.002 200 896ecfbef01eae1ab2d8275095b04e1d
2024-08-06T10:06:03.034227583Z 10.10.110.71 - - [06/Aug/2024:10:06:03 +0000] "GET /version HTTP/2.0" 200 286 "-" "curl/8.0.1" 36 0.002 [cattle-system-rancher-80] [] 10.52.0.73:80 286 0.002 200 926a1a3c79df7eec1b869624d3e95eff
2024-08-06T10:06:23.093442706Z 10.52.2.0 - - [06/Aug/2024:10:06:23 +0000] "GET /version HTTP/2.0" 200 286 "-" "curl/8.0.1" 36 0.002 [cattle-system-rancher-80] [] 10.52.0.73:80 286 0.002 200 2295ab6e0e7693b5ba2a0630f1e04225
2024-08-06T10:06:26.350706139Z 10.52.0.0 - - [06/Aug/2024:10:06:26 +0000] "GET /version HTTP/2.0" 200 286 "-" "curl/8.0.1" 36 0.003 [cattle-system-rancher-80] [] 10.52.2.3:80 286 0.002 200 2ada32fd15ed7c784020f7effa29c7c8
2024-08-06T10:06:33.017684159Z 10.10.110.71 - - [06/Aug/2024:10:06:33 +0000] "GET /version HTTP/2.0" 200 286 "-" "curl/8.0.1" 36 0.002 [cattle-system-rancher-80] [] 10.52.2.3:80 286 0.002 200 5212485096147d77e3a0ac2de30e63ef
2024-08-06T10:07:26.367328827Z 10.52.0.0 - - [06/Aug/2024:10:07:26 +0000] "GET /version HTTP/2.0" 200 286 "-" "curl/8.0.1" 36 0.002 [cattle-system-rancher-80] [] 10.52.0.73:80 286 0.003 200 469ff01d8b6561fbc875c4015c899cac
2024-08-06T10:07:56.370032024Z 10.52.0.0 - - [06/Aug/2024:10:07:56 +0000] "GET /version HTTP/2.0" 200 286 "-" "curl/8.0.1" 36 0.002 [cattle-system-rancher-80] [] 10.52.1.5:80 286 0.002 200 c00f1b20c35cc84244a7a874c4e826d1
2024-08-06T10:08:53.075638605Z 10.52.2.0 - - [06/Aug/2024:10:08:53 +0000] "GET /version HTTP/2.0" 200 286 "-" "curl/8.0.1" 36 0.003 [cattle-system-rancher-80] [] 10.52.2.3:80 286 0.002 200 6262f38133c4a4de1e49d7833eb50e96
2024-08-06T10:09:56.353277551Z 10.52.0.0 - - [06/Aug/2024:10:09:56 +0000] "GET /version HTTP/2.0" 200 286 "-" "curl/8.0.1" 36 0.002 [cattle-system-rancher-80] [] 10.52.1.5:80 286 0.002 200 0cf39e2c0b6c81d188c6eb52dc8dd65b
2024-08-06T10:10:23.076864383Z 10.52.2.0 - - [06/Aug/2024:10:10:23 +0000] "GET /version HTTP/2.0" 200 286 "-" "curl/8.0.1" 36 0.002 [cattle-system-rancher-80] [] 10.52.0.73:80 286 0.003 200 853b58fd939db8e5d74ac9365c19c840
2024-08-06T10:11:02.997966057Z 10.10.110.71 - - [06/Aug/2024:10:11:02 +0000] "GET /version HTTP/2.0" 200 286 "-" "curl/8.0.1" 36 0.002 [cattle-system-rancher-80] [] 10.52.1.5:80 286 0.002 200 41836353546faaa985384e808a50a16f
2024-08-06T10:11:56.379567773Z 10.52.0.0 - - [06/Aug/2024:10:11:56 +0000] "GET /version HTTP/2.0" 200 286 "-" "curl/8.0.1" 36 0.003 [cattle-system-rancher-80] [] 10.52.1.5:80 286 0.002 200 2163fdbcb57df2d2b6c84e4150b88c8a
2024-08-06T10:12:03.504096116Z 10.52.3.0 - - [06/Aug/2024:10:12:03 +0000] "GET /version HTTP/2.0" 200 286 "-" "curl/8.0.1" 36 0.002 [cattle-system-rancher-80] [] 10.52.0.73:80 286 0.003 200 10f066295daefe8b485978077bcf62a3
2024-08-06T10:12:33.492473894Z 10.52.3.0 - - [06/Aug/2024:10:12:33 +0000] "GET /version HTTP/2.0" 200 286 "-" "curl/8.0.1" 36 0.002 [cattle-system-rancher-80] [] 10.52.1.5:80 286 0.003 200 1103575fc22157a4a2b800fcbb8c197f
2024-08-06T10:13:26.375342192Z 10.52.0.0 - - [06/Aug/2024:10:13:26 +0000] "GET /version HTTP/2.0" 200 286 "-" "curl/8.0.1" 36 0.003 [cattle-system-rancher-80] [] 10.52.2.3:80 286 0.003 200 e804bf6a4ab9edd1f645e58f13d57d75
2024-08-06T10:13:33.457873575Z 10.52.3.0 - - [06/Aug/2024:10:13:33 +0000] "GET /version HTTP/2.0" 200 286 "-" "curl/8.0.1" 36 0.002 [cattle-system-rancher-80] [] 10.52.0.73:80 286 0.003 200 24e1d5948f7fe43e8e67a904c99c2810
2024-08-06T10:14:23.067846725Z 10.52.2.0 - - [06/Aug/2024:10:14:23 +0000] "GET /version HTTP/2.0" 200 286 "-" "curl/8.0.1" 36 0.002 [cattle-system-rancher-80] [] 10.52.0.73:80 286 0.002 200 81c740506d5fa354b7d20ce62f1389a8
2024-08-06T10:15:03.540221390Z 10.52.3.0 - - [06/Aug/2024:10:15:03 +0000] "GET /version HTTP/2.0" 200 286 "-" "curl/8.0.1" 36 0.002 [cattle-system-rancher-80] [] 10.52.1.5:80 286 0.002 200 b15c8c65d428498c9752b18f53583b31
2024-08-06T10:15:33.496843184Z 10.52.3.0 - - [06/Aug/2024:10:15:33 +0000] "GET /version HTTP/2.0" 200 286 "-" "curl/8.0.1" 36 0.002 [cattle-system-rancher-80] [] 10.52.0.73:80 286 0.003 200 16c327c35a3af3d94934b5a4adbb7100
2024-08-06T10:16:03.491283224Z 10.52.3.0 - - [06/Aug/2024:10:16:03 +0000] "GET /version HTTP/2.0" 200 286 "-" "curl/8.0.1" 36 0.002 [cattle-system-rancher-80] [] 10.52.2.3:80 286 0.003 200 cd9e5d503b05e3f0cfc1ef929c1867ca
2024-08-06T10:16:53.088925262Z 10.52.2.0 - - [06/Aug/2024:10:16:53 +0000] "GET /version HTTP/2.0" 200 286 "-" "curl/8.0.1" 36 0.002 [cattle-system-rancher-80] [] 10.52.0.73:80 286 0.003 200 0ec28b9676db220dedc36a5db15c7453
2024-08-06T10:17:23.109984309Z 10.52.2.0 - - [06/Aug/2024:10:17:23 +0000] "GET /version HTTP/2.0" 200 286 "-" "curl/8.0.1" 36 0.002 [cattle-system-rancher-80] [] 10.52.0.73:80 286 0.003 200 c2561b5ca2a824298834930e248781ea
2024-08-06T10:17:26.355769845Z 10.52.0.0 - - [06/Aug/2024:10:17:26 +0000] "GET /version HTTP/2.0" 200 286 "-" "curl/8.0.1" 36 0.003 [cattle-system-rancher-80] [] 10.52.2.3:80 286 0.003 200 8c974189f3d784396aaf263c58b4ee78
2024-08-06T10:17:53.084115794Z 10.52.2.0 - - [06/Aug/2024:10:17:53 +0000] "GET /version HTTP/2.0" 200 286 "-" "curl/8.0.1" 36 0.002 [cattle-system-rancher-80] [] 10.52.2.3:80 286 0.002 200 d07d4fc0892c47562bcc516f56bdbe79
2024-08-06T10:18:32.981953826Z 10.10.110.71 - - [06/Aug/2024:10:18:32 +0000] "GET /version HTTP/2.0" 200 286 "-" "curl/8.0.1" 36 0.002 [cattle-system-rancher-80] [] 10.52.1.5:80 286 0.003 200 4d725fe566271f91775e0b3e9be975d3
2024-08-06T10:18:33.497758199Z 10.52.3.0 - - [06/Aug/2024:10:18:33 +0000] "GET /version HTTP/2.0" 200 286 "-" "curl/8.0.1" 36 0.002 [cattle-system-rancher-80] [] 10.52.1.5:80 286 0.002 200 6094ca51f54ec13ddfc757c3f104bc1a
2024-08-06T10:18:53.083063334Z 10.52.2.0 - - [06/Aug/2024:10:18:53 +0000] "GET /version HTTP/2.0" 200 286 "-" "curl/8.0.1" 36 0.002 [cattle-system-rancher-80] [] 10.52.1.5:80 286 0.002 200 43f09ab59caebd391b3ca92dbde162f9
2024-08-06T10:19:03.508351099Z 10.52.3.0 - - [06/Aug/2024:10:19:03 +0000] "GET /version HTTP/2.0" 200 286 "-" "curl/8.0.1" 36 0.002 [cattle-system-rancher-80] [] 10.52.1.5:80 286 0.002 200 065de44ef8123d1f974db8ef7e0805e8
2024-08-06T10:19:33.498635615Z 10.52.3.0 - - [06/Aug/2024:10:19:33 +0000] "GET /version HTTP/2.0" 200 286 "-" "curl/8.0.1" 36 0.003 [cattle-system-rancher-80] [] 10.52.0.73:80 286 0.002 200 c314e559386960f343a1b2be68c51a84
2024-08-06T10:19:56.347704796Z 10.52.0.0 - - [06/Aug/2024:10:19:56 +0000] "GET /version HTTP/2.0" 200 286 "-" "curl/8.0.1" 36 0.003 [cattle-system-rancher-80] [] 10.52.0.73:80 286 0.002 200 e35d1a3a200fbaed481cb5ea91b05270
2024-08-06T10:20:03.022526141Z 10.10.110.71 - - [06/Aug/2024:10:20:03 +0000] "GET /version HTTP/2.0" 200 286 "-" "curl/8.0.1" 36 0.002 [cattle-system-rancher-80] [] 10.52.1.5:80 286 0.002 200 54119ecbbd28089ccc2e92cf05792782
2024-08-06T10:20:23.077673049Z 10.52.2.0 - - [06/Aug/2024:10:20:23 +0000] "GET /version HTTP/2.0" 200 286 "-" "curl/8.0.1" 36 0.002 [cattle-system-rancher-80] [] 10.52.2.3:80 286 0.002 200 e42b3f1d69bcbc1567f9310329fddcdb
2024-08-06T10:20:32.974544551Z 10.10.110.71 - - [06/Aug/2024:10:20:32 +0000] "GET /version HTTP/2.0" 200 286 "-" "curl/8.0.1" 36 0.003 [cattle-system-rancher-80] [] 10.52.2.3:80 286 0.002 200 cb28d24d5412c407770b57c318586a70
2024-08-06T10:23:33.508595647Z 10.52.3.0 - - [06/Aug/2024:10:23:33 +0000] "GET /version HTTP/2.0" 200 286 "-" "curl/8.0.1" 36 0.002 [cattle-system-rancher-80] [] 10.52.1.5:80 286 0.002 200 a0a70d878b65eddf0d5f24f3ff4a3ae3
2024-08-06T10:24:03.011298789Z 10.10.110.71 - - [06/Aug/2024:10:24:03 +0000] "GET /version HTTP/2.0" 200 286 "-" "curl/8.0.1" 36 0.002 [cattle-system-rancher-80] [] 10.52.2.3:80 286 0.002 200 55bfb1ad99eee1ac4e2d5cc865234d0c
2024-08-06T10:24:33.026810969Z 10.10.110.71 - - [06/Aug/2024:10:24:33 +0000] "GET /version HTTP/2.0" 200 286 "-" "curl/8.0.1" 36 0.002 [cattle-system-rancher-80] [] 10.52.1.5:80 286 0.002 200 8653f8aff74b95f7afd6415fb38afa4f
2024-08-06T10:24:33.508985000Z 10.52.3.0 - - [06/Aug/2024:10:24:33 +0000] "GET /version HTTP/2.0" 200 286 "-" "curl/8.0.1" 36 0.002 [cattle-system-rancher-80] [] 10.52.2.3:80 286 0.003 200 0bf68d46ac1ced03c7f3d85c017a1739
2024-08-06T10:24:56.359853514Z 10.52.0.0 - - [06/Aug/2024:10:24:56 +0000] "GET /version HTTP/2.0" 200 286 "-" "curl/8.0.1" 36 0.003 [cattle-system-rancher-80] [] 10.52.0.73:80 286 0.002 200 76b826c6b167017100b4ff724c301a0f
2024-08-06T10:25:02.993754488Z 10.10.110.71 - - [06/Aug/2024:10:25:02 +0000] "GET /version HTTP/2.0" 200 286 "-" "curl/8.0.1" 36 0.002 [cattle-system-rancher-80] [] 10.52.2.3:80 286 0.003 200 c72a851696f5338a0aca699e4a84c54c
2024-08-06T10:25:03.543892120Z 10.52.3.0 - - [06/Aug/2024:10:25:03 +0000] "GET /version HTTP/2.0" 200 286 "-" "curl/8.0.1" 36 0.002 [cattle-system-rancher-80] [] 10.52.2.3:80 286 0.003 200 71d2e25889de8704d77a4dcd264546a1
2024-08-06T10:25:23.055628944Z 10.52.2.0 - - [06/Aug/2024:10:25:23 +0000] "GET /version HTTP/2.0" 200 286 "-" "curl/8.0.1" 36 0.002 [cattle-system-rancher-80] [] 10.52.1.5:80 286 0.001 200 ba72d8d14c8130a3a052b97e4c87d684
2024-08-06T10:26:23.100099168Z 10.52.2.0 - - [06/Aug/2024:10:26:23 +0000] "GET /version HTTP/2.0" 200 286 "-" "curl/8.0.1" 36 0.002 [cattle-system-rancher-80] [] 10.52.0.73:80 286 0.003 200 807485989f9e704b0fd2bb189a0099c0
2024-08-06T10:26:26.360466751Z 10.52.0.0 - - [06/Aug/2024:10:26:26 +0000] "GET /version HTTP/2.0" 200 286 "-" "curl/8.0.1" 36 0.003 [cattle-system-rancher-80] [] 10.52.2.3:80 286 0.003 200 555b441166b1d15c4ebe638421f9b2cd
2024-08-06T10:26:33.496491032Z 10.52.3.0 - - [06/Aug/2024:10:26:33 +0000] "GET /version HTTP/2.0" 200 286 "-" "curl/8.0.1" 36 0.003 [cattle-system-rancher-80] [] 10.52.2.3:80 286 0.002 200 6ed439b534442361457c025f81735f8e
2024-08-06T10:26:56.356859923Z 10.52.0.0 - - [06/Aug/2024:10:26:56 +0000] "GET /version HTTP/2.0" 200 286 "-" "curl/8.0.1" 36 0.002 [cattle-system-rancher-80] [] 10.52.0.73:80 286 0.002 200 acee14a8ae4756ddbc854347d8abb22d
2024-08-06T10:28:03.510195668Z 10.52.3.0 - - [06/Aug/2024:10:28:03 +0000] "GET /version HTTP/2.0" 200 286 "-" "curl/8.0.1" 36 0.002 [cattle-system-rancher-80] [] 10.52.1.5:80 286 0.002 200 343003ece6724144db50ac3fab3e39b5
2024-08-06T10:28:33.047789602Z 10.10.110.71 - - [06/Aug/2024:10:28:33 +0000] "GET /version HTTP/2.0" 200 286 "-" "curl/8.0.1" 36 0.002 [cattle-system-rancher-80] [] 10.52.2.3:80 286 0.003 200 4f9987f2ac842fd7c4edeaf586846b1b
2024-08-06T10:29:08.265127496Z 10.52.0.0 - - [06/Aug/2024:10:29:08 +0000] "GET /v1/management.cattle.io.clusters?limit=1 HTTP/1.1" 200 1362 "https://harvester.calgaryserver.ca/dashboard/harvester/c/local/support" "Mozilla/5.0 (Windows NT 10.0; Win64; x64) AppleWebKit/537.36 (KHTML, like Gecko) Chrome/127.0.0.0 Safari/537.36" 1170 0.007 [cattle-system-rancher-80] [] 10.52.1.5:80 1362 0.008 200 cfe14daa8ece792ff5d86c87264c7400
2024-08-06T10:29:08.270916405Z 10.52.0.0 - - [06/Aug/2024:10:29:08 +0000] "GET /v1/catalog.cattle.io.apps?limit=1 HTTP/1.1" 200 2452 "https://harvester.calgaryserver.ca/dashboard/harvester/c/local/support" "Mozilla/5.0 (Windows NT 10.0; Win64; x64) AppleWebKit/537.36 (KHTML, like Gecko) Chrome/127.0.0.0 Safari/537.36" 1163 0.012 [cattle-system-rancher-80] [] 10.52.0.73:80 2459 0.012 200 1bd78229dfa075968e1be2c89bc8b724
2024-08-06T10:29:23.101871654Z 10.52.2.0 - - [06/Aug/2024:10:29:23 +0000] "GET /version HTTP/2.0" 200 286 "-" "curl/8.0.1" 36 0.002 [cattle-system-rancher-80] [] 10.52.0.73:80 286 0.002 200 866ff90a5b6e96eeb42c94b55f49543c
2024-08-06T10:29:32.190603459Z 10.52.0.0 - - [06/Aug/2024:10:29:32 +0000] "GET /v1/harvester/devices.harvesterhci.io.pcideviceclaims?limit=1 HTTP/1.1" 200 178 "https://harvester.calgaryserver.ca/dashboard/harvester/c/local/support" "Mozilla/5.0 (Windows NT 10.0; Win64; x64) AppleWebKit/537.36 (KHTML, like Gecko) Chrome/127.0.0.0 Safari/537.36" 1190 0.006 [cattle-system-rancher-80] [] 10.52.0.73:80 178 0.006 200 3fd2907ca3ea1a9001775b21bd150510
2024-08-06T10:29:32.191483587Z 10.52.0.0 - - [06/Aug/2024:10:29:32 +0000] "GET /v1/harvester/harvesterhci.io.settings?limit=1 HTTP/1.1" 200 685 "https://harvester.calgaryserver.ca/dashboard/harvester/c/local/support" "Mozilla/5.0 (Windows NT 10.0; Win64; x64) AppleWebKit/537.36 (KHTML, like Gecko) Chrome/127.0.0.0 Safari/537.36" 1175 0.009 [cattle-system-rancher-80] [] 10.52.0.73:80 685 0.008 200 6c05ee0c364f91c09a4d11cef4ae72a0
2024-08-06T10:29:32.208980822Z 10.52.0.0 - - [06/Aug/2024:10:29:32 +0000] "GET /v1/harvester/kubevirt.io.virtualmachineinstancemigrations?limit=1 HTTP/1.1" 200 186 "https://harvester.calgaryserver.ca/dashboard/harvester/c/local/support" "Mozilla/5.0 (Windows NT 10.0; Win64; x64) AppleWebKit/537.36 (KHTML, like Gecko) Chrome/127.0.0.0 Safari/537.36" 1195 0.005 [cattle-system-rancher-80] [] 10.52.0.73:80 186 0.005 200 bde1d85cde8adccf2225e6215bdd37d8
2024-08-06T10:29:32.209734981Z 10.52.0.0 - - [06/Aug/2024:10:29:32 +0000] "GET /v1/harvester/namespaces?limit=1 HTTP/1.1" 200 1300 "https://harvester.calgaryserver.ca/dashboard/harvester/c/local/support" "Mozilla/5.0 (Windows NT 10.0; Win64; x64) AppleWebKit/537.36 (KHTML, like Gecko) Chrome/127.0.0.0 Safari/537.36" 1161 0.008 [cattle-system-rancher-80] [] 10.52.0.73:80 1300 0.007 200 91f334ee1ab4349247f8e3096c3f3542
2024-08-06T10:29:32.210182879Z 10.52.0.0 - - [06/Aug/2024:10:29:32 +0000] "GET /v1/harvester/devices.harvesterhci.io.sriovgpudevices?limit=1 HTTP/1.1" 200 931 "https://harvester.calgaryserver.ca/dashboard/harvester/c/local/support" "Mozilla/5.0 (Windows NT 10.0; Win64; x64) AppleWebKit/537.36 (KHTML, like Gecko) Chrome/127.0.0.0 Safari/537.36" 1190 0.006 [cattle-system-rancher-80] [] 10.52.1.5:80 931 0.007 200 0b77c42cac0b2a47f84b8380d1dacf9a
2024-08-06T10:29:32.210907122Z 10.52.0.0 - - [06/Aug/2024:10:29:32 +0000] "GET /v1/harvester/devices.harvesterhci.io.sriovnetworkdevices?limit=1 HTTP/1.1" 200 623 "https://harvester.calgaryserver.ca/dashboard/harvester/c/local/support" "Mozilla/5.0 (Windows NT 10.0; Win64; x64) AppleWebKit/537.36 (KHTML, like Gecko) Chrome/127.0.0.0 Safari/537.36" 1194 0.007 [cattle-system-rancher-80] [] 10.52.1.5:80 623 0.007 200 cf77e17e72e6020f8ccde5c2a4b8ac77
2024-08-06T10:29:32.211136045Z 10.52.0.0 - - [06/Aug/2024:10:29:32 +0000] "GET /v1/harvester/metal.harvesterhci.io.inventories?limit=1 HTTP/1.1" 200 178 "https://harvester.calgaryserver.ca/dashboard/harvester/c/local/support" "Mozilla/5.0 (Windows NT 10.0; Win64; x64) AppleWebKit/537.36 (KHTML, like Gecko) Chrome/127.0.0.0 Safari/537.36" 1184 0.005 [cattle-system-rancher-80] [] 10.52.2.3:80 178 0.005 200 a8f7d146004b7a4e7687a2066335341c
2024-08-06T10:29:33.031931628Z 10.10.110.71 - - [06/Aug/2024:10:29:33 +0000] "GET /version HTTP/2.0" 200 286 "-" "curl/8.0.1" 36 0.002 [cattle-system-rancher-80] [] 10.52.0.73:80 286 0.003 200 d02f80c307a11d4106ea7675cdb03af9
2024-08-06T10:30:03.052321909Z 10.10.110.71 - - [06/Aug/2024:10:30:03 +0000] "GET /version HTTP/2.0" 200 286 "-" "curl/8.0.1" 36 0.002 [cattle-system-rancher-80] [] 10.52.2.3:80 286 0.003 200 ce34a09c1d543e876061c54d15b66c67
2024-08-06T10:30:16.209524677Z 10.52.0.0 - - [06/Aug/2024:10:30:16 +0000] "GET /v1/management.cattle.io.clusters?limit=1 HTTP/1.1" 200 1361 "https://harvester.calgaryserver.ca/dashboard/c/local/explorer/apps.statefulset" "Mozilla/5.0 (Windows NT 10.0; Win64; x64) AppleWebKit/537.36 (KHTML, like Gecko) Chrome/127.0.0.0 Safari/537.36" 1178 0.009 [cattle-system-rancher-80] [] 10.52.1.5:80 1361 0.008 200 0d5b14d13572002aac747839154f0f33
2024-08-06T10:30:31.199972888Z 10.52.0.0 - - [06/Aug/2024:10:30:31 +0000] "GET /v1/harvesterhci.io.settings?limit=1 HTTP/1.1" 200 688 "https://harvester.calgaryserver.ca/dashboard/c/local/explorer/apps.statefulset" "Mozilla/5.0 (Windows NT 10.0; Win64; x64) AppleWebKit/537.36 (KHTML, like Gecko) Chrome/127.0.0.0 Safari/537.36" 1173 0.006 [cattle-system-rancher-80] [] 10.52.0.73:80 688 0.007 200 e91a0434292cf6ffe5a4dd497f8b847c
2024-08-06T10:30:31.202047339Z 10.52.0.0 - - [06/Aug/2024:10:30:31 +0000] "GET /v1/devices.harvesterhci.io.pcidevices?limit=1 HTTP/1.1" 200 1007 "https://harvester.calgaryserver.ca/dashboard/c/local/explorer/apps.statefulset" "Mozilla/5.0 (Windows NT 10.0; Win64; x64) AppleWebKit/537.36 (KHTML, like Gecko) Chrome/127.0.0.0 Safari/537.36" 1183 0.010 [cattle-system-rancher-80] [] 10.52.2.3:80 1007 0.010 200 1ab97175d09c43ba794caa51db67a71d
2024-08-06T10:30:31.205792596Z 10.52.0.0 - - [06/Aug/2024:10:30:31 +0000] "GET /v1/services?limit=1 HTTP/1.1" 200 1170 "https://harvester.calgaryserver.ca/dashboard/c/local/explorer/apps.statefulset" "Mozilla/5.0 (Windows NT 10.0; Win64; x64) AppleWebKit/537.36 (KHTML, like Gecko) Chrome/127.0.0.0 Safari/537.36" 1157 0.005 [cattle-system-rancher-80] [] 10.52.0.73:80 1170 0.005 200 355f604dbedce198621a662d197fdfd4
2024-08-06T10:30:31.207482838Z 10.52.0.0 - - [06/Aug/2024:10:30:31 +0000] "GET /v1/replicationcontrollers?limit=1 HTTP/1.1" 200 168 "https://harvester.calgaryserver.ca/dashboard/c/local/explorer/apps.statefulset" "Mozilla/5.0 (Windows NT 10.0; Win64; x64) AppleWebKit/537.36 (KHTML, like Gecko) Chrome/127.0.0.0 Safari/537.36" 1171 0.003 [cattle-system-rancher-80] [] 10.52.0.73:80 168 0.003 200 be02c7708632d80032b1262332513131
2024-08-06T10:30:31.209950965Z 10.52.0.0 - - [06/Aug/2024:10:30:31 +0000] "GET /v1/nodes?limit=1 HTTP/1.1" 200 6521 "https://harvester.calgaryserver.ca/dashboard/c/local/explorer/apps.statefulset" "Mozilla/5.0 (Windows NT 10.0; Win64; x64) AppleWebKit/537.36 (KHTML, like Gecko) Chrome/127.0.0.0 Safari/537.36" 1154 0.010 [cattle-system-rancher-80] [] 10.52.1.5:80 6535 0.010 200 c3b3a563dd0b67b60b488ef323df3cd3
2024-08-06T10:31:23.073014666Z 10.52.2.0 - - [06/Aug/2024:10:31:23 +0000] "GET /version HTTP/2.0" 200 286 "-" "curl/8.0.1" 36 0.002 [cattle-system-rancher-80] [] 10.52.1.5:80 286 0.003 200 39d1b594ab7909071ccbcaf5c31ec8b4
2024-08-06T10:31:33.032189786Z 10.10.110.71 - - [06/Aug/2024:10:31:33 +0000] "GET /version HTTP/2.0" 200 286 "-" "curl/8.0.1" 36 0.002 [cattle-system-rancher-80] [] 10.52.0.73:80 286 0.002 200 4b045614b2994b0a164175dff59f5b91
2024-08-06T10:31:33.494541798Z 10.52.3.0 - - [06/Aug/2024:10:31:33 +0000] "GET /version HTTP/2.0" 200 286 "-" "curl/8.0.1" 36 0.003 [cattle-system-rancher-80] [] 10.52.2.3:80 286 0.002 200 45730d2682ca0c947351f0937dc18395
2024-08-06T10:31:56.390079661Z 10.52.0.0 - - [06/Aug/2024:10:31:56 +0000] "GET /version HTTP/2.0" 200 286 "-" "curl/8.0.1" 36 0.002 [cattle-system-rancher-80] [] 10.52.2.3:80 286 0.003 200 938b800429cd4c56a5c4c8bd42de59c1
2024-08-06T10:32:03.000979299Z 10.10.110.71 - - [06/Aug/2024:10:32:03 +0000] "GET /version HTTP/2.0" 200 286 "-" "curl/8.0.1" 36 0.002 [cattle-system-rancher-80] [] 10.52.0.73:80 286 0.003 200 fffff5139b4521dd0c7b0aaac4e36dda
2024-08-06T10:32:03.508381946Z 10.52.3.0 - - [06/Aug/2024:10:32:03 +0000] "GET /version HTTP/2.0" 200 286 "-" "curl/8.0.1" 36 0.002 [cattle-system-rancher-80] [] 10.52.2.3:80 286 0.003 200 6006020615ea19f23dbd0a8de4852ca5
2024-08-06T10:32:56.357881776Z 10.52.0.0 - - [06/Aug/2024:10:32:56 +0000] "GET /version HTTP/2.0" 200 286 "-" "curl/8.0.1" 36 0.002 [cattle-system-rancher-80] [] 10.52.1.5:80 286 0.003 200 b49bd18fe704834733df9cd1d9754052
2024-08-06T10:34:03.515211516Z 10.52.3.0 - - [06/Aug/2024:10:34:03 +0000] "GET /version HTTP/2.0" 200 286 "-" "curl/8.0.1" 36 0.002 [cattle-system-rancher-80] [] 10.52.1.5:80 286 0.003 200 2b3fe92007ac8c7d2450c12d24dfde93
2024-08-06T10:35:02.998923280Z 10.10.110.71 - - [06/Aug/2024:10:35:02 +0000] "GET /version HTTP/2.0" 200 286 "-" "curl/8.0.1" 36 0.002 [cattle-system-rancher-80] [] 10.52.2.3:80 286 0.003 200 2ac71b1474e58ac4dd5528681c2c7fc1
2024-08-06T10:35:26.330447775Z 10.52.0.0 - - [06/Aug/2024:10:35:26 +0000] "GET /version HTTP/2.0" 200 286 "-" "curl/8.0.1" 36 0.003 [cattle-system-rancher-80] [] 10.52.2.3:80 286 0.002 200 9b30bd0384c45a2596e465b0326ff234
2024-08-06T10:35:56.343285610Z 10.52.0.0 - - [06/Aug/2024:10:35:56 +0000] "GET /version HTTP/2.0" 200 286 "-" "curl/8.0.1" 36 0.002 [cattle-system-rancher-80] [] 10.52.1.5:80 286 0.002 200 93e05714fbf071952adf63f0e3295e98
2024-08-06T10:36:03.515748657Z 10.52.3.0 - - [06/Aug/2024:10:36:03 +0000] "GET /version HTTP/2.0" 200 286 "-" "curl/8.0.1" 36 0.002 [cattle-system-rancher-80] [] 10.52.1.5:80 286 0.002 200 4d5c9222ad1656346861431fe3394ef2
2024-08-06T10:36:23.101834381Z 10.52.2.0 - - [06/Aug/2024:10:36:23 +0000] "GET /version HTTP/2.0" 200 286 "-" "curl/8.0.1" 36 0.003 [cattle-system-rancher-80] [] 10.52.2.3:80 286 0.003 200 9b5831947ed5cc623a4a1fce076d6c29
2024-08-06T10:36:33.001460354Z 10.10.110.71 - - [06/Aug/2024:10:36:33 +0000] "GET /version HTTP/2.0" 200 286 "-" "curl/8.0.1" 36 0.003 [cattle-system-rancher-80] [] 10.52.0.73:80 286 0.002 200 58838f6228a0e854495ccae27e2fc6f2
2024-08-06T10:36:33.518829085Z 10.52.3.0 - - [06/Aug/2024:10:36:33 +0000] "GET /version HTTP/2.0" 200 286 "-" "curl/8.0.1" 36 0.003 [cattle-system-rancher-80] [] 10.52.2.3:80 286 0.002 200 c0069a026272f608c6f083128dc0ea2a
2024-08-06T10:36:56.369503622Z 10.52.0.0 - - [06/Aug/2024:10:36:56 +0000] "GET /version HTTP/2.0" 200 286 "-" "curl/8.0.1" 36 0.003 [cattle-system-rancher-80] [] 10.52.1.5:80 286 0.003 200 bea09f4c83f8b2326a445b46c809bf89
