2024-08-06T02:38:00.690667203Z 10.52.0.0 - - [06/Aug/2024:02:38:00 +0000] "POST /api/v1/namespaces/cattle-monitoring-system/services/http:rancher-monitoring-grafana:80/proxy/api/ds/query HTTP/1.1" 200 8147 "https://harvester.calgaryserver.ca/api/v1/namespaces/cattle-monitoring-system/services/http:rancher-monitoring-grafana:80/proxy/d/rancher-cluster-nodes-1/rancher-cluster-nodes?orgId=1&kiosk&from=now-5m&to=now&refresh=30s&theme=light" "Mozilla/5.0 (Windows NT 10.0; Win64; x64) AppleWebKit/537.36 (KHTML, like Gecko) Chrome/127.0.0.0 Safari/537.36" 2751 0.014 [cattle-system-rancher-80] [] 10.52.0.73:80 8133 0.014 200 52ee240f7cd6350999a94b95553ffd6c
2024-08-06T02:38:30.687486306Z 10.52.0.0 - - [06/Aug/2024:02:38:30 +0000] "POST /api/v1/namespaces/cattle-monitoring-system/services/http:rancher-monitoring-grafana:80/proxy/api/ds/query HTTP/1.1" 200 3353 "https://harvester.calgaryserver.ca/api/v1/namespaces/cattle-monitoring-system/services/http:rancher-monitoring-grafana:80/proxy/d/rancher-cluster-nodes-1/rancher-cluster-nodes?orgId=1&kiosk&from=now-5m&to=now&refresh=30s&theme=light" "Mozilla/5.0 (Windows NT 10.0; Win64; x64) AppleWebKit/537.36 (KHTML, like Gecko) Chrome/127.0.0.0 Safari/537.36" 2098 0.011 [cattle-system-rancher-80] [] 10.52.2.3:80 3353 0.011 200 c255b83f7556796272d5dafd8b3846ec
2024-08-06T02:38:30.688555156Z 10.52.0.0 - - [06/Aug/2024:02:38:30 +0000] "GET /api/v1/namespaces/cattle-monitoring-system/services/http:rancher-monitoring-grafana:80/proxy/api/annotations?from=1722911611677&to=1722911911677&limit=100&matchAny=false&dashboardUID=rancher-cluster-nodes-1 HTTP/1.1" 200 2 "https://harvester.calgaryserver.ca/api/v1/namespaces/cattle-monitoring-system/services/http:rancher-monitoring-grafana:80/proxy/d/rancher-cluster-nodes-1/rancher-cluster-nodes?orgId=1&kiosk&from=now-5m&to=now&refresh=30s&theme=light" "Mozilla/5.0 (Windows NT 10.0; Win64; x64) AppleWebKit/537.36 (KHTML, like Gecko) Chrome/127.0.0.0 Safari/537.36" 1490 0.012 [cattle-system-rancher-80] [] 10.52.2.3:80 2 0.011 200 1bb36640ed5830f5bb022a68c1f009b2
2024-08-06T02:38:33.006962098Z 10.10.110.71 - - [06/Aug/2024:02:38:33 +0000] "GET /version HTTP/2.0" 200 286 "-" "curl/8.0.1" 36 0.002 [cattle-system-rancher-80] [] 10.52.2.3:80 286 0.003 200 b0feae024e246584781976273fbad572
2024-08-06T02:38:56.366913545Z 10.52.0.0 - - [06/Aug/2024:02:38:56 +0000] "GET /version HTTP/2.0" 200 286 "-" "curl/8.0.1" 36 0.002 [cattle-system-rancher-80] [] 10.52.1.5:80 286 0.002 200 a824f0f5886c64fa315697b792921917
2024-08-06T02:39:26.364372678Z 10.52.0.0 - - [06/Aug/2024:02:39:26 +0000] "GET /version HTTP/2.0" 200 286 "-" "curl/8.0.1" 36 0.003 [cattle-system-rancher-80] [] 10.52.0.73:80 286 0.003 200 ed125cb1d1b45bc6b84cb1d58702857a
2024-08-06T02:39:29.080709901Z 10.52.0.0 - - [06/Aug/2024:02:39:29 +0000] "GET /v1/metrics.k8s.io.nodes HTTP/1.1" 200 2341 "https://harvester.calgaryserver.ca/dashboard/c/local/explorer" "Mozilla/5.0 (Windows NT 10.0; Win64; x64) AppleWebKit/537.36 (KHTML, like Gecko) Chrome/127.0.0.0 Safari/537.36" 1144 0.012 [cattle-system-rancher-80] [] 10.52.1.5:80 2348 0.012 200 9beb5e9f0c69f3a4f00edfd17e187d1e
2024-08-06T02:39:30.723540345Z 10.52.0.0 - - [06/Aug/2024:02:39:30 +0000] "GET /api/v1/namespaces/cattle-monitoring-system/services/http:rancher-monitoring-grafana:80/proxy/api/annotations?from=1722911671696&to=1722911971696&limit=100&matchAny=false&dashboardUID=rancher-cluster-nodes-1 HTTP/1.1" 200 2 "https://harvester.calgaryserver.ca/api/v1/namespaces/cattle-monitoring-system/services/http:rancher-monitoring-grafana:80/proxy/d/rancher-cluster-nodes-1/rancher-cluster-nodes?orgId=1&kiosk&from=now-5m&to=now&refresh=30s&theme=light" "Mozilla/5.0 (Windows NT 10.0; Win64; x64) AppleWebKit/537.36 (KHTML, like Gecko) Chrome/127.0.0.0 Safari/537.36" 1490 0.010 [cattle-system-rancher-80] [] 10.52.0.73:80 2 0.009 200 4c5cb27a75cd2430a5b0596719fffc68
2024-08-06T02:40:00.706159489Z 10.52.0.0 - - [06/Aug/2024:02:40:00 +0000] "GET /api/v1/namespaces/cattle-monitoring-system/services/http:rancher-monitoring-grafana:80/proxy/api/annotations?from=1722911701698&to=1722912001698&limit=100&matchAny=false&dashboardUID=rancher-cluster-nodes-1 HTTP/1.1" 200 2 "https://harvester.calgaryserver.ca/api/v1/namespaces/cattle-monitoring-system/services/http:rancher-monitoring-grafana:80/proxy/d/rancher-cluster-nodes-1/rancher-cluster-nodes?orgId=1&kiosk&from=now-5m&to=now&refresh=30s&theme=light" "Mozilla/5.0 (Windows NT 10.0; Win64; x64) AppleWebKit/537.36 (KHTML, like Gecko) Chrome/127.0.0.0 Safari/537.36" 1490 0.009 [cattle-system-rancher-80] [] 10.52.0.73:80 2 0.010 200 b60d20417fc8caec4c96c6490b3452e1
2024-08-06T02:40:00.711268966Z 10.52.0.0 - - [06/Aug/2024:02:40:00 +0000] "POST /api/v1/namespaces/cattle-monitoring-system/services/http:rancher-monitoring-grafana:80/proxy/api/ds/query HTTP/1.1" 200 3354 "https://harvester.calgaryserver.ca/api/v1/namespaces/cattle-monitoring-system/services/http:rancher-monitoring-grafana:80/proxy/d/rancher-cluster-nodes-1/rancher-cluster-nodes?orgId=1&kiosk&from=now-5m&to=now&refresh=30s&theme=light" "Mozilla/5.0 (Windows NT 10.0; Win64; x64) AppleWebKit/537.36 (KHTML, like Gecko) Chrome/127.0.0.0 Safari/537.36" 2098 0.015 [cattle-system-rancher-80] [] 10.52.1.5:80 3354 0.015 200 a90cbbdac6f899a1821b65c2f7d805b0
2024-08-06T02:40:00.712156613Z 10.52.0.0 - - [06/Aug/2024:02:40:00 +0000] "POST /api/v1/namespaces/cattle-monitoring-system/services/http:rancher-monitoring-grafana:80/proxy/api/ds/query HTTP/1.1" 200 8142 "https://harvester.calgaryserver.ca/api/v1/namespaces/cattle-monitoring-system/services/http:rancher-monitoring-grafana:80/proxy/d/rancher-cluster-nodes-1/rancher-cluster-nodes?orgId=1&kiosk&from=now-5m&to=now&refresh=30s&theme=light" "Mozilla/5.0 (Windows NT 10.0; Win64; x64) AppleWebKit/537.36 (KHTML, like Gecko) Chrome/127.0.0.0 Safari/537.36" 2751 0.015 [cattle-system-rancher-80] [] 10.52.1.5:80 8136 0.015 200 aa92de42227d4f5a8795c0148a00f83f
2024-08-06T02:40:03.495923102Z 10.52.3.0 - - [06/Aug/2024:02:40:03 +0000] "GET /version HTTP/2.0" 200 286 "-" "curl/8.0.1" 36 0.003 [cattle-system-rancher-80] [] 10.52.2.3:80 286 0.003 200 2efc42e1f7a632303e89efa51a293a10
2024-08-06T02:40:33.478295960Z 10.52.3.0 - - [06/Aug/2024:02:40:33 +0000] "GET /version HTTP/2.0" 200 286 "-" "curl/8.0.1" 36 0.002 [cattle-system-rancher-80] [] 10.52.0.73:80 286 0.003 200 20d9133c57ed3016585a5cc4988dfd4c
2024-08-06T02:41:00.713797240Z 10.52.0.0 - - [06/Aug/2024:02:41:00 +0000] "GET /api/v1/namespaces/cattle-monitoring-system/services/http:rancher-monitoring-grafana:80/proxy/api/annotations?from=1722911761703&to=1722912061703&limit=100&matchAny=false&dashboardUID=rancher-cluster-nodes-1 HTTP/1.1" 200 2 "https://harvester.calgaryserver.ca/api/v1/namespaces/cattle-monitoring-system/services/http:rancher-monitoring-grafana:80/proxy/d/rancher-cluster-nodes-1/rancher-cluster-nodes?orgId=1&kiosk&from=now-5m&to=now&refresh=30s&theme=light" "Mozilla/5.0 (Windows NT 10.0; Win64; x64) AppleWebKit/537.36 (KHTML, like Gecko) Chrome/127.0.0.0 Safari/537.36" 1490 0.011 [cattle-system-rancher-80] [] 10.52.0.73:80 2 0.010 200 c71bd2c66f3529090105c1674294b157
2024-08-06T02:41:00.721015551Z 10.52.0.0 - - [06/Aug/2024:02:41:00 +0000] "POST /api/v1/namespaces/cattle-monitoring-system/services/http:rancher-monitoring-grafana:80/proxy/api/ds/query HTTP/1.1" 200 8133 "https://harvester.calgaryserver.ca/api/v1/namespaces/cattle-monitoring-system/services/http:rancher-monitoring-grafana:80/proxy/d/rancher-cluster-nodes-1/rancher-cluster-nodes?orgId=1&kiosk&from=now-5m&to=now&refresh=30s&theme=light" "Mozilla/5.0 (Windows NT 10.0; Win64; x64) AppleWebKit/537.36 (KHTML, like Gecko) Chrome/127.0.0.0 Safari/537.36" 2751 0.015 [cattle-system-rancher-80] [] 10.52.1.5:80 8127 0.016 200 e3643d4cdec5374a873eb3672db1b2c5
2024-08-06T02:41:26.392597553Z 10.52.0.0 - - [06/Aug/2024:02:41:26 +0000] "GET /version HTTP/2.0" 200 286 "-" "curl/8.0.1" 36 0.003 [cattle-system-rancher-80] [] 10.52.2.3:80 286 0.002 200 a16eb9127f97c1e23790e7df1bbd1375
2024-08-06T02:41:33.500889695Z 10.52.3.0 - - [06/Aug/2024:02:41:33 +0000] "GET /version HTTP/2.0" 200 286 "-" "curl/8.0.1" 36 0.002 [cattle-system-rancher-80] [] 10.52.2.3:80 286 0.003 200 8413a24f4203cb746c325c583676b849
2024-08-06T02:41:59.091797797Z 10.52.0.0 - - [06/Aug/2024:02:41:59 +0000] "GET /v1/metrics.k8s.io.nodes HTTP/1.1" 200 2335 "https://harvester.calgaryserver.ca/dashboard/c/local/explorer" "Mozilla/5.0 (Windows NT 10.0; Win64; x64) AppleWebKit/537.36 (KHTML, like Gecko) Chrome/127.0.0.0 Safari/537.36" 1144 0.014 [cattle-system-rancher-80] [] 10.52.2.3:80 2342 0.014 200 69a53af61d23d399201765912a9a3db0
2024-08-06T02:42:01.064961893Z 10.52.0.0 - - [06/Aug/2024:02:42:01 +0000] "POST /api/v1/namespaces/cattle-monitoring-system/services/http:rancher-monitoring-grafana:80/proxy/api/ds/query HTTP/1.1" 200 8140 "https://harvester.calgaryserver.ca/api/v1/namespaces/cattle-monitoring-system/services/http:rancher-monitoring-grafana:80/proxy/d/rancher-cluster-nodes-1/rancher-cluster-nodes?orgId=1&kiosk&from=now-5m&to=now&refresh=30s&theme=light" "Mozilla/5.0 (Windows NT 10.0; Win64; x64) AppleWebKit/537.36 (KHTML, like Gecko) Chrome/127.0.0.0 Safari/537.36" 2751 0.342 [cattle-system-rancher-80] [] 10.52.2.3:80 8134 0.342 200 729eaa0a4286cda370a8c77245ea010c
2024-08-06T02:42:03.513029946Z 10.52.3.0 - - [06/Aug/2024:02:42:03 +0000] "GET /version HTTP/2.0" 200 286 "-" "curl/8.0.1" 36 0.002 [cattle-system-rancher-80] [] 10.52.0.73:80 286 0.003 200 e99d9c562f7d309dc2f5db74d38ec3d8
2024-08-06T02:42:29.083284049Z 10.52.0.0 - - [06/Aug/2024:02:42:29 +0000] "GET /v1/metrics.k8s.io.nodes HTTP/1.1" 200 2337 "https://harvester.calgaryserver.ca/dashboard/c/local/explorer" "Mozilla/5.0 (Windows NT 10.0; Win64; x64) AppleWebKit/537.36 (KHTML, like Gecko) Chrome/127.0.0.0 Safari/537.36" 1144 0.011 [cattle-system-rancher-80] [] 10.52.0.73:80 2344 0.011 200 cd71a7028edda082057440bf3b88812a
2024-08-06T02:43:02.995380662Z 10.10.110.71 - - [06/Aug/2024:02:43:02 +0000] "GET /version HTTP/2.0" 200 286 "-" "curl/8.0.1" 36 0.002 [cattle-system-rancher-80] [] 10.52.1.5:80 286 0.002 200 c2752c28bcef0e1d2c9af3291118914c
2024-08-06T02:43:03.480448131Z 10.52.3.0 - - [06/Aug/2024:02:43:03 +0000] "GET /version HTTP/2.0" 200 286 "-" "curl/8.0.1" 36 0.002 [cattle-system-rancher-80] [] 10.52.0.73:80 286 0.003 200 fc64d51c43a7b48276232a836434ea83
2024-08-06T02:43:29.087450442Z 10.52.0.0 - - [06/Aug/2024:02:43:29 +0000] "GET /v1/metrics.k8s.io.nodes HTTP/1.1" 200 2343 "https://harvester.calgaryserver.ca/dashboard/c/local/explorer" "Mozilla/5.0 (Windows NT 10.0; Win64; x64) AppleWebKit/537.36 (KHTML, like Gecko) Chrome/127.0.0.0 Safari/537.36" 1144 0.011 [cattle-system-rancher-80] [] 10.52.0.73:80 2350 0.012 200 b32cfe748aba4d2c5dc98a91c28e0642
2024-08-06T02:43:30.747713320Z 10.52.0.0 - - [06/Aug/2024:02:43:30 +0000] "GET /api/v1/namespaces/cattle-monitoring-system/services/http:rancher-monitoring-grafana:80/proxy/api/annotations?from=1722911911738&to=1722912211738&limit=100&matchAny=false&dashboardUID=rancher-cluster-nodes-1 HTTP/1.1" 200 2 "https://harvester.calgaryserver.ca/api/v1/namespaces/cattle-monitoring-system/services/http:rancher-monitoring-grafana:80/proxy/d/rancher-cluster-nodes-1/rancher-cluster-nodes?orgId=1&kiosk&from=now-5m&to=now&refresh=30s&theme=light" "Mozilla/5.0 (Windows NT 10.0; Win64; x64) AppleWebKit/537.36 (KHTML, like Gecko) Chrome/127.0.0.0 Safari/537.36" 1490 0.008 [cattle-system-rancher-80] [] 10.52.0.73:80 2 0.008 200 56e35f5d813b9acd63a3d3843b546670
2024-08-06T02:44:33.518393676Z 10.52.3.0 - - [06/Aug/2024:02:44:33 +0000] "GET /version HTTP/2.0" 200 286 "-" "curl/8.0.1" 36 0.003 [cattle-system-rancher-80] [] 10.52.1.5:80 286 0.002 200 cf3403f2638a35e3fed8f1eacce8d74e
2024-08-06T02:45:00.768173603Z 10.52.0.0 - - [06/Aug/2024:02:45:00 +0000] "POST /api/v1/namespaces/cattle-monitoring-system/services/http:rancher-monitoring-grafana:80/proxy/api/ds/query HTTP/1.1" 200 8145 "https://harvester.calgaryserver.ca/api/v1/namespaces/cattle-monitoring-system/services/http:rancher-monitoring-grafana:80/proxy/d/rancher-cluster-nodes-1/rancher-cluster-nodes?orgId=1&kiosk&from=now-5m&to=now&refresh=30s&theme=light" "Mozilla/5.0 (Windows NT 10.0; Win64; x64) AppleWebKit/537.36 (KHTML, like Gecko) Chrome/127.0.0.0 Safari/537.36" 2751 0.014 [cattle-system-rancher-80] [] 10.52.1.5:80 8131 0.014 200 e057523539a7f7801e2076c58877ae76
2024-08-06T02:45:23.090455516Z 10.52.2.0 - - [06/Aug/2024:02:45:23 +0000] "GET /version HTTP/2.0" 200 286 "-" "curl/8.0.1" 36 0.002 [cattle-system-rancher-80] [] 10.52.0.73:80 286 0.002 200 e786764909e2cc47bef8ec527e6be68b
2024-08-06T02:45:26.364359106Z 10.52.0.0 - - [06/Aug/2024:02:45:26 +0000] "GET /version HTTP/2.0" 200 286 "-" "curl/8.0.1" 36 0.002 [cattle-system-rancher-80] [] 10.52.2.3:80 286 0.002 200 309febf92d95b4bf3296219041c21272
2024-08-06T02:45:56.375484363Z 10.52.0.0 - - [06/Aug/2024:02:45:56 +0000] "GET /version HTTP/2.0" 200 286 "-" "curl/8.0.1" 36 0.003 [cattle-system-rancher-80] [] 10.52.2.3:80 286 0.003 200 7e7615b46d3e7e1f2c7744daa85e2fcf
2024-08-06T02:46:00.774653991Z 10.52.0.0 - - [06/Aug/2024:02:46:00 +0000] "GET /api/v1/namespaces/cattle-monitoring-system/services/http:rancher-monitoring-grafana:80/proxy/api/annotations?from=1722912061773&to=1722912361773&limit=100&matchAny=false&dashboardUID=rancher-cluster-nodes-1 HTTP/1.1" 200 2 "https://harvester.calgaryserver.ca/api/v1/namespaces/cattle-monitoring-system/services/http:rancher-monitoring-grafana:80/proxy/d/rancher-cluster-nodes-1/rancher-cluster-nodes?orgId=1&kiosk&from=now-5m&to=now&refresh=30s&theme=light" "Mozilla/5.0 (Windows NT 10.0; Win64; x64) AppleWebKit/537.36 (KHTML, like Gecko) Chrome/127.0.0.0 Safari/537.36" 1490 0.009 [cattle-system-rancher-80] [] 10.52.1.5:80 2 0.009 200 354e4f9e34c49185328bbc28e221c328
2024-08-06T02:46:00.778128716Z 10.52.0.0 - - [06/Aug/2024:02:46:00 +0000] "POST /api/v1/namespaces/cattle-monitoring-system/services/http:rancher-monitoring-grafana:80/proxy/api/ds/query HTTP/1.1" 200 3352 "https://harvester.calgaryserver.ca/api/v1/namespaces/cattle-monitoring-system/services/http:rancher-monitoring-grafana:80/proxy/d/rancher-cluster-nodes-1/rancher-cluster-nodes?orgId=1&kiosk&from=now-5m&to=now&refresh=30s&theme=light" "Mozilla/5.0 (Windows NT 10.0; Win64; x64) AppleWebKit/537.36 (KHTML, like Gecko) Chrome/127.0.0.0 Safari/537.36" 2098 0.012 [cattle-system-rancher-80] [] 10.52.1.5:80 3352 0.013 200 f8bbe8386d84cf0f8a0e8f8d2d78f333
2024-08-06T02:46:03.497574009Z 10.52.3.0 - - [06/Aug/2024:02:46:03 +0000] "GET /version HTTP/2.0" 200 286 "-" "curl/8.0.1" 36 0.003 [cattle-system-rancher-80] [] 10.52.2.3:80 286 0.002 200 8042e42b3cdbcf670c2329854ff00d18
2024-08-06T02:46:23.086062077Z 10.52.2.0 - - [06/Aug/2024:02:46:23 +0000] "GET /version HTTP/2.0" 200 286 "-" "curl/8.0.1" 36 0.002 [cattle-system-rancher-80] [] 10.52.0.73:80 286 0.003 200 19826fe24a6c9dce3439df5fed4e2749
2024-08-06T02:46:30.860637413Z 10.52.0.0 - - [06/Aug/2024:02:46:30 +0000] "GET /api/v1/namespaces/cattle-monitoring-system/services/http:rancher-monitoring-grafana:80/proxy/api/annotations?from=1722912091780&to=1722912391780&limit=100&matchAny=false&dashboardUID=rancher-cluster-nodes-1 HTTP/1.1" 200 2 "https://harvester.calgaryserver.ca/api/v1/namespaces/cattle-monitoring-system/services/http:rancher-monitoring-grafana:80/proxy/d/rancher-cluster-nodes-1/rancher-cluster-nodes?orgId=1&kiosk&from=now-5m&to=now&refresh=30s&theme=light" "Mozilla/5.0 (Windows NT 10.0; Win64; x64) AppleWebKit/537.36 (KHTML, like Gecko) Chrome/127.0.0.0 Safari/537.36" 1490 0.083 [cattle-system-rancher-80] [] 10.52.1.5:80 2 0.082 200 c75985a9df461652aa53e0c3db08981b
2024-08-06T02:46:33.028282701Z 10.10.110.71 - - [06/Aug/2024:02:46:33 +0000] "GET /version HTTP/2.0" 200 286 "-" "curl/8.0.1" 36 0.002 [cattle-system-rancher-80] [] 10.52.2.3:80 286 0.002 200 d1004d8d9e4c182f5065cefc56f50e23
2024-08-06T02:47:00.799818527Z 10.52.0.0 - - [06/Aug/2024:02:47:00 +0000] "POST /api/v1/namespaces/cattle-monitoring-system/services/http:rancher-monitoring-grafana:80/proxy/api/ds/query HTTP/1.1" 200 3075 "https://harvester.calgaryserver.ca/api/v1/namespaces/cattle-monitoring-system/services/http:rancher-monitoring-grafana:80/proxy/d/rancher-cluster-nodes-1/rancher-cluster-nodes?orgId=1&kiosk&from=now-5m&to=now&refresh=30s&theme=light" "Mozilla/5.0 (Windows NT 10.0; Win64; x64) AppleWebKit/537.36 (KHTML, like Gecko) Chrome/127.0.0.0 Safari/537.36" 2042 0.011 [cattle-system-rancher-80] [] 10.52.2.3:80 3075 0.011 200 bb6ddbf0ed761f7d937ed215802492ce
2024-08-06T02:47:03.031468925Z 10.10.110.71 - - [06/Aug/2024:02:47:03 +0000] "GET /version HTTP/2.0" 200 286 "-" "curl/8.0.1" 36 0.002 [cattle-system-rancher-80] [] 10.52.1.5:80 286 0.002 200 675dc1e65d79f38fefc9951e76978217
2024-08-06T02:47:03.487538353Z 10.52.3.0 - - [06/Aug/2024:02:47:03 +0000] "GET /version HTTP/2.0" 200 286 "-" "curl/8.0.1" 36 0.003 [cattle-system-rancher-80] [] 10.52.2.3:80 286 0.002 200 8bb13fa3b8df7b36b8f95de323916f64
2024-08-06T02:47:23.066720531Z 10.52.2.0 - - [06/Aug/2024:02:47:23 +0000] "GET /version HTTP/2.0" 200 286 "-" "curl/8.0.1" 36 0.003 [cattle-system-rancher-80] [] 10.52.1.5:80 286 0.002 200 fd065fad2afbb7e287f67da8fb58be18
2024-08-06T02:47:26.367255686Z 10.52.0.0 - - [06/Aug/2024:02:47:26 +0000] "GET /version HTTP/2.0" 200 286 "-" "curl/8.0.1" 36 0.002 [cattle-system-rancher-80] [] 10.52.2.3:80 286 0.003 200 fd41c9a08f25b04530b6f20401aaa626
2024-08-06T02:47:33.473389086Z 10.52.3.0 - - [06/Aug/2024:02:47:33 +0000] "GET /version HTTP/2.0" 200 286 "-" "curl/8.0.1" 36 0.002 [cattle-system-rancher-80] [] 10.52.1.5:80 286 0.002 200 9c882a92d9cc51ed2c773601fcf0e5ad
2024-08-06T02:47:47.869507006Z 10.52.0.0 - - [06/Aug/2024:02:47:47 +0000] "POST /v1/harvester/harvesterhci.io.supportbundles/harvester-system HTTP/1.1" 201 941 "https://harvester.calgaryserver.ca/dashboard/harvester/c/local/support" "Mozilla/5.0 (Windows NT 10.0; Win64; x64) AppleWebKit/537.36 (KHTML, like Gecko) Chrome/127.0.0.0 Safari/537.36" 2241 0.009 [cattle-system-rancher-80] [] 10.52.2.3:80 941 0.009 201 ffa38ed6037ebd540dd5c73f34feb50e
2024-08-06T02:47:57.015851174Z 10.52.0.0 - - [06/Aug/2024:02:47:57 +0000] "GET /v1/harvester/harvesterhci.io.supportbundles/harvester-system/bundle-jk7b5 HTTP/1.1" 200 1036 "https://harvester.calgaryserver.ca/dashboard/harvester/c/local/support" "Mozilla/5.0 (Windows NT 10.0; Win64; x64) AppleWebKit/537.36 (KHTML, like Gecko) Chrome/127.0.0.0 Safari/537.36" 1203 0.006 [cattle-system-rancher-80] [] 10.52.0.73:80 1036 0.005 200 97f879f7d6274b23e9caf91cb0153691
2024-08-06T02:48:00.187158962Z 10.52.0.0 - - [06/Aug/2024:02:48:00 +0000] "POST /api/v1/namespaces/cattle-monitoring-system/services/http:rancher-monitoring-grafana:80/proxy/api/ds/query HTTP/1.1" 200 8148 "https://harvester.calgaryserver.ca/api/v1/namespaces/cattle-monitoring-system/services/http:rancher-monitoring-grafana:80/proxy/d/rancher-cluster-nodes-1/rancher-cluster-nodes?orgId=1&kiosk&from=now-5m&to=now&refresh=30s&theme=light" "Mozilla/5.0 (Windows NT 10.0; Win64; x64) AppleWebKit/537.36 (KHTML, like Gecko) Chrome/127.0.0.0 Safari/537.36" 2751 0.016 [cattle-system-rancher-80] [] 10.52.0.73:80 8134 0.016 200 d81c87f90e1afe837d638f4fd5353311
2024-08-06T02:48:01.500507167Z 10.52.0.0 - - [06/Aug/2024:02:48:01 +0000] "GET /api/v1/namespaces/cattle-monitoring-system/services/http:rancher-monitoring-grafana:80/proxy/api/annotations?from=1722912182499&to=1722912482499&limit=100&matchAny=false&dashboardUID=rancher-cluster-nodes-1 HTTP/1.1" 200 2 "https://harvester.calgaryserver.ca/api/v1/namespaces/cattle-monitoring-system/services/http:rancher-monitoring-grafana:80/proxy/d/rancher-cluster-nodes-1/rancher-cluster-nodes?orgId=1&kiosk&from=now-5m&to=now&refresh=30s&theme=light" "Mozilla/5.0 (Windows NT 10.0; Win64; x64) AppleWebKit/537.36 (KHTML, like Gecko) Chrome/127.0.0.0 Safari/537.36" 1490 0.008 [cattle-system-rancher-80] [] 10.52.2.3:80 2 0.007 200 8c4884fa513eb0e83ca1d748c9cfb931
2024-08-06T02:48:01.508094733Z 10.52.0.0 - - [06/Aug/2024:02:48:01 +0000] "POST /api/v1/namespaces/cattle-monitoring-system/services/http:rancher-monitoring-grafana:80/proxy/api/ds/query HTTP/1.1" 200 3354 "https://harvester.calgaryserver.ca/api/v1/namespaces/cattle-monitoring-system/services/http:rancher-monitoring-grafana:80/proxy/d/rancher-cluster-nodes-1/rancher-cluster-nodes?orgId=1&kiosk&from=now-5m&to=now&refresh=30s&theme=light" "Mozilla/5.0 (Windows NT 10.0; Win64; x64) AppleWebKit/537.36 (KHTML, like Gecko) Chrome/127.0.0.0 Safari/537.36" 2098 0.012 [cattle-system-rancher-80] [] 10.52.2.3:80 3354 0.013 200 fef5dcbcc9e17912279dc5ef8d8823dc
2024-08-06T02:48:02.994386891Z 10.10.110.71 - - [06/Aug/2024:02:48:02 +0000] "GET /version HTTP/2.0" 200 286 "-" "curl/8.0.1" 36 0.001 [cattle-system-rancher-80] [] 10.52.1.5:80 286 0.002 200 1ad0858465f74219bac5f5d80c01d83d
2024-08-06T02:48:03.021581104Z 10.52.0.0 - - [06/Aug/2024:02:48:03 +0000] "GET /v1/harvester/harvesterhci.io.supportbundles/harvester-system/bundle-jk7b5 HTTP/1.1" 200 1037 "https://harvester.calgaryserver.ca/dashboard/harvester/c/local/support" "Mozilla/5.0 (Windows NT 10.0; Win64; x64) AppleWebKit/537.36 (KHTML, like Gecko) Chrome/127.0.0.0 Safari/537.36" 1203 0.006 [cattle-system-rancher-80] [] 10.52.1.5:80 1037 0.005 200 c10e199c4d5b8b1c86fbae56657bdb6d
2024-08-06T02:48:03.490332415Z 10.52.3.0 - - [06/Aug/2024:02:48:03 +0000] "GET /version HTTP/2.0" 200 286 "-" "curl/8.0.1" 36 0.002 [cattle-system-rancher-80] [] 10.52.1.5:80 286 0.002 200 06e87ecbe60c7f1054474237fa878d24
2024-08-06T02:48:06.015913793Z 10.52.0.0 - - [06/Aug/2024:02:48:06 +0000] "GET /v1/harvester/harvesterhci.io.supportbundles/harvester-system/bundle-jk7b5 HTTP/1.1" 200 1037 "https://harvester.calgaryserver.ca/dashboard/harvester/c/local/support" "Mozilla/5.0 (Windows NT 10.0; Win64; x64) AppleWebKit/537.36 (KHTML, like Gecko) Chrome/127.0.0.0 Safari/537.36" 1203 0.007 [cattle-system-rancher-80] [] 10.52.2.3:80 1037 0.007 200 b8c1caf757296d64f54768c4af95c609
2024-08-06T02:48:27.019468296Z 10.52.0.0 - - [06/Aug/2024:02:48:27 +0000] "GET /v1/harvester/harvesterhci.io.supportbundles/harvester-system/bundle-jk7b5 HTTP/1.1" 200 1037 "https://harvester.calgaryserver.ca/dashboard/harvester/c/local/support" "Mozilla/5.0 (Windows NT 10.0; Win64; x64) AppleWebKit/537.36 (KHTML, like Gecko) Chrome/127.0.0.0 Safari/537.36" 1203 0.007 [cattle-system-rancher-80] [] 10.52.2.3:80 1037 0.006 200 fbd642029f44b3ad3310bd338d99b333
2024-08-06T02:48:33.014724731Z 10.52.0.0 - - [06/Aug/2024:02:48:33 +0000] "GET /v1/harvester/harvesterhci.io.supportbundles/harvester-system/bundle-jk7b5 HTTP/1.1" 200 1037 "https://harvester.calgaryserver.ca/dashboard/harvester/c/local/support" "Mozilla/5.0 (Windows NT 10.0; Win64; x64) AppleWebKit/537.36 (KHTML, like Gecko) Chrome/127.0.0.0 Safari/537.36" 1203 0.006 [cattle-system-rancher-80] [] 10.52.1.5:80 1037 0.005 200 08ca8e757846fc2af32713c0a5129d59
2024-08-06T02:48:39.017310123Z 10.52.0.0 - - [06/Aug/2024:02:48:39 +0000] "GET /v1/harvester/harvesterhci.io.supportbundles/harvester-system/bundle-jk7b5 HTTP/1.1" 200 1037 "https://harvester.calgaryserver.ca/dashboard/harvester/c/local/support" "Mozilla/5.0 (Windows NT 10.0; Win64; x64) AppleWebKit/537.36 (KHTML, like Gecko) Chrome/127.0.0.0 Safari/537.36" 1203 0.007 [cattle-system-rancher-80] [] 10.52.2.3:80 1037 0.007 200 25f5d08e67f3cb41b34297e18993247e
2024-08-06T02:48:53.077892233Z 10.52.2.0 - - [06/Aug/2024:02:48:53 +0000] "GET /version HTTP/2.0" 200 286 "-" "curl/8.0.1" 36 0.002 [cattle-system-rancher-80] [] 10.52.0.73:80 286 0.003 200 6c9e002fd2886b2d92bcf423a33eb2f3
2024-08-06T02:48:56.361379665Z 10.52.0.0 - - [06/Aug/2024:02:48:56 +0000] "GET /version HTTP/2.0" 200 286 "-" "curl/8.0.1" 36 0.002 [cattle-system-rancher-80] [] 10.52.1.5:80 286 0.003 200 9d54a558b6854e8d2515d00287aa59b8
2024-08-06T02:48:59.478608669Z 10.52.0.0 - - [06/Aug/2024:02:48:59 +0000] "GET /v1/batch.jobs HTTP/1.1" 200 18855 "https://harvester.calgaryserver.ca/dashboard/c/local/explorer/workload" "Mozilla/5.0 (Windows NT 10.0; Win64; x64) AppleWebKit/537.36 (KHTML, like Gecko) Chrome/127.0.0.0 Safari/537.36" 1143 0.022 [cattle-system-rancher-80] [] 10.52.0.73:80 18890 0.022 200 6bc2c3ce1fd41c6ebbe63e553bb03778
2024-08-06T02:48:59.480883015Z 10.52.0.0 - - [06/Aug/2024:02:48:59 +0000] "GET /v1/apps.statefulsets HTTP/1.1" 200 9328 "https://harvester.calgaryserver.ca/dashboard/c/local/explorer/workload" "Mozilla/5.0 (Windows NT 10.0; Win64; x64) AppleWebKit/537.36 (KHTML, like Gecko) Chrome/127.0.0.0 Safari/537.36" 1150 0.017 [cattle-system-rancher-80] [] 10.52.1.5:80 9342 0.017 200 93f6551a560b8d937081f73c8f160c52
2024-08-06T02:48:59.483500392Z 10.52.0.0 - - [06/Aug/2024:02:48:59 +0000] "GET /v1/nodes HTTP/1.1" 200 9666 "https://harvester.calgaryserver.ca/dashboard/c/local/explorer/workload" "Mozilla/5.0 (Windows NT 10.0; Win64; x64) AppleWebKit/537.36 (KHTML, like Gecko) Chrome/127.0.0.0 Safari/537.36" 1138 0.028 [cattle-system-rancher-80] [] 10.52.2.3:80 9680 0.027 200 34ca3cac42b2e8589976c617b3961ff0
2024-08-06T02:49:04.365833637Z 10.52.0.0 - - [06/Aug/2024:02:49:04 +0000] "GET /api/v1/namespaces/cattle-monitoring-system/services/http:rancher-monitoring-grafana:80/proxy/api/dashboards/uid/rancher-workload-pods-1 HTTP/1.1" 200 13595 "https://harvester.calgaryserver.ca/dashboard/c/local/explorer/apps.daemonset/harvester-system/virt-handler" "Mozilla/5.0 (Windows NT 10.0; Win64; x64) AppleWebKit/537.36 (KHTML, like Gecko) Chrome/127.0.0.0 Safari/537.36" 1301 0.009 [cattle-system-rancher-80] [] 10.52.0.73:80 13588 0.010 200 5f916718684a97e67d70ace273ff6a9d
2024-08-06T02:49:09.016163812Z 10.52.0.0 - - [06/Aug/2024:02:49:09 +0000] "GET /v1/harvester/harvesterhci.io.supportbundles/harvester-system/bundle-jk7b5 HTTP/1.1" 200 1037 "https://harvester.calgaryserver.ca/dashboard/harvester/c/local/support" "Mozilla/5.0 (Windows NT 10.0; Win64; x64) AppleWebKit/537.36 (KHTML, like Gecko) Chrome/127.0.0.0 Safari/537.36" 1203 0.007 [cattle-system-rancher-80] [] 10.52.2.3:80 1037 0.008 200 ff0795d7ab4f7cca95acccc30622724c
2024-08-06T02:49:12.036260685Z 10.52.0.0 - - [06/Aug/2024:02:49:12 +0000] "GET /v1/harvester/harvesterhci.io.supportbundles/harvester-system/bundle-jk7b5 HTTP/1.1" 200 1037 "https://harvester.calgaryserver.ca/dashboard/harvester/c/local/support" "Mozilla/5.0 (Windows NT 10.0; Win64; x64) AppleWebKit/537.36 (KHTML, like Gecko) Chrome/127.0.0.0 Safari/537.36" 1203 0.006 [cattle-system-rancher-80] [] 10.52.0.73:80 1037 0.007 200 f95d4025ed70ca05ed4d3762a1ae8654
2024-08-06T02:49:15.015722783Z 10.52.0.0 - - [06/Aug/2024:02:49:15 +0000] "GET /v1/harvester/harvesterhci.io.supportbundles/harvester-system/bundle-jk7b5 HTTP/1.1" 200 1037 "https://harvester.calgaryserver.ca/dashboard/harvester/c/local/support" "Mozilla/5.0 (Windows NT 10.0; Win64; x64) AppleWebKit/537.36 (KHTML, like Gecko) Chrome/127.0.0.0 Safari/537.36" 1203 0.005 [cattle-system-rancher-80] [] 10.52.1.5:80 1037 0.005 200 185daf3896d443c8d21b5c7b4ca6c9b9
2024-08-06T02:49:36.028965884Z 10.52.0.0 - - [06/Aug/2024:02:49:36 +0000] "GET /v1/harvester/harvesterhci.io.supportbundles/harvester-system/bundle-jk7b5 HTTP/1.1" 200 1037 "https://harvester.calgaryserver.ca/dashboard/harvester/c/local/support" "Mozilla/5.0 (Windows NT 10.0; Win64; x64) AppleWebKit/537.36 (KHTML, like Gecko) Chrome/127.0.0.0 Safari/537.36" 1203 0.007 [cattle-system-rancher-80] [] 10.52.0.73:80 1037 0.007 200 bf83801956669999525d361108ba0fea
2024-08-06T02:49:46.061494629Z 10.52.0.0 - - [06/Aug/2024:02:49:46 +0000] "GET /v1/provisioning.cattle.io.clusters HTTP/1.1" 200 1960 "https://harvester.calgaryserver.ca/dashboard/c/local/explorer/apps.daemonset/harvester-system/virt-handler?mode=edit" "Mozilla/5.0 (Windows NT 10.0; Win64; x64) AppleWebKit/537.36 (KHTML, like Gecko) Chrome/127.0.0.0 Safari/537.36" 1210 0.007 [cattle-system-rancher-80] [] 10.52.0.73:80 1960 0.007 200 260fae91188e1fcadabb575930b017dc
2024-08-06T02:49:48.026818573Z 10.52.0.0 - - [06/Aug/2024:02:49:48 +0000] "GET /v1/harvester/harvesterhci.io.supportbundles/harvester-system/bundle-jk7b5 HTTP/1.1" 200 1036 "https://harvester.calgaryserver.ca/dashboard/harvester/c/local/support" "Mozilla/5.0 (Windows NT 10.0; Win64; x64) AppleWebKit/537.36 (KHTML, like Gecko) Chrome/127.0.0.0 Safari/537.36" 1203 0.007 [cattle-system-rancher-80] [] 10.52.0.73:80 1036 0.006 200 e800bf9ede57a982981265deef75b65e
2024-08-06T02:49:54.029830225Z 10.52.0.0 - - [06/Aug/2024:02:49:54 +0000] "GET /v1/harvester/harvesterhci.io.supportbundles/harvester-system/bundle-jk7b5 HTTP/1.1" 200 1037 "https://harvester.calgaryserver.ca/dashboard/harvester/c/local/support" "Mozilla/5.0 (Windows NT 10.0; Win64; x64) AppleWebKit/537.36 (KHTML, like Gecko) Chrome/127.0.0.0 Safari/537.36" 1203 0.007 [cattle-system-rancher-80] [] 10.52.0.73:80 1037 0.007 200 85422a8e174e517e3096aa912d6be3b3
2024-08-06T02:50:00.030519256Z 10.52.0.0 - - [06/Aug/2024:02:50:00 +0000] "GET /v1/harvester/harvesterhci.io.supportbundles/harvester-system/bundle-jk7b5 HTTP/1.1" 200 1038 "https://harvester.calgaryserver.ca/dashboard/harvester/c/local/support" "Mozilla/5.0 (Windows NT 10.0; Win64; x64) AppleWebKit/537.36 (KHTML, like Gecko) Chrome/127.0.0.0 Safari/537.36" 1203 0.007 [cattle-system-rancher-80] [] 10.52.1.5:80 1038 0.007 200 c34a7a9b3b71b153b61b8b667e9174d7
2024-08-06T02:50:03.014045455Z 10.10.110.71 - - [06/Aug/2024:02:50:03 +0000] "GET /version HTTP/2.0" 200 286 "-" "curl/8.0.1" 36 0.002 [cattle-system-rancher-80] [] 10.52.1.5:80 286 0.002 200 ad340f78378921ebf38883143620bbdf
2024-08-06T02:50:15.058223566Z 10.52.0.0 - - [06/Aug/2024:02:50:15 +0000] "GET /v1/harvester/harvesterhci.io.supportbundles/harvester-system/bundle-jk7b5 HTTP/1.1" 200 1038 "https://harvester.calgaryserver.ca/dashboard/harvester/c/local/support" "Mozilla/5.0 (Windows NT 10.0; Win64; x64) AppleWebKit/537.36 (KHTML, like Gecko) Chrome/127.0.0.0 Safari/537.36" 1203 0.006 [cattle-system-rancher-80] [] 10.52.2.3:80 1038 0.007 200 3011e0599e4687087b681d99238dbafd
2024-08-06T02:50:27.012883715Z 10.52.0.0 - - [06/Aug/2024:02:50:27 +0000] "GET /v1/harvester/harvesterhci.io.supportbundles/harvester-system/bundle-jk7b5 HTTP/1.1" 200 1038 "https://harvester.calgaryserver.ca/dashboard/harvester/c/local/support" "Mozilla/5.0 (Windows NT 10.0; Win64; x64) AppleWebKit/537.36 (KHTML, like Gecko) Chrome/127.0.0.0 Safari/537.36" 1203 0.006 [cattle-system-rancher-80] [] 10.52.1.5:80 1038 0.006 200 963eb189f9014ff08d9250b8103adfb9
2024-08-06T02:50:30.028995859Z 10.52.0.0 - - [06/Aug/2024:02:50:30 +0000] "GET /v1/harvester/harvesterhci.io.supportbundles/harvester-system/bundle-jk7b5 HTTP/1.1" 200 1038 "https://harvester.calgaryserver.ca/dashboard/harvester/c/local/support" "Mozilla/5.0 (Windows NT 10.0; Win64; x64) AppleWebKit/537.36 (KHTML, like Gecko) Chrome/127.0.0.0 Safari/537.36" 1203 0.005 [cattle-system-rancher-80] [] 10.52.0.73:80 1038 0.006 200 724ea8c1678fafc5ec5523c966d491ed
2024-08-06T02:51:33.491278291Z 10.52.3.0 - - [06/Aug/2024:02:51:33 +0000] "GET /version HTTP/2.0" 200 286 "-" "curl/8.0.1" 36 0.002 [cattle-system-rancher-80] [] 10.52.2.3:80 286 0.003 200 53d0e9b728eb1eb6b3c6a71347e9507b
2024-08-06T02:51:34.136580686Z 10.52.0.0 - - [06/Aug/2024:02:51:34 +0000] "GET /v1/management.cattle.io.fleetworkspaces?limit=1 HTTP/1.1" 200 612 "https://harvester.calgaryserver.ca/dashboard/harvester/c/local/support" "Mozilla/5.0 (Windows NT 10.0; Win64; x64) AppleWebKit/537.36 (KHTML, like Gecko) Chrome/127.0.0.0 Safari/537.36" 1177 0.006 [cattle-system-rancher-80] [] 10.52.2.3:80 612 0.006 200 b0e88e9465f5eaabb90fe499a1d1d729
2024-08-06T02:51:34.138020906Z 10.52.0.0 - - [06/Aug/2024:02:51:34 +0000] "GET /v1/namespaces?limit=1 HTTP/1.1" 200 1291 "https://harvester.calgaryserver.ca/dashboard/harvester/c/local/support" "Mozilla/5.0 (Windows NT 10.0; Win64; x64) AppleWebKit/537.36 (KHTML, like Gecko) Chrome/127.0.0.0 Safari/537.36" 1151 0.008 [cattle-system-rancher-80] [] 10.52.0.73:80 1291 0.008 200 9a0aadc6064bef0f63dc529f96acd243
2024-08-06T02:51:34.138044661Z 10.52.0.0 - - [06/Aug/2024:02:51:34 +0000] "GET /v1/management.cattle.io.clusters?limit=1 HTTP/1.1" 200 1362 "https://harvester.calgaryserver.ca/dashboard/harvester/c/local/support" "Mozilla/5.0 (Windows NT 10.0; Win64; x64) AppleWebKit/537.36 (KHTML, like Gecko) Chrome/127.0.0.0 Safari/537.36" 1170 0.007 [cattle-system-rancher-80] [] 10.52.2.3:80 1362 0.008 200 a831d16ca3b59c289c3866bcb7d1e5b9
2024-08-06T02:51:34.138053939Z 10.52.0.0 - - [06/Aug/2024:02:51:34 +0000] "GET /v1/management.cattle.io.features?limit=1 HTTP/1.1" 200 787 "https://harvester.calgaryserver.ca/dashboard/harvester/c/local/support" "Mozilla/5.0 (Windows NT 10.0; Win64; x64) AppleWebKit/537.36 (KHTML, like Gecko) Chrome/127.0.0.0 Safari/537.36" 1170 0.008 [cattle-system-rancher-80] [] 10.52.1.5:80 787 0.008 200 e57b06335d2c02068c9cc39d087426f0
2024-08-06T02:51:34.142681041Z 10.52.0.0 - - [06/Aug/2024:02:51:34 +0000] "GET /v1/catalog.cattle.io.apps?limit=1 HTTP/1.1" 200 2448 "https://harvester.calgaryserver.ca/dashboard/harvester/c/local/support" "Mozilla/5.0 (Windows NT 10.0; Win64; x64) AppleWebKit/537.36 (KHTML, like Gecko) Chrome/127.0.0.0 Safari/537.36" 1163 0.013 [cattle-system-rancher-80] [] 10.52.2.3:80 2455 0.012 200 2c3b7c56591839b184528ae1fad32e97
2024-08-06T02:51:35.667720593Z 10.52.0.0 - - [06/Aug/2024:02:51:35 +0000] "GET /v1/harvester/harvesterhci.io.addons?limit=1 HTTP/1.1" 200 1719 "https://harvester.calgaryserver.ca/dashboard/harvester/c/local/support" "Mozilla/5.0 (Windows NT 10.0; Win64; x64) AppleWebKit/537.36 (KHTML, like Gecko) Chrome/127.0.0.0 Safari/537.36" 1173 0.012 [cattle-system-rancher-80] [] 10.52.0.73:80 1719 0.011 200 caa0408a4c1cc2d23f30dcc2ad0d9598
2024-08-06T02:51:35.812064239Z 10.52.0.0 - - [06/Aug/2024:02:51:35 +0000] "GET /v1/harvester/namespaces?limit=1 HTTP/1.1" 200 1293 "https://harvester.calgaryserver.ca/dashboard/harvester/c/local/support" "Mozilla/5.0 (Windows NT 10.0; Win64; x64) AppleWebKit/537.36 (KHTML, like Gecko) Chrome/127.0.0.0 Safari/537.36" 1161 0.009 [cattle-system-rancher-80] [] 10.52.0.73:80 1293 0.010 200 8d25a858fb0d83580cd6d5031e40ecef
2024-08-06T02:51:35.943426563Z 10.52.0.0 - - [06/Aug/2024:02:51:35 +0000] "GET /v1/harvester/devices.harvesterhci.io.sriovnetworkdevices?limit=1 HTTP/1.1" 200 622 "https://harvester.calgaryserver.ca/dashboard/harvester/c/local/support" "Mozilla/5.0 (Windows NT 10.0; Win64; x64) AppleWebKit/537.36 (KHTML, like Gecko) Chrome/127.0.0.0 Safari/537.36" 1194 0.006 [cattle-system-rancher-80] [] 10.52.2.3:80 622 0.007 200 6a047c0ae589034b56984904d48860c0
2024-08-06T02:51:37.566150830Z 10.52.0.0 - - [06/Aug/2024:02:51:37 +0000] "GET /v1/management.cattle.io.fleetworkspaces?limit=1 HTTP/1.1" 200 612 "https://harvester.calgaryserver.ca/dashboard/c/local/explorer/apps.daemonset/harvester-system/virt-handler" "Mozilla/5.0 (Windows NT 10.0; Win64; x64) AppleWebKit/537.36 (KHTML, like Gecko) Chrome/127.0.0.0 Safari/537.36" 1213 0.006 [cattle-system-rancher-80] [] 10.52.2.3:80 612 0.007 200 62d0cefd1d2e50717fd37408f0381f37
2024-08-06T02:51:37.947126509Z 10.52.0.0 - - [06/Aug/2024:02:51:37 +0000] "GET /v1/apps.daemonsets?limit=1 HTTP/1.1" 200 3443 "https://harvester.calgaryserver.ca/dashboard/c/local/explorer/apps.daemonset/harvester-system/virt-handler" "Mozilla/5.0 (Windows NT 10.0; Win64; x64) AppleWebKit/537.36 (KHTML, like Gecko) Chrome/127.0.0.0 Safari/537.36" 1192 0.011 [cattle-system-rancher-80] [] 10.52.1.5:80 3450 0.011 200 fac4a81bc489d2ae2b4b08874bc5c4b4
2024-08-06T02:51:37.988877743Z 10.52.0.0 - - [06/Aug/2024:02:51:37 +0000] "GET /v1/services?limit=1 HTTP/1.1" 200 1161 "https://harvester.calgaryserver.ca/dashboard/c/local/explorer/apps.daemonset/harvester-system/virt-handler" "Mozilla/5.0 (Windows NT 10.0; Win64; x64) AppleWebKit/537.36 (KHTML, like Gecko) Chrome/127.0.0.0 Safari/537.36" 1185 0.006 [cattle-system-rancher-80] [] 10.52.2.3:80 1161 0.006 200 5f637a8b5f2d9c81031637f67ca3d4f3
2024-08-06T02:51:53.119537073Z 10.52.2.0 - - [06/Aug/2024:02:51:53 +0000] "GET /version HTTP/2.0" 200 286 "-" "curl/8.0.1" 36 0.002 [cattle-system-rancher-80] [] 10.52.1.5:80 286 0.002 200 b3b660309ccbceb0fce061742e9398ab
2024-08-06T02:52:35.876107607Z 10.52.0.0 - - [06/Aug/2024:02:52:35 +0000] "GET /v1/logging.banzaicloud.io.loggings HTTP/1.1" 200 1944 "https://harvester.calgaryserver.ca/dashboard/c/local/explorer/logging.banzaicloud.io.logging" "Mozilla/5.0 (Windows NT 10.0; Win64; x64) AppleWebKit/537.36 (KHTML, like Gecko) Chrome/127.0.0.0 Safari/537.36" 1186 0.008 [cattle-system-rancher-80] [] 10.52.0.73:80 1944 0.009 200 3ba7aef5881cce44bd5bebcad1030acd
2024-08-06T02:52:49.059107649Z 10.52.0.0 - - [06/Aug/2024:02:52:49 +0000] "GET /v1/devices.harvesterhci.io.sriovnetworkdevices HTTP/1.1" 200 625 "https://harvester.calgaryserver.ca/dashboard/c/local/explorer/devices.harvesterhci.io.pcidevice" "Mozilla/5.0 (Windows NT 10.0; Win64; x64) AppleWebKit/537.36 (KHTML, like Gecko) Chrome/127.0.0.0 Safari/537.36" 1201 0.006 [cattle-system-rancher-80] [] 10.52.0.73:80 625 0.007 200 d92549859e2f30256fe8033da8300ff7
2024-08-06T02:52:53.087692858Z 10.52.2.0 - - [06/Aug/2024:02:52:53 +0000] "GET /version HTTP/2.0" 200 286 "-" "curl/8.0.1" 36 0.002 [cattle-system-rancher-80] [] 10.52.1.5:80 286 0.002 200 73d4e13e8e865c3304c005747b52e4c2
2024-08-06T02:52:56.366498748Z 10.52.0.0 - - [06/Aug/2024:02:52:56 +0000] "GET /version HTTP/2.0" 200 286 "-" "curl/8.0.1" 36 0.002 [cattle-system-rancher-80] [] 10.52.0.73:80 286 0.002 200 27dd79a5a5a9b6c3926250509a22afd0
2024-08-06T02:53:03.004362729Z 10.10.110.71 - - [06/Aug/2024:02:53:03 +0000] "GET /version HTTP/2.0" 200 286 "-" "curl/8.0.1" 36 0.002 [cattle-system-rancher-80] [] 10.52.1.5:80 286 0.002 200 dbdc8f99701978ba4ecf53e28cbc9ff1
2024-08-06T02:53:23.929379086Z 10.52.0.0 - - [06/Aug/2024:02:53:23 +0000] "GET /v1/rbac.authorization.k8s.io.clusterroles HTTP/1.1" 200 32564 "https://harvester.calgaryserver.ca/dashboard/c/local/explorer/rbac.authorization.k8s.io.clusterrole" "Mozilla/5.0 (Windows NT 10.0; Win64; x64) AppleWebKit/537.36 (KHTML, like Gecko) Chrome/127.0.0.0 Safari/537.36" 1200 0.047 [cattle-system-rancher-80] [] 10.52.1.5:80 32614 0.047 200 29c120e79e73029d659fd0fe1abe2126
2024-08-06T02:53:26.366115000Z 10.52.0.0 - - [06/Aug/2024:02:53:26 +0000] "GET /version HTTP/2.0" 200 286 "-" "curl/8.0.1" 36 0.001 [cattle-system-rancher-80] [] 10.52.1.5:80 286 0.002 200 e9f8a2328af966a48d61dc9c953f7fe0
2024-08-06T02:53:32.980942896Z 10.10.110.71 - - [06/Aug/2024:02:53:32 +0000] "GET /version HTTP/2.0" 200 286 "-" "curl/8.0.1" 36 0.002 [cattle-system-rancher-80] [] 10.52.0.73:80 286 0.002 200 9156f0577bd0cb194581b578f7ace6e2
2024-08-06T02:53:50.561592912Z 10.52.0.0 - - [06/Aug/2024:02:53:50 +0000] "GET /v1/rbac.authorization.k8s.io.clusterrolebindings HTTP/1.1" 200 26765 "https://harvester.calgaryserver.ca/dashboard/c/local/explorer/rbac.authorization.k8s.io.clusterrolebinding" "Mozilla/5.0 (Windows NT 10.0; Win64; x64) AppleWebKit/537.36 (KHTML, like Gecko) Chrome/127.0.0.0 Safari/537.36" 1214 0.034 [cattle-system-rancher-80] [] 10.52.1.5:80 26813 0.033 200 ac2d873bf7c399e4ed093918a41129cc
2024-08-06T02:53:56.978392188Z 10.52.0.0 - - [06/Aug/2024:02:53:56 +0000] "GET /v1/harvester/harvesterhci.io.blockdevices?limit=1 HTTP/1.1" 200 1524 "https://harvester.calgaryserver.ca/dashboard/harvester/c/local/support" "Mozilla/5.0 (Windows NT 10.0; Win64; x64) AppleWebKit/537.36 (KHTML, like Gecko) Chrome/127.0.0.0 Safari/537.36" 1179 0.010 [cattle-system-rancher-80] [] 10.52.1.5:80 1524 0.010 200 8cd0757182b1eb1ae0d4801d894dd0b0
2024-08-06T02:54:19.163851244Z 10.52.0.0 - - [06/Aug/2024:02:54:19 +0000] "GET /v1/harvester/network.harvesterhci.io.clusternetworks?limit=1 HTTP/1.1" 200 593 "https://harvester.calgaryserver.ca/dashboard/harvester/c/local/support" "Mozilla/5.0 (Windows NT 10.0; Win64; x64) AppleWebKit/537.36 (KHTML, like Gecko) Chrome/127.0.0.0 Safari/537.36" 1190 0.007 [cattle-system-rancher-80] [] 10.52.0.73:80 593 0.006 200 17e6ce5998d11c8458d1835ddef2e6bc
2024-08-06T02:54:20.856112384Z 10.52.0.0 - - [06/Aug/2024:02:54:20 +0000] "GET /v1/harvester/kubevirt.io.virtualmachineinstancemigrations?limit=1 HTTP/1.1" 200 186 "https://harvester.calgaryserver.ca/dashboard/harvester/c/local/support" "Mozilla/5.0 (Windows NT 10.0; Win64; x64) AppleWebKit/537.36 (KHTML, like Gecko) Chrome/127.0.0.0 Safari/537.36" 1195 0.006 [cattle-system-rancher-80] [] 10.52.2.3:80 186 0.006 200 082eb3c7cdfed3babf0f8fed50807c3a
2024-08-06T02:54:33.445734585Z 10.52.3.0 - - [06/Aug/2024:02:54:33 +0000] "GET /version HTTP/2.0" 200 286 "-" "curl/8.0.1" 36 0.003 [cattle-system-rancher-80] [] 10.52.0.73:80 286 0.002 200 85a3b90d0dd361d68e6e7afd76200e61
2024-08-06T02:54:56.362118443Z 10.52.0.0 - - [06/Aug/2024:02:54:56 +0000] "GET /version HTTP/2.0" 200 286 "-" "curl/8.0.1" 36 0.002 [cattle-system-rancher-80] [] 10.52.2.3:80 286 0.003 200 d12df4dea6386411a858a9ce51a74ab1
2024-08-06T02:55:53.098999289Z 10.52.2.0 - - [06/Aug/2024:02:55:53 +0000] "GET /version HTTP/2.0" 200 286 "-" "curl/8.0.1" 36 0.002 [cattle-system-rancher-80] [] 10.52.1.5:80 286 0.002 200 ccbf1c42d3c7fe0681179475350dfc1a
2024-08-06T02:56:26.397261114Z 10.52.0.0 - - [06/Aug/2024:02:56:26 +0000] "GET /version HTTP/2.0" 200 286 "-" "curl/8.0.1" 36 0.002 [cattle-system-rancher-80] [] 10.52.2.3:80 286 0.003 200 1d8783bbe4bb5cf704178209852e2690
2024-08-06T02:57:03.003119810Z 10.10.110.71 - - [06/Aug/2024:02:57:03 +0000] "GET /version HTTP/2.0" 200 286 "-" "curl/8.0.1" 36 0.002 [cattle-system-rancher-80] [] 10.52.0.73:80 286 0.002 200 b7dbd95aa7415560d0a86a21dff799e1
2024-08-06T02:57:23.106276705Z 10.52.2.0 - - [06/Aug/2024:02:57:23 +0000] "GET /version HTTP/2.0" 200 286 "-" "curl/8.0.1" 36 0.002 [cattle-system-rancher-80] [] 10.52.1.5:80 286 0.002 200 0341189491dbf632e99c9dd57034f683
2024-08-06T02:57:53.077408043Z 10.52.2.0 - - [06/Aug/2024:02:57:53 +0000] "GET /version HTTP/2.0" 200 286 "-" "curl/8.0.1" 36 0.003 [cattle-system-rancher-80] [] 10.52.0.73:80 286 0.002 200 6992792e50690fb2227d793ff46733a6
2024-08-06T02:58:03.483265835Z 10.52.3.0 - - [06/Aug/2024:02:58:03 +0000] "GET /version HTTP/2.0" 200 286 "-" "curl/8.0.1" 36 0.002 [cattle-system-rancher-80] [] 10.52.1.5:80 286 0.002 200 49b9a692565d183b86f3efae0677c4f2
2024-08-06T02:58:27.608295280Z 10.52.0.0 - - [06/Aug/2024:02:58:27 +0000] "GET /api/v1/namespaces/cattle-monitoring-system/services/http:rancher-monitoring-grafana:80/proxy/api/dashboards/uid/rancher-workload-pods-1 HTTP/1.1" 200 13595 "https://harvester.calgaryserver.ca/dashboard/c/local/explorer/apps.daemonset/harvester-system/harvester-pcidevices-controller" "Mozilla/5.0 (Windows NT 10.0; Win64; x64) AppleWebKit/537.36 (KHTML, like Gecko) Chrome/127.0.0.0 Safari/537.36" 1320 0.015 [cattle-system-rancher-80] [] 10.52.2.3:80 13581 0.014 200 c0fd31f6a5a9ceae5eafdbbe8d2d33dd
2024-08-06T02:58:46.127971271Z 10.52.0.0 - - [06/Aug/2024:02:58:46 +0000] "GET /api/v1/namespaces/cattle-monitoring-system/services/http:rancher-monitoring-grafana:80/proxy/api/dashboards/uid/rancher-workload-pods-1 HTTP/1.1" 200 13595 "https://harvester.calgaryserver.ca/dashboard/c/local/explorer/apps.daemonset/harvester-system/virt-handler" "Mozilla/5.0 (Windows NT 10.0; Win64; x64) AppleWebKit/537.36 (KHTML, like Gecko) Chrome/127.0.0.0 Safari/537.36" 1301 0.012 [cattle-system-rancher-80] [] 10.52.0.73:80 13581 0.011 200 57566b3cba1a9894b2cd9a244d3a13c1
2024-08-06T02:59:47.674883200Z 10.52.0.0 - - [06/Aug/2024:02:59:47 +0000] "GET /v1/metrics.k8s.io.nodes/harvesterdev7 HTTP/1.1" 200 1466 "https://harvester.calgaryserver.ca/dashboard/c/local/explorer/node/harvesterdev7" "Mozilla/5.0 (Windows NT 10.0; Win64; x64) AppleWebKit/537.36 (KHTML, like Gecko) Chrome/127.0.0.0 Safari/537.36" 1177 0.008 [cattle-system-rancher-80] [] 10.52.0.73:80 1466 0.009 200 0fb8608b8731fe05926e9e6ea49a39d0
2024-08-06T02:59:53.078478378Z 10.52.2.0 - - [06/Aug/2024:02:59:53 +0000] "GET /version HTTP/2.0" 200 286 "-" "curl/8.0.1" 36 0.002 [cattle-system-rancher-80] [] 10.52.0.73:80 286 0.003 200 ec0edf0770cf6d4aafe479ffdeaf0985
2024-08-06T03:00:03.519461417Z 10.52.3.0 - - [06/Aug/2024:03:00:03 +0000] "GET /version HTTP/2.0" 200 286 "-" "curl/8.0.1" 36 0.003 [cattle-system-rancher-80] [] 10.52.2.3:80 286 0.002 200 861e60c7f21574362d52a6be8abf110d
2024-08-06T03:00:15.572223230Z 10.52.0.0 - - [06/Aug/2024:03:00:15 +0000] "GET /api/v1/namespaces/cattle-monitoring-system/services/http:rancher-monitoring-grafana:80/proxy/api/dashboards/uid/rancher-pod-containers-1 HTTP/1.1" 200 12092 "https://harvester.calgaryserver.ca/dashboard/c/local/explorer/pod/default/virt-launcher-gputest-primary-c31607d4-hpllh-kljbh" "Mozilla/5.0 (Windows NT 10.0; Win64; x64) AppleWebKit/537.36 (KHTML, like Gecko) Chrome/127.0.0.0 Safari/537.36" 1320 0.010 [cattle-system-rancher-80] [] 10.52.0.73:80 12079 0.011 200 f97e9413c353e4020355957a62e3d70f
2024-08-06T03:00:15.574824262Z 10.52.0.0 - - [06/Aug/2024:03:00:15 +0000] "GET /api/v1/namespaces/cattle-monitoring-system/services/http:rancher-monitoring-grafana:80/proxy/api/dashboards/uid/rancher-pod-1 HTTP/1.1" 200 11416 "https://harvester.calgaryserver.ca/dashboard/c/local/explorer/pod/default/virt-launcher-gputest-primary-c31607d4-hpllh-kljbh" "Mozilla/5.0 (Windows NT 10.0; Win64; x64) AppleWebKit/537.36 (KHTML, like Gecko) Chrome/127.0.0.0 Safari/537.36" 1309 0.013 [cattle-system-rancher-80] [] 10.52.2.3:80 11402 0.013 200 4cd08af4024781f616902e84667be441
2024-08-06T03:00:33.030285406Z 10.10.110.71 - - [06/Aug/2024:03:00:33 +0000] "GET /version HTTP/2.0" 200 286 "-" "curl/8.0.1" 36 0.002 [cattle-system-rancher-80] [] 10.52.1.5:80 286 0.002 200 8302469716837be3972d2709f9167e50
2024-08-06T03:00:52.075678643Z 10.52.0.0 - - [06/Aug/2024:03:00:52 +0000] "GET /api/v1/namespaces/cattle-monitoring-system/services/http:rancher-monitoring-grafana:80/proxy/public/fonts/roboto/RxZJdnzeo3R5zSexge8UUVtXRa8TVwTICgirnJhmVJw.woff2 HTTP/1.1" 200 14748 "https://harvester.calgaryserver.ca/api/v1/namespaces/cattle-monitoring-system/services/http:rancher-monitoring-grafana:80/proxy/d/rancher-pod-containers-1/rancher-pod-containers?orgId=1&kiosk&from=now-5m&to=now&refresh=30s&var-namespace=default&var-pod=virt-launcher-gputest-primary-c31607d4-hpllh-kljbh&theme=light" "Mozilla/5.0 (Windows NT 10.0; Win64; x64) AppleWebKit/537.36 (KHTML, like Gecko) Chrome/127.0.0.0 Safari/537.36" 1518 0.006 [cattle-system-rancher-80] [] 10.52.1.5:80 14748 0.006 200 bccc4243fb3c69bfa28ee5dcbe3ea6fc
2024-08-06T03:01:53.104719839Z 10.52.2.0 - - [06/Aug/2024:03:01:53 +0000] "GET /version HTTP/2.0" 200 286 "-" "curl/8.0.1" 36 0.003 [cattle-system-rancher-80] [] 10.52.1.5:80 286 0.002 200 73ff6906f6a04783bcc58cf87f9d0215
2024-08-06T03:02:26.377690421Z 10.52.0.0 - - [06/Aug/2024:03:02:26 +0000] "GET /version HTTP/2.0" 200 286 "-" "curl/8.0.1" 36 0.003 [cattle-system-rancher-80] [] 10.52.2.3:80 286 0.002 200 2199715b7c72fb1ec2b46ce04944256d
2024-08-06T03:02:33.507871835Z 10.52.3.0 - - [06/Aug/2024:03:02:33 +0000] "GET /version HTTP/2.0" 200 286 "-" "curl/8.0.1" 36 0.002 [cattle-system-rancher-80] [] 10.52.1.5:80 286 0.002 200 c79d1c0f7f7e106a5a0370efa8c56385
2024-08-06T03:03:03.003838926Z 10.10.110.71 - - [06/Aug/2024:03:03:03 +0000] "GET /version HTTP/2.0" 200 286 "-" "curl/8.0.1" 36 0.003 [cattle-system-rancher-80] [] 10.52.2.3:80 286 0.002 200 692d29d4e9fe33f0b15937b1cf84dcce
2024-08-06T03:03:23.076033644Z 10.52.2.0 - - [06/Aug/2024:03:03:23 +0000] "GET /version HTTP/2.0" 200 286 "-" "curl/8.0.1" 36 0.002 [cattle-system-rancher-80] [] 10.52.0.73:80 286 0.003 200 62da2e63a39d5a69661e921f30cfa5b2
2024-08-06T03:03:33.519612437Z 10.52.3.0 - - [06/Aug/2024:03:03:33 +0000] "GET /version HTTP/2.0" 200 286 "-" "curl/8.0.1" 36 0.003 [cattle-system-rancher-80] [] 10.52.0.73:80 286 0.002 200 875080b78a57f1041539e073a02a824e
2024-08-06T03:04:33.465663841Z 10.52.3.0 - - [06/Aug/2024:03:04:33 +0000] "GET /version HTTP/2.0" 200 286 "-" "curl/8.0.1" 36 0.002 [cattle-system-rancher-80] [] 10.52.1.5:80 286 0.002 200 acd04feb08ecb946ee74c8dc1a5cd21f
2024-08-06T03:04:56.388109027Z 10.52.0.0 - - [06/Aug/2024:03:04:56 +0000] "GET /version HTTP/2.0" 200 286 "-" "curl/8.0.1" 36 0.002 [cattle-system-rancher-80] [] 10.52.2.3:80 286 0.003 200 d5ac3809f71142605710138f69c9f05d
2024-08-06T03:05:56.396978008Z 10.52.0.0 - - [06/Aug/2024:03:05:56 +0000] "GET /version HTTP/2.0" 200 286 "-" "curl/8.0.1" 36 0.003 [cattle-system-rancher-80] [] 10.52.0.73:80 286 0.003 200 0d9434ca12ff7e1700ac090b8008a0cd
2024-08-06T03:06:03.019624314Z 10.10.110.71 - - [06/Aug/2024:03:06:03 +0000] "GET /version HTTP/2.0" 200 286 "-" "curl/8.0.1" 36 0.002 [cattle-system-rancher-80] [] 10.52.2.3:80 286 0.002 200 a854291b2281c4619470eaed87a2ad4c
2024-08-06T03:06:26.363283009Z 10.52.0.0 - - [06/Aug/2024:03:06:26 +0000] "GET /version HTTP/2.0" 200 286 "-" "curl/8.0.1" 36 0.002 [cattle-system-rancher-80] [] 10.52.2.3:80 286 0.003 200 061233dfb2759f9f26c624e46d00b92d
2024-08-06T03:06:53.088476374Z 10.52.2.0 - - [06/Aug/2024:03:06:53 +0000] "GET /version HTTP/2.0" 200 286 "-" "curl/8.0.1" 36 0.003 [cattle-system-rancher-80] [] 10.52.0.73:80 286 0.002 200 691a91032a8419b0aa6b6d3d76b6521f
2024-08-06T03:07:03.478710026Z 10.52.3.0 - - [06/Aug/2024:03:07:03 +0000] "GET /version HTTP/2.0" 200 286 "-" "curl/8.0.1" 36 0.002 [cattle-system-rancher-80] [] 10.52.0.73:80 286 0.002 200 549a31367ce25b4989cd9acc4ae0eaee
2024-08-06T03:07:26.379147967Z 10.52.0.0 - - [06/Aug/2024:03:07:26 +0000] "GET /version HTTP/2.0" 200 286 "-" "curl/8.0.1" 36 0.002 [cattle-system-rancher-80] [] 10.52.1.5:80 286 0.002 200 539066562363d8199185c2af1e07856d
2024-08-06T03:08:03.475770538Z 10.52.3.0 - - [06/Aug/2024:03:08:03 +0000] "GET /version HTTP/2.0" 200 286 "-" "curl/8.0.1" 36 0.003 [cattle-system-rancher-80] [] 10.52.2.3:80 286 0.002 200 7f133b19ec91319bb497a24a68b5c93b
