2024-08-06T02:38:23.086247745Z 10.10.110.61 - - [06/Aug/2024:02:38:23 +0000] "GET /version HTTP/2.0" 200 286 "-" "curl/8.0.1" 36 0.002 [cattle-system-rancher-80] [] 10.52.1.5:80 286 0.002 200 a8adaa769508508ba2a0c59e0d479755
2024-08-06T02:38:59.082106615Z 10.52.0.0 - - [06/Aug/2024:02:38:59 +0000] "GET /v1/metrics.k8s.io.nodes HTTP/1.1" 200 2343 "https://harvester.calgaryserver.ca/dashboard/c/local/explorer" "Mozilla/5.0 (Windows NT 10.0; Win64; x64) AppleWebKit/537.36 (KHTML, like Gecko) Chrome/127.0.0.0 Safari/537.36" 1144 0.013 [cattle-system-rancher-80] [] 10.52.0.73:80 2350 0.013 200 50ca4a53e096033ecbde1c32c3d58bea
2024-08-06T02:39:02.976704542Z 10.52.1.0 - - [06/Aug/2024:02:39:02 +0000] "GET /version HTTP/2.0" 200 286 "-" "curl/8.0.1" 36 0.003 [cattle-system-rancher-80] [] 10.52.0.73:80 286 0.003 200 dab6124afeb0645f6a75ccac41ec10da
2024-08-06T02:39:23.069750843Z 10.10.110.61 - - [06/Aug/2024:02:39:23 +0000] "GET /version HTTP/2.0" 200 286 "-" "curl/8.0.1" 36 0.003 [cattle-system-rancher-80] [] 10.52.1.5:80 286 0.003 200 03b0b80501de2c345ef4388dc039e85b
2024-08-06T02:39:30.718763661Z 10.52.0.0 - - [06/Aug/2024:02:39:30 +0000] "POST /api/v1/namespaces/cattle-monitoring-system/services/http:rancher-monitoring-grafana:80/proxy/api/ds/query HTTP/1.1" 200 3077 "https://harvester.calgaryserver.ca/api/v1/namespaces/cattle-monitoring-system/services/http:rancher-monitoring-grafana:80/proxy/d/rancher-cluster-nodes-1/rancher-cluster-nodes?orgId=1&kiosk&from=now-5m&to=now&refresh=30s&theme=light" "Mozilla/5.0 (Windows NT 10.0; Win64; x64) AppleWebKit/537.36 (KHTML, like Gecko) Chrome/127.0.0.0 Safari/537.36" 2042 0.016 [cattle-system-rancher-80] [] 10.52.1.5:80 3077 0.016 200 568cfeef73e04d470c2b530f647795a5
2024-08-06T02:39:30.721154157Z 10.52.0.0 - - [06/Aug/2024:02:39:30 +0000] "POST /api/v1/namespaces/cattle-monitoring-system/services/http:rancher-monitoring-grafana:80/proxy/api/ds/query HTTP/1.1" 200 8136 "https://harvester.calgaryserver.ca/api/v1/namespaces/cattle-monitoring-system/services/http:rancher-monitoring-grafana:80/proxy/d/rancher-cluster-nodes-1/rancher-cluster-nodes?orgId=1&kiosk&from=now-5m&to=now&refresh=30s&theme=light" "Mozilla/5.0 (Windows NT 10.0; Win64; x64) AppleWebKit/537.36 (KHTML, like Gecko) Chrome/127.0.0.0 Safari/537.36" 2751 0.014 [cattle-system-rancher-80] [] 10.52.0.73:80 8143 0.014 200 171282709111f05e8ca7783a6e618af6
2024-08-06T02:39:33.025562652Z 10.52.1.0 - - [06/Aug/2024:02:39:33 +0000] "GET /version HTTP/2.0" 200 286 "-" "curl/8.0.1" 36 0.004 [cattle-system-rancher-80] [] 10.52.1.5:80 286 0.003 200 15925f48c6708b70a604632909e51620
2024-08-06T02:40:26.386612924Z 10.52.0.0 - - [06/Aug/2024:02:40:26 +0000] "GET /version HTTP/2.0" 200 286 "-" "curl/8.0.1" 36 0.003 [cattle-system-rancher-80] [] 10.52.2.3:80 286 0.003 200 0136c7245ee95f8328f183f6d7800e85
2024-08-06T02:40:29.087025403Z 10.52.0.0 - - [06/Aug/2024:02:40:29 +0000] "GET /v1/metrics.k8s.io.nodes HTTP/1.1" 200 2343 "https://harvester.calgaryserver.ca/dashboard/c/local/explorer" "Mozilla/5.0 (Windows NT 10.0; Win64; x64) AppleWebKit/537.36 (KHTML, like Gecko) Chrome/127.0.0.0 Safari/537.36" 1144 0.013 [cattle-system-rancher-80] [] 10.52.0.73:80 2350 0.014 200 236e38a2ba5ae437bbcaaec716bd1f71
2024-08-06T02:40:56.357490275Z 10.52.0.0 - - [06/Aug/2024:02:40:56 +0000] "GET /version HTTP/2.0" 200 286 "-" "curl/8.0.1" 36 0.003 [cattle-system-rancher-80] [] 10.52.1.5:80 286 0.002 200 d5a5675bf93dd127ef24b6f52836cc2e
2024-08-06T02:41:00.711406198Z 10.52.0.0 - - [06/Aug/2024:02:41:00 +0000] "POST /api/v1/namespaces/cattle-monitoring-system/services/http:rancher-monitoring-grafana:80/proxy/api/ds/query HTTP/1.1" 200 3083 "https://harvester.calgaryserver.ca/api/v1/namespaces/cattle-monitoring-system/services/http:rancher-monitoring-grafana:80/proxy/d/rancher-cluster-nodes-1/rancher-cluster-nodes?orgId=1&kiosk&from=now-5m&to=now&refresh=30s&theme=light" "Mozilla/5.0 (Windows NT 10.0; Win64; x64) AppleWebKit/537.36 (KHTML, like Gecko) Chrome/127.0.0.0 Safari/537.36" 2042 0.016 [cattle-system-rancher-80] [] 10.52.0.73:80 3083 0.016 200 ac7a8969bd5dd4fa0b22f1af0c3a44c7
2024-08-06T02:41:03.471736005Z 10.52.3.0 - - [06/Aug/2024:02:41:03 +0000] "GET /version HTTP/2.0" 200 286 "-" "curl/8.0.1" 36 0.003 [cattle-system-rancher-80] [] 10.52.0.73:80 286 0.003 200 134e229f346237b6f8542b769bd80161
2024-08-06T02:41:33.025119889Z 10.52.1.0 - - [06/Aug/2024:02:41:33 +0000] "GET /version HTTP/2.0" 200 286 "-" "curl/8.0.1" 36 0.002 [cattle-system-rancher-80] [] 10.52.1.5:80 286 0.002 200 98d1d06161af9b9ff429f1ca26690705
2024-08-06T02:42:00.710067089Z 10.52.0.0 - - [06/Aug/2024:02:42:00 +0000] "GET /api/v1/namespaces/cattle-monitoring-system/services/http:rancher-monitoring-grafana:80/proxy/api/annotations?from=1722911821718&to=1722912121718&limit=100&matchAny=false&dashboardUID=rancher-cluster-nodes-1 HTTP/1.1" 200 2 "https://harvester.calgaryserver.ca/api/v1/namespaces/cattle-monitoring-system/services/http:rancher-monitoring-grafana:80/proxy/d/rancher-cluster-nodes-1/rancher-cluster-nodes?orgId=1&kiosk&from=now-5m&to=now&refresh=30s&theme=light" "Mozilla/5.0 (Windows NT 10.0; Win64; x64) AppleWebKit/537.36 (KHTML, like Gecko) Chrome/127.0.0.0 Safari/537.36" 1490 0.009 [cattle-system-rancher-80] [] 10.52.0.73:80 2 0.009 200 a7260e55658f8a589bc30e4ae5dbd621
2024-08-06T02:42:01.048944443Z 10.52.0.0 - - [06/Aug/2024:02:42:01 +0000] "POST /api/v1/namespaces/cattle-monitoring-system/services/http:rancher-monitoring-grafana:80/proxy/api/ds/query HTTP/1.1" 200 3353 "https://harvester.calgaryserver.ca/api/v1/namespaces/cattle-monitoring-system/services/http:rancher-monitoring-grafana:80/proxy/d/rancher-cluster-nodes-1/rancher-cluster-nodes?orgId=1&kiosk&from=now-5m&to=now&refresh=30s&theme=light" "Mozilla/5.0 (Windows NT 10.0; Win64; x64) AppleWebKit/537.36 (KHTML, like Gecko) Chrome/127.0.0.0 Safari/537.36" 2098 0.347 [cattle-system-rancher-80] [] 10.52.1.5:80 3353 0.347 200 04418f93c0a8961be2e883998be4812f
2024-08-06T02:42:23.065818748Z 10.10.110.61 - - [06/Aug/2024:02:42:23 +0000] "GET /version HTTP/2.0" 200 286 "-" "curl/8.0.1" 36 0.003 [cattle-system-rancher-80] [] 10.52.1.5:80 286 0.003 200 506f0e94f8401cf7743f85a8d24681f2
2024-08-06T02:42:26.358980018Z 10.52.0.0 - - [06/Aug/2024:02:42:26 +0000] "GET /version HTTP/2.0" 200 286 "-" "curl/8.0.1" 36 0.002 [cattle-system-rancher-80] [] 10.52.1.5:80 286 0.003 200 09410941e438357ef54b67965840a2a8
2024-08-06T02:42:56.362881076Z 10.52.0.0 - - [06/Aug/2024:02:42:56 +0000] "GET /version HTTP/2.0" 200 286 "-" "curl/8.0.1" 36 0.002 [cattle-system-rancher-80] [] 10.52.2.3:80 286 0.002 200 19b515501bd3dfbeebce1868ef9fd358
2024-08-06T02:43:00.725567763Z 10.52.0.0 - - [06/Aug/2024:02:43:00 +0000] "POST /api/v1/namespaces/cattle-monitoring-system/services/http:rancher-monitoring-grafana:80/proxy/api/ds/query HTTP/1.1" 200 3351 "https://harvester.calgaryserver.ca/api/v1/namespaces/cattle-monitoring-system/services/http:rancher-monitoring-grafana:80/proxy/d/rancher-cluster-nodes-1/rancher-cluster-nodes?orgId=1&kiosk&from=now-5m&to=now&refresh=30s&theme=light" "Mozilla/5.0 (Windows NT 10.0; Win64; x64) AppleWebKit/537.36 (KHTML, like Gecko) Chrome/127.0.0.0 Safari/537.36" 2098 0.013 [cattle-system-rancher-80] [] 10.52.0.73:80 3351 0.013 200 321137c03a67818f3ec76927123c4b4f
2024-08-06T02:43:00.746895899Z 10.52.0.0 - - [06/Aug/2024:02:43:00 +0000] "GET /api/v1/namespaces/cattle-monitoring-system/services/http:rancher-monitoring-grafana:80/proxy/api/annotations?from=1722911881725&to=1722912181725&limit=100&matchAny=false&dashboardUID=rancher-cluster-nodes-1 HTTP/1.1" 200 2 "https://harvester.calgaryserver.ca/api/v1/namespaces/cattle-monitoring-system/services/http:rancher-monitoring-grafana:80/proxy/d/rancher-cluster-nodes-1/rancher-cluster-nodes?orgId=1&kiosk&from=now-5m&to=now&refresh=30s&theme=light" "Mozilla/5.0 (Windows NT 10.0; Win64; x64) AppleWebKit/537.36 (KHTML, like Gecko) Chrome/127.0.0.0 Safari/537.36" 1490 0.033 [cattle-system-rancher-80] [] 10.52.2.3:80 2 0.033 200 1d5224dfa92b677ee99caadca8402966
2024-08-06T02:43:23.067739583Z 10.10.110.61 - - [06/Aug/2024:02:43:23 +0000] "GET /version HTTP/2.0" 200 286 "-" "curl/8.0.1" 36 0.003 [cattle-system-rancher-80] [] 10.52.1.5:80 286 0.003 200 f8ad003c936aa4b717cdcaf5f776afb2
2024-08-06T02:43:30.744275916Z 10.52.0.0 - - [06/Aug/2024:02:43:30 +0000] "POST /api/v1/namespaces/cattle-monitoring-system/services/http:rancher-monitoring-grafana:80/proxy/api/ds/query HTTP/1.1" 200 8144 "https://harvester.calgaryserver.ca/api/v1/namespaces/cattle-monitoring-system/services/http:rancher-monitoring-grafana:80/proxy/d/rancher-cluster-nodes-1/rancher-cluster-nodes?orgId=1&kiosk&from=now-5m&to=now&refresh=30s&theme=light" "Mozilla/5.0 (Windows NT 10.0; Win64; x64) AppleWebKit/537.36 (KHTML, like Gecko) Chrome/127.0.0.0 Safari/537.36" 2751 0.016 [cattle-system-rancher-80] [] 10.52.1.5:80 8130 0.016 200 0b448b6235137e1f32d4a4e279481ad6
2024-08-06T02:43:33.001927484Z 10.52.1.0 - - [06/Aug/2024:02:43:33 +0000] "GET /version HTTP/2.0" 200 286 "-" "curl/8.0.1" 36 0.002 [cattle-system-rancher-80] [] 10.52.1.5:80 286 0.003 200 4ff6d60dbf9fbd76f9d80db91784fd55
2024-08-06T02:43:33.524751576Z 10.52.3.0 - - [06/Aug/2024:02:43:33 +0000] "GET /version HTTP/2.0" 200 286 "-" "curl/8.0.1" 36 0.003 [cattle-system-rancher-80] [] 10.52.0.73:80 286 0.003 200 15ffd88d4bdad61a0d6c814b504effdf
2024-08-06T02:43:53.093545898Z 10.10.110.61 - - [06/Aug/2024:02:43:53 +0000] "GET /version HTTP/2.0" 200 286 "-" "curl/8.0.1" 36 0.003 [cattle-system-rancher-80] [] 10.52.0.73:80 286 0.003 200 b6f12a3e637e41bd3c032747d3678442
2024-08-06T02:43:56.344843652Z 10.52.0.0 - - [06/Aug/2024:02:43:56 +0000] "GET /version HTTP/2.0" 200 286 "-" "curl/8.0.1" 36 0.002 [cattle-system-rancher-80] [] 10.52.0.73:80 286 0.002 200 0d9c1a1605c2335eea626fe8f17d8f12
2024-08-06T02:44:00.748562260Z 10.52.0.0 - - [06/Aug/2024:02:44:00 +0000] "POST /api/v1/namespaces/cattle-monitoring-system/services/http:rancher-monitoring-grafana:80/proxy/api/ds/query HTTP/1.1" 200 3072 "https://harvester.calgaryserver.ca/api/v1/namespaces/cattle-monitoring-system/services/http:rancher-monitoring-grafana:80/proxy/d/rancher-cluster-nodes-1/rancher-cluster-nodes?orgId=1&kiosk&from=now-5m&to=now&refresh=30s&theme=light" "Mozilla/5.0 (Windows NT 10.0; Win64; x64) AppleWebKit/537.36 (KHTML, like Gecko) Chrome/127.0.0.0 Safari/537.36" 2042 0.014 [cattle-system-rancher-80] [] 10.52.1.5:80 3072 0.014 200 581f7964794e1b9942c0a57c8e11dc74
2024-08-06T02:44:00.752507749Z 10.52.0.0 - - [06/Aug/2024:02:44:00 +0000] "POST /api/v1/namespaces/cattle-monitoring-system/services/http:rancher-monitoring-grafana:80/proxy/api/ds/query HTTP/1.1" 200 8141 "https://harvester.calgaryserver.ca/api/v1/namespaces/cattle-monitoring-system/services/http:rancher-monitoring-grafana:80/proxy/d/rancher-cluster-nodes-1/rancher-cluster-nodes?orgId=1&kiosk&from=now-5m&to=now&refresh=30s&theme=light" "Mozilla/5.0 (Windows NT 10.0; Win64; x64) AppleWebKit/537.36 (KHTML, like Gecko) Chrome/127.0.0.0 Safari/537.36" 2751 0.016 [cattle-system-rancher-80] [] 10.52.2.3:80 8127 0.016 200 8221e64ea1cd99034ad5559ee29ae0e3
2024-08-06T02:44:03.498741277Z 10.52.3.0 - - [06/Aug/2024:02:44:03 +0000] "GET /version HTTP/2.0" 200 286 "-" "curl/8.0.1" 36 0.003 [cattle-system-rancher-80] [] 10.52.1.5:80 286 0.003 200 10309ddc18dd6f0b5c3648158542680d
2024-08-06T02:44:23.045089316Z 10.10.110.61 - - [06/Aug/2024:02:44:23 +0000] "GET /version HTTP/2.0" 200 286 "-" "curl/8.0.1" 36 0.002 [cattle-system-rancher-80] [] 10.52.2.3:80 286 0.002 200 3189c61c7c7f3ed398f417665d12b60b
2024-08-06T02:44:26.362517432Z 10.52.0.0 - - [06/Aug/2024:02:44:26 +0000] "GET /version HTTP/2.0" 200 286 "-" "curl/8.0.1" 36 0.002 [cattle-system-rancher-80] [] 10.52.2.3:80 286 0.002 200 8f3ebf49f876821f931730f8da46e3ec
2024-08-06T02:44:30.754007012Z 10.52.0.0 - - [06/Aug/2024:02:44:30 +0000] "GET /api/v1/namespaces/cattle-monitoring-system/services/http:rancher-monitoring-grafana:80/proxy/api/annotations?from=1722911971758&to=1722912271758&limit=100&matchAny=false&dashboardUID=rancher-cluster-nodes-1 HTTP/1.1" 200 2 "https://harvester.calgaryserver.ca/api/v1/namespaces/cattle-monitoring-system/services/http:rancher-monitoring-grafana:80/proxy/d/rancher-cluster-nodes-1/rancher-cluster-nodes?orgId=1&kiosk&from=now-5m&to=now&refresh=30s&theme=light" "Mozilla/5.0 (Windows NT 10.0; Win64; x64) AppleWebKit/537.36 (KHTML, like Gecko) Chrome/127.0.0.0 Safari/537.36" 1490 0.009 [cattle-system-rancher-80] [] 10.52.2.3:80 2 0.009 200 78b7e5a6beca6a939011d3b9147c6786
2024-08-06T02:44:30.758790952Z 10.52.0.0 - - [06/Aug/2024:02:44:30 +0000] "POST /api/v1/namespaces/cattle-monitoring-system/services/http:rancher-monitoring-grafana:80/proxy/api/ds/query HTTP/1.1" 200 3072 "https://harvester.calgaryserver.ca/api/v1/namespaces/cattle-monitoring-system/services/http:rancher-monitoring-grafana:80/proxy/d/rancher-cluster-nodes-1/rancher-cluster-nodes?orgId=1&kiosk&from=now-5m&to=now&refresh=30s&theme=light" "Mozilla/5.0 (Windows NT 10.0; Win64; x64) AppleWebKit/537.36 (KHTML, like Gecko) Chrome/127.0.0.0 Safari/537.36" 2042 0.014 [cattle-system-rancher-80] [] 10.52.1.5:80 3072 0.014 200 8c5889dc97836b67fa410184411195aa
2024-08-06T02:44:30.760028481Z 10.52.0.0 - - [06/Aug/2024:02:44:30 +0000] "POST /api/v1/namespaces/cattle-monitoring-system/services/http:rancher-monitoring-grafana:80/proxy/api/ds/query HTTP/1.1" 200 8135 "https://harvester.calgaryserver.ca/api/v1/namespaces/cattle-monitoring-system/services/http:rancher-monitoring-grafana:80/proxy/d/rancher-cluster-nodes-1/rancher-cluster-nodes?orgId=1&kiosk&from=now-5m&to=now&refresh=30s&theme=light" "Mozilla/5.0 (Windows NT 10.0; Win64; x64) AppleWebKit/537.36 (KHTML, like Gecko) Chrome/127.0.0.0 Safari/537.36" 2751 0.015 [cattle-system-rancher-80] [] 10.52.2.3:80 8129 0.015 200 6a4171e1fa992052790d8928c7ad48cc
2024-08-06T02:44:56.350012785Z 10.52.0.0 - - [06/Aug/2024:02:44:56 +0000] "GET /version HTTP/2.0" 200 286 "-" "curl/8.0.1" 36 0.002 [cattle-system-rancher-80] [] 10.52.2.3:80 286 0.002 200 cef4ffd78917242e230107e4b78b7402
2024-08-06T02:44:59.066604227Z 10.52.0.0 - - [06/Aug/2024:02:44:59 +0000] "GET /v1/metrics.k8s.io.nodes HTTP/1.1" 200 2345 "https://harvester.calgaryserver.ca/dashboard/c/local/explorer" "Mozilla/5.0 (Windows NT 10.0; Win64; x64) AppleWebKit/537.36 (KHTML, like Gecko) Chrome/127.0.0.0 Safari/537.36" 1144 0.011 [cattle-system-rancher-80] [] 10.52.1.5:80 2352 0.011 200 b0a5d5598523ed44b319899e5e00a60c
2024-08-06T02:45:00.750476298Z 10.52.0.0 - - [06/Aug/2024:02:45:00 +0000] "GET /api/v1/namespaces/cattle-monitoring-system/services/http:rancher-monitoring-grafana:80/proxy/api/annotations?from=1722912001759&to=1722912301759&limit=100&matchAny=false&dashboardUID=rancher-cluster-nodes-1 HTTP/1.1" 200 2 "https://harvester.calgaryserver.ca/api/v1/namespaces/cattle-monitoring-system/services/http:rancher-monitoring-grafana:80/proxy/d/rancher-cluster-nodes-1/rancher-cluster-nodes?orgId=1&kiosk&from=now-5m&to=now&refresh=30s&theme=light" "Mozilla/5.0 (Windows NT 10.0; Win64; x64) AppleWebKit/537.36 (KHTML, like Gecko) Chrome/127.0.0.0 Safari/537.36" 1490 0.010 [cattle-system-rancher-80] [] 10.52.0.73:80 2 0.010 200 00e5041dfb0c84b026132e6d28dcf9d1
2024-08-06T02:45:02.980006487Z 10.52.1.0 - - [06/Aug/2024:02:45:02 +0000] "GET /version HTTP/2.0" 200 286 "-" "curl/8.0.1" 36 0.002 [cattle-system-rancher-80] [] 10.52.2.3:80 286 0.002 200 32d7459d73f9f782a8ff1a5da505cdb5
2024-08-06T02:45:30.755625694Z 10.52.0.0 - - [06/Aug/2024:02:45:30 +0000] "POST /api/v1/namespaces/cattle-monitoring-system/services/http:rancher-monitoring-grafana:80/proxy/api/ds/query HTTP/1.1" 200 3352 "https://harvester.calgaryserver.ca/api/v1/namespaces/cattle-monitoring-system/services/http:rancher-monitoring-grafana:80/proxy/d/rancher-cluster-nodes-1/rancher-cluster-nodes?orgId=1&kiosk&from=now-5m&to=now&refresh=30s&theme=light" "Mozilla/5.0 (Windows NT 10.0; Win64; x64) AppleWebKit/537.36 (KHTML, like Gecko) Chrome/127.0.0.0 Safari/537.36" 2098 0.014 [cattle-system-rancher-80] [] 10.52.0.73:80 3352 0.014 200 65273713e5e6efde38b3a94b6a47c28f
2024-08-06T02:45:59.078858094Z 10.52.0.0 - - [06/Aug/2024:02:45:59 +0000] "GET /v1/metrics.k8s.io.nodes HTTP/1.1" 200 2347 "https://harvester.calgaryserver.ca/dashboard/c/local/explorer" "Mozilla/5.0 (Windows NT 10.0; Win64; x64) AppleWebKit/537.36 (KHTML, like Gecko) Chrome/127.0.0.0 Safari/537.36" 1144 0.014 [cattle-system-rancher-80] [] 10.52.2.3:80 2354 0.014 200 331d833bd68ddb0be94248441475dc86
2024-08-06T02:46:00.765233058Z 10.52.0.0 - - [06/Aug/2024:02:46:00 +0000] "POST /api/v1/namespaces/cattle-monitoring-system/services/http:rancher-monitoring-grafana:80/proxy/api/ds/query HTTP/1.1" 200 3074 "https://harvester.calgaryserver.ca/api/v1/namespaces/cattle-monitoring-system/services/http:rancher-monitoring-grafana:80/proxy/d/rancher-cluster-nodes-1/rancher-cluster-nodes?orgId=1&kiosk&from=now-5m&to=now&refresh=30s&theme=light" "Mozilla/5.0 (Windows NT 10.0; Win64; x64) AppleWebKit/537.36 (KHTML, like Gecko) Chrome/127.0.0.0 Safari/537.36" 2042 0.012 [cattle-system-rancher-80] [] 10.52.0.73:80 3074 0.012 200 abdd9cc7e4c8b22228bed784f1b730d0
2024-08-06T02:46:26.361992258Z 10.52.0.0 - - [06/Aug/2024:02:46:26 +0000] "GET /version HTTP/2.0" 200 286 "-" "curl/8.0.1" 36 0.003 [cattle-system-rancher-80] [] 10.52.0.73:80 286 0.003 200 7ae7928d3d4b14c84ac61d1f74454914
2024-08-06T02:46:30.778074092Z 10.52.0.0 - - [06/Aug/2024:02:46:30 +0000] "POST /api/v1/namespaces/cattle-monitoring-system/services/http:rancher-monitoring-grafana:80/proxy/api/ds/query HTTP/1.1" 200 3074 "https://harvester.calgaryserver.ca/api/v1/namespaces/cattle-monitoring-system/services/http:rancher-monitoring-grafana:80/proxy/d/rancher-cluster-nodes-1/rancher-cluster-nodes?orgId=1&kiosk&from=now-5m&to=now&refresh=30s&theme=light" "Mozilla/5.0 (Windows NT 10.0; Win64; x64) AppleWebKit/537.36 (KHTML, like Gecko) Chrome/127.0.0.0 Safari/537.36" 2042 0.013 [cattle-system-rancher-80] [] 10.52.2.3:80 3074 0.013 200 f24052938662a306258fe1d32a18403e
2024-08-06T02:46:33.450731554Z 10.52.3.0 - - [06/Aug/2024:02:46:33 +0000] "GET /version HTTP/2.0" 200 286 "-" "curl/8.0.1" 36 0.002 [cattle-system-rancher-80] [] 10.52.2.3:80 286 0.002 200 5dcaa05d40f3b7751239c47d9eba6f74
2024-08-06T02:46:56.367933106Z 10.52.0.0 - - [06/Aug/2024:02:46:56 +0000] "GET /version HTTP/2.0" 200 286 "-" "curl/8.0.1" 36 0.002 [cattle-system-rancher-80] [] 10.52.2.3:80 286 0.002 200 2c1335302c0475bdef44f6b8e6b10277
2024-08-06T02:47:00.784393888Z 10.52.0.0 - - [06/Aug/2024:02:47:00 +0000] "GET /api/v1/namespaces/cattle-monitoring-system/services/http:rancher-monitoring-grafana:80/proxy/api/annotations?from=1722912121791&to=1722912421791&limit=100&matchAny=false&dashboardUID=rancher-cluster-nodes-1 HTTP/1.1" 200 2 "https://harvester.calgaryserver.ca/api/v1/namespaces/cattle-monitoring-system/services/http:rancher-monitoring-grafana:80/proxy/d/rancher-cluster-nodes-1/rancher-cluster-nodes?orgId=1&kiosk&from=now-5m&to=now&refresh=30s&theme=light" "Mozilla/5.0 (Windows NT 10.0; Win64; x64) AppleWebKit/537.36 (KHTML, like Gecko) Chrome/127.0.0.0 Safari/537.36" 1490 0.008 [cattle-system-rancher-80] [] 10.52.2.3:80 2 0.007 200 78d6e2b063e60207d93885bcf5c31c47
2024-08-06T02:47:00.789913267Z 10.52.0.0 - - [06/Aug/2024:02:47:00 +0000] "POST /api/v1/namespaces/cattle-monitoring-system/services/http:rancher-monitoring-grafana:80/proxy/api/ds/query HTTP/1.1" 200 8140 "https://harvester.calgaryserver.ca/api/v1/namespaces/cattle-monitoring-system/services/http:rancher-monitoring-grafana:80/proxy/d/rancher-cluster-nodes-1/rancher-cluster-nodes?orgId=1&kiosk&from=now-5m&to=now&refresh=30s&theme=light" "Mozilla/5.0 (Windows NT 10.0; Win64; x64) AppleWebKit/537.36 (KHTML, like Gecko) Chrome/127.0.0.0 Safari/537.36" 2751 0.013 [cattle-system-rancher-80] [] 10.52.1.5:80 8141 0.013 200 c80ca24e8977172f692fc0948cf796b5
2024-08-06T02:47:32.999196421Z 10.52.1.0 - - [06/Aug/2024:02:47:32 +0000] "GET /version HTTP/2.0" 200 286 "-" "curl/8.0.1" 36 0.002 [cattle-system-rancher-80] [] 10.52.1.5:80 286 0.002 200 f3811f0afaaf0bdd26eb8c10586c195e
2024-08-06T02:47:53.045821117Z 10.10.110.61 - - [06/Aug/2024:02:47:53 +0000] "GET /version HTTP/2.0" 200 286 "-" "curl/8.0.1" 36 0.002 [cattle-system-rancher-80] [] 10.52.0.73:80 286 0.002 200 dcf3493a4c3dfd769b532be9e4984ab9
2024-08-06T02:47:54.018364280Z 10.52.0.0 - - [06/Aug/2024:02:47:54 +0000] "GET /v1/harvester/harvesterhci.io.supportbundles/harvester-system/bundle-jk7b5 HTTP/1.1" 200 1036 "https://harvester.calgaryserver.ca/dashboard/harvester/c/local/support" "Mozilla/5.0 (Windows NT 10.0; Win64; x64) AppleWebKit/537.36 (KHTML, like Gecko) Chrome/127.0.0.0 Safari/537.36" 1203 0.008 [cattle-system-rancher-80] [] 10.52.1.5:80 1036 0.007 200 6e88f552da0dd0e58654ee7be18149c0
2024-08-06T02:47:59.515904470Z 10.52.0.0 - - [06/Aug/2024:02:47:59 +0000] "GET /v1/metrics.k8s.io.nodes HTTP/1.1" 200 2346 "https://harvester.calgaryserver.ca/dashboard/c/local/explorer" "Mozilla/5.0 (Windows NT 10.0; Win64; x64) AppleWebKit/537.36 (KHTML, like Gecko) Chrome/127.0.0.0 Safari/537.36" 1144 0.014 [cattle-system-rancher-80] [] 10.52.0.73:80 2353 0.014 200 b229643977836524621c6f6525b33f25
2024-08-06T02:48:00.016292752Z 10.52.0.0 - - [06/Aug/2024:02:48:00 +0000] "GET /v1/harvester/harvesterhci.io.supportbundles/harvester-system/bundle-jk7b5 HTTP/1.1" 200 1037 "https://harvester.calgaryserver.ca/dashboard/harvester/c/local/support" "Mozilla/5.0 (Windows NT 10.0; Win64; x64) AppleWebKit/537.36 (KHTML, like Gecko) Chrome/127.0.0.0 Safari/537.36" 1203 0.005 [cattle-system-rancher-80] [] 10.52.2.3:80 1037 0.005 200 1756c86deb96c86f2e8b17578ed3115a
2024-08-06T02:48:00.174668037Z 10.52.0.0 - - [06/Aug/2024:02:48:00 +0000] "POST /api/v1/namespaces/cattle-monitoring-system/services/http:rancher-monitoring-grafana:80/proxy/api/ds/query HTTP/1.1" 200 3354 "https://harvester.calgaryserver.ca/api/v1/namespaces/cattle-monitoring-system/services/http:rancher-monitoring-grafana:80/proxy/d/rancher-cluster-nodes-1/rancher-cluster-nodes?orgId=1&kiosk&from=now-5m&to=now&refresh=30s&theme=light" "Mozilla/5.0 (Windows NT 10.0; Win64; x64) AppleWebKit/537.36 (KHTML, like Gecko) Chrome/127.0.0.0 Safari/537.36" 2098 0.012 [cattle-system-rancher-80] [] 10.52.0.73:80 3354 0.013 200 510a381bd3d80eb6bd74c08c3c0ce47d
2024-08-06T02:48:01.494656918Z 10.52.0.0 - - [06/Aug/2024:02:48:01 +0000] "POST /api/v1/namespaces/cattle-monitoring-system/services/http:rancher-monitoring-grafana:80/proxy/api/ds/query HTTP/1.1" 200 3085 "https://harvester.calgaryserver.ca/api/v1/namespaces/cattle-monitoring-system/services/http:rancher-monitoring-grafana:80/proxy/d/rancher-cluster-nodes-1/rancher-cluster-nodes?orgId=1&kiosk&from=now-5m&to=now&refresh=30s&theme=light" "Mozilla/5.0 (Windows NT 10.0; Win64; x64) AppleWebKit/537.36 (KHTML, like Gecko) Chrome/127.0.0.0 Safari/537.36" 2042 0.014 [cattle-system-rancher-80] [] 10.52.0.73:80 3085 0.014 200 dfeb7e8fa337cbba395356e7cf0b2032
2024-08-06T02:48:12.023818912Z 10.52.0.0 - - [06/Aug/2024:02:48:12 +0000] "GET /v1/harvester/harvesterhci.io.supportbundles/harvester-system/bundle-jk7b5 HTTP/1.1" 200 1037 "https://harvester.calgaryserver.ca/dashboard/harvester/c/local/support" "Mozilla/5.0 (Windows NT 10.0; Win64; x64) AppleWebKit/537.36 (KHTML, like Gecko) Chrome/127.0.0.0 Safari/537.36" 1203 0.006 [cattle-system-rancher-80] [] 10.52.0.73:80 1037 0.007 200 98fbf0a6baa3361f64e57b1bb9e6f0a5
2024-08-06T02:48:24.935313371Z 10.52.0.0 - - [06/Aug/2024:02:48:24 +0000] "GET /v1/nodes HTTP/1.1" 200 9673 "https://harvester.calgaryserver.ca/dashboard/c/local/explorer/node" "Mozilla/5.0 (Windows NT 10.0; Win64; x64) AppleWebKit/537.36 (KHTML, like Gecko) Chrome/127.0.0.0 Safari/537.36" 1134 0.024 [cattle-system-rancher-80] [] 10.52.1.5:80 9687 0.024 200 a794e04e4f2693c1fb0700c64faba654
2024-08-06T02:48:30.015276591Z 10.52.0.0 - - [06/Aug/2024:02:48:30 +0000] "GET /v1/harvester/harvesterhci.io.supportbundles/harvester-system/bundle-jk7b5 HTTP/1.1" 200 1037 "https://harvester.calgaryserver.ca/dashboard/harvester/c/local/support" "Mozilla/5.0 (Windows NT 10.0; Win64; x64) AppleWebKit/537.36 (KHTML, like Gecko) Chrome/127.0.0.0 Safari/537.36" 1203 0.006 [cattle-system-rancher-80] [] 10.52.1.5:80 1037 0.006 200 9253f93455ae750bfb2e94e9951cf9c0
2024-08-06T02:48:32.992641911Z 10.52.1.0 - - [06/Aug/2024:02:48:32 +0000] "GET /version HTTP/2.0" 200 286 "-" "curl/8.0.1" 36 0.002 [cattle-system-rancher-80] [] 10.52.0.73:80 286 0.002 200 03d13e12294ff05d8d67f65b64ead1bf
2024-08-06T02:48:33.480949973Z 10.52.3.0 - - [06/Aug/2024:02:48:33 +0000] "GET /version HTTP/2.0" 200 286 "-" "curl/8.0.1" 36 0.003 [cattle-system-rancher-80] [] 10.52.0.73:80 286 0.003 200 956d662bd491ef293ad1a622ba41f1c1
2024-08-06T02:48:35.999932119Z 10.52.0.0 - - [06/Aug/2024:02:48:35 +0000] "GET /v1/harvester/harvesterhci.io.supportbundles/harvester-system/bundle-jk7b5 HTTP/1.1" 200 1037 "https://harvester.calgaryserver.ca/dashboard/harvester/c/local/support" "Mozilla/5.0 (Windows NT 10.0; Win64; x64) AppleWebKit/537.36 (KHTML, like Gecko) Chrome/127.0.0.0 Safari/537.36" 1203 0.006 [cattle-system-rancher-80] [] 10.52.2.3:80 1037 0.006 200 b737f069c4af7e4eed063ccedf8b2e09
2024-08-06T02:48:54.019830121Z 10.52.0.0 - - [06/Aug/2024:02:48:54 +0000] "GET /v1/harvester/harvesterhci.io.supportbundles/harvester-system/bundle-jk7b5 HTTP/1.1" 200 1037 "https://harvester.calgaryserver.ca/dashboard/harvester/c/local/support" "Mozilla/5.0 (Windows NT 10.0; Win64; x64) AppleWebKit/537.36 (KHTML, like Gecko) Chrome/127.0.0.0 Safari/537.36" 1203 0.006 [cattle-system-rancher-80] [] 10.52.1.5:80 1037 0.006 200 dd29400594b93879e6507359cec41a19
2024-08-06T02:48:57.001159503Z 10.52.0.0 - - [06/Aug/2024:02:48:57 +0000] "GET /v1/harvester/harvesterhci.io.supportbundles/harvester-system/bundle-jk7b5 HTTP/1.1" 200 1037 "https://harvester.calgaryserver.ca/dashboard/harvester/c/local/support" "Mozilla/5.0 (Windows NT 10.0; Win64; x64) AppleWebKit/537.36 (KHTML, like Gecko) Chrome/127.0.0.0 Safari/537.36" 1203 0.006 [cattle-system-rancher-80] [] 10.52.0.73:80 1037 0.006 200 6d93132eafab427bf739802da33a503d
2024-08-06T02:48:59.450321655Z 10.52.0.0 - - [06/Aug/2024:02:48:59 +0000] "GET /v1/batch.cronjobs HTTP/1.1" 200 163 "https://harvester.calgaryserver.ca/dashboard/c/local/explorer/workload" "Mozilla/5.0 (Windows NT 10.0; Win64; x64) AppleWebKit/537.36 (KHTML, like Gecko) Chrome/127.0.0.0 Safari/537.36" 1147 0.004 [cattle-system-rancher-80] [] 10.52.1.5:80 163 0.004 200 2745a29c3d5b5a4da6d93497a5f5d5f7
2024-08-06T02:49:00.023079529Z 10.52.0.0 - - [06/Aug/2024:02:49:00 +0000] "GET /v1/harvester/harvesterhci.io.supportbundles/harvester-system/bundle-jk7b5 HTTP/1.1" 200 1036 "https://harvester.calgaryserver.ca/dashboard/harvester/c/local/support" "Mozilla/5.0 (Windows NT 10.0; Win64; x64) AppleWebKit/537.36 (KHTML, like Gecko) Chrome/127.0.0.0 Safari/537.36" 1203 0.009 [cattle-system-rancher-80] [] 10.52.2.3:80 1036 0.009 200 a64813c8e382680b809ff8a915a846bc
2024-08-06T02:49:03.000196084Z 10.52.0.0 - - [06/Aug/2024:02:49:02 +0000] "GET /v1/harvester/harvesterhci.io.supportbundles/harvester-system/bundle-jk7b5 HTTP/1.1" 200 1037 "https://harvester.calgaryserver.ca/dashboard/harvester/c/local/support" "Mozilla/5.0 (Windows NT 10.0; Win64; x64) AppleWebKit/537.36 (KHTML, like Gecko) Chrome/127.0.0.0 Safari/537.36" 1203 0.006 [cattle-system-rancher-80] [] 10.52.1.5:80 1037 0.006 200 843603948bd05b818f41bd5ecd4e9f9c
2024-08-06T02:49:33.001248611Z 10.52.0.0 - - [06/Aug/2024:02:49:33 +0000] "GET /v1/harvester/harvesterhci.io.supportbundles/harvester-system/bundle-jk7b5 HTTP/1.1" 200 1037 "https://harvester.calgaryserver.ca/dashboard/harvester/c/local/support" "Mozilla/5.0 (Windows NT 10.0; Win64; x64) AppleWebKit/537.36 (KHTML, like Gecko) Chrome/127.0.0.0 Safari/537.36" 1203 0.007 [cattle-system-rancher-80] [] 10.52.1.5:80 1037 0.007 200 0f2d11b9d8e25a3bf7d3132323413648
2024-08-06T02:49:33.509993240Z 10.52.3.0 - - [06/Aug/2024:02:49:33 +0000] "GET /version HTTP/2.0" 200 286 "-" "curl/8.0.1" 36 0.002 [cattle-system-rancher-80] [] 10.52.2.3:80 286 0.002 200 e07945ee96a2cd7ced4d74144de93c81
2024-08-06T02:49:39.001299057Z 10.52.0.0 - - [06/Aug/2024:02:49:39 +0000] "GET /v1/harvester/harvesterhci.io.supportbundles/harvester-system/bundle-jk7b5 HTTP/1.1" 200 1037 "https://harvester.calgaryserver.ca/dashboard/harvester/c/local/support" "Mozilla/5.0 (Windows NT 10.0; Win64; x64) AppleWebKit/537.36 (KHTML, like Gecko) Chrome/127.0.0.0 Safari/537.36" 1203 0.007 [cattle-system-rancher-80] [] 10.52.1.5:80 1037 0.007 200 f5bebbd284818b504a47907453978c61
2024-08-06T02:49:40.514743649Z 10.52.0.0 - - [06/Aug/2024:02:49:40 +0000] "GET /api/v1/namespaces/harvester-system/pods/virt-handler-2kgsd/log?previous=false&follow=true&timestamps=true&pretty=true&container=virt-handler&sinceSeconds=1800&sockId=7 HTTP/1.1" 101 171938 "-" "Mozilla/5.0 (Windows NT 10.0; Win64; x64) AppleWebKit/537.36 (KHTML, like Gecko) Chrome/127.0.0.0 Safari/537.36" 1213 31.361 [cattle-system-rancher-80] [] 10.52.0.73:80 0 31.361 101 c3e9b1e1e83169926fca6ba918b331fd
2024-08-06T02:49:45.003157640Z 10.52.0.0 - - [06/Aug/2024:02:49:45 +0000] "GET /v1/harvester/harvesterhci.io.supportbundles/harvester-system/bundle-jk7b5 HTTP/1.1" 200 1037 "https://harvester.calgaryserver.ca/dashboard/harvester/c/local/support" "Mozilla/5.0 (Windows NT 10.0; Win64; x64) AppleWebKit/537.36 (KHTML, like Gecko) Chrome/127.0.0.0 Safari/537.36" 1203 0.007 [cattle-system-rancher-80] [] 10.52.2.3:80 1037 0.007 200 caa1e97a4e9553515b519159596d5378
2024-08-06T02:50:03.006778453Z 10.52.0.0 - - [06/Aug/2024:02:50:03 +0000] "GET /v1/harvester/harvesterhci.io.supportbundles/harvester-system/bundle-jk7b5 HTTP/1.1" 200 1038 "https://harvester.calgaryserver.ca/dashboard/harvester/c/local/support" "Mozilla/5.0 (Windows NT 10.0; Win64; x64) AppleWebKit/537.36 (KHTML, like Gecko) Chrome/127.0.0.0 Safari/537.36" 1203 0.007 [cattle-system-rancher-80] [] 10.52.2.3:80 1038 0.007 200 193fc03e38f663bd8e077d7a381f5c05
2024-08-06T02:50:12.022672901Z 10.52.0.0 - - [06/Aug/2024:02:50:12 +0000] "GET /v1/harvester/harvesterhci.io.supportbundles/harvester-system/bundle-jk7b5 HTTP/1.1" 200 1038 "https://harvester.calgaryserver.ca/dashboard/harvester/c/local/support" "Mozilla/5.0 (Windows NT 10.0; Win64; x64) AppleWebKit/537.36 (KHTML, like Gecko) Chrome/127.0.0.0 Safari/537.36" 1203 0.007 [cattle-system-rancher-80] [] 10.52.0.73:80 1038 0.007 200 4f03403e619d6235199e76559fda6346
2024-08-06T02:50:25.479900725Z 10.52.0.0 - - [06/Aug/2024:02:50:25 +0000] "GET /api/v1/namespaces/cattle-monitoring-system/services/http:rancher-monitoring-grafana:80/proxy/api/dashboards/uid/rancher-workload-pods-1 HTTP/1.1" 200 13595 "https://harvester.calgaryserver.ca/dashboard/c/local/explorer/apps.daemonset/harvester-system/virt-handler" "Mozilla/5.0 (Windows NT 10.0; Win64; x64) AppleWebKit/537.36 (KHTML, like Gecko) Chrome/127.0.0.0 Safari/537.36" 1301 0.017 [cattle-system-rancher-80] [] 10.52.0.73:80 13582 0.017 200 985dd75c7eccb17409baf5166ae3a644
2024-08-06T02:50:26.367051837Z 10.52.0.0 - - [06/Aug/2024:02:50:26 +0000] "GET /version HTTP/2.0" 200 286 "-" "curl/8.0.1" 36 0.002 [cattle-system-rancher-80] [] 10.52.1.5:80 286 0.002 200 99a75e1bf103e854fd8d71be668bf23e
2024-08-06T02:50:33.441031329Z 10.52.3.0 - - [06/Aug/2024:02:50:33 +0000] "GET /version HTTP/2.0" 200 286 "-" "curl/8.0.1" 36 0.002 [cattle-system-rancher-80] [] 10.52.2.3:80 286 0.002 200 e75af2cfe5faaee3cf50377e443e7e7f
2024-08-06T02:50:36.000877132Z 10.52.0.0 - - [06/Aug/2024:02:50:36 +0000] "GET /v1/harvester/harvesterhci.io.supportbundles/harvester-system/bundle-jk7b5 HTTP/1.1" 200 1156 "https://harvester.calgaryserver.ca/dashboard/harvester/c/local/support" "Mozilla/5.0 (Windows NT 10.0; Win64; x64) AppleWebKit/537.36 (KHTML, like Gecko) Chrome/127.0.0.0 Safari/537.36" 1203 0.006 [cattle-system-rancher-80] [] 10.52.1.5:80 1156 0.006 200 a9c5e4364901c92c921292139beef309
2024-08-06T02:50:36.210350329Z 10.52.0.0 - - [06/Aug/2024:02:50:36 +0000] "GET /v1/harvester/supportbundles/bundle-jk7b5/download HTTP/1.1" 200 10144932 "https://harvester.calgaryserver.ca/dashboard/harvester/c/local/support" "Mozilla/5.0 (Windows NT 10.0; Win64; x64) AppleWebKit/537.36 (KHTML, like Gecko) Chrome/127.0.0.0 Safari/537.36" 1289 0.182 [cattle-system-rancher-80] [] 10.52.1.5:80 10144932 0.182 200 ffb7252f0eff8453ebbaa86520b25897
2024-08-06T02:50:56.387883424Z 10.52.0.0 - - [06/Aug/2024:02:50:56 +0000] "GET /version HTTP/2.0" 200 286 "-" "curl/8.0.1" 36 0.002 [cattle-system-rancher-80] [] 10.52.2.3:80 286 0.002 200 bd98ffdcb3139ea8c0c0f1ce00b61451
2024-08-06T02:51:03.486404574Z 10.52.3.0 - - [06/Aug/2024:02:51:03 +0000] "GET /version HTTP/2.0" 200 286 "-" "curl/8.0.1" 36 0.002 [cattle-system-rancher-80] [] 10.52.1.5:80 286 0.002 200 d9cca3f843484af8945768a2d02df222
2024-08-06T02:51:33.015953525Z 10.52.1.0 - - [06/Aug/2024:02:51:33 +0000] "GET /version HTTP/2.0" 200 286 "-" "curl/8.0.1" 36 0.002 [cattle-system-rancher-80] [] 10.52.2.3:80 286 0.002 200 e3653520d3776bfc76f7e32e97cd6882
2024-08-06T02:51:35.561962678Z 10.52.0.0 - - [06/Aug/2024:02:51:35 +0000] "GET /v1/harvester/devices.harvesterhci.io.vgpudevices?limit=1 HTTP/1.1" 200 986 "https://harvester.calgaryserver.ca/dashboard/harvester/c/local/support" "Mozilla/5.0 (Windows NT 10.0; Win64; x64) AppleWebKit/537.36 (KHTML, like Gecko) Chrome/127.0.0.0 Safari/537.36" 1186 0.010 [cattle-system-rancher-80] [] 10.52.1.5:80 986 0.010 200 9477e2947f9ddbdb6218fc0ed543cbdb
2024-08-06T02:51:35.645639369Z 10.52.0.0 - - [06/Aug/2024:02:51:35 +0000] "GET /v1/harvester/devices.harvesterhci.io.pcideviceclaims?limit=1 HTTP/1.1" 200 179 "https://harvester.calgaryserver.ca/dashboard/harvester/c/local/support" "Mozilla/5.0 (Windows NT 10.0; Win64; x64) AppleWebKit/537.36 (KHTML, like Gecko) Chrome/127.0.0.0 Safari/537.36" 1190 0.006 [cattle-system-rancher-80] [] 10.52.0.73:80 179 0.006 200 56fb37bfe90019473d0c78d6421b8958
2024-08-06T02:51:35.742799559Z 10.52.0.0 - - [06/Aug/2024:02:51:35 +0000] "GET /v1/harvester/harvesterhci.io.upgrades?limit=1 HTTP/1.1" 200 171 "https://harvester.calgaryserver.ca/dashboard/harvester/c/local/support" "Mozilla/5.0 (Windows NT 10.0; Win64; x64) AppleWebKit/537.36 (KHTML, like Gecko) Chrome/127.0.0.0 Safari/537.36" 1175 0.005 [cattle-system-rancher-80] [] 10.52.0.73:80 171 0.005 200 994f7e725dc6be943cc736768e5dc9ed
2024-08-06T02:51:37.477571505Z 10.52.0.0 - - [06/Aug/2024:02:51:37 +0000] "GET /v1/management.cattle.io.features?limit=1 HTTP/1.1" 200 784 "https://harvester.calgaryserver.ca/dashboard/c/local/explorer/apps.daemonset/harvester-system/virt-handler" "Mozilla/5.0 (Windows NT 10.0; Win64; x64) AppleWebKit/537.36 (KHTML, like Gecko) Chrome/127.0.0.0 Safari/537.36" 1206 0.009 [cattle-system-rancher-80] [] 10.52.2.3:80 784 0.008 200 f7ab8a4bc627645c44448b804cdcd2ca
2024-08-06T02:51:38.105441648Z 10.52.0.0 - - [06/Aug/2024:02:51:38 +0000] "GET /v1/harvesterhci.io.settings?limit=1 HTTP/1.1" 200 679 "https://harvester.calgaryserver.ca/dashboard/c/local/explorer/apps.daemonset/harvester-system/virt-handler" "Mozilla/5.0 (Windows NT 10.0; Win64; x64) AppleWebKit/537.36 (KHTML, like Gecko) Chrome/127.0.0.0 Safari/537.36" 1201 0.009 [cattle-system-rancher-80] [] 10.52.2.3:80 679 0.008 200 779e0133183ae9f93befa1c8472e8d29
2024-08-06T02:52:26.364361394Z 10.52.0.0 - - [06/Aug/2024:02:52:26 +0000] "GET /version HTTP/2.0" 200 286 "-" "curl/8.0.1" 36 0.002 [cattle-system-rancher-80] [] 10.52.0.73:80 286 0.002 200 2742b79d027252c63da06a78969cc958
2024-08-06T02:52:32.999397004Z 10.52.1.0 - - [06/Aug/2024:02:52:32 +0000] "GET /version HTTP/2.0" 200 286 "-" "curl/8.0.1" 36 0.003 [cattle-system-rancher-80] [] 10.52.2.3:80 286 0.003 200 a2264a9c2b68e708ec40c2438db59c7a
2024-08-06T02:52:49.047593881Z 10.52.0.0 - - [06/Aug/2024:02:52:49 +0000] "GET /v1/devices.harvesterhci.io.pcideviceclaims HTTP/1.1" 200 176 "https://harvester.calgaryserver.ca/dashboard/c/local/explorer/devices.harvesterhci.io.pcidevice" "Mozilla/5.0 (Windows NT 10.0; Win64; x64) AppleWebKit/537.36 (KHTML, like Gecko) Chrome/127.0.0.0 Safari/537.36" 1197 0.006 [cattle-system-rancher-80] [] 10.52.0.73:80 176 0.006 200 eceb6fbecb5c255f6a888178fd58c601
2024-08-06T02:52:51.371216129Z 10.52.0.0 - - [06/Aug/2024:02:52:51 +0000] "GET /v1/devices.harvesterhci.io.vgpudevices HTTP/1.1" 200 3229 "https://harvester.calgaryserver.ca/dashboard/c/local/explorer/devices.harvesterhci.io.vgpudevice" "Mozilla/5.0 (Windows NT 10.0; Win64; x64) AppleWebKit/537.36 (KHTML, like Gecko) Chrome/127.0.0.0 Safari/537.36" 1194 0.024 [cattle-system-rancher-80] [] 10.52.2.3:80 3236 0.024 200 16c534f6f5cb30507cf30f2acee32512
2024-08-06T02:53:56.959812317Z 10.52.0.0 - - [06/Aug/2024:02:53:56 +0000] "GET /v1/harvester/metal.harvesterhci.io.inventories?limit=1 HTTP/1.1" 200 179 "https://harvester.calgaryserver.ca/dashboard/harvester/c/local/support" "Mozilla/5.0 (Windows NT 10.0; Win64; x64) AppleWebKit/537.36 (KHTML, like Gecko) Chrome/127.0.0.0 Safari/537.36" 1184 0.006 [cattle-system-rancher-80] [] 10.52.0.73:80 179 0.006 200 88a1d1748580d5039507275f370d607e
2024-08-06T02:53:59.273028782Z 10.52.0.0 - - [06/Aug/2024:02:53:59 +0000] "GET /v1/harvester/pods?limit=1 HTTP/1.1" 200 2650 "https://harvester.calgaryserver.ca/dashboard/harvester/c/local/support" "Mozilla/5.0 (Windows NT 10.0; Win64; x64) AppleWebKit/537.36 (KHTML, like Gecko) Chrome/127.0.0.0 Safari/537.36" 1155 0.012 [cattle-system-rancher-80] [] 10.52.0.73:80 2650 0.012 200 c7e742bbb36af6b0c1b1337846c716a6
2024-08-06T02:54:05.853028797Z 10.52.0.0 - - [06/Aug/2024:02:54:05 +0000] "GET /apis/rbac.authorization.k8s.io/v1/clusterrolebindings/harvester-pcidevices-controller HTTP/1.1" 200 1413 "https://harvester.calgaryserver.ca/dashboard/c/local/explorer/rbac.authorization.k8s.io.clusterrolebinding/harvester-pcidevices-controller?mode=edit&as=yaml" "Mozilla/5.0 (Windows NT 10.0; Win64; x64) AppleWebKit/537.36 (KHTML, like Gecko) Chrome/127.0.0.0 Safari/537.36" 1301 0.004 [cattle-system-rancher-80] [] 10.52.0.73:80 1413 0.004 200 65923df3a444365cb6c2e7ed0a726972
2024-08-06T02:54:19.816379813Z 10.52.0.0 - - [06/Aug/2024:02:54:19 +0000] "GET /v1/harvester/kubevirt.io.virtualmachineinstances?limit=1 HTTP/1.1" 200 2340 "https://harvester.calgaryserver.ca/dashboard/harvester/c/local/support" "Mozilla/5.0 (Windows NT 10.0; Win64; x64) AppleWebKit/537.36 (KHTML, like Gecko) Chrome/127.0.0.0 Safari/537.36" 1182 0.015 [cattle-system-rancher-80] [] 10.52.1.5:80 2340 0.015 200 1313c3afd13eeaf3313382ff68684e43
2024-08-06T02:54:53.098155207Z 10.10.110.61 - - [06/Aug/2024:02:54:53 +0000] "GET /version HTTP/2.0" 200 286 "-" "curl/8.0.1" 36 0.002 [cattle-system-rancher-80] [] 10.52.0.73:80 286 0.002 200 17af113829d441e9aeb9442287ada447
2024-08-06T02:55:23.077447801Z 10.10.110.61 - - [06/Aug/2024:02:55:23 +0000] "GET /version HTTP/2.0" 200 286 "-" "curl/8.0.1" 36 0.001 [cattle-system-rancher-80] [] 10.52.2.3:80 286 0.001 200 0d2751183d48327a2b47f0fa2dc5b8f3
2024-08-06T02:55:33.484035195Z 10.52.3.0 - - [06/Aug/2024:02:55:33 +0000] "GET /version HTTP/2.0" 200 286 "-" "curl/8.0.1" 36 0.002 [cattle-system-rancher-80] [] 10.52.0.73:80 286 0.002 200 300773f35b843fbaf93ab28101d9bb31
2024-08-06T02:56:23.091961081Z 10.10.110.61 - - [06/Aug/2024:02:56:23 +0000] "GET /version HTTP/2.0" 200 286 "-" "curl/8.0.1" 36 0.002 [cattle-system-rancher-80] [] 10.52.2.3:80 286 0.002 200 b750fee87c6055daa15ef5c30e50e834
2024-08-06T02:56:53.089926838Z 10.10.110.61 - - [06/Aug/2024:02:56:53 +0000] "GET /version HTTP/2.0" 200 286 "-" "curl/8.0.1" 36 0.002 [cattle-system-rancher-80] [] 10.52.0.73:80 286 0.002 200 36a08624a1d5cb8bd3c92116da1c6292
2024-08-06T02:57:26.385493847Z 10.52.0.0 - - [06/Aug/2024:02:57:26 +0000] "GET /version HTTP/2.0" 200 286 "-" "curl/8.0.1" 36 0.002 [cattle-system-rancher-80] [] 10.52.1.5:80 286 0.002 200 f57569c0557b3a22d51a6b25f3a97cd4
2024-08-06T02:57:33.000331550Z 10.52.1.0 - - [06/Aug/2024:02:57:32 +0000] "GET /version HTTP/2.0" 200 286 "-" "curl/8.0.1" 36 0.002 [cattle-system-rancher-80] [] 10.52.1.5:80 286 0.002 200 841b827e2c4a87d381608d9291d188e4
2024-08-06T02:57:56.377056007Z 10.52.0.0 - - [06/Aug/2024:02:57:56 +0000] "GET /version HTTP/2.0" 200 286 "-" "curl/8.0.1" 36 0.002 [cattle-system-rancher-80] [] 10.52.0.73:80 286 0.002 200 d6578d1019fcbc7486952cb2df33d45f
2024-08-06T02:58:02.992166859Z 10.52.1.0 - - [06/Aug/2024:02:58:02 +0000] "GET /version HTTP/2.0" 200 286 "-" "curl/8.0.1" 36 0.002 [cattle-system-rancher-80] [] 10.52.1.5:80 286 0.002 200 5608bf2eb69d1c06a333e6974584e481
2024-08-06T02:58:23.054297890Z 10.10.110.61 - - [06/Aug/2024:02:58:23 +0000] "GET /version HTTP/2.0" 200 286 "-" "curl/8.0.1" 36 0.002 [cattle-system-rancher-80] [] 10.52.1.5:80 286 0.002 200 b7f058fb5d06d7d1e8354590052f7b66
2024-08-06T02:58:26.377459096Z 10.52.0.0 - - [06/Aug/2024:02:58:26 +0000] "GET /version HTTP/2.0" 200 286 "-" "curl/8.0.1" 36 0.002 [cattle-system-rancher-80] [] 10.52.2.3:80 286 0.002 200 8ac3c3be0729248c4a427f3937e3957a
2024-08-06T02:58:33.511858838Z 10.52.3.0 - - [06/Aug/2024:02:58:33 +0000] "GET /version HTTP/2.0" 200 286 "-" "curl/8.0.1" 36 0.003 [cattle-system-rancher-80] [] 10.52.0.73:80 286 0.003 200 2040a6e3d12d003757371bf370d0afe7
2024-08-06T02:59:03.472532504Z 10.52.3.0 - - [06/Aug/2024:02:59:03 +0000] "GET /version HTTP/2.0" 200 286 "-" "curl/8.0.1" 36 0.002 [cattle-system-rancher-80] [] 10.52.1.5:80 286 0.002 200 0c143deb28a6a22edba544255b7ba16f
2024-08-06T02:59:23.078086332Z 10.10.110.61 - - [06/Aug/2024:02:59:23 +0000] "GET /version HTTP/2.0" 200 286 "-" "curl/8.0.1" 36 0.002 [cattle-system-rancher-80] [] 10.52.1.5:80 286 0.002 200 345a55d9f34b2c39050c51e2060132bd
2024-08-06T02:59:26.360903847Z 10.52.0.0 - - [06/Aug/2024:02:59:26 +0000] "GET /version HTTP/2.0" 200 286 "-" "curl/8.0.1" 36 0.002 [cattle-system-rancher-80] [] 10.52.2.3:80 286 0.002 200 4cf7fef959e4a3795acad229309c5af4
2024-08-06T02:59:33.488703191Z 10.52.3.0 - - [06/Aug/2024:02:59:33 +0000] "GET /version HTTP/2.0" 200 286 "-" "curl/8.0.1" 36 0.003 [cattle-system-rancher-80] [] 10.52.1.5:80 286 0.003 200 95b2c8e75d46582cb7babe3cb221a1b4
2024-08-06T02:59:34.394788274Z 10.52.0.0 - - [06/Aug/2024:02:59:34 +0000] "GET /api/v1/namespaces/harvester-system/pods/harvester-pcidevices-controller-nsdtz/log?previous=false&follow=true&timestamps=true&pretty=true&container=agent&sinceSeconds=1800&sockId=8 HTTP/1.1" 101 2 "-" "Mozilla/5.0 (Windows NT 10.0; Win64; x64) AppleWebKit/537.36 (KHTML, like Gecko) Chrome/127.0.0.0 Safari/537.36" 1225 60.001 [cattle-system-rancher-80] [] 10.52.0.73:80 0 60.001 101 630a9d6525889d07376d85e27315ed5e
2024-08-06T02:59:47.664760649Z 10.52.0.0 - - [06/Aug/2024:02:59:47 +0000] "GET /api/v1/namespaces/cattle-monitoring-system/services/http:rancher-monitoring-grafana:80/proxy/api/dashboards/uid/rancher-node-1 HTTP/1.1" 200 14072 "https://harvester.calgaryserver.ca/dashboard/c/local/explorer/node/harvesterdev7" "Mozilla/5.0 (Windows NT 10.0; Win64; x64) AppleWebKit/537.36 (KHTML, like Gecko) Chrome/127.0.0.0 Safari/537.36" 1266 0.008 [cattle-system-rancher-80] [] 10.52.2.3:80 14059 0.008 200 a40ed1d50c885b2c5429a7ac99f38432
2024-08-06T03:00:26.360278378Z 10.52.0.0 - - [06/Aug/2024:03:00:26 +0000] "GET /version HTTP/2.0" 200 286 "-" "curl/8.0.1" 36 0.002 [cattle-system-rancher-80] [] 10.52.2.3:80 286 0.002 200 2400b02f3899340dae6344cc9bdefede
2024-08-06T03:00:51.780528937Z 10.52.0.0 - - [06/Aug/2024:03:00:51 +0000] "GET /api/v1/namespaces/cattle-monitoring-system/services/http:rancher-monitoring-grafana:80/proxy/d/rancher-pod-containers-1/rancher-pod-containers?orgId=1&kiosk&from=now-5m&to=now&refresh=30s&var-namespace=default&var-pod=virt-launcher-gputest-primary-c31607d4-hpllh-kljbh&theme=light HTTP/1.1" 200 6873 "https://harvester.calgaryserver.ca/dashboard/c/local/explorer/pod/default/virt-launcher-gputest-primary-c31607d4-hpllh-kljbh" "Mozilla/5.0 (Windows NT 10.0; Win64; x64) AppleWebKit/537.36 (KHTML, like Gecko) Chrome/127.0.0.0 Safari/537.36" 1592 0.016 [cattle-system-rancher-80] [] 10.52.1.5:80 6867 0.015 200 691bc1129137c36a2061928dfe5485d3
2024-08-06T03:00:56.349944771Z 10.52.0.0 - - [06/Aug/2024:03:00:56 +0000] "GET /version HTTP/2.0" 200 286 "-" "curl/8.0.1" 36 0.002 [cattle-system-rancher-80] [] 10.52.1.5:80 286 0.002 200 161966585405571986a1ee536c8e0890
2024-08-06T03:01:26.409421025Z 10.52.0.0 - - [06/Aug/2024:03:01:26 +0000] "GET /version HTTP/2.0" 200 286 "-" "curl/8.0.1" 36 0.003 [cattle-system-rancher-80] [] 10.52.0.73:80 286 0.002 200 02c958fdb46bf44683258e4ddfc9c7fc
2024-08-06T03:02:23.057795689Z 10.10.110.61 - - [06/Aug/2024:03:02:23 +0000] "GET /version HTTP/2.0" 200 286 "-" "curl/8.0.1" 36 0.002 [cattle-system-rancher-80] [] 10.52.2.3:80 286 0.002 200 0f2c73cec0cb193a94f16eb69a10cfc0
2024-08-06T03:03:26.356394086Z 10.52.0.0 - - [06/Aug/2024:03:03:26 +0000] "GET /version HTTP/2.0" 200 286 "-" "curl/8.0.1" 36 0.001 [cattle-system-rancher-80] [] 10.52.2.3:80 286 0.001 200 73bac5c1d9710f05bd5e34f1efeec8bc
2024-08-06T03:04:53.084762464Z 10.10.110.61 - - [06/Aug/2024:03:04:53 +0000] "GET /version HTTP/2.0" 200 286 "-" "curl/8.0.1" 36 0.003 [cattle-system-rancher-80] [] 10.52.2.3:80 286 0.003 200 1a3d0b6cb7c6bc9a04c4b1c2687343c2
2024-08-06T03:05:03.493879484Z 10.52.3.0 - - [06/Aug/2024:03:05:03 +0000] "GET /version HTTP/2.0" 200 286 "-" "curl/8.0.1" 36 0.002 [cattle-system-rancher-80] [] 10.52.2.3:80 286 0.002 200 27ebc2404a521d38c4c887a5a21d13c5
2024-08-06T03:06:03.460748113Z 10.52.3.0 - - [06/Aug/2024:03:06:03 +0000] "GET /version HTTP/2.0" 200 286 "-" "curl/8.0.1" 36 0.003 [cattle-system-rancher-80] [] 10.52.0.73:80 286 0.003 200 8644faa04e86cf8bb290dd0969adcde3
2024-08-06T03:06:33.012928381Z 10.52.1.0 - - [06/Aug/2024:03:06:33 +0000] "GET /version HTTP/2.0" 200 286 "-" "curl/8.0.1" 36 0.002 [cattle-system-rancher-80] [] 10.52.1.5:80 286 0.002 200 c9f68eb048b2ec7c2241d71d332693c0
2024-08-06T03:06:33.478422937Z 10.52.3.0 - - [06/Aug/2024:03:06:33 +0000] "GET /version HTTP/2.0" 200 286 "-" "curl/8.0.1" 36 0.003 [cattle-system-rancher-80] [] 10.52.2.3:80 286 0.002 200 a0d00836c761a63447d109b4c6351767
2024-08-06T03:07:23.056263321Z 10.10.110.61 - - [06/Aug/2024:03:07:23 +0000] "GET /version HTTP/2.0" 200 286 "-" "curl/8.0.1" 36 0.003 [cattle-system-rancher-80] [] 10.52.2.3:80 286 0.002 200 ee15db18cd5898b87cef41f446df6c8d
2024-08-06T03:08:23.079481621Z 10.10.110.61 - - [06/Aug/2024:03:08:23 +0000] "GET /version HTTP/2.0" 200 286 "-" "curl/8.0.1" 36 0.003 [cattle-system-rancher-80] [] 10.52.0.73:80 286 0.002 200 125dd31ad26334e018dce997231f60b4
2024-08-06T03:08:33.007534295Z 10.52.1.0 - - [06/Aug/2024:03:08:33 +0000] "GET /version HTTP/2.0" 200 286 "-" "curl/8.0.1" 36 0.003 [cattle-system-rancher-80] [] 10.52.0.73:80 286 0.003 200 5b2c9762603d5fe1d3ffbd53df435815
2024-08-06T03:08:53.086509822Z 10.10.110.61 - - [06/Aug/2024:03:08:53 +0000] "GET /version HTTP/2.0" 200 286 "-" "curl/8.0.1" 36 0.003 [cattle-system-rancher-80] [] 10.52.1.5:80 286 0.002 200 2991a5e37728043d701b8279d6927efa
2024-08-06T03:09:03.439527324Z 10.52.3.0 - - [06/Aug/2024:03:09:03 +0000] "GET /version HTTP/2.0" 200 286 "-" "curl/8.0.1" 36 0.003 [cattle-system-rancher-80] [] 10.52.2.3:80 286 0.002 200 b32c7b5ddfcacac8e4625db194a7e07a
2024-08-06T03:09:23.070364326Z 10.10.110.61 - - [06/Aug/2024:03:09:23 +0000] "GET /version HTTP/2.0" 200 286 "-" "curl/8.0.1" 36 0.002 [cattle-system-rancher-80] [] 10.52.0.73:80 286 0.002 200 ed91ff4e0bbaf1c28c78b81286d3d707
2024-08-06T03:09:53.076665223Z 10.10.110.61 - - [06/Aug/2024:03:09:53 +0000] "GET /version HTTP/2.0" 200 286 "-" "curl/8.0.1" 36 0.002 [cattle-system-rancher-80] [] 10.52.0.73:80 286 0.002 200 bd61d25dfaa61c5389c76df330cc491f
2024-08-06T03:10:03.485431922Z 10.52.3.0 - - [06/Aug/2024:03:10:03 +0000] "GET /version HTTP/2.0" 200 286 "-" "curl/8.0.1" 36 0.003 [cattle-system-rancher-80] [] 10.52.0.73:80 286 0.002 200 9a5520c91fc161ce8a721f64f8c8fe9d
2024-08-06T03:10:23.104203077Z 10.10.110.61 - - [06/Aug/2024:03:10:23 +0000] "GET /version HTTP/2.0" 200 286 "-" "curl/8.0.1" 36 0.002 [cattle-system-rancher-80] [] 10.52.0.73:80 286 0.002 200 821f87752d9635c4d8707d3265c1fd0a
2024-08-06T03:10:53.074300873Z 10.10.110.61 - - [06/Aug/2024:03:10:53 +0000] "GET /version HTTP/2.0" 200 286 "-" "curl/8.0.1" 36 0.003 [cattle-system-rancher-80] [] 10.52.1.5:80 286 0.003 200 b2900672e622fee9a6a07aab2e7b5580
2024-08-06T03:11:56.371980205Z 10.52.0.0 - - [06/Aug/2024:03:11:56 +0000] "GET /version HTTP/2.0" 200 286 "-" "curl/8.0.1" 36 0.003 [cattle-system-rancher-80] [] 10.52.0.73:80 286 0.003 200 ab4093acd07180080acd188f3aaad663
2024-08-06T03:13:03.007827532Z 10.52.1.0 - - [06/Aug/2024:03:13:03 +0000] "GET /version HTTP/2.0" 200 286 "-" "curl/8.0.1" 36 0.003 [cattle-system-rancher-80] [] 10.52.0.73:80 286 0.003 200 95c51db51405c738134d49ed35d6b8a1
2024-08-06T03:13:23.071797982Z 10.10.110.61 - - [06/Aug/2024:03:13:23 +0000] "GET /version HTTP/2.0" 200 286 "-" "curl/8.0.1" 36 0.003 [cattle-system-rancher-80] [] 10.52.1.5:80 286 0.003 200 a446c0be1e28d518377e4f0a3465bdc7
2024-08-06T03:14:23.100491501Z 10.10.110.61 - - [06/Aug/2024:03:14:23 +0000] "GET /version HTTP/2.0" 200 286 "-" "curl/8.0.1" 36 0.003 [cattle-system-rancher-80] [] 10.52.1.5:80 286 0.003 200 a84f5a29297d0be014cbfb2e31810949
2024-08-06T03:15:32.983373684Z 10.52.1.0 - - [06/Aug/2024:03:15:32 +0000] "GET /version HTTP/2.0" 200 286 "-" "curl/8.0.1" 36 0.002 [cattle-system-rancher-80] [] 10.52.2.3:80 286 0.002 200 b7a3151165d1e502596425e955a9c5a3
2024-08-06T03:16:03.502766526Z 10.52.3.0 - - [06/Aug/2024:03:16:03 +0000] "GET /version HTTP/2.0" 200 286 "-" "curl/8.0.1" 36 0.002 [cattle-system-rancher-80] [] 10.52.1.5:80 286 0.003 200 8b0e24842f7cfe072e2e8d7dfb7e57ed
2024-08-06T03:16:32.996352585Z 10.52.1.0 - - [06/Aug/2024:03:16:32 +0000] "GET /version HTTP/2.0" 200 286 "-" "curl/8.0.1" 36 0.002 [cattle-system-rancher-80] [] 10.52.0.73:80 286 0.002 200 296edcd78eef2358c7d56b2d08f76c06
