2024-08-06T06:49:42.385552156Z 10.52.0.0 - - [06/Aug/2024:06:49:42 +0000] "GET /v1/apps.replicasets?limit=1 HTTP/1.1" 200 2681 "https://harvester.calgaryserver.ca/dashboard/c/local/explorer/apps.statefulset" "Mozilla/5.0 (Windows NT 10.0; Win64; x64) AppleWebKit/537.36 (KHTML, like Gecko) Chrome/127.0.0.0 Safari/537.36" 1165 0.010 [cattle-system-rancher-80] [] 10.52.0.73:80 2688 0.010 200 40b0b5cbcdafb359cd376662fba97234
2024-08-06T06:49:42.386344248Z 10.52.0.0 - - [06/Aug/2024:06:49:42 +0000] "GET /v1/apps.deployments?limit=1 HTTP/1.1" 200 2846 "https://harvester.calgaryserver.ca/dashboard/c/local/explorer/apps.statefulset" "Mozilla/5.0 (Windows NT 10.0; Win64; x64) AppleWebKit/537.36 (KHTML, like Gecko) Chrome/127.0.0.0 Safari/537.36" 1165 0.010 [cattle-system-rancher-80] [] 10.52.1.5:80 2853 0.010 200 b2999592ace534185db253a9cccbcdef
2024-08-06T06:50:02.998684425Z 10.52.1.0 - - [06/Aug/2024:06:50:02 +0000] "GET /version HTTP/2.0" 200 286 "-" "curl/8.0.1" 36 0.003 [cattle-system-rancher-80] [] 10.52.0.73:80 286 0.003 200 fcc770875732774c25e55babe1d0ce6d
2024-08-06T06:50:03.520173364Z 10.52.3.0 - - [06/Aug/2024:06:50:03 +0000] "GET /version HTTP/2.0" 200 286 "-" "curl/8.0.1" 36 0.002 [cattle-system-rancher-80] [] 10.52.2.3:80 286 0.002 200 66aa8d9b3dac20a0a218f312768dfa47
2024-08-06T06:50:23.093989802Z 10.10.110.61 - - [06/Aug/2024:06:50:23 +0000] "GET /version HTTP/2.0" 200 286 "-" "curl/8.0.1" 36 0.002 [cattle-system-rancher-80] [] 10.52.1.5:80 286 0.002 200 cbbd4d560ce0e32fc176c31f4c98ff02
2024-08-06T06:50:28.358176831Z 10.52.0.0 - - [06/Aug/2024:06:50:28 +0000] "GET /v1/provisioning.cattle.io.clusters?limit=1 HTTP/1.1" 200 1949 "https://harvester.calgaryserver.ca/dashboard/c/local/explorer/apps.statefulset" "Mozilla/5.0 (Windows NT 10.0; Win64; x64) AppleWebKit/537.36 (KHTML, like Gecko) Chrome/127.0.0.0 Safari/537.36" 1180 0.007 [cattle-system-rancher-80] [] 10.52.2.3:80 1949 0.007 200 91876d8bba534c2c55c91189c11cda86
2024-08-06T06:50:53.068452544Z 10.10.110.61 - - [06/Aug/2024:06:50:53 +0000] "GET /version HTTP/2.0" 200 286 "-" "curl/8.0.1" 36 0.003 [cattle-system-rancher-80] [] 10.52.1.5:80 286 0.003 200 b02ded419249aba6fd2c76922af687c5
2024-08-06T06:51:23.058061042Z 10.10.110.61 - - [06/Aug/2024:06:51:23 +0000] "GET /version HTTP/2.0" 200 286 "-" "curl/8.0.1" 36 0.002 [cattle-system-rancher-80] [] 10.52.1.5:80 286 0.002 200 ba3215a7ca3f5f7adddc44065225ac98
2024-08-06T06:51:33.553453833Z 10.52.3.0 - - [06/Aug/2024:06:51:33 +0000] "GET /version HTTP/2.0" 200 286 "-" "curl/8.0.1" 36 0.003 [cattle-system-rancher-80] [] 10.52.2.3:80 286 0.002 200 7554a081094f0ae4884e70f31451f1af
2024-08-06T06:51:53.081566448Z 10.10.110.61 - - [06/Aug/2024:06:51:53 +0000] "GET /version HTTP/2.0" 200 286 "-" "curl/8.0.1" 36 0.003 [cattle-system-rancher-80] [] 10.52.0.73:80 286 0.003 200 616e26c2c7edd84e486d4a78a204ed8e
2024-08-06T06:51:56.380736952Z 10.52.0.0 - - [06/Aug/2024:06:51:56 +0000] "GET /version HTTP/2.0" 200 286 "-" "curl/8.0.1" 36 0.002 [cattle-system-rancher-80] [] 10.52.2.3:80 286 0.002 200 c7fd6b2b8efab0ae196e4467d996b699
2024-08-06T06:52:22.365209081Z 10.52.0.0 - - [06/Aug/2024:06:52:22 +0000] "GET /v1/harvester/namespaces?limit=1 HTTP/1.1" 200 1304 "https://harvester.calgaryserver.ca/dashboard/harvester/c/local/support" "Mozilla/5.0 (Windows NT 10.0; Win64; x64) AppleWebKit/537.36 (KHTML, like Gecko) Chrome/127.0.0.0 Safari/537.36" 1161 0.009 [cattle-system-rancher-80] [] 10.52.2.3:80 1304 0.009 200 131277fa3d7cd026fe6869549c7921f9
2024-08-06T06:52:22.365898748Z 10.52.0.0 - - [06/Aug/2024:06:52:22 +0000] "GET /v1/harvester/devices.harvesterhci.io.sriovgpudevices?limit=1 HTTP/1.1" 200 931 "https://harvester.calgaryserver.ca/dashboard/harvester/c/local/support" "Mozilla/5.0 (Windows NT 10.0; Win64; x64) AppleWebKit/537.36 (KHTML, like Gecko) Chrome/127.0.0.0 Safari/537.36" 1190 0.006 [cattle-system-rancher-80] [] 10.52.2.3:80 931 0.006 200 8124c8f39d724bf45be184c72fcd5aa7
2024-08-06T06:52:23.352709573Z 10.52.0.0 - - [06/Aug/2024:06:52:23 +0000] "GET /v1/management.cattle.io.clusters?limit=1 HTTP/1.1" 200 1362 "https://harvester.calgaryserver.ca/dashboard/harvester/c/local/support" "Mozilla/5.0 (Windows NT 10.0; Win64; x64) AppleWebKit/537.36 (KHTML, like Gecko) Chrome/127.0.0.0 Safari/537.36" 1170 0.008 [cattle-system-rancher-80] [] 10.52.0.73:80 1362 0.008 200 78e71ee3ec6c5cbd0a2d6f8ae8a4d1bb
2024-08-06T06:52:24.344117133Z 10.52.0.0 - - [06/Aug/2024:06:52:24 +0000] "GET /v1/management.cattle.io.fleetworkspaces?limit=1 HTTP/1.1" 200 614 "https://harvester.calgaryserver.ca/dashboard/c/local/explorer/apps.statefulset" "Mozilla/5.0 (Windows NT 10.0; Win64; x64) AppleWebKit/537.36 (KHTML, like Gecko) Chrome/127.0.0.0 Safari/537.36" 1185 0.006 [cattle-system-rancher-80] [] 10.52.1.5:80 614 0.006 200 6bec34517e6862fa062048dfef36dd45
2024-08-06T06:52:24.350769642Z 10.52.0.0 - - [06/Aug/2024:06:52:24 +0000] "GET /v1/catalog.cattle.io.apps?limit=1 HTTP/1.1" 200 2453 "https://harvester.calgaryserver.ca/dashboard/c/local/explorer/apps.statefulset" "Mozilla/5.0 (Windows NT 10.0; Win64; x64) AppleWebKit/537.36 (KHTML, like Gecko) Chrome/127.0.0.0 Safari/537.36" 1171 0.013 [cattle-system-rancher-80] [] 10.52.2.3:80 2460 0.013 200 c513125c613b1d591a9433e83c7225a4
2024-08-06T06:52:53.082648172Z 10.10.110.61 - - [06/Aug/2024:06:52:53 +0000] "GET /version HTTP/2.0" 200 286 "-" "curl/8.0.1" 36 0.002 [cattle-system-rancher-80] [] 10.52.0.73:80 286 0.002 200 d0d400f4e8ff733ed3d0ec9db5d9afc6
2024-08-06T06:53:23.070976277Z 10.10.110.61 - - [06/Aug/2024:06:53:23 +0000] "GET /version HTTP/2.0" 200 286 "-" "curl/8.0.1" 36 0.002 [cattle-system-rancher-80] [] 10.52.0.73:80 286 0.002 200 d3ab59ec7b1827ad74b349e7d28a1982
2024-08-06T06:53:26.340330856Z 10.52.0.0 - - [06/Aug/2024:06:53:26 +0000] "GET /version HTTP/2.0" 200 286 "-" "curl/8.0.1" 36 0.002 [cattle-system-rancher-80] [] 10.52.1.5:80 286 0.002 200 095b11271d56f98774a4c531f058ae0b
2024-08-06T06:53:30.354611393Z 10.52.0.0 - - [06/Aug/2024:06:53:30 +0000] "GET /v1/devices.harvesterhci.io.pcidevices?limit=1 HTTP/1.1" 200 1006 "https://harvester.calgaryserver.ca/dashboard/c/local/explorer/apps.statefulset" "Mozilla/5.0 (Windows NT 10.0; Win64; x64) AppleWebKit/537.36 (KHTML, like Gecko) Chrome/127.0.0.0 Safari/537.36" 1183 0.010 [cattle-system-rancher-80] [] 10.52.1.5:80 1006 0.010 200 0d5ae4311ed8665119fbb844b46e3377
2024-08-06T06:53:31.346317116Z 10.52.0.0 - - [06/Aug/2024:06:53:31 +0000] "GET /v1/devices.harvesterhci.io.pcideviceclaims?limit=1 HTTP/1.1" 200 178 "https://harvester.calgaryserver.ca/dashboard/c/local/explorer/apps.statefulset" "Mozilla/5.0 (Windows NT 10.0; Win64; x64) AppleWebKit/537.36 (KHTML, like Gecko) Chrome/127.0.0.0 Safari/537.36" 1188 0.006 [cattle-system-rancher-80] [] 10.52.0.73:80 178 0.005 200 f2fa2cc85012b110ea08e91fdaab0e38
2024-08-06T06:53:31.347431192Z 10.52.0.0 - - [06/Aug/2024:06:53:31 +0000] "GET /v1/devices.harvesterhci.io.sriovnetworkdevices?limit=1 HTTP/1.1" 200 626 "https://harvester.calgaryserver.ca/dashboard/c/local/explorer/apps.statefulset" "Mozilla/5.0 (Windows NT 10.0; Win64; x64) AppleWebKit/537.36 (KHTML, like Gecko) Chrome/127.0.0.0 Safari/537.36" 1192 0.007 [cattle-system-rancher-80] [] 10.52.0.73:80 626 0.007 200 ff5c3e85b6ef0768805bfd56462c0cce
2024-08-06T06:53:33.523958481Z 10.52.3.0 - - [06/Aug/2024:06:53:33 +0000] "GET /version HTTP/2.0" 200 286 "-" "curl/8.0.1" 36 0.002 [cattle-system-rancher-80] [] 10.52.1.5:80 286 0.003 200 7d7fd032715d6a1592bc16c7c598d8b5
2024-08-06T06:54:23.073569906Z 10.10.110.61 - - [06/Aug/2024:06:54:23 +0000] "GET /version HTTP/2.0" 200 286 "-" "curl/8.0.1" 36 0.002 [cattle-system-rancher-80] [] 10.52.2.3:80 286 0.002 200 2433373ed18b31384fe95e99ce0e3960
2024-08-06T06:54:33.016682634Z 10.52.1.0 - - [06/Aug/2024:06:54:33 +0000] "GET /version HTTP/2.0" 200 286 "-" "curl/8.0.1" 36 0.002 [cattle-system-rancher-80] [] 10.52.2.3:80 286 0.002 200 500c269a832dc410398404b048034f3b
2024-08-06T06:54:33.551476624Z 10.52.3.0 - - [06/Aug/2024:06:54:33 +0000] "GET /version HTTP/2.0" 200 286 "-" "curl/8.0.1" 36 0.002 [cattle-system-rancher-80] [] 10.52.2.3:80 286 0.002 200 e35285c5ecfd921c1901bf432f6907b1
2024-08-06T06:54:43.351655487Z 10.52.0.0 - - [06/Aug/2024:06:54:43 +0000] "GET /v1/harvester/harvesterhci.io.blockdevices?limit=1 HTTP/1.1" 200 1524 "https://harvester.calgaryserver.ca/dashboard/harvester/c/local/support" "Mozilla/5.0 (Windows NT 10.0; Win64; x64) AppleWebKit/537.36 (KHTML, like Gecko) Chrome/127.0.0.0 Safari/537.36" 1179 0.013 [cattle-system-rancher-80] [] 10.52.1.5:80 1524 0.013 200 8de76f44b960159a73af73a320d8c50d
2024-08-06T06:54:45.348882207Z 10.52.0.0 - - [06/Aug/2024:06:54:45 +0000] "GET /v1/harvester/pods?limit=1 HTTP/1.1" 200 2663 "https://harvester.calgaryserver.ca/dashboard/harvester/c/local/support" "Mozilla/5.0 (Windows NT 10.0; Win64; x64) AppleWebKit/537.36 (KHTML, like Gecko) Chrome/127.0.0.0 Safari/537.36" 1155 0.011 [cattle-system-rancher-80] [] 10.52.0.73:80 2663 0.011 200 f76a3aed2b5b09f59dbfa31fff15bd2b
2024-08-06T06:54:56.391236047Z 10.52.0.0 - - [06/Aug/2024:06:54:56 +0000] "GET /version HTTP/2.0" 200 286 "-" "curl/8.0.1" 36 0.002 [cattle-system-rancher-80] [] 10.52.1.5:80 286 0.003 200 a75bdc7b3384f01c7f6e12441036daf8
2024-08-06T06:55:05.354789548Z 10.52.0.0 - - [06/Aug/2024:06:55:05 +0000] "GET /v1/harvester/harvesterhci.io.virtualmachinerestores?limit=1 HTTP/1.1" 200 180 "https://harvester.calgaryserver.ca/dashboard/harvester/c/local/support" "Mozilla/5.0 (Windows NT 10.0; Win64; x64) AppleWebKit/537.36 (KHTML, like Gecko) Chrome/127.0.0.0 Safari/537.36" 1189 0.007 [cattle-system-rancher-80] [] 10.52.1.5:80 180 0.007 200 a1bbc06aaee91dad335219814036aef3
2024-08-06T06:55:05.363558727Z 10.52.0.0 - - [06/Aug/2024:06:55:05 +0000] "GET /v1/harvester/kubevirt.io.virtualmachines?limit=1 HTTP/1.1" 200 2398 "https://harvester.calgaryserver.ca/dashboard/harvester/c/local/support" "Mozilla/5.0 (Windows NT 10.0; Win64; x64) AppleWebKit/537.36 (KHTML, like Gecko) Chrome/127.0.0.0 Safari/537.36" 1178 0.012 [cattle-system-rancher-80] [] 10.52.2.3:80 2398 0.012 200 5cd8ebc4b38c673d2b6688999478dada
2024-08-06T06:56:02.998859705Z 10.52.1.0 - - [06/Aug/2024:06:56:02 +0000] "GET /version HTTP/2.0" 200 286 "-" "curl/8.0.1" 36 0.002 [cattle-system-rancher-80] [] 10.52.1.5:80 286 0.002 200 20a26384a7dd93c25037522354670d99
2024-08-06T06:56:33.516321435Z 10.52.3.0 - - [06/Aug/2024:06:56:33 +0000] "GET /version HTTP/2.0" 200 286 "-" "curl/8.0.1" 36 0.002 [cattle-system-rancher-80] [] 10.52.2.3:80 286 0.002 200 70c21b185b2412a18d25c48710f4a8bc
2024-08-06T06:56:53.060139344Z 10.10.110.61 - - [06/Aug/2024:06:56:53 +0000] "GET /version HTTP/2.0" 200 286 "-" "curl/8.0.1" 36 0.002 [cattle-system-rancher-80] [] 10.52.1.5:80 286 0.002 200 cbf6f6aedb8ee2cc8408d7a9a6933a0a
2024-08-06T06:57:23.064009725Z 10.10.110.61 - - [06/Aug/2024:06:57:23 +0000] "GET /version HTTP/2.0" 200 286 "-" "curl/8.0.1" 36 0.002 [cattle-system-rancher-80] [] 10.52.1.5:80 286 0.002 200 dee935c120b069cf23952e5276c868e2
2024-08-06T06:57:26.352817650Z 10.52.0.0 - - [06/Aug/2024:06:57:26 +0000] "GET /version HTTP/2.0" 200 286 "-" "curl/8.0.1" 36 0.002 [cattle-system-rancher-80] [] 10.52.2.3:80 286 0.003 200 3f96c3c1d3f1223525e977a505a27a56
2024-08-06T06:57:56.346431281Z 10.52.0.0 - - [06/Aug/2024:06:57:56 +0000] "GET /version HTTP/2.0" 200 286 "-" "curl/8.0.1" 36 0.002 [cattle-system-rancher-80] [] 10.52.2.3:80 286 0.002 200 3d82f8526a003ef9c25fb88e01c7c3ae
2024-08-06T06:58:33.025618855Z 10.52.1.0 - - [06/Aug/2024:06:58:33 +0000] "GET /version HTTP/2.0" 200 286 "-" "curl/8.0.1" 36 0.003 [cattle-system-rancher-80] [] 10.52.1.5:80 286 0.003 200 30a79bce17218ed5410b5588ceb55cca
2024-08-06T06:59:03.002621231Z 10.52.1.0 - - [06/Aug/2024:06:59:03 +0000] "GET /version HTTP/2.0" 200 286 "-" "curl/8.0.1" 36 0.003 [cattle-system-rancher-80] [] 10.52.0.73:80 286 0.003 200 e6a6bd1e0543c1f7915428cd625b53d4
2024-08-06T06:59:33.514760664Z 10.52.3.0 - - [06/Aug/2024:06:59:33 +0000] "GET /version HTTP/2.0" 200 286 "-" "curl/8.0.1" 36 0.002 [cattle-system-rancher-80] [] 10.52.2.3:80 286 0.002 200 6f9be1d78c140ada55601fb4fefccc26
2024-08-06T07:00:03.006130478Z 10.52.1.0 - - [06/Aug/2024:07:00:03 +0000] "GET /version HTTP/2.0" 200 286 "-" "curl/8.0.1" 36 0.003 [cattle-system-rancher-80] [] 10.52.0.73:80 286 0.003 200 00cb29fdce0f321493eb4a7f1608c361
2024-08-06T07:00:33.011844194Z 10.52.1.0 - - [06/Aug/2024:07:00:33 +0000] "GET /version HTTP/2.0" 200 286 "-" "curl/8.0.1" 36 0.002 [cattle-system-rancher-80] [] 10.52.1.5:80 286 0.003 200 55e7ebd0946ef1ac7ba4fe90f23ff01a
2024-08-06T07:03:03.560275698Z 10.52.3.0 - - [06/Aug/2024:07:03:03 +0000] "GET /version HTTP/2.0" 200 286 "-" "curl/8.0.1" 36 0.002 [cattle-system-rancher-80] [] 10.52.0.73:80 286 0.002 200 d4ba5709ee8fac7ba556a4f57f59a08a
2024-08-06T07:03:23.070389290Z 10.10.110.61 - - [06/Aug/2024:07:03:23 +0000] "GET /version HTTP/2.0" 200 286 "-" "curl/8.0.1" 36 0.003 [cattle-system-rancher-80] [] 10.52.2.3:80 286 0.002 200 74f888e50f471aea514dd571f6d6b705
2024-08-06T07:03:33.485535945Z 10.52.3.0 - - [06/Aug/2024:07:03:33 +0000] "GET /version HTTP/2.0" 200 286 "-" "curl/8.0.1" 36 0.002 [cattle-system-rancher-80] [] 10.52.2.3:80 286 0.002 200 580b86b05e962a9597993b1f47352c5f
2024-08-06T07:05:23.065327949Z 10.10.110.61 - - [06/Aug/2024:07:05:23 +0000] "GET /version HTTP/2.0" 200 286 "-" "curl/8.0.1" 36 0.002 [cattle-system-rancher-80] [] 10.52.0.73:80 286 0.002 200 64094c70d2f76143894705bc837b98ae
2024-08-06T07:05:33.497664129Z 10.52.3.0 - - [06/Aug/2024:07:05:33 +0000] "GET /version HTTP/2.0" 200 286 "-" "curl/8.0.1" 36 0.002 [cattle-system-rancher-80] [] 10.52.2.3:80 286 0.003 200 3aa9abf23bce280567ec61936dae1c3f
2024-08-06T07:05:53.073483418Z 10.10.110.61 - - [06/Aug/2024:07:05:53 +0000] "GET /version HTTP/2.0" 200 286 "-" "curl/8.0.1" 36 0.002 [cattle-system-rancher-80] [] 10.52.1.5:80 286 0.002 200 e190b16d56e3ae5dd3a2fb8ee7f36fb0
2024-08-06T07:06:03.002003821Z 10.52.1.0 - - [06/Aug/2024:07:06:03 +0000] "GET /version HTTP/2.0" 200 286 "-" "curl/8.0.1" 36 0.002 [cattle-system-rancher-80] [] 10.52.0.73:80 286 0.002 200 c5f9ca14ceb1d7c4c4e311671ec3435d
2024-08-06T07:06:26.357004693Z 10.52.0.0 - - [06/Aug/2024:07:06:26 +0000] "GET /version HTTP/2.0" 200 286 "-" "curl/8.0.1" 36 0.002 [cattle-system-rancher-80] [] 10.52.0.73:80 286 0.002 200 2e30832aa45252430da4fa5c7abd55d8
2024-08-06T07:06:33.516335688Z 10.52.3.0 - - [06/Aug/2024:07:06:33 +0000] "GET /version HTTP/2.0" 200 286 "-" "curl/8.0.1" 36 0.002 [cattle-system-rancher-80] [] 10.52.2.3:80 286 0.002 200 e3d4dff6391ed65a800306ed8806e5fe
2024-08-06T07:06:53.059716552Z 10.10.110.61 - - [06/Aug/2024:07:06:53 +0000] "GET /version HTTP/2.0" 200 286 "-" "curl/8.0.1" 36 0.003 [cattle-system-rancher-80] [] 10.52.0.73:80 286 0.003 200 123adc798d1ff0620980b33b5a82fd2d
2024-08-06T07:07:33.493949386Z 10.52.3.0 - - [06/Aug/2024:07:07:33 +0000] "GET /version HTTP/2.0" 200 286 "-" "curl/8.0.1" 36 0.003 [cattle-system-rancher-80] [] 10.52.0.73:80 286 0.003 200 35fc08fdf7b05143bb26b5ba68d4b258
2024-08-06T07:07:56.354686278Z 10.52.0.0 - - [06/Aug/2024:07:07:56 +0000] "GET /version HTTP/2.0" 200 286 "-" "curl/8.0.1" 36 0.002 [cattle-system-rancher-80] [] 10.52.1.5:80 286 0.003 200 d4eea9843911491034091c88cba193e5
2024-08-06T07:08:33.536423199Z 10.52.3.0 - - [06/Aug/2024:07:08:33 +0000] "GET /version HTTP/2.0" 200 286 "-" "curl/8.0.1" 36 0.003 [cattle-system-rancher-80] [] 10.52.1.5:80 286 0.002 200 5c8d6f7c8d95dbdc6cca2cdb6db0190d
2024-08-06T07:09:03.005110530Z 10.52.1.0 - - [06/Aug/2024:07:09:03 +0000] "GET /version HTTP/2.0" 200 286 "-" "curl/8.0.1" 36 0.002 [cattle-system-rancher-80] [] 10.52.1.5:80 286 0.002 200 1b3063ff7a009dcfed5ce142d37cba70
2024-08-06T07:11:02.999965803Z 10.52.1.0 - - [06/Aug/2024:07:11:02 +0000] "GET /version HTTP/2.0" 200 286 "-" "curl/8.0.1" 36 0.002 [cattle-system-rancher-80] [] 10.52.0.73:80 286 0.002 200 086934cc44cbe35a282c3407c56f726a
2024-08-06T07:11:53.053836746Z 10.10.110.61 - - [06/Aug/2024:07:11:53 +0000] "GET /version HTTP/2.0" 200 286 "-" "curl/8.0.1" 36 0.002 [cattle-system-rancher-80] [] 10.52.2.3:80 286 0.002 200 9e450a8af2285de1ce6e7c21b226e888
2024-08-06T07:12:23.068184375Z 10.10.110.61 - - [06/Aug/2024:07:12:23 +0000] "GET /version HTTP/2.0" 200 286 "-" "curl/8.0.1" 36 0.002 [cattle-system-rancher-80] [] 10.52.1.5:80 286 0.002 200 2e3ca13f15a35d8eb943d2726f9d2d02
2024-08-06T07:13:26.354184790Z 10.52.0.0 - - [06/Aug/2024:07:13:26 +0000] "GET /version HTTP/2.0" 200 286 "-" "curl/8.0.1" 36 0.002 [cattle-system-rancher-80] [] 10.52.0.73:80 286 0.002 200 4145877b98ccf161111796fc03163557
2024-08-06T07:13:33.016867733Z 10.52.1.0 - - [06/Aug/2024:07:13:33 +0000] "GET /version HTTP/2.0" 200 286 "-" "curl/8.0.1" 36 0.003 [cattle-system-rancher-80] [] 10.52.0.73:80 286 0.003 200 4032adde094091e26fc33dc0da6d1695
2024-08-06T07:14:56.366718868Z 10.52.0.0 - - [06/Aug/2024:07:14:56 +0000] "GET /version HTTP/2.0" 200 286 "-" "curl/8.0.1" 36 0.003 [cattle-system-rancher-80] [] 10.52.2.3:80 286 0.003 200 d76d8fc1761f5a3c0f516577d5da9ee4
2024-08-06T07:15:26.341110056Z 10.52.0.0 - - [06/Aug/2024:07:15:26 +0000] "GET /version HTTP/2.0" 200 286 "-" "curl/8.0.1" 36 0.002 [cattle-system-rancher-80] [] 10.52.2.3:80 286 0.002 200 56ea013fe0a9f6317a561221b6e9927d
2024-08-06T07:16:03.027870212Z 10.52.1.0 - - [06/Aug/2024:07:16:03 +0000] "GET /version HTTP/2.0" 200 286 "-" "curl/8.0.1" 36 0.002 [cattle-system-rancher-80] [] 10.52.2.3:80 286 0.002 200 fa09ad3705f4ae394b5d18b79fe85649
2024-08-06T07:17:03.012267121Z 10.52.1.0 - - [06/Aug/2024:07:17:03 +0000] "GET /version HTTP/2.0" 200 286 "-" "curl/8.0.1" 36 0.002 [cattle-system-rancher-80] [] 10.52.2.3:80 286 0.002 200 1445b9172e3a4108ecb2d4e07550ce7b
2024-08-06T07:17:03.517229005Z 10.52.3.0 - - [06/Aug/2024:07:17:03 +0000] "GET /version HTTP/2.0" 200 286 "-" "curl/8.0.1" 36 0.002 [cattle-system-rancher-80] [] 10.52.1.5:80 286 0.002 200 da2090f624d13b0db71393f0963fa137
2024-08-06T07:17:53.079300215Z 10.10.110.61 - - [06/Aug/2024:07:17:53 +0000] "GET /version HTTP/2.0" 200 286 "-" "curl/8.0.1" 36 0.002 [cattle-system-rancher-80] [] 10.52.0.73:80 286 0.002 200 a246868ec7bf19f7d839429bcec42638
2024-08-06T07:18:23.055578388Z 10.10.110.61 - - [06/Aug/2024:07:18:23 +0000] "GET /version HTTP/2.0" 200 286 "-" "curl/8.0.1" 36 0.003 [cattle-system-rancher-80] [] 10.52.1.5:80 286 0.003 200 28943f2804d76d4a1fc9c2180a1d0ed0
2024-08-06T07:18:53.076836374Z 10.10.110.61 - - [06/Aug/2024:07:18:53 +0000] "GET /version HTTP/2.0" 200 286 "-" "curl/8.0.1" 36 0.002 [cattle-system-rancher-80] [] 10.52.0.73:80 286 0.002 200 fc1a975c11a5ce5b9570b406ab40fd8e
2024-08-06T07:19:02.984133342Z 10.52.1.0 - - [06/Aug/2024:07:19:02 +0000] "GET /version HTTP/2.0" 200 286 "-" "curl/8.0.1" 36 0.002 [cattle-system-rancher-80] [] 10.52.2.3:80 286 0.002 200 c3a24317be482cfd0d50b904a7d0b99c
2024-08-06T07:19:48.339768336Z 10.52.0.0 - - [06/Aug/2024:07:19:48 +0000] "GET /v1/batch.cronjobs?limit=1 HTTP/1.1" 200 166 "https://harvester.calgaryserver.ca/dashboard/c/local/explorer/apps.statefulset" "Mozilla/5.0 (Windows NT 10.0; Win64; x64) AppleWebKit/537.36 (KHTML, like Gecko) Chrome/127.0.0.0 Safari/537.36" 1159 0.006 [cattle-system-rancher-80] [] 10.52.1.5:80 166 0.006 200 1f0422dbd0482959dd621017d27289ad
2024-08-06T07:20:23.073214697Z 10.10.110.61 - - [06/Aug/2024:07:20:23 +0000] "GET /version HTTP/2.0" 200 286 "-" "curl/8.0.1" 36 0.002 [cattle-system-rancher-80] [] 10.52.0.73:80 286 0.002 200 2a26213955b14775e91760814e6ea7ea
2024-08-06T07:20:32.992728921Z 10.52.1.0 - - [06/Aug/2024:07:20:32 +0000] "GET /version HTTP/2.0" 200 286 "-" "curl/8.0.1" 36 0.002 [cattle-system-rancher-80] [] 10.52.0.73:80 286 0.003 200 80ee52b0b3b4610fa29bd2107e130e07
2024-08-06T07:20:33.500573662Z 10.52.3.0 - - [06/Aug/2024:07:20:33 +0000] "GET /version HTTP/2.0" 200 286 "-" "curl/8.0.1" 36 0.002 [cattle-system-rancher-80] [] 10.52.2.3:80 286 0.003 200 b692e218d3f739f3de9203307aecbe64
2024-08-06T07:21:03.488310710Z 10.52.3.0 - - [06/Aug/2024:07:21:03 +0000] "GET /version HTTP/2.0" 200 286 "-" "curl/8.0.1" 36 0.002 [cattle-system-rancher-80] [] 10.52.2.3:80 286 0.002 200 027204d8a2893061bbc6a4f37bc9ec17
2024-08-06T07:21:56.371286352Z 10.52.0.0 - - [06/Aug/2024:07:21:56 +0000] "GET /version HTTP/2.0" 200 286 "-" "curl/8.0.1" 36 0.002 [cattle-system-rancher-80] [] 10.52.2.3:80 286 0.002 200 c9310871acc891fe36292af7ac64b3ff
2024-08-06T07:22:03.051187814Z 10.52.1.0 - - [06/Aug/2024:07:22:03 +0000] "GET /version HTTP/2.0" 200 286 "-" "curl/8.0.1" 36 0.002 [cattle-system-rancher-80] [] 10.52.2.3:80 286 0.002 200 db2b0ad387dcf9ccc2d404ccf2e7d734
2024-08-06T07:22:26.352925376Z 10.52.0.0 - - [06/Aug/2024:07:22:26 +0000] "GET /version HTTP/2.0" 200 286 "-" "curl/8.0.1" 36 0.003 [cattle-system-rancher-80] [] 10.52.1.5:80 286 0.003 200 3be0796c73610d0a8b8a8264a288442c
2024-08-06T07:22:28.350401759Z 10.52.0.0 - - [06/Aug/2024:07:22:28 +0000] "GET /v1/harvester/devices.harvesterhci.io.sriovgpudevices?limit=1 HTTP/1.1" 200 931 "https://harvester.calgaryserver.ca/dashboard/harvester/c/local/support" "Mozilla/5.0 (Windows NT 10.0; Win64; x64) AppleWebKit/537.36 (KHTML, like Gecko) Chrome/127.0.0.0 Safari/537.36" 1190 0.008 [cattle-system-rancher-80] [] 10.52.2.3:80 931 0.009 200 1521be9c6ef2633b7857c51d8428490e
2024-08-06T07:22:28.352443905Z 10.52.0.0 - - [06/Aug/2024:07:22:28 +0000] "GET /v1/harvester/devices.harvesterhci.io.pcideviceclaims?limit=1 HTTP/1.1" 200 179 "https://harvester.calgaryserver.ca/dashboard/harvester/c/local/support" "Mozilla/5.0 (Windows NT 10.0; Win64; x64) AppleWebKit/537.36 (KHTML, like Gecko) Chrome/127.0.0.0 Safari/537.36" 1190 0.009 [cattle-system-rancher-80] [] 10.52.1.5:80 179 0.009 200 c46547bc04d5cebb85b2f88bb0b30254
2024-08-06T07:22:28.367066663Z 10.52.0.0 - - [06/Aug/2024:07:22:28 +0000] "GET /v1/harvester/nodes?limit=1 HTTP/1.1" 200 6615 "https://harvester.calgaryserver.ca/dashboard/harvester/c/local/support" "Mozilla/5.0 (Windows NT 10.0; Win64; x64) AppleWebKit/537.36 (KHTML, like Gecko) Chrome/127.0.0.0 Safari/537.36" 1156 0.021 [cattle-system-rancher-80] [] 10.52.0.73:80 6609 0.021 200 86f217940a62fdfcbb6626b7259c71b0
2024-08-06T07:22:29.331839672Z 10.52.0.0 - - [06/Aug/2024:07:22:29 +0000] "GET /v1/management.cattle.io.clusters?limit=1 HTTP/1.1" 200 1365 "https://harvester.calgaryserver.ca/dashboard/harvester/c/local/support" "Mozilla/5.0 (Windows NT 10.0; Win64; x64) AppleWebKit/537.36 (KHTML, like Gecko) Chrome/127.0.0.0 Safari/537.36" 1170 0.008 [cattle-system-rancher-80] [] 10.52.1.5:80 1365 0.008 200 e7e5850348f98a7e55f631aab75ece79
2024-08-06T07:22:29.335522579Z 10.52.0.0 - - [06/Aug/2024:07:22:29 +0000] "GET /v1/catalog.cattle.io.apps?limit=1 HTTP/1.1" 200 2455 "https://harvester.calgaryserver.ca/dashboard/harvester/c/local/support" "Mozilla/5.0 (Windows NT 10.0; Win64; x64) AppleWebKit/537.36 (KHTML, like Gecko) Chrome/127.0.0.0 Safari/537.36" 1163 0.013 [cattle-system-rancher-80] [] 10.52.0.73:80 2462 0.013 200 647d11f7fd957f48418b13f4114db04e
2024-08-06T07:22:30.335935764Z 10.52.0.0 - - [06/Aug/2024:07:22:30 +0000] "GET /v1/management.cattle.io.features?limit=1 HTTP/1.1" 200 797 "https://harvester.calgaryserver.ca/dashboard/c/local/explorer/apps.statefulset" "Mozilla/5.0 (Windows NT 10.0; Win64; x64) AppleWebKit/537.36 (KHTML, like Gecko) Chrome/127.0.0.0 Safari/537.36" 1178 0.008 [cattle-system-rancher-80] [] 10.52.1.5:80 797 0.008 200 b596268b7642b88bae261c51a0ef1ca2
2024-08-06T07:22:30.336333142Z 10.52.0.0 - - [06/Aug/2024:07:22:30 +0000] "GET /v1/management.cattle.io.clusters?limit=1 HTTP/1.1" 200 1363 "https://harvester.calgaryserver.ca/dashboard/c/local/explorer/apps.statefulset" "Mozilla/5.0 (Windows NT 10.0; Win64; x64) AppleWebKit/537.36 (KHTML, like Gecko) Chrome/127.0.0.0 Safari/537.36" 1178 0.009 [cattle-system-rancher-80] [] 10.52.1.5:80 1363 0.008 200 8737a0056383134dc119ffddd6c360e4
2024-08-06T07:22:56.368252258Z 10.52.0.0 - - [06/Aug/2024:07:22:56 +0000] "GET /version HTTP/2.0" 200 286 "-" "curl/8.0.1" 36 0.002 [cattle-system-rancher-80] [] 10.52.0.73:80 286 0.002 200 e4775e9bc84e239db591ff4a3b849990
2024-08-06T07:23:02.999545022Z 10.52.1.0 - - [06/Aug/2024:07:23:02 +0000] "GET /version HTTP/2.0" 200 286 "-" "curl/8.0.1" 36 0.003 [cattle-system-rancher-80] [] 10.52.0.73:80 286 0.003 200 14a7ce32bcf027f9faf50cb92077c05c
2024-08-06T07:23:03.471812346Z 10.52.3.0 - - [06/Aug/2024:07:23:03 +0000] "GET /version HTTP/2.0" 200 286 "-" "curl/8.0.1" 36 0.002 [cattle-system-rancher-80] [] 10.52.0.73:80 286 0.002 200 e7e8b42cee76d46b47378ca4fa6cb323
2024-08-06T07:23:39.328335673Z 10.52.0.0 - - [06/Aug/2024:07:23:39 +0000] "GET /v1/devices.harvesterhci.io.sriovgpudevices?limit=1 HTTP/1.1" 200 936 "https://harvester.calgaryserver.ca/dashboard/c/local/explorer/apps.statefulset" "Mozilla/5.0 (Windows NT 10.0; Win64; x64) AppleWebKit/537.36 (KHTML, like Gecko) Chrome/127.0.0.0 Safari/537.36" 1188 0.007 [cattle-system-rancher-80] [] 10.52.2.3:80 936 0.006 200 a00f796ce71d5828e34beff8085903b5
2024-08-06T07:23:53.056383827Z 10.10.110.61 - - [06/Aug/2024:07:23:53 +0000] "GET /version HTTP/2.0" 200 286 "-" "curl/8.0.1" 36 0.002 [cattle-system-rancher-80] [] 10.52.1.5:80 286 0.001 200 2e96a833f1ee687fcd0c781948ed9353
2024-08-06T07:24:03.013438524Z 10.52.1.0 - - [06/Aug/2024:07:24:03 +0000] "GET /version HTTP/2.0" 200 286 "-" "curl/8.0.1" 36 0.003 [cattle-system-rancher-80] [] 10.52.1.5:80 286 0.003 200 724ab615b92d9350d49e3badc2c6f5d0
2024-08-06T07:24:23.070802537Z 10.10.110.61 - - [06/Aug/2024:07:24:23 +0000] "GET /version HTTP/2.0" 200 286 "-" "curl/8.0.1" 36 0.003 [cattle-system-rancher-80] [] 10.52.1.5:80 286 0.003 200 54db7f1b8da7fe56a6ba6be018f87b13
2024-08-06T07:24:26.330778882Z 10.52.0.0 - - [06/Aug/2024:07:24:26 +0000] "GET /version HTTP/2.0" 200 286 "-" "curl/8.0.1" 36 0.002 [cattle-system-rancher-80] [] 10.52.2.3:80 286 0.002 200 8d5d40943447019b5f46bbdd8777502a
2024-08-06T07:24:49.337236688Z 10.52.0.0 - - [06/Aug/2024:07:24:49 +0000] "GET /v1/harvester/metal.harvesterhci.io.inventories?limit=1 HTTP/1.1" 200 179 "https://harvester.calgaryserver.ca/dashboard/harvester/c/local/support" "Mozilla/5.0 (Windows NT 10.0; Win64; x64) AppleWebKit/537.36 (KHTML, like Gecko) Chrome/127.0.0.0 Safari/537.36" 1184 0.006 [cattle-system-rancher-80] [] 10.52.0.73:80 179 0.006 200 b83e63d5742e7f81cd41acb06e371647
2024-08-06T07:24:49.345182709Z 10.52.0.0 - - [06/Aug/2024:07:24:49 +0000] "GET /v1/harvester/longhorn.io.nodes?limit=1 HTTP/1.1" 200 2014 "https://harvester.calgaryserver.ca/dashboard/harvester/c/local/support" "Mozilla/5.0 (Windows NT 10.0; Win64; x64) AppleWebKit/537.36 (KHTML, like Gecko) Chrome/127.0.0.0 Safari/537.36" 1168 0.014 [cattle-system-rancher-80] [] 10.52.0.73:80 2014 0.014 200 5d8c6087e9efad2bb09e7678f06f5f11
2024-08-06T07:24:56.408533476Z 10.52.0.0 - - [06/Aug/2024:07:24:56 +0000] "GET /version HTTP/2.0" 200 286 "-" "curl/8.0.1" 36 0.003 [cattle-system-rancher-80] [] 10.52.1.5:80 286 0.002 200 de076a16ebd678259d73577ad456e62a
2024-08-06T07:25:11.344573370Z 10.52.0.0 - - [06/Aug/2024:07:25:11 +0000] "GET /v1/harvester/kubevirt.io.virtualmachines?limit=1 HTTP/1.1" 200 2412 "https://harvester.calgaryserver.ca/dashboard/harvester/c/local/support" "Mozilla/5.0 (Windows NT 10.0; Win64; x64) AppleWebKit/537.36 (KHTML, like Gecko) Chrome/127.0.0.0 Safari/537.36" 1178 0.015 [cattle-system-rancher-80] [] 10.52.1.5:80 2412 0.015 200 4e29c6246da29ecbfb817b139ba09b57
2024-08-06T07:25:26.360244773Z 10.52.0.0 - - [06/Aug/2024:07:25:26 +0000] "GET /version HTTP/2.0" 200 286 "-" "curl/8.0.1" 36 0.002 [cattle-system-rancher-80] [] 10.52.2.3:80 286 0.002 200 9f65cc9bbe99a2982ff7ee34177c53a8
2024-08-06T07:26:26.345736741Z 10.52.0.0 - - [06/Aug/2024:07:26:26 +0000] "GET /version HTTP/2.0" 200 286 "-" "curl/8.0.1" 36 0.002 [cattle-system-rancher-80] [] 10.52.2.3:80 286 0.002 200 d3aeef2a490f3a7cd4e3f7c04762c5b7
2024-08-06T07:26:33.014448775Z 10.52.1.0 - - [06/Aug/2024:07:26:33 +0000] "GET /version HTTP/2.0" 200 286 "-" "curl/8.0.1" 36 0.003 [cattle-system-rancher-80] [] 10.52.2.3:80 286 0.002 200 874b26846dc8f5defbd97a922bed876b
2024-08-06T07:26:33.550665233Z 10.52.3.0 - - [06/Aug/2024:07:26:33 +0000] "GET /version HTTP/2.0" 200 286 "-" "curl/8.0.1" 36 0.003 [cattle-system-rancher-80] [] 10.52.1.5:80 286 0.003 200 7482619058c3d725ac7fc3e103d58f62
2024-08-06T07:27:33.024840224Z 10.52.1.0 - - [06/Aug/2024:07:27:33 +0000] "GET /version HTTP/2.0" 200 286 "-" "curl/8.0.1" 36 0.002 [cattle-system-rancher-80] [] 10.52.2.3:80 286 0.002 200 6704a1deabd5531d3e8f864a45494e8c
2024-08-06T07:29:33.013787709Z 10.52.1.0 - - [06/Aug/2024:07:29:33 +0000] "GET /version HTTP/2.0" 200 286 "-" "curl/8.0.1" 36 0.003 [cattle-system-rancher-80] [] 10.52.0.73:80 286 0.003 200 b80b3424b2ce2175d220d4957e97623c
2024-08-06T07:29:53.052358169Z 10.10.110.61 - - [06/Aug/2024:07:29:53 +0000] "GET /version HTTP/2.0" 200 286 "-" "curl/8.0.1" 36 0.003 [cattle-system-rancher-80] [] 10.52.0.73:80 286 0.003 200 dae21c0e1b2dc67f58bd4cfc30e78905
2024-08-06T07:30:26.363719380Z 10.52.0.0 - - [06/Aug/2024:07:30:26 +0000] "GET /version HTTP/2.0" 200 286 "-" "curl/8.0.1" 36 0.003 [cattle-system-rancher-80] [] 10.52.0.73:80 286 0.003 200 900739cb0293b5a2691d668f6d75ef54
2024-08-06T07:30:56.366976685Z 10.52.0.0 - - [06/Aug/2024:07:30:56 +0000] "GET /version HTTP/2.0" 200 286 "-" "curl/8.0.1" 36 0.002 [cattle-system-rancher-80] [] 10.52.1.5:80 286 0.002 200 6f19c401041788c4a79a4ddfff5843c2
2024-08-06T07:31:53.080427692Z 10.10.110.61 - - [06/Aug/2024:07:31:53 +0000] "GET /version HTTP/2.0" 200 286 "-" "curl/8.0.1" 36 0.002 [cattle-system-rancher-80] [] 10.52.0.73:80 286 0.002 200 3ed57b9d5968ae47a31d8ea6c23010b4
2024-08-06T07:32:03.507977987Z 10.52.3.0 - - [06/Aug/2024:07:32:03 +0000] "GET /version HTTP/2.0" 200 286 "-" "curl/8.0.1" 36 0.002 [cattle-system-rancher-80] [] 10.52.0.73:80 286 0.002 200 e40d3971d316f352eaa13446b18a5727
2024-08-06T07:32:26.329906093Z 10.52.0.0 - - [06/Aug/2024:07:32:26 +0000] "GET /version HTTP/2.0" 200 286 "-" "curl/8.0.1" 36 0.002 [cattle-system-rancher-80] [] 10.52.2.3:80 286 0.002 200 884d04f73721475ff5e2fef065ee62d5
2024-08-06T07:32:33.479468850Z 10.52.3.0 - - [06/Aug/2024:07:32:33 +0000] "GET /version HTTP/2.0" 200 286 "-" "curl/8.0.1" 36 0.003 [cattle-system-rancher-80] [] 10.52.1.5:80 286 0.002 200 f157bfb8e07a1421de24ae8270a26b46
2024-08-06T07:32:53.065732736Z 10.10.110.61 - - [06/Aug/2024:07:32:53 +0000] "GET /version HTTP/2.0" 200 286 "-" "curl/8.0.1" 36 0.003 [cattle-system-rancher-80] [] 10.52.0.73:80 286 0.003 200 1b8fd2ef24189cde765be092ed5eb0b6
2024-08-06T07:32:56.333726347Z 10.52.0.0 - - [06/Aug/2024:07:32:56 +0000] "GET /version HTTP/2.0" 200 286 "-" "curl/8.0.1" 36 0.003 [cattle-system-rancher-80] [] 10.52.1.5:80 286 0.003 200 22ded42307e273b437f48d347957c8ac
2024-08-06T07:33:33.020993094Z 10.52.1.0 - - [06/Aug/2024:07:33:33 +0000] "GET /version HTTP/2.0" 200 286 "-" "curl/8.0.1" 36 0.002 [cattle-system-rancher-80] [] 10.52.0.73:80 286 0.002 200 460e6c5f910dcf715a25de71721acc93
2024-08-06T07:33:53.050180562Z 10.10.110.61 - - [06/Aug/2024:07:33:53 +0000] "GET /version HTTP/2.0" 200 286 "-" "curl/8.0.1" 36 0.002 [cattle-system-rancher-80] [] 10.52.2.3:80 286 0.002 200 60b8cf5ce32ca3686b66e0d9cb1eb4a3
2024-08-06T07:35:26.396019274Z 10.52.0.0 - - [06/Aug/2024:07:35:26 +0000] "GET /version HTTP/2.0" 200 286 "-" "curl/8.0.1" 36 0.002 [cattle-system-rancher-80] [] 10.52.2.3:80 286 0.002 200 c8ae6acf6cb3885e62e888e2e6221dec
2024-08-06T07:35:56.351709274Z 10.52.0.0 - - [06/Aug/2024:07:35:56 +0000] "GET /version HTTP/2.0" 200 286 "-" "curl/8.0.1" 36 0.003 [cattle-system-rancher-80] [] 10.52.1.5:80 286 0.003 200 2c70126a986aab5e4f1daa1a55db7df7
2024-08-06T07:36:02.990814544Z 10.52.1.0 - - [06/Aug/2024:07:36:02 +0000] "GET /version HTTP/2.0" 200 286 "-" "curl/8.0.1" 36 0.002 [cattle-system-rancher-80] [] 10.52.1.5:80 286 0.003 200 c8b29769ffdcb056b5c868f662999ef0
2024-08-06T07:36:23.086368674Z 10.10.110.61 - - [06/Aug/2024:07:36:23 +0000] "GET /version HTTP/2.0" 200 286 "-" "curl/8.0.1" 36 0.003 [cattle-system-rancher-80] [] 10.52.0.73:80 286 0.002 200 f90c18bbf1cf372e55026aa5fbb06db2
2024-08-06T07:39:23.062332772Z 10.10.110.61 - - [06/Aug/2024:07:39:23 +0000] "GET /version HTTP/2.0" 200 286 "-" "curl/8.0.1" 36 0.003 [cattle-system-rancher-80] [] 10.52.0.73:80 286 0.002 200 e81fcfc0ca95e225a732b1722d14e6c9
2024-08-06T07:40:26.338759660Z 10.52.0.0 - - [06/Aug/2024:07:40:26 +0000] "GET /version HTTP/2.0" 200 286 "-" "curl/8.0.1" 36 0.003 [cattle-system-rancher-80] [] 10.52.1.5:80 286 0.003 200 5eededd2148e373889985790a0bdaff9
2024-08-06T07:41:02.995443165Z 10.52.1.0 - - [06/Aug/2024:07:41:02 +0000] "GET /version HTTP/2.0" 200 286 "-" "curl/8.0.1" 36 0.002 [cattle-system-rancher-80] [] 10.52.2.3:80 286 0.002 200 cb0b85d03c5aa01ae515717b4358a988
2024-08-06T07:41:03.476753592Z 10.52.3.0 - - [06/Aug/2024:07:41:03 +0000] "GET /version HTTP/2.0" 200 286 "-" "curl/8.0.1" 36 0.002 [cattle-system-rancher-80] [] 10.52.2.3:80 286 0.002 200 a9f090f72786ff9ee5e92595e51b82ad
2024-08-06T07:42:23.065784947Z 10.10.110.61 - - [06/Aug/2024:07:42:23 +0000] "GET /version HTTP/2.0" 200 286 "-" "curl/8.0.1" 36 0.003 [cattle-system-rancher-80] [] 10.52.1.5:80 286 0.003 200 16d14c859ee6f1e9617b661e806d10ea
2024-08-06T07:43:23.098160755Z 10.10.110.61 - - [06/Aug/2024:07:43:23 +0000] "GET /version HTTP/2.0" 200 286 "-" "curl/8.0.1" 36 0.002 [cattle-system-rancher-80] [] 10.52.0.73:80 286 0.002 200 088e7950ff6f81f39b3f71a527337194
2024-08-06T07:44:03.023031152Z 10.52.1.0 - - [06/Aug/2024:07:44:03 +0000] "GET /version HTTP/2.0" 200 286 "-" "curl/8.0.1" 36 0.002 [cattle-system-rancher-80] [] 10.52.1.5:80 286 0.002 200 ed743e79ffeb3d1e6bc15605ca0d0ed6
2024-08-06T07:44:26.371674112Z 10.52.0.0 - - [06/Aug/2024:07:44:26 +0000] "GET /version HTTP/2.0" 200 286 "-" "curl/8.0.1" 36 0.002 [cattle-system-rancher-80] [] 10.52.0.73:80 286 0.003 200 10d7ea127fd7cb3b752482816cd14484
2024-08-06T07:44:53.073470940Z 10.10.110.61 - - [06/Aug/2024:07:44:53 +0000] "GET /version HTTP/2.0" 200 286 "-" "curl/8.0.1" 36 0.003 [cattle-system-rancher-80] [] 10.52.1.5:80 286 0.003 200 25291d95c58605e4fffb7ad4f95c4d91
2024-08-06T07:44:56.348631204Z 10.52.0.0 - - [06/Aug/2024:07:44:56 +0000] "GET /version HTTP/2.0" 200 286 "-" "curl/8.0.1" 36 0.002 [cattle-system-rancher-80] [] 10.52.0.73:80 286 0.002 200 ef859f94c45ff75b7f2c5d509135e85f
2024-08-06T07:45:03.493101684Z 10.52.3.0 - - [06/Aug/2024:07:45:03 +0000] "GET /version HTTP/2.0" 200 286 "-" "curl/8.0.1" 36 0.002 [cattle-system-rancher-80] [] 10.52.1.5:80 286 0.002 200 73a4a6cf7a6a7bcd4956ef9d0548fde7
2024-08-06T07:45:33.016227083Z 10.52.1.0 - - [06/Aug/2024:07:45:33 +0000] "GET /version HTTP/2.0" 200 286 "-" "curl/8.0.1" 36 0.003 [cattle-system-rancher-80] [] 10.52.0.73:80 286 0.003 200 7d9111f4afcc20205b812d1a065caa1c
2024-08-06T07:45:33.528993193Z 10.52.3.0 - - [06/Aug/2024:07:45:33 +0000] "GET /version HTTP/2.0" 200 286 "-" "curl/8.0.1" 36 0.002 [cattle-system-rancher-80] [] 10.52.2.3:80 286 0.002 200 52002a2900bae300a9dbbcbff9e59f33
2024-08-06T07:45:56.358110018Z 10.52.0.0 - - [06/Aug/2024:07:45:56 +0000] "GET /version HTTP/2.0" 200 286 "-" "curl/8.0.1" 36 0.002 [cattle-system-rancher-80] [] 10.52.0.73:80 286 0.002 200 45d5d40bcdbc271e303e91f2e4a2610b
2024-08-06T07:46:33.497102779Z 10.52.3.0 - - [06/Aug/2024:07:46:33 +0000] "GET /version HTTP/2.0" 200 286 "-" "curl/8.0.1" 36 0.002 [cattle-system-rancher-80] [] 10.52.2.3:80 286 0.002 200 4e4f74a2da5d7d623174e769d4dd68ab
2024-08-06T07:46:53.093589366Z 10.10.110.61 - - [06/Aug/2024:07:46:53 +0000] "GET /version HTTP/2.0" 200 286 "-" "curl/8.0.1" 36 0.003 [cattle-system-rancher-80] [] 10.52.2.3:80 286 0.003 200 b4f83861f0a648bcc1086cb3fb1e32c8
2024-08-06T07:48:02.985142682Z 10.52.1.0 - - [06/Aug/2024:07:48:02 +0000] "GET /version HTTP/2.0" 200 286 "-" "curl/8.0.1" 36 0.002 [cattle-system-rancher-80] [] 10.52.2.3:80 286 0.002 200 d064edc9ee0cc2fe4b7b4d206460205e
2024-08-06T07:48:23.074558223Z 10.10.110.61 - - [06/Aug/2024:07:48:23 +0000] "GET /version HTTP/2.0" 200 286 "-" "curl/8.0.1" 36 0.003 [cattle-system-rancher-80] [] 10.52.1.5:80 286 0.003 200 ecde4b4061aea4285e286b6a8b09310b
2024-08-06T07:48:56.348145271Z 10.52.0.0 - - [06/Aug/2024:07:48:56 +0000] "GET /version HTTP/2.0" 200 286 "-" "curl/8.0.1" 36 0.002 [cattle-system-rancher-80] [] 10.52.2.3:80 286 0.002 200 e7a7a212f598411de1fc0577bc9f104a
2024-08-06T07:49:23.082097506Z 10.10.110.61 - - [06/Aug/2024:07:49:23 +0000] "GET /version HTTP/2.0" 200 286 "-" "curl/8.0.1" 36 0.002 [cattle-system-rancher-80] [] 10.52.1.5:80 286 0.002 200 086db75ea0e9b65bb6f5b816800a706a
2024-08-06T07:49:33.019348312Z 10.52.1.0 - - [06/Aug/2024:07:49:33 +0000] "GET /version HTTP/2.0" 200 286 "-" "curl/8.0.1" 36 0.002 [cattle-system-rancher-80] [] 10.52.1.5:80 286 0.002 200 854372d2e6d7b4cfb2ec56409299b9d1
2024-08-06T07:50:02.995690477Z 10.52.1.0 - - [06/Aug/2024:07:50:02 +0000] "GET /version HTTP/2.0" 200 286 "-" "curl/8.0.1" 36 0.003 [cattle-system-rancher-80] [] 10.52.1.5:80 286 0.003 200 84746a6d86d05b620332302259547091
2024-08-06T07:50:53.074552993Z 10.10.110.61 - - [06/Aug/2024:07:50:53 +0000] "GET /version HTTP/2.0" 200 286 "-" "curl/8.0.1" 36 0.003 [cattle-system-rancher-80] [] 10.52.0.73:80 286 0.003 200 64cddd3f495155071a4d0f58655d6bf6
2024-08-06T07:51:23.100421968Z 10.10.110.61 - - [06/Aug/2024:07:51:23 +0000] "GET /version HTTP/2.0" 200 286 "-" "curl/8.0.1" 36 0.003 [cattle-system-rancher-80] [] 10.52.0.73:80 286 0.003 200 fa4199e4e7eb65ea77191773919c533d
2024-08-06T07:52:03.502603617Z 10.52.3.0 - - [06/Aug/2024:07:52:03 +0000] "GET /version HTTP/2.0" 200 286 "-" "curl/8.0.1" 36 0.002 [cattle-system-rancher-80] [] 10.52.2.3:80 286 0.001 200 fb5ddbac7872492a01d6aa0166fa68ed
2024-08-06T07:52:23.058564463Z 10.10.110.61 - - [06/Aug/2024:07:52:23 +0000] "GET /version HTTP/2.0" 200 286 "-" "curl/8.0.1" 36 0.003 [cattle-system-rancher-80] [] 10.52.1.5:80 286 0.003 200 7f39d5b8fa1a0e264219d24a20586dfe
2024-08-06T07:52:33.052818417Z 10.52.1.0 - - [06/Aug/2024:07:52:33 +0000] "GET /version HTTP/2.0" 200 286 "-" "curl/8.0.1" 36 0.003 [cattle-system-rancher-80] [] 10.52.0.73:80 286 0.003 200 e4c43042b9bf572d1cf59ba4755fc4c7
2024-08-06T07:52:33.508501133Z 10.52.3.0 - - [06/Aug/2024:07:52:33 +0000] "GET /version HTTP/2.0" 200 286 "-" "curl/8.0.1" 36 0.003 [cattle-system-rancher-80] [] 10.52.0.73:80 286 0.003 200 54695b354f1ac1796eff07eed3f992ae
2024-08-06T07:52:56.331563806Z 10.52.0.0 - - [06/Aug/2024:07:52:56 +0000] "GET /version HTTP/2.0" 200 286 "-" "curl/8.0.1" 36 0.002 [cattle-system-rancher-80] [] 10.52.2.3:80 286 0.002 200 2357bd71e8e7455fc1ecfddb9272b881
2024-08-06T07:53:03.496534023Z 10.52.3.0 - - [06/Aug/2024:07:53:03 +0000] "GET /version HTTP/2.0" 200 286 "-" "curl/8.0.1" 36 0.003 [cattle-system-rancher-80] [] 10.52.1.5:80 286 0.003 200 7a77a828190b61ea62aa4a00e4cb4656
2024-08-06T07:53:23.077600550Z 10.10.110.61 - - [06/Aug/2024:07:53:23 +0000] "GET /version HTTP/2.0" 200 286 "-" "curl/8.0.1" 36 0.002 [cattle-system-rancher-80] [] 10.52.1.5:80 286 0.003 200 e50ef1a459a06e675d0e09cf9ea88de0
2024-08-06T07:53:26.374415375Z 10.52.0.0 - - [06/Aug/2024:07:53:26 +0000] "GET /version HTTP/2.0" 200 286 "-" "curl/8.0.1" 36 0.003 [cattle-system-rancher-80] [] 10.52.2.3:80 286 0.003 200 fbb0a0468bfd00ab603d782b52aad34c
2024-08-06T07:53:53.102373094Z 10.10.110.61 - - [06/Aug/2024:07:53:53 +0000] "GET /version HTTP/2.0" 200 286 "-" "curl/8.0.1" 36 0.003 [cattle-system-rancher-80] [] 10.52.1.5:80 286 0.003 200 636825af24573946b10f2a138ac04d27
2024-08-06T07:55:03.012299754Z 10.52.1.0 - - [06/Aug/2024:07:55:03 +0000] "GET /version HTTP/2.0" 200 286 "-" "curl/8.0.1" 36 0.003 [cattle-system-rancher-80] [] 10.52.1.5:80 286 0.002 200 ad2910e9ae7073f9ac819faa8e1bf6f0
2024-08-06T07:55:23.073607535Z 10.10.110.61 - - [06/Aug/2024:07:55:23 +0000] "GET /version HTTP/2.0" 200 286 "-" "curl/8.0.1" 36 0.003 [cattle-system-rancher-80] [] 10.52.0.73:80 286 0.003 200 47325ed5fcf2106b3330e5d3b99d9a50
2024-08-06T07:55:33.020506584Z 10.52.1.0 - - [06/Aug/2024:07:55:33 +0000] "GET /version HTTP/2.0" 200 286 "-" "curl/8.0.1" 36 0.002 [cattle-system-rancher-80] [] 10.52.2.3:80 286 0.002 200 4b7ecf88ba28507bdfd2439376be2f96
2024-08-06T07:55:33.499343826Z 10.52.3.0 - - [06/Aug/2024:07:55:33 +0000] "GET /version HTTP/2.0" 200 286 "-" "curl/8.0.1" 36 0.002 [cattle-system-rancher-80] [] 10.52.1.5:80 286 0.002 200 6fcc5a1f7eab5784f386223ab40494e2
2024-08-06T07:56:26.369969524Z 10.52.0.0 - - [06/Aug/2024:07:56:26 +0000] "GET /version HTTP/2.0" 200 286 "-" "curl/8.0.1" 36 0.002 [cattle-system-rancher-80] [] 10.52.2.3:80 286 0.002 200 62d7c81773a2733a060c8e0bc33839f8
2024-08-06T07:56:33.018064474Z 10.52.1.0 - - [06/Aug/2024:07:56:33 +0000] "GET /version HTTP/2.0" 200 286 "-" "curl/8.0.1" 36 0.002 [cattle-system-rancher-80] [] 10.52.2.3:80 286 0.002 200 df2f3ba2bc340e134736202ff4b73205
2024-08-06T07:56:56.395044869Z 10.52.0.0 - - [06/Aug/2024:07:56:56 +0000] "GET /version HTTP/2.0" 200 286 "-" "curl/8.0.1" 36 0.002 [cattle-system-rancher-80] [] 10.52.2.3:80 286 0.002 200 0a4c2a6bc9a7ac05630c0b46a03748a9
2024-08-06T07:57:01.375935973Z 10.52.0.0 - - [06/Aug/2024:07:57:01 +0000] "GET /v1/harvester/devices.harvesterhci.io.sriovgpudevices?limit=1 HTTP/1.1" 200 931 "https://harvester.calgaryserver.ca/dashboard/harvester/c/local/support" "Mozilla/5.0 (Windows NT 10.0; Win64; x64) AppleWebKit/537.36 (KHTML, like Gecko) Chrome/127.0.0.0 Safari/537.36" 1190 0.009 [cattle-system-rancher-80] [] 10.52.0.73:80 931 0.009 200 5c5cac7ba248fdb4143f62093e7aa461
2024-08-06T07:57:01.381219522Z 10.52.0.0 - - [06/Aug/2024:07:57:01 +0000] "GET /v1/harvester/namespaces?limit=1 HTTP/1.1" 200 1301 "https://harvester.calgaryserver.ca/dashboard/harvester/c/local/support" "Mozilla/5.0 (Windows NT 10.0; Win64; x64) AppleWebKit/537.36 (KHTML, like Gecko) Chrome/127.0.0.0 Safari/537.36" 1161 0.012 [cattle-system-rancher-80] [] 10.52.0.73:80 1301 0.012 200 a44ae419cd81977000bcfb70a81ebc07
2024-08-06T07:57:01.381505538Z 10.52.0.0 - - [06/Aug/2024:07:57:01 +0000] "GET /v1/harvester/harvesterhci.io.addons?limit=1 HTTP/1.1" 200 1729 "https://harvester.calgaryserver.ca/dashboard/harvester/c/local/support" "Mozilla/5.0 (Windows NT 10.0; Win64; x64) AppleWebKit/537.36 (KHTML, like Gecko) Chrome/127.0.0.0 Safari/537.36" 1173 0.015 [cattle-system-rancher-80] [] 10.52.0.73:80 1729 0.015 200 ee745fe86302fae52a53f076a0c9b44d
2024-08-06T07:57:01.386193289Z 10.52.0.0 - - [06/Aug/2024:07:57:01 +0000] "GET /v1/harvester/harvesterhci.io.virtualmachinerestores?limit=1 HTTP/1.1" 200 181 "https://harvester.calgaryserver.ca/dashboard/harvester/c/local/support" "Mozilla/5.0 (Windows NT 10.0; Win64; x64) AppleWebKit/537.36 (KHTML, like Gecko) Chrome/127.0.0.0 Safari/537.36" 1189 0.006 [cattle-system-rancher-80] [] 10.52.2.3:80 181 0.006 200 73133a9f86f79b8c067cf3642e8107d9
2024-08-06T07:57:01.387589165Z 10.52.0.0 - - [06/Aug/2024:07:57:01 +0000] "GET /v1/harvester/nodes?limit=1 HTTP/1.1" 200 6610 "https://harvester.calgaryserver.ca/dashboard/harvester/c/local/support" "Mozilla/5.0 (Windows NT 10.0; Win64; x64) AppleWebKit/537.36 (KHTML, like Gecko) Chrome/127.0.0.0 Safari/537.36" 1156 0.020 [cattle-system-rancher-80] [] 10.52.0.73:80 6604 0.020 200 f850170cb98b2d6ed0c658fc16f0d773
2024-08-06T07:57:01.388678024Z 10.52.0.0 - - [06/Aug/2024:07:57:01 +0000] "GET /v1/harvester/devices.harvesterhci.io.vgpudevices?limit=1 HTTP/1.1" 200 986 "https://harvester.calgaryserver.ca/dashboard/harvester/c/local/support" "Mozilla/5.0 (Windows NT 10.0; Win64; x64) AppleWebKit/537.36 (KHTML, like Gecko) Chrome/127.0.0.0 Safari/537.36" 1186 0.011 [cattle-system-rancher-80] [] 10.52.2.3:80 986 0.011 200 226f633d8de744bb0f4755323d464b8b
2024-08-06T07:57:01.389789526Z 10.52.0.0 - - [06/Aug/2024:07:57:01 +0000] "GET /v1/harvester/devices.harvesterhci.io.pcideviceclaims?limit=1 HTTP/1.1" 200 179 "https://harvester.calgaryserver.ca/dashboard/harvester/c/local/support" "Mozilla/5.0 (Windows NT 10.0; Win64; x64) AppleWebKit/537.36 (KHTML, like Gecko) Chrome/127.0.0.0 Safari/537.36" 1190 0.004 [cattle-system-rancher-80] [] 10.52.1.5:80 179 0.004 200 8f6e5f616e3befd253f2a2320be09c3d
2024-08-06T07:57:01.395613247Z 10.52.0.0 - - [06/Aug/2024:07:57:01 +0000] "GET /v1/harvester/kubevirt.io.virtualmachines?limit=1 HTTP/1.1" 200 2397 "https://harvester.calgaryserver.ca/dashboard/harvester/c/local/support" "Mozilla/5.0 (Windows NT 10.0; Win64; x64) AppleWebKit/537.36 (KHTML, like Gecko) Chrome/127.0.0.0 Safari/537.36" 1178 0.011 [cattle-system-rancher-80] [] 10.52.0.73:80 2397 0.011 200 88c416cdbfdea95fefd7bc32ac22c472
2024-08-06T07:57:03.003466993Z 10.52.1.0 - - [06/Aug/2024:07:57:03 +0000] "GET /version HTTP/2.0" 200 286 "-" "curl/8.0.1" 36 0.003 [cattle-system-rancher-80] [] 10.52.0.73:80 286 0.003 200 8eb7ee0a72b83db82f9d52a3a9a896f1
2024-08-06T07:57:03.561198417Z 10.52.0.0 - - [06/Aug/2024:07:57:03 +0000] "GET /v1/devices.harvesterhci.io.pcideviceclaims?limit=1 HTTP/1.1" 200 177 "https://harvester.calgaryserver.ca/dashboard/c/local/explorer/apps.statefulset" "Mozilla/5.0 (Windows NT 10.0; Win64; x64) AppleWebKit/537.36 (KHTML, like Gecko) Chrome/127.0.0.0 Safari/537.36" 1188 0.003 [cattle-system-rancher-80] [] 10.52.2.3:80 177 0.003 200 8363ba06742b9bd685a042a87eec5431
2024-08-06T07:57:03.561314188Z 10.52.0.0 - - [06/Aug/2024:07:57:03 +0000] "GET /v1/namespaces?limit=1 HTTP/1.1" 200 1303 "https://harvester.calgaryserver.ca/dashboard/c/local/explorer/apps.statefulset" "Mozilla/5.0 (Windows NT 10.0; Win64; x64) AppleWebKit/537.36 (KHTML, like Gecko) Chrome/127.0.0.0 Safari/537.36" 1159 0.009 [cattle-system-rancher-80] [] 10.52.1.5:80 1303 0.009 200 ad6b849b276828bc8de1bc1943e20c44
2024-08-06T07:57:03.561984228Z 10.52.0.0 - - [06/Aug/2024:07:57:03 +0000] "GET /v1/batch.jobs?limit=1 HTTP/1.1" 200 3794 "https://harvester.calgaryserver.ca/dashboard/c/local/explorer/apps.statefulset" "Mozilla/5.0 (Windows NT 10.0; Win64; x64) AppleWebKit/537.36 (KHTML, like Gecko) Chrome/127.0.0.0 Safari/537.36" 1159 0.012 [cattle-system-rancher-80] [] 10.52.1.5:80 3795 0.012 200 9a0c10b93032ea335acdb8c62cb52dd3
2024-08-06T07:57:03.562039523Z 10.52.0.0 - - [06/Aug/2024:07:57:03 +0000] "GET /v1/apps.replicasets?limit=1 HTTP/1.1" 200 2680 "https://harvester.calgaryserver.ca/dashboard/c/local/explorer/apps.statefulset" "Mozilla/5.0 (Windows NT 10.0; Win64; x64) AppleWebKit/537.36 (KHTML, like Gecko) Chrome/127.0.0.0 Safari/537.36" 1165 0.011 [cattle-system-rancher-80] [] 10.52.0.73:80 2687 0.011 200 c5c153aaa165eaa956060315898ed25b
2024-08-06T07:57:03.564401253Z 10.52.0.0 - - [06/Aug/2024:07:57:03 +0000] "GET /v1/devices.harvesterhci.io.sriovnetworkdevices?limit=1 HTTP/1.1" 200 625 "https://harvester.calgaryserver.ca/dashboard/c/local/explorer/apps.statefulset" "Mozilla/5.0 (Windows NT 10.0; Win64; x64) AppleWebKit/537.36 (KHTML, like Gecko) Chrome/127.0.0.0 Safari/537.36" 1192 0.006 [cattle-system-rancher-80] [] 10.52.2.3:80 625 0.006 200 649d123656d85505d5146729b466032f
2024-08-06T07:57:03.564501474Z 10.52.0.0 - - [06/Aug/2024:07:57:03 +0000] "GET /v1/pods?limit=1 HTTP/1.1" 200 2666 "https://harvester.calgaryserver.ca/dashboard/c/local/explorer/apps.statefulset" "Mozilla/5.0 (Windows NT 10.0; Win64; x64) AppleWebKit/537.36 (KHTML, like Gecko) Chrome/127.0.0.0 Safari/537.36" 1153 0.009 [cattle-system-rancher-80] [] 10.52.1.5:80 2673 0.009 200 fa2153b236cc900ea5aff2494231731a
2024-08-06T07:57:03.566002370Z 10.52.0.0 - - [06/Aug/2024:07:57:03 +0000] "GET /v1/rbac.authorization.k8s.io.clusterroles?limit=1 HTTP/1.1" 200 2223 "https://harvester.calgaryserver.ca/dashboard/c/local/explorer/apps.statefulset" "Mozilla/5.0 (Windows NT 10.0; Win64; x64) AppleWebKit/537.36 (KHTML, like Gecko) Chrome/127.0.0.0 Safari/537.36" 1187 0.009 [cattle-system-rancher-80] [] 10.52.1.5:80 2229 0.009 200 adb497753db3500c7783eca963833323
2024-08-06T07:57:03.567869996Z 10.52.0.0 - - [06/Aug/2024:07:57:03 +0000] "GET /v1/nodes?limit=1 HTTP/1.1" 200 6522 "https://harvester.calgaryserver.ca/dashboard/c/local/explorer/apps.statefulset" "Mozilla/5.0 (Windows NT 10.0; Win64; x64) AppleWebKit/537.36 (KHTML, like Gecko) Chrome/127.0.0.0 Safari/537.36" 1154 0.012 [cattle-system-rancher-80] [] 10.52.0.73:80 6536 0.012 200 271f53c5efbc33413949180862bd9d16
2024-08-06T07:57:04.544772573Z 10.52.0.0 - - [06/Aug/2024:07:57:04 +0000] "GET /v1/provisioning.cattle.io.clusters?limit=1 HTTP/1.1" 200 1964 "https://harvester.calgaryserver.ca/dashboard/c/local/explorer/apps.statefulset" "Mozilla/5.0 (Windows NT 10.0; Win64; x64) AppleWebKit/537.36 (KHTML, like Gecko) Chrome/127.0.0.0 Safari/537.36" 1180 0.008 [cattle-system-rancher-80] [] 10.52.0.73:80 1964 0.008 200 2dcc4e973707d4f53840844ac05075a9
2024-08-06T07:57:04.544899566Z 10.52.0.0 - - [06/Aug/2024:07:57:04 +0000] "GET /v1/management.cattle.io.features?limit=1 HTTP/1.1" 200 797 "https://harvester.calgaryserver.ca/dashboard/c/local/explorer/apps.statefulset" "Mozilla/5.0 (Windows NT 10.0; Win64; x64) AppleWebKit/537.36 (KHTML, like Gecko) Chrome/127.0.0.0 Safari/537.36" 1178 0.008 [cattle-system-rancher-80] [] 10.52.2.3:80 797 0.008 200 2e76e16e0996514e1edf8f5d7f6ba915
2024-08-06T07:57:04.545561059Z 10.52.0.0 - - [06/Aug/2024:07:57:04 +0000] "GET /v1/namespaces?limit=1 HTTP/1.1" 200 1304 "https://harvester.calgaryserver.ca/dashboard/c/local/explorer/apps.statefulset" "Mozilla/5.0 (Windows NT 10.0; Win64; x64) AppleWebKit/537.36 (KHTML, like Gecko) Chrome/127.0.0.0 Safari/537.36" 1159 0.009 [cattle-system-rancher-80] [] 10.52.2.3:80 1304 0.010 200 02b9d54982d3cb7fcbe1008d7ae492e1
2024-08-06T07:58:02.986449182Z 10.52.1.0 - - [06/Aug/2024:07:58:02 +0000] "GET /version HTTP/2.0" 200 286 "-" "curl/8.0.1" 36 0.003 [cattle-system-rancher-80] [] 10.52.1.5:80 286 0.003 200 654713d302520a7cadf5e43cba92a0aa
2024-08-06T07:58:03.506753468Z 10.52.3.0 - - [06/Aug/2024:07:58:03 +0000] "GET /version HTTP/2.0" 200 286 "-" "curl/8.0.1" 36 0.003 [cattle-system-rancher-80] [] 10.52.1.5:80 286 0.003 200 811e36117723db156b1d27c8be1411ed
