2024-08-06T03:16:33.481765334Z 10.52.3.0 - - [06/Aug/2024:03:16:33 +0000] "GET /version HTTP/2.0" 200 286 "-" "curl/8.0.1" 36 0.003 [cattle-system-rancher-80] [] 10.52.2.3:80 286 0.003 200 fc54e3077af45acc534d4f59aa1b2a7c
2024-08-06T03:16:53.095282263Z 10.10.110.61 - - [06/Aug/2024:03:16:53 +0000] "GET /version HTTP/2.0" 200 286 "-" "curl/8.0.1" 36 0.002 [cattle-system-rancher-80] [] 10.52.2.3:80 286 0.002 200 2e7d11f36b79a06025544c25676c273a
2024-08-06T03:16:56.372318346Z 10.52.0.0 - - [06/Aug/2024:03:16:56 +0000] "GET /version HTTP/2.0" 200 286 "-" "curl/8.0.1" 36 0.001 [cattle-system-rancher-80] [] 10.52.0.73:80 286 0.001 200 6381e0be433c58ddf6fd04fa7a3544fe
2024-08-06T03:18:33.461117995Z 10.52.3.0 - - [06/Aug/2024:03:18:33 +0000] "GET /version HTTP/2.0" 200 286 "-" "curl/8.0.1" 36 0.002 [cattle-system-rancher-80] [] 10.52.0.73:80 286 0.002 200 3f6f2d70eac34c594f0b8b72e3d3b370
2024-08-06T03:19:00.508131503Z 10.52.0.0 - - [06/Aug/2024:03:19:00 +0000] "GET /v1/apps.replicasets?limit=1 HTTP/1.1" 200 2684 "https://harvester.calgaryserver.ca/dashboard/c/local/explorer/apps.statefulset" "Mozilla/5.0 (Windows NT 10.0; Win64; x64) AppleWebKit/537.36 (KHTML, like Gecko) Chrome/127.0.0.0 Safari/537.36" 1165 0.008 [cattle-system-rancher-80] [] 10.52.2.3:80 2691 0.008 200 1a1f5a6cdaadb7f82051a1d62ff67f58
2024-08-06T03:19:53.064851709Z 10.10.110.61 - - [06/Aug/2024:03:19:53 +0000] "GET /version HTTP/2.0" 200 286 "-" "curl/8.0.1" 36 0.002 [cattle-system-rancher-80] [] 10.52.2.3:80 286 0.002 200 6373a866a4a58296ea1aa9b87d75d224
2024-08-06T03:21:03.462505464Z 10.52.3.0 - - [06/Aug/2024:03:21:03 +0000] "GET /version HTTP/2.0" 200 286 "-" "curl/8.0.1" 36 0.002 [cattle-system-rancher-80] [] 10.52.1.5:80 286 0.002 200 ba925fe320ad9be1eadd2f562978625b
2024-08-06T03:21:23.052195452Z 10.10.110.61 - - [06/Aug/2024:03:21:23 +0000] "GET /version HTTP/2.0" 200 286 "-" "curl/8.0.1" 36 0.002 [cattle-system-rancher-80] [] 10.52.2.3:80 286 0.002 200 7976a6bf7c8b4f0e76db522029a2b72b
2024-08-06T03:21:40.582028586Z 10.52.0.0 - - [06/Aug/2024:03:21:40 +0000] "GET /v1/harvester/devices.harvesterhci.io.vgpudevices?limit=1 HTTP/1.1" 200 985 "https://harvester.calgaryserver.ca/dashboard/harvester/c/local/support" "Mozilla/5.0 (Windows NT 10.0; Win64; x64) AppleWebKit/537.36 (KHTML, like Gecko) Chrome/127.0.0.0 Safari/537.36" 1186 0.011 [cattle-system-rancher-80] [] 10.52.0.73:80 985 0.011 200 4c3bf105636dbeb87c168a2735d2f6fc
2024-08-06T03:21:40.719584208Z 10.52.0.0 - - [06/Aug/2024:03:21:40 +0000] "GET /v1/harvester/harvesterhci.io.settings?limit=1 HTTP/1.1" 200 676 "https://harvester.calgaryserver.ca/dashboard/harvester/c/local/support" "Mozilla/5.0 (Windows NT 10.0; Win64; x64) AppleWebKit/537.36 (KHTML, like Gecko) Chrome/127.0.0.0 Safari/537.36" 1175 0.010 [cattle-system-rancher-80] [] 10.52.1.5:80 676 0.010 200 2a9d0b6c56db73448fc5feb535165475
2024-08-06T03:21:40.810776855Z 10.52.0.0 - - [06/Aug/2024:03:21:40 +0000] "GET /v1/harvester/harvesterhci.io.virtualmachineimages?limit=1 HTTP/1.1" 200 1016 "https://harvester.calgaryserver.ca/dashboard/harvester/c/local/support" "Mozilla/5.0 (Windows NT 10.0; Win64; x64) AppleWebKit/537.36 (KHTML, like Gecko) Chrome/127.0.0.0 Safari/537.36" 1187 0.006 [cattle-system-rancher-80] [] 10.52.2.3:80 1016 0.006 200 ba72c92d001a8f2ad2f0b35e3786dd17
2024-08-06T03:21:41.004985006Z 10.52.0.0 - - [06/Aug/2024:03:21:41 +0000] "GET /v1/harvester/devices.harvesterhci.io.pcidevices?limit=1 HTTP/1.1" 200 1003 "https://harvester.calgaryserver.ca/dashboard/harvester/c/local/support" "Mozilla/5.0 (Windows NT 10.0; Win64; x64) AppleWebKit/537.36 (KHTML, like Gecko) Chrome/127.0.0.0 Safari/537.36" 1185 0.011 [cattle-system-rancher-80] [] 10.52.1.5:80 1003 0.011 200 0d739a140dc68adca8a85c9036eaaab6
2024-08-06T03:21:42.244211244Z 10.52.0.0 - - [06/Aug/2024:03:21:42 +0000] "GET /v1/management.cattle.io.features?limit=1 HTTP/1.1" 200 785 "https://harvester.calgaryserver.ca/dashboard/harvester/c/local/support" "Mozilla/5.0 (Windows NT 10.0; Win64; x64) AppleWebKit/537.36 (KHTML, like Gecko) Chrome/127.0.0.0 Safari/537.36" 1170 0.010 [cattle-system-rancher-80] [] 10.52.0.73:80 785 0.010 200 646db5829ef5bb0f8ea4fd640db04c31
2024-08-06T03:21:42.570994525Z 10.52.0.0 - - [06/Aug/2024:03:21:42 +0000] "GET /v1/management.cattle.io.clusters?limit=1 HTTP/1.1" 200 1361 "https://harvester.calgaryserver.ca/dashboard/c/local/explorer/apps.statefulset" "Mozilla/5.0 (Windows NT 10.0; Win64; x64) AppleWebKit/537.36 (KHTML, like Gecko) Chrome/127.0.0.0 Safari/537.36" 1178 0.008 [cattle-system-rancher-80] [] 10.52.0.73:80 1361 0.008 200 ce58a0e1eaf19dbe781b6ecf65c7b505
2024-08-06T03:21:42.969986259Z 10.52.0.0 - - [06/Aug/2024:03:21:42 +0000] "GET /v1/pods?limit=1 HTTP/1.1" 200 2651 "https://harvester.calgaryserver.ca/dashboard/c/local/explorer/apps.statefulset" "Mozilla/5.0 (Windows NT 10.0; Win64; x64) AppleWebKit/537.36 (KHTML, like Gecko) Chrome/127.0.0.0 Safari/537.36" 1153 0.010 [cattle-system-rancher-80] [] 10.52.1.5:80 2658 0.010 200 eca80fc85207c3a9034de39df03eafdd
2024-08-06T03:21:43.022064358Z 10.52.0.0 - - [06/Aug/2024:03:21:43 +0000] "GET /v1/networking.k8s.io.ingresses?limit=1 HTTP/1.1" 200 885 "https://harvester.calgaryserver.ca/dashboard/c/local/explorer/apps.statefulset" "Mozilla/5.0 (Windows NT 10.0; Win64; x64) AppleWebKit/537.36 (KHTML, like Gecko) Chrome/127.0.0.0 Safari/537.36" 1176 0.005 [cattle-system-rancher-80] [] 10.52.1.5:80 885 0.005 200 d8cfd6a0e19dfd4331a836f62002d1c3
2024-08-06T03:21:43.442299967Z 10.52.3.0 - - [06/Aug/2024:03:21:43 +0000] "GET /version HTTP/2.0" 200 286 "-" "curl/8.0.1" 36 0.002 [cattle-system-rancher-80] [] 10.52.2.3:80 286 0.002 200 e6b63e33ff4fe5e0ed544c678e33fbd7
2024-08-06T03:21:53.082405419Z 10.10.110.61 - - [06/Aug/2024:03:21:53 +0000] "GET /version HTTP/2.0" 200 286 "-" "curl/8.0.1" 36 0.003 [cattle-system-rancher-80] [] 10.52.2.3:80 286 0.003 200 69ec6930ddc65b03da2b04943b354dec
2024-08-06T03:22:02.996668168Z 10.52.1.0 - - [06/Aug/2024:03:22:02 +0000] "GET /version HTTP/2.0" 200 286 "-" "curl/8.0.1" 36 0.002 [cattle-system-rancher-80] [] 10.52.1.5:80 286 0.003 200 e2ff9453e296670693ba8d450d15be7c
2024-08-06T03:22:26.334908781Z 10.52.0.0 - - [06/Aug/2024:03:22:26 +0000] "GET /version HTTP/2.0" 200 286 "-" "curl/8.0.1" 36 0.003 [cattle-system-rancher-80] [] 10.52.1.5:80 286 0.003 200 93e85da93074515a035344fb26b0fdb6
2024-08-06T03:22:50.179953772Z 10.52.0.0 - - [06/Aug/2024:03:22:50 +0000] "GET /v1/devices.harvesterhci.io.pcideviceclaims?limit=1 HTTP/1.1" 200 177 "https://harvester.calgaryserver.ca/dashboard/c/local/explorer/apps.statefulset" "Mozilla/5.0 (Windows NT 10.0; Win64; x64) AppleWebKit/537.36 (KHTML, like Gecko) Chrome/127.0.0.0 Safari/537.36" 1188 0.004 [cattle-system-rancher-80] [] 10.52.2.3:80 177 0.004 200 43ca1d230a61fc1638f430b3e6377342
2024-08-06T03:22:53.095625223Z 10.10.110.61 - - [06/Aug/2024:03:22:53 +0000] "GET /version HTTP/2.0" 200 286 "-" "curl/8.0.1" 36 0.003 [cattle-system-rancher-80] [] 10.52.1.5:80 286 0.003 200 4482a54ba52cbf7687dbf877a0e2b892
2024-08-06T03:22:56.354147908Z 10.52.0.0 - - [06/Aug/2024:03:22:56 +0000] "GET /version HTTP/2.0" 200 286 "-" "curl/8.0.1" 36 0.002 [cattle-system-rancher-80] [] 10.52.1.5:80 286 0.002 200 948546b29168f1bba805f997cd946a12
2024-08-06T03:23:02.987675944Z 10.52.1.0 - - [06/Aug/2024:03:23:02 +0000] "GET /version HTTP/2.0" 200 286 "-" "curl/8.0.1" 36 0.003 [cattle-system-rancher-80] [] 10.52.1.5:80 286 0.003 200 0dfe965889fd0b4d0f10f0ea13eb18ed
2024-08-06T03:23:33.438157730Z 10.52.3.0 - - [06/Aug/2024:03:23:33 +0000] "GET /version HTTP/2.0" 200 286 "-" "curl/8.0.1" 36 0.002 [cattle-system-rancher-80] [] 10.52.0.73:80 286 0.002 200 77d3bd459bef589dfc2d9e5666102a3b
2024-08-06T03:23:50.591408362Z 10.52.0.0 - - [06/Aug/2024:03:23:50 +0000] "GET /v1/rbac.authorization.k8s.io.clusterrolebindings?limit=1 HTTP/1.1" 200 917 "https://harvester.calgaryserver.ca/dashboard/c/local/explorer/apps.statefulset" "Mozilla/5.0 (Windows NT 10.0; Win64; x64) AppleWebKit/537.36 (KHTML, like Gecko) Chrome/127.0.0.0 Safari/537.36" 1194 0.008 [cattle-system-rancher-80] [] 10.52.1.5:80 917 0.008 200 f903ad3a836469aa42015542ba09974f
2024-08-06T03:24:04.289999277Z 10.52.0.0 - - [06/Aug/2024:03:24:04 +0000] "GET /v1/harvester/pods?limit=1 HTTP/1.1" 200 2661 "https://harvester.calgaryserver.ca/dashboard/harvester/c/local/support" "Mozilla/5.0 (Windows NT 10.0; Win64; x64) AppleWebKit/537.36 (KHTML, like Gecko) Chrome/127.0.0.0 Safari/537.36" 1155 0.011 [cattle-system-rancher-80] [] 10.52.2.3:80 2661 0.011 200 f78fc5d61f86909fba513b8d838ec10d
2024-08-06T03:24:24.159377278Z 10.52.0.0 - - [06/Aug/2024:03:24:24 +0000] "GET /v1/harvester/harvesterhci.io.virtualmachinerestores?limit=1 HTTP/1.1" 200 179 "https://harvester.calgaryserver.ca/dashboard/harvester/c/local/support" "Mozilla/5.0 (Windows NT 10.0; Win64; x64) AppleWebKit/537.36 (KHTML, like Gecko) Chrome/127.0.0.0 Safari/537.36" 1189 0.006 [cattle-system-rancher-80] [] 10.52.0.73:80 179 0.006 200 0ed77877516cbcb15a6448cba27b076e
2024-08-06T03:24:24.165067598Z 10.52.0.0 - - [06/Aug/2024:03:24:24 +0000] "GET /v1/harvester/kubevirt.io.virtualmachines?limit=1 HTTP/1.1" 200 2396 "https://harvester.calgaryserver.ca/dashboard/harvester/c/local/support" "Mozilla/5.0 (Windows NT 10.0; Win64; x64) AppleWebKit/537.36 (KHTML, like Gecko) Chrome/127.0.0.0 Safari/537.36" 1178 0.012 [cattle-system-rancher-80] [] 10.52.2.3:80 2396 0.012 200 fb4cfea2dfad93330d4e13f611bb689a
2024-08-06T03:24:24.824297571Z 10.52.0.0 - - [06/Aug/2024:03:24:24 +0000] "GET /v1/harvester/kubevirt.io.virtualmachineinstances?limit=1 HTTP/1.1" 200 2348 "https://harvester.calgaryserver.ca/dashboard/harvester/c/local/support" "Mozilla/5.0 (Windows NT 10.0; Win64; x64) AppleWebKit/537.36 (KHTML, like Gecko) Chrome/127.0.0.0 Safari/537.36" 1186 0.014 [cattle-system-rancher-80] [] 10.52.0.73:80 2348 0.014 200 62c25bd0ca23c07481c8b44175c2c451
2024-08-06T03:24:33.008081039Z 10.52.1.0 - - [06/Aug/2024:03:24:33 +0000] "GET /version HTTP/2.0" 200 286 "-" "curl/8.0.1" 36 0.003 [cattle-system-rancher-80] [] 10.52.0.73:80 286 0.003 200 036d0311c946f7df88297d927c9d64df
2024-08-06T03:24:33.470310723Z 10.52.3.0 - - [06/Aug/2024:03:24:33 +0000] "GET /version HTTP/2.0" 200 286 "-" "curl/8.0.1" 36 0.002 [cattle-system-rancher-80] [] 10.52.1.5:80 286 0.001 200 3148d8b5e7001dad7251ebba5e7754de
2024-08-06T03:24:53.079974359Z 10.10.110.61 - - [06/Aug/2024:03:24:53 +0000] "GET /version HTTP/2.0" 200 286 "-" "curl/8.0.1" 36 0.002 [cattle-system-rancher-80] [] 10.52.2.3:80 286 0.002 200 e3397e8bd68b3ad82ad72b3efcea45fb
2024-08-06T03:25:02.996973224Z 10.52.1.0 - - [06/Aug/2024:03:25:02 +0000] "GET /version HTTP/2.0" 200 286 "-" "curl/8.0.1" 36 0.003 [cattle-system-rancher-80] [] 10.52.1.5:80 286 0.003 200 278fd3837f815320a11aca3ff480f055
2024-08-06T03:26:02.995165527Z 10.52.1.0 - - [06/Aug/2024:03:26:02 +0000] "GET /version HTTP/2.0" 200 286 "-" "curl/8.0.1" 36 0.002 [cattle-system-rancher-80] [] 10.52.0.73:80 286 0.002 200 eb9e780ea18788bcf1234d3f456d07be
2024-08-06T03:26:33.485182032Z 10.52.3.0 - - [06/Aug/2024:03:26:33 +0000] "GET /version HTTP/2.0" 200 286 "-" "curl/8.0.1" 36 0.002 [cattle-system-rancher-80] [] 10.52.2.3:80 286 0.002 200 9c243e2837904e924614fd64fda0238d
2024-08-06T03:26:56.373476516Z 10.52.0.0 - - [06/Aug/2024:03:26:56 +0000] "GET /version HTTP/2.0" 200 286 "-" "curl/8.0.1" 36 0.003 [cattle-system-rancher-80] [] 10.52.1.5:80 286 0.002 200 15b8f885a3eb99aa8b14f08b8c3f7d5b
2024-08-06T03:27:03.442712019Z 10.52.3.0 - - [06/Aug/2024:03:27:03 +0000] "GET /version HTTP/2.0" 200 286 "-" "curl/8.0.1" 36 0.003 [cattle-system-rancher-80] [] 10.52.1.5:80 286 0.003 200 7326cbd6adb9a11802ab7a2ad8e380e1
2024-08-06T03:27:33.002154063Z 10.52.1.0 - - [06/Aug/2024:03:27:33 +0000] "GET /version HTTP/2.0" 200 286 "-" "curl/8.0.1" 36 0.002 [cattle-system-rancher-80] [] 10.52.1.5:80 286 0.002 200 117cd6e273477e404d2905114d39251b
2024-08-06T03:27:53.070548288Z 10.10.110.61 - - [06/Aug/2024:03:27:53 +0000] "GET /version HTTP/2.0" 200 286 "-" "curl/8.0.1" 36 0.003 [cattle-system-rancher-80] [] 10.52.0.73:80 286 0.003 200 2aab6c93203c9e119868a603d5e3711b
2024-08-06T03:27:56.415860826Z 10.52.0.0 - - [06/Aug/2024:03:27:56 +0000] "GET /version HTTP/2.0" 200 286 "-" "curl/8.0.1" 36 0.002 [cattle-system-rancher-80] [] 10.52.1.5:80 286 0.002 200 be9094256ddb31bdf4f0b22e25a24165
2024-08-06T03:28:32.993154385Z 10.52.1.0 - - [06/Aug/2024:03:28:32 +0000] "GET /version HTTP/2.0" 200 286 "-" "curl/8.0.1" 36 0.002 [cattle-system-rancher-80] [] 10.52.2.3:80 286 0.002 200 a932255ac63edbc38d59e61f36994832
2024-08-06T03:28:33.495268249Z 10.52.3.0 - - [06/Aug/2024:03:28:33 +0000] "GET /version HTTP/2.0" 200 286 "-" "curl/8.0.1" 36 0.002 [cattle-system-rancher-80] [] 10.52.2.3:80 286 0.002 200 ccd0902238fa19dd38ddc0b7a24da59f
2024-08-06T03:29:33.475224402Z 10.52.3.0 - - [06/Aug/2024:03:29:33 +0000] "GET /version HTTP/2.0" 200 286 "-" "curl/8.0.1" 36 0.002 [cattle-system-rancher-80] [] 10.52.2.3:80 286 0.002 200 acf985c1affb183d9b99e5853ec740e2
2024-08-06T03:30:26.368932720Z 10.52.0.0 - - [06/Aug/2024:03:30:26 +0000] "GET /version HTTP/2.0" 200 286 "-" "curl/8.0.1" 36 0.001 [cattle-system-rancher-80] [] 10.52.2.3:80 286 0.002 200 ce391b26e87000e6b5eaae54cf0ddb72
2024-08-06T03:32:33.023975752Z 10.52.1.0 - - [06/Aug/2024:03:32:33 +0000] "GET /version HTTP/2.0" 200 286 "-" "curl/8.0.1" 36 0.003 [cattle-system-rancher-80] [] 10.52.2.3:80 286 0.003 200 44e1dd2baf5243e58e2fe7fd94bffe77
2024-08-06T03:32:56.343874075Z 10.52.0.0 - - [06/Aug/2024:03:32:56 +0000] "GET /version HTTP/2.0" 200 286 "-" "curl/8.0.1" 36 0.002 [cattle-system-rancher-80] [] 10.52.0.73:80 286 0.002 200 f62a1a39e34b7f8a4f5501150ef315da
2024-08-06T03:33:33.469920295Z 10.52.3.0 - - [06/Aug/2024:03:33:33 +0000] "GET /version HTTP/2.0" 200 286 "-" "curl/8.0.1" 36 0.002 [cattle-system-rancher-80] [] 10.52.0.73:80 286 0.003 200 4d4bd74d3bd0303eb0ed841070e22e86
2024-08-06T03:34:23.090693036Z 10.10.110.61 - - [06/Aug/2024:03:34:23 +0000] "GET /version HTTP/2.0" 200 286 "-" "curl/8.0.1" 36 0.002 [cattle-system-rancher-80] [] 10.52.1.5:80 286 0.002 200 d58ddf413d267a68e6501e208d27f703
2024-08-06T03:34:33.494174632Z 10.52.3.0 - - [06/Aug/2024:03:34:33 +0000] "GET /version HTTP/2.0" 200 286 "-" "curl/8.0.1" 36 0.002 [cattle-system-rancher-80] [] 10.52.1.5:80 286 0.003 200 d662333e9713f87d5eb7616f83de1a0c
2024-08-06T03:36:23.093733151Z 10.10.110.61 - - [06/Aug/2024:03:36:23 +0000] "GET /version HTTP/2.0" 200 286 "-" "curl/8.0.1" 36 0.002 [cattle-system-rancher-80] [] 10.52.1.5:80 286 0.002 200 36b7cb9d1e3d35a2552ef889f635a2aa
2024-08-06T03:36:26.352336462Z 10.52.0.0 - - [06/Aug/2024:03:36:26 +0000] "GET /version HTTP/2.0" 200 286 "-" "curl/8.0.1" 36 0.002 [cattle-system-rancher-80] [] 10.52.2.3:80 286 0.002 200 a52cc77cd17b2d18a04368b57fb41031
2024-08-06T03:37:03.483846856Z 10.52.3.0 - - [06/Aug/2024:03:37:03 +0000] "GET /version HTTP/2.0" 200 286 "-" "curl/8.0.1" 36 0.002 [cattle-system-rancher-80] [] 10.52.2.3:80 286 0.002 200 fb40046dbf1e2ecae1f2860a3445a12b
2024-08-06T03:37:23.090147811Z 10.10.110.61 - - [06/Aug/2024:03:37:23 +0000] "GET /version HTTP/2.0" 200 286 "-" "curl/8.0.1" 36 0.001 [cattle-system-rancher-80] [] 10.52.2.3:80 286 0.001 200 f85c165e555982c18eb46998cecd4c34
2024-08-06T03:37:53.084854713Z 10.10.110.61 - - [06/Aug/2024:03:37:53 +0000] "GET /version HTTP/2.0" 200 286 "-" "curl/8.0.1" 36 0.002 [cattle-system-rancher-80] [] 10.52.1.5:80 286 0.003 200 595e2c955a3a6331d8c22584fa771826
2024-08-06T03:38:56.364998222Z 10.52.0.0 - - [06/Aug/2024:03:38:56 +0000] "GET /version HTTP/2.0" 200 286 "-" "curl/8.0.1" 36 0.003 [cattle-system-rancher-80] [] 10.52.1.5:80 286 0.003 200 1ba543ef7311a85ac510fed00f2dbdd9
2024-08-06T03:39:33.038034947Z 10.52.1.0 - - [06/Aug/2024:03:39:33 +0000] "GET /version HTTP/2.0" 200 286 "-" "curl/8.0.1" 36 0.002 [cattle-system-rancher-80] [] 10.52.0.73:80 286 0.002 200 354bc79a717174758da37355a5d4e7c2
2024-08-06T03:40:02.989651372Z 10.52.1.0 - - [06/Aug/2024:03:40:02 +0000] "GET /version HTTP/2.0" 200 286 "-" "curl/8.0.1" 36 0.003 [cattle-system-rancher-80] [] 10.52.2.3:80 286 0.003 200 2ec375cb355d63e42da1f86d3c8dd7db
2024-08-06T03:40:03.502450269Z 10.52.3.0 - - [06/Aug/2024:03:40:03 +0000] "GET /version HTTP/2.0" 200 286 "-" "curl/8.0.1" 36 0.003 [cattle-system-rancher-80] [] 10.52.0.73:80 286 0.002 200 7a513a969270075bd9cfefe817e909e5
2024-08-06T03:40:53.078082540Z 10.10.110.61 - - [06/Aug/2024:03:40:53 +0000] "GET /version HTTP/2.0" 200 286 "-" "curl/8.0.1" 36 0.002 [cattle-system-rancher-80] [] 10.52.1.5:80 286 0.002 200 6582009c8ed77e3ba3819d9ac802cb0e
2024-08-06T03:41:03.014624605Z 10.52.1.0 - - [06/Aug/2024:03:41:03 +0000] "GET /version HTTP/2.0" 200 286 "-" "curl/8.0.1" 36 0.002 [cattle-system-rancher-80] [] 10.52.2.3:80 286 0.002 200 aaa8ed6ddc88af027ec8f48663012131
2024-08-06T03:41:33.024894413Z 10.52.1.0 - - [06/Aug/2024:03:41:33 +0000] "GET /version HTTP/2.0" 200 286 "-" "curl/8.0.1" 36 0.002 [cattle-system-rancher-80] [] 10.52.1.5:80 286 0.002 200 d1591a0f6157c929d1f74108b497f9b3
2024-08-06T03:41:33.508742767Z 10.52.3.0 - - [06/Aug/2024:03:41:33 +0000] "GET /version HTTP/2.0" 200 286 "-" "curl/8.0.1" 36 0.002 [cattle-system-rancher-80] [] 10.52.2.3:80 286 0.002 200 11d5e5b62aa0266c4ee5dfd01ff96978
2024-08-06T03:41:53.076863195Z 10.10.110.61 - - [06/Aug/2024:03:41:53 +0000] "GET /version HTTP/2.0" 200 286 "-" "curl/8.0.1" 36 0.002 [cattle-system-rancher-80] [] 10.52.1.5:80 286 0.002 200 b3a51eb197d4f47fa48fe914f5bd30d2
2024-08-06T03:42:23.093597124Z 10.10.110.61 - - [06/Aug/2024:03:42:23 +0000] "GET /version HTTP/2.0" 200 286 "-" "curl/8.0.1" 36 0.003 [cattle-system-rancher-80] [] 10.52.1.5:80 286 0.003 200 c10e20f445ce072c61fe57cc1c5e3667
2024-08-06T03:43:03.520050006Z 10.52.3.0 - - [06/Aug/2024:03:43:03 +0000] "GET /version HTTP/2.0" 200 286 "-" "curl/8.0.1" 36 0.002 [cattle-system-rancher-80] [] 10.52.0.73:80 286 0.003 200 c87a475c0ce1c16a33584d80d143dfde
2024-08-06T03:43:23.069756268Z 10.10.110.61 - - [06/Aug/2024:03:43:23 +0000] "GET /version HTTP/2.0" 200 286 "-" "curl/8.0.1" 36 0.002 [cattle-system-rancher-80] [] 10.52.2.3:80 286 0.002 200 0c6f5a4cb0602d10a63d492228fe10f4
2024-08-06T03:43:33.465042101Z 10.52.3.0 - - [06/Aug/2024:03:43:33 +0000] "GET /version HTTP/2.0" 200 286 "-" "curl/8.0.1" 36 0.002 [cattle-system-rancher-80] [] 10.52.2.3:80 286 0.002 200 a6bc76583781f11ba9c1f77fcd75e128
2024-08-06T03:43:56.366347823Z 10.52.0.0 - - [06/Aug/2024:03:43:56 +0000] "GET /version HTTP/2.0" 200 286 "-" "curl/8.0.1" 36 0.002 [cattle-system-rancher-80] [] 10.52.2.3:80 286 0.002 200 cea2411b53e836050d4a2ca172c24db1
2024-08-06T03:44:33.026968045Z 10.52.1.0 - - [06/Aug/2024:03:44:33 +0000] "GET /version HTTP/2.0" 200 286 "-" "curl/8.0.1" 36 0.002 [cattle-system-rancher-80] [] 10.52.2.3:80 286 0.002 200 656c66c63dcdca18656a3bf7944ab70d
2024-08-06T03:44:33.498878942Z 10.52.3.0 - - [06/Aug/2024:03:44:33 +0000] "GET /version HTTP/2.0" 200 286 "-" "curl/8.0.1" 36 0.002 [cattle-system-rancher-80] [] 10.52.0.73:80 286 0.002 200 8006af022fa71f59d3aed4f8c1c8ec17
2024-08-06T03:45:23.067876879Z 10.10.110.61 - - [06/Aug/2024:03:45:23 +0000] "GET /version HTTP/2.0" 200 286 "-" "curl/8.0.1" 36 0.002 [cattle-system-rancher-80] [] 10.52.2.3:80 286 0.002 200 a0a2207dd6929ce504c4f198007c1039
2024-08-06T03:46:02.989155922Z 10.52.1.0 - - [06/Aug/2024:03:46:02 +0000] "GET /version HTTP/2.0" 200 286 "-" "curl/8.0.1" 36 0.002 [cattle-system-rancher-80] [] 10.52.0.73:80 286 0.002 200 a9ba6f3136b3bd5b25b00a5a56720b8e
2024-08-06T03:46:03.482371753Z 10.52.3.0 - - [06/Aug/2024:03:46:03 +0000] "GET /version HTTP/2.0" 200 286 "-" "curl/8.0.1" 36 0.002 [cattle-system-rancher-80] [] 10.52.0.73:80 286 0.002 200 b5e029ab7875e6d52d9a72ed110837a2
2024-08-06T03:47:23.111143686Z 10.10.110.61 - - [06/Aug/2024:03:47:23 +0000] "GET /version HTTP/2.0" 200 286 "-" "curl/8.0.1" 36 0.003 [cattle-system-rancher-80] [] 10.52.1.5:80 286 0.003 200 3b32d2a9d4ee2055d787ad54ce224e15
2024-08-06T03:47:32.988899468Z 10.52.1.0 - - [06/Aug/2024:03:47:32 +0000] "GET /version HTTP/2.0" 200 286 "-" "curl/8.0.1" 36 0.002 [cattle-system-rancher-80] [] 10.52.2.3:80 286 0.002 200 48afb9f3583daed2e4911f054ac63795
2024-08-06T03:47:56.341132010Z 10.52.0.0 - - [06/Aug/2024:03:47:56 +0000] "GET /version HTTP/2.0" 200 286 "-" "curl/8.0.1" 36 0.002 [cattle-system-rancher-80] [] 10.52.2.3:80 286 0.002 200 7335be25337b0bd8db8da00d7ca9b115
2024-08-06T03:47:56.488905733Z 10.52.0.0 - - [06/Aug/2024:03:47:56 +0000] "GET /v1/harvester/harvesterhci.io.supportbundles?limit=1 HTTP/1.1" 200 176 "https://harvester.calgaryserver.ca/dashboard/harvester/c/local/support" "Mozilla/5.0 (Windows NT 10.0; Win64; x64) AppleWebKit/537.36 (KHTML, like Gecko) Chrome/127.0.0.0 Safari/537.36" 1181 0.005 [cattle-system-rancher-80] [] 10.52.2.3:80 176 0.005 200 c2cf7f39e3009f6a41681417b66638c9
2024-08-06T03:48:30.492821260Z 10.52.0.0 - - [06/Aug/2024:03:48:30 +0000] "GET /v1/cluster.x-k8s.io.machines?limit=1 HTTP/1.1" 200 2538 "https://harvester.calgaryserver.ca/dashboard/c/local/explorer/apps.statefulset" "Mozilla/5.0 (Windows NT 10.0; Win64; x64) AppleWebKit/537.36 (KHTML, like Gecko) Chrome/127.0.0.0 Safari/537.36" 1174 0.012 [cattle-system-rancher-80] [] 10.52.1.5:80 2545 0.013 200 521db8d47812b03f02474b240135acb2
2024-08-06T03:48:53.079703496Z 10.10.110.61 - - [06/Aug/2024:03:48:53 +0000] "GET /version HTTP/2.0" 200 286 "-" "curl/8.0.1" 36 0.002 [cattle-system-rancher-80] [] 10.52.2.3:80 286 0.002 200 c3bc82393459648eb5c6ba1435ee7444
2024-08-06T03:49:06.492239103Z 10.52.0.0 - - [06/Aug/2024:03:49:06 +0000] "GET /v1/apps.deployments?limit=1 HTTP/1.1" 200 2846 "https://harvester.calgaryserver.ca/dashboard/c/local/explorer/apps.statefulset" "Mozilla/5.0 (Windows NT 10.0; Win64; x64) AppleWebKit/537.36 (KHTML, like Gecko) Chrome/127.0.0.0 Safari/537.36" 1165 0.009 [cattle-system-rancher-80] [] 10.52.1.5:80 2853 0.009 200 5069f5ac06c2ed44aa497314e802e641
2024-08-06T03:49:33.510235107Z 10.52.3.0 - - [06/Aug/2024:03:49:33 +0000] "GET /version HTTP/2.0" 200 286 "-" "curl/8.0.1" 36 0.003 [cattle-system-rancher-80] [] 10.52.1.5:80 286 0.003 200 24fba317d7e5409b989a747230b02bec
2024-08-06T03:49:53.080378502Z 10.10.110.61 - - [06/Aug/2024:03:49:53 +0000] "GET /version HTTP/2.0" 200 286 "-" "curl/8.0.1" 36 0.001 [cattle-system-rancher-80] [] 10.52.2.3:80 286 0.002 200 98c96688ca833db098b21b4e6752fd50
2024-08-06T03:50:03.527424859Z 10.52.3.0 - - [06/Aug/2024:03:50:03 +0000] "GET /version HTTP/2.0" 200 286 "-" "curl/8.0.1" 36 0.003 [cattle-system-rancher-80] [] 10.52.2.3:80 286 0.002 200 a167ea91c5506eab251deb5b9bb4b71b
2024-08-06T03:51:26.345002243Z 10.52.0.0 - - [06/Aug/2024:03:51:26 +0000] "GET /version HTTP/2.0" 200 286 "-" "curl/8.0.1" 36 0.002 [cattle-system-rancher-80] [] 10.52.0.73:80 286 0.002 200 7e50e95c9f2e69f66631ca2b0bd544f7
2024-08-06T03:51:46.494533360Z 10.52.0.0 - - [06/Aug/2024:03:51:46 +0000] "GET /v1/harvester/nodes?limit=1 HTTP/1.1" 200 6604 "https://harvester.calgaryserver.ca/dashboard/harvester/c/local/support" "Mozilla/5.0 (Windows NT 10.0; Win64; x64) AppleWebKit/537.36 (KHTML, like Gecko) Chrome/127.0.0.0 Safari/537.36" 1156 0.014 [cattle-system-rancher-80] [] 10.52.1.5:80 6598 0.014 200 ff043c5590c8a466ae7b51553bda0ac7
2024-08-06T03:51:47.484876745Z 10.52.0.0 - - [06/Aug/2024:03:51:47 +0000] "GET /v1/namespaces?limit=1 HTTP/1.1" 200 1303 "https://harvester.calgaryserver.ca/dashboard/harvester/c/local/support" "Mozilla/5.0 (Windows NT 10.0; Win64; x64) AppleWebKit/537.36 (KHTML, like Gecko) Chrome/127.0.0.0 Safari/537.36" 1151 0.010 [cattle-system-rancher-80] [] 10.52.0.73:80 1303 0.010 200 9e8e46e77262687bdd9f9bf82541c287
2024-08-06T03:51:47.488541979Z 10.52.0.0 - - [06/Aug/2024:03:51:47 +0000] "GET /v1/catalog.cattle.io.apps?limit=1 HTTP/1.1" 200 2453 "https://harvester.calgaryserver.ca/dashboard/harvester/c/local/support" "Mozilla/5.0 (Windows NT 10.0; Win64; x64) AppleWebKit/537.36 (KHTML, like Gecko) Chrome/127.0.0.0 Safari/537.36" 1163 0.013 [cattle-system-rancher-80] [] 10.52.2.3:80 2460 0.012 200 b380322ed03d0b3fbdeabb41e47ced7e
2024-08-06T03:51:48.550986142Z 10.52.0.0 - - [06/Aug/2024:03:51:48 +0000] "GET /v1/management.cattle.io.settings?limit=1 HTTP/1.1" 200 743 "https://harvester.calgaryserver.ca/dashboard/c/local/explorer/apps.statefulset" "Mozilla/5.0 (Windows NT 10.0; Win64; x64) AppleWebKit/537.36 (KHTML, like Gecko) Chrome/127.0.0.0 Safari/537.36" 1178 0.008 [cattle-system-rancher-80] [] 10.52.2.3:80 743 0.008 200 b71a080c774d4fc77a4cc66d9cb2ce56
2024-08-06T03:51:48.557605074Z 10.52.0.0 - - [06/Aug/2024:03:51:48 +0000] "GET /v1/pods?limit=1 HTTP/1.1" 200 2663 "https://harvester.calgaryserver.ca/dashboard/c/local/explorer/apps.statefulset" "Mozilla/5.0 (Windows NT 10.0; Win64; x64) AppleWebKit/537.36 (KHTML, like Gecko) Chrome/127.0.0.0 Safari/537.36" 1153 0.006 [cattle-system-rancher-80] [] 10.52.0.73:80 2670 0.007 200 f9a471d39545ec34efd2521650fbc27e
2024-08-06T03:51:48.558836551Z 10.52.0.0 - - [06/Aug/2024:03:51:48 +0000] "GET /v1/nodes?limit=1 HTTP/1.1" 200 6520 "https://harvester.calgaryserver.ca/dashboard/c/local/explorer/apps.statefulset" "Mozilla/5.0 (Windows NT 10.0; Win64; x64) AppleWebKit/537.36 (KHTML, like Gecko) Chrome/127.0.0.0 Safari/537.36" 1154 0.012 [cattle-system-rancher-80] [] 10.52.0.73:80 6534 0.012 200 c154e1e0c3cebe03cf53190b6f5d8085
2024-08-06T03:52:23.075791666Z 10.10.110.61 - - [06/Aug/2024:03:52:23 +0000] "GET /version HTTP/2.0" 200 286 "-" "curl/8.0.1" 36 0.002 [cattle-system-rancher-80] [] 10.52.0.73:80 286 0.002 200 b14dce5e6905829b700526efaf0bd228
2024-08-06T03:52:33.026697833Z 10.52.1.0 - - [06/Aug/2024:03:52:33 +0000] "GET /version HTTP/2.0" 200 286 "-" "curl/8.0.1" 36 0.002 [cattle-system-rancher-80] [] 10.52.2.3:80 286 0.002 200 357e65b408ac9091af20b38fdee6c175
2024-08-06T03:52:33.517334596Z 10.52.3.0 - - [06/Aug/2024:03:52:33 +0000] "GET /version HTTP/2.0" 200 286 "-" "curl/8.0.1" 36 0.002 [cattle-system-rancher-80] [] 10.52.0.73:80 286 0.002 200 f19ac4c8e13d1586c35a8614a90fb368
2024-08-06T03:52:56.359989251Z 10.52.0.0 - - [06/Aug/2024:03:52:56 +0000] "GET /version HTTP/2.0" 200 286 "-" "curl/8.0.1" 36 0.002 [cattle-system-rancher-80] [] 10.52.2.3:80 286 0.002 200 eedcfa3104bb0dbe5c8900ab7a4dba27
2024-08-06T03:53:33.479719124Z 10.52.3.0 - - [06/Aug/2024:03:53:33 +0000] "GET /version HTTP/2.0" 200 286 "-" "curl/8.0.1" 36 0.002 [cattle-system-rancher-80] [] 10.52.0.73:80 286 0.002 200 d91349e3da4b4aeca34a7ceb30432880
2024-08-06T03:54:03.003661222Z 10.52.1.0 - - [06/Aug/2024:03:54:03 +0000] "GET /version HTTP/2.0" 200 286 "-" "curl/8.0.1" 36 0.002 [cattle-system-rancher-80] [] 10.52.1.5:80 286 0.002 200 02a1c679ae4d2080adebfd342e71efc1
2024-08-06T03:54:03.505199160Z 10.52.3.0 - - [06/Aug/2024:03:54:03 +0000] "GET /version HTTP/2.0" 200 286 "-" "curl/8.0.1" 36 0.002 [cattle-system-rancher-80] [] 10.52.0.73:80 286 0.002 200 bcd731a403c86791a883e7541f8e5a87
2024-08-06T03:54:09.471404810Z 10.52.0.0 - - [06/Aug/2024:03:54:09 +0000] "GET /v1/harvester/pods?limit=1 HTTP/1.1" 200 2662 "https://harvester.calgaryserver.ca/dashboard/harvester/c/local/support" "Mozilla/5.0 (Windows NT 10.0; Win64; x64) AppleWebKit/537.36 (KHTML, like Gecko) Chrome/127.0.0.0 Safari/537.36" 1155 0.011 [cattle-system-rancher-80] [] 10.52.1.5:80 2662 0.011 200 f6de8d308a025b6e0e79281dfb69c2f8
2024-08-06T03:54:23.058584927Z 10.10.110.61 - - [06/Aug/2024:03:54:23 +0000] "GET /version HTTP/2.0" 200 286 "-" "curl/8.0.1" 36 0.003 [cattle-system-rancher-80] [] 10.52.0.73:80 286 0.003 200 cbe62001170c20bd2ff466c7be5262a4
2024-08-06T03:54:31.469198657Z 10.52.0.0 - - [06/Aug/2024:03:54:31 +0000] "GET /v1/harvester/kubevirt.io.virtualmachineinstancemigrations?limit=1 HTTP/1.1" 200 186 "https://harvester.calgaryserver.ca/dashboard/harvester/c/local/support" "Mozilla/5.0 (Windows NT 10.0; Win64; x64) AppleWebKit/537.36 (KHTML, like Gecko) Chrome/127.0.0.0 Safari/537.36" 1195 0.005 [cattle-system-rancher-80] [] 10.52.0.73:80 186 0.005 200 d4f649b1fc4de3771c34b5099a899be9
2024-08-06T03:54:56.315860142Z 10.52.0.0 - - [06/Aug/2024:03:54:56 +0000] "GET /version HTTP/2.0" 200 286 "-" "curl/8.0.1" 36 0.003 [cattle-system-rancher-80] [] 10.52.0.73:80 286 0.003 200 296c01191595b687a1f84845adcefd86
2024-08-06T03:55:03.475273407Z 10.52.3.0 - - [06/Aug/2024:03:55:03 +0000] "GET /version HTTP/2.0" 200 286 "-" "curl/8.0.1" 36 0.002 [cattle-system-rancher-80] [] 10.52.1.5:80 286 0.002 200 dbd55d4d3a777af342661bac8543d441
2024-08-06T03:55:26.370226052Z 10.52.0.0 - - [06/Aug/2024:03:55:26 +0000] "GET /version HTTP/2.0" 200 286 "-" "curl/8.0.1" 36 0.001 [cattle-system-rancher-80] [] 10.52.2.3:80 286 0.002 200 afad5fefd720dae4e91147e83208dfd3
2024-08-06T03:56:03.495601655Z 10.52.3.0 - - [06/Aug/2024:03:56:03 +0000] "GET /version HTTP/2.0" 200 286 "-" "curl/8.0.1" 36 0.003 [cattle-system-rancher-80] [] 10.52.2.3:80 286 0.003 200 fc8bb56788fe986ea546795b2651cc04
2024-08-06T03:56:33.508818125Z 10.52.3.0 - - [06/Aug/2024:03:56:33 +0000] "GET /version HTTP/2.0" 200 286 "-" "curl/8.0.1" 36 0.003 [cattle-system-rancher-80] [] 10.52.0.73:80 286 0.003 200 a49bb16043cbf26bfb622a3f6fc3c4c8
2024-08-06T03:57:33.021086822Z 10.52.1.0 - - [06/Aug/2024:03:57:33 +0000] "GET /version HTTP/2.0" 200 286 "-" "curl/8.0.1" 36 0.002 [cattle-system-rancher-80] [] 10.52.1.5:80 286 0.002 200 0a4bfdf0d0c8d13429c25f6f946683f6
2024-08-06T03:57:53.090569959Z 10.10.110.61 - - [06/Aug/2024:03:57:53 +0000] "GET /version HTTP/2.0" 200 286 "-" "curl/8.0.1" 36 0.002 [cattle-system-rancher-80] [] 10.52.2.3:80 286 0.002 200 353386b63dd133841ac69895f070979e
2024-08-06T03:58:03.484044662Z 10.52.3.0 - - [06/Aug/2024:03:58:03 +0000] "GET /version HTTP/2.0" 200 286 "-" "curl/8.0.1" 36 0.003 [cattle-system-rancher-80] [] 10.52.1.5:80 286 0.003 200 089864273dea911c6344ef2494b10cc5
2024-08-06T03:58:33.468144148Z 10.52.3.0 - - [06/Aug/2024:03:58:33 +0000] "GET /version HTTP/2.0" 200 286 "-" "curl/8.0.1" 36 0.002 [cattle-system-rancher-80] [] 10.52.0.73:80 286 0.002 200 24ca2c448c88daae3f7644d5958f2cc1
2024-08-06T04:00:26.345637978Z 10.52.0.0 - - [06/Aug/2024:04:00:26 +0000] "GET /version HTTP/2.0" 200 286 "-" "curl/8.0.1" 36 0.003 [cattle-system-rancher-80] [] 10.52.2.3:80 286 0.003 200 e645532f01c65240133cc96476accce0
2024-08-06T04:01:02.970887218Z 10.52.1.0 - - [06/Aug/2024:04:01:02 +0000] "GET /version HTTP/2.0" 200 286 "-" "curl/8.0.1" 36 0.002 [cattle-system-rancher-80] [] 10.52.0.73:80 286 0.002 200 8d557897ec56a83588eca826607740e6
2024-08-06T04:01:26.424671312Z 10.52.0.0 - - [06/Aug/2024:04:01:26 +0000] "GET /version HTTP/2.0" 200 286 "-" "curl/8.0.1" 36 0.003 [cattle-system-rancher-80] [] 10.52.0.73:80 286 0.003 200 bc772c4a85a78195dc74f483b7286550
2024-08-06T04:01:53.083671718Z 10.10.110.61 - - [06/Aug/2024:04:01:53 +0000] "GET /version HTTP/2.0" 200 286 "-" "curl/8.0.1" 36 0.003 [cattle-system-rancher-80] [] 10.52.0.73:80 286 0.003 200 3a593d003c34d6d40ae001dce5e03e58
2024-08-06T04:02:23.072994167Z 10.10.110.61 - - [06/Aug/2024:04:02:23 +0000] "GET /version HTTP/2.0" 200 286 "-" "curl/8.0.1" 36 0.003 [cattle-system-rancher-80] [] 10.52.1.5:80 286 0.003 200 ad99dbc9480a8b575c5e6e35b69ece08
2024-08-06T04:02:33.007424628Z 10.52.1.0 - - [06/Aug/2024:04:02:33 +0000] "GET /version HTTP/2.0" 200 286 "-" "curl/8.0.1" 36 0.002 [cattle-system-rancher-80] [] 10.52.1.5:80 286 0.002 200 09bbf229f65d318ee1a88ba637904b3e
2024-08-06T04:02:53.060602267Z 10.10.110.61 - - [06/Aug/2024:04:02:53 +0000] "GET /version HTTP/2.0" 200 286 "-" "curl/8.0.1" 36 0.002 [cattle-system-rancher-80] [] 10.52.2.3:80 286 0.002 200 fa31d943e326852af47238119ea8a13e
2024-08-06T04:03:33.501378527Z 10.52.3.0 - - [06/Aug/2024:04:03:33 +0000] "GET /version HTTP/2.0" 200 286 "-" "curl/8.0.1" 36 0.002 [cattle-system-rancher-80] [] 10.52.1.5:80 286 0.002 200 11a553196e84410edbf779a17f0bb5ee
2024-08-06T04:03:53.078022919Z 10.10.110.61 - - [06/Aug/2024:04:03:53 +0000] "GET /version HTTP/2.0" 200 286 "-" "curl/8.0.1" 36 0.002 [cattle-system-rancher-80] [] 10.52.1.5:80 286 0.003 200 542c3d8f564aa24fbd2033ce5c1be67a
2024-08-06T04:03:56.359921100Z 10.52.0.0 - - [06/Aug/2024:04:03:56 +0000] "GET /version HTTP/2.0" 200 286 "-" "curl/8.0.1" 36 0.003 [cattle-system-rancher-80] [] 10.52.0.73:80 286 0.003 200 7108c37aef4ebf3ecf995fdea9621d14
2024-08-06T04:04:03.527299578Z 10.52.3.0 - - [06/Aug/2024:04:04:03 +0000] "GET /version HTTP/2.0" 200 286 "-" "curl/8.0.1" 36 0.002 [cattle-system-rancher-80] [] 10.52.1.5:80 286 0.002 200 eeff03c2aa10de259bd9b6e96a07e268
2024-08-06T04:05:03.009051053Z 10.52.1.0 - - [06/Aug/2024:04:05:03 +0000] "GET /version HTTP/2.0" 200 286 "-" "curl/8.0.1" 36 0.002 [cattle-system-rancher-80] [] 10.52.0.73:80 286 0.002 200 467fd8c1c3ee510948cc1582f77eecc9
2024-08-06T04:05:26.362442915Z 10.52.0.0 - - [06/Aug/2024:04:05:26 +0000] "GET /version HTTP/2.0" 200 286 "-" "curl/8.0.1" 36 0.002 [cattle-system-rancher-80] [] 10.52.2.3:80 286 0.002 200 5912436334836c53cca299b5ca3b8a01
2024-08-06T04:06:03.488464141Z 10.52.3.0 - - [06/Aug/2024:04:06:03 +0000] "GET /version HTTP/2.0" 200 286 "-" "curl/8.0.1" 36 0.003 [cattle-system-rancher-80] [] 10.52.1.5:80 286 0.003 200 dfaa06737dbcdd63c8692203d3e024c9
2024-08-06T04:07:03.007475246Z 10.52.1.0 - - [06/Aug/2024:04:07:03 +0000] "GET /version HTTP/2.0" 200 286 "-" "curl/8.0.1" 36 0.003 [cattle-system-rancher-80] [] 10.52.0.73:80 286 0.003 200 b6a1b181a3f4cf8e0ac5d6940690a32c
2024-08-06T04:07:33.491558153Z 10.52.3.0 - - [06/Aug/2024:04:07:33 +0000] "GET /version HTTP/2.0" 200 286 "-" "curl/8.0.1" 36 0.003 [cattle-system-rancher-80] [] 10.52.0.73:80 286 0.003 200 82cc8c9553f3e428ab295836b1a91459
2024-08-06T04:08:23.093943281Z 10.10.110.61 - - [06/Aug/2024:04:08:23 +0000] "GET /version HTTP/2.0" 200 286 "-" "curl/8.0.1" 36 0.002 [cattle-system-rancher-80] [] 10.52.0.73:80 286 0.003 200 8d3e62d12e21040e6c05328d0c1c589b
2024-08-06T04:09:56.351731385Z 10.52.0.0 - - [06/Aug/2024:04:09:56 +0000] "GET /version HTTP/2.0" 200 286 "-" "curl/8.0.1" 36 0.003 [cattle-system-rancher-80] [] 10.52.1.5:80 286 0.003 200 fa75722a59b13a4cc491e4dd0226e06e
2024-08-06T04:10:03.516823359Z 10.52.3.0 - - [06/Aug/2024:04:10:03 +0000] "GET /version HTTP/2.0" 200 286 "-" "curl/8.0.1" 36 0.002 [cattle-system-rancher-80] [] 10.52.2.3:80 286 0.002 200 f7e32487609ea042b37cfbbe9c9ccfd9
2024-08-06T04:10:23.068817349Z 10.10.110.61 - - [06/Aug/2024:04:10:23 +0000] "GET /version HTTP/2.0" 200 286 "-" "curl/8.0.1" 36 0.003 [cattle-system-rancher-80] [] 10.52.1.5:80 286 0.003 200 817120a495214537b992d08bcf8b82d0
2024-08-06T04:11:03.496078950Z 10.52.3.0 - - [06/Aug/2024:04:11:03 +0000] "GET /version HTTP/2.0" 200 286 "-" "curl/8.0.1" 36 0.003 [cattle-system-rancher-80] [] 10.52.1.5:80 286 0.003 200 18e963eb568ced6043a61723fc3b7e37
2024-08-06T04:12:32.995938516Z 10.52.1.0 - - [06/Aug/2024:04:12:32 +0000] "GET /version HTTP/2.0" 200 286 "-" "curl/8.0.1" 36 0.002 [cattle-system-rancher-80] [] 10.52.0.73:80 286 0.003 200 a092453ae88bef13486358673b0d64a1
2024-08-06T04:12:53.089506088Z 10.10.110.61 - - [06/Aug/2024:04:12:53 +0000] "GET /version HTTP/2.0" 200 286 "-" "curl/8.0.1" 36 0.003 [cattle-system-rancher-80] [] 10.52.0.73:80 286 0.003 200 babf813db819e636e94bb7e950278466
2024-08-06T04:13:23.067847112Z 10.10.110.61 - - [06/Aug/2024:04:13:23 +0000] "GET /version HTTP/2.0" 200 286 "-" "curl/8.0.1" 36 0.002 [cattle-system-rancher-80] [] 10.52.0.73:80 286 0.002 200 d956e996a22df57f382efb66ce07e1d2
2024-08-06T04:13:32.995431977Z 10.52.1.0 - - [06/Aug/2024:04:13:32 +0000] "GET /version HTTP/2.0" 200 286 "-" "curl/8.0.1" 36 0.002 [cattle-system-rancher-80] [] 10.52.0.73:80 286 0.002 200 83ab581200e169e19130cdd2a7298161
2024-08-06T04:13:33.475135245Z 10.52.3.0 - - [06/Aug/2024:04:13:33 +0000] "GET /version HTTP/2.0" 200 286 "-" "curl/8.0.1" 36 0.002 [cattle-system-rancher-80] [] 10.52.2.3:80 286 0.002 200 8bb15788ff7bde954283690be1086058
2024-08-06T04:13:53.094280530Z 10.10.110.61 - - [06/Aug/2024:04:13:53 +0000] "GET /version HTTP/2.0" 200 286 "-" "curl/8.0.1" 36 0.002 [cattle-system-rancher-80] [] 10.52.0.73:80 286 0.002 200 c7cfbccf2deb54697acda2e88eb526a3
2024-08-06T04:14:53.059402837Z 10.10.110.61 - - [06/Aug/2024:04:14:53 +0000] "GET /version HTTP/2.0" 200 286 "-" "curl/8.0.1" 36 0.003 [cattle-system-rancher-80] [] 10.52.0.73:80 286 0.002 200 413371c249b99747ea992310d7d5279a
2024-08-06T04:14:56.335796535Z 10.52.0.0 - - [06/Aug/2024:04:14:56 +0000] "GET /version HTTP/2.0" 200 286 "-" "curl/8.0.1" 36 0.002 [cattle-system-rancher-80] [] 10.52.1.5:80 286 0.002 200 d9ab8a5dd5687c2f7c351242b724d5a1
2024-08-06T04:15:02.995010465Z 10.52.1.0 - - [06/Aug/2024:04:15:02 +0000] "GET /version HTTP/2.0" 200 286 "-" "curl/8.0.1" 36 0.002 [cattle-system-rancher-80] [] 10.52.0.73:80 286 0.002 200 f25fc695fcdb0e9bce66588f8ab8f7f4
2024-08-06T04:15:03.502758288Z 10.52.3.0 - - [06/Aug/2024:04:15:03 +0000] "GET /version HTTP/2.0" 200 286 "-" "curl/8.0.1" 36 0.003 [cattle-system-rancher-80] [] 10.52.1.5:80 286 0.003 200 6a601c566df38bb65d8328c066001f80
2024-08-06T04:15:53.099838358Z 10.10.110.61 - - [06/Aug/2024:04:15:53 +0000] "GET /version HTTP/2.0" 200 286 "-" "curl/8.0.1" 36 0.002 [cattle-system-rancher-80] [] 10.52.0.73:80 286 0.002 200 96e88a7c8e4294ececc41aedb1ae0222
2024-08-06T04:16:03.465897436Z 10.52.3.0 - - [06/Aug/2024:04:16:03 +0000] "GET /version HTTP/2.0" 200 286 "-" "curl/8.0.1" 36 0.002 [cattle-system-rancher-80] [] 10.52.2.3:80 286 0.002 200 f460d8a2d522707023969e09a9b85afa
2024-08-06T04:16:53.081221650Z 10.10.110.61 - - [06/Aug/2024:04:16:53 +0000] "GET /version HTTP/2.0" 200 286 "-" "curl/8.0.1" 36 0.002 [cattle-system-rancher-80] [] 10.52.2.3:80 286 0.002 200 5c4166fe9fde7a7eb104b82ed3353d68
2024-08-06T04:16:56.352508294Z 10.52.0.0 - - [06/Aug/2024:04:16:56 +0000] "GET /version HTTP/2.0" 200 286 "-" "curl/8.0.1" 36 0.002 [cattle-system-rancher-80] [] 10.52.1.5:80 286 0.002 200 d95645e91065e3c55937d3440cf0a139
2024-08-06T04:17:26.367683750Z 10.52.0.0 - - [06/Aug/2024:04:17:26 +0000] "GET /version HTTP/2.0" 200 286 "-" "curl/8.0.1" 36 0.003 [cattle-system-rancher-80] [] 10.52.0.73:80 286 0.003 200 07415fb7e8fd82c8597dd1de6f1d858f
2024-08-06T04:17:33.010126661Z 10.52.1.0 - - [06/Aug/2024:04:17:33 +0000] "GET /version HTTP/2.0" 200 286 "-" "curl/8.0.1" 36 0.002 [cattle-system-rancher-80] [] 10.52.1.5:80 286 0.002 200 58f655eaf6643aad043fe413aeda7f6b
2024-08-06T04:18:03.021574132Z 10.52.1.0 - - [06/Aug/2024:04:18:03 +0000] "GET /version HTTP/2.0" 200 286 "-" "curl/8.0.1" 36 0.003 [cattle-system-rancher-80] [] 10.52.2.3:80 286 0.003 200 691448977a9974cc68741af85cf4a21b
2024-08-06T04:18:53.078193550Z 10.10.110.61 - - [06/Aug/2024:04:18:53 +0000] "GET /version HTTP/2.0" 200 286 "-" "curl/8.0.1" 36 0.004 [cattle-system-rancher-80] [] 10.52.1.5:80 286 0.004 200 4fe1dd44df6830b233abc83ed5669953
2024-08-06T04:19:03.011425613Z 10.52.1.0 - - [06/Aug/2024:04:19:03 +0000] "GET /version HTTP/2.0" 200 286 "-" "curl/8.0.1" 36 0.002 [cattle-system-rancher-80] [] 10.52.1.5:80 286 0.002 200 d88b378fa956873c8badd4aa131cdb59
2024-08-06T04:19:12.484150434Z 10.52.0.0 - - [06/Aug/2024:04:19:12 +0000] "GET /v1/batch.jobs?limit=1 HTTP/1.1" 200 3795 "https://harvester.calgaryserver.ca/dashboard/c/local/explorer/apps.statefulset" "Mozilla/5.0 (Windows NT 10.0; Win64; x64) AppleWebKit/537.36 (KHTML, like Gecko) Chrome/127.0.0.0 Safari/537.36" 1159 0.010 [cattle-system-rancher-80] [] 10.52.0.73:80 3796 0.010 200 ce4af55d9889270c4f8eb6b5f6ede990
2024-08-06T04:21:02.992866640Z 10.52.1.0 - - [06/Aug/2024:04:21:02 +0000] "GET /version HTTP/2.0" 200 286 "-" "curl/8.0.1" 36 0.002 [cattle-system-rancher-80] [] 10.52.0.73:80 286 0.002 200 e88857d367782da721f431347a81bf7d
2024-08-06T04:21:03.507397805Z 10.52.3.0 - - [06/Aug/2024:04:21:03 +0000] "GET /version HTTP/2.0" 200 286 "-" "curl/8.0.1" 36 0.003 [cattle-system-rancher-80] [] 10.52.1.5:80 286 0.003 200 c66c442ab1392ba8474c899c32671721
2024-08-06T04:21:23.074298328Z 10.10.110.61 - - [06/Aug/2024:04:21:23 +0000] "GET /version HTTP/2.0" 200 286 "-" "curl/8.0.1" 36 0.002 [cattle-system-rancher-80] [] 10.52.0.73:80 286 0.002 200 ecc382f3d7e21743990be4098ec44f19
2024-08-06T04:21:33.516967446Z 10.52.3.0 - - [06/Aug/2024:04:21:33 +0000] "GET /version HTTP/2.0" 200 286 "-" "curl/8.0.1" 36 0.002 [cattle-system-rancher-80] [] 10.52.0.73:80 286 0.002 200 e6f51fa4691fb800d3ea8690b6f354eb
2024-08-06T04:21:52.491568373Z 10.52.0.0 - - [06/Aug/2024:04:21:52 +0000] "GET /v1/harvester/devices.harvesterhci.io.sriovgpudevices?limit=1 HTTP/1.1" 200 931 "https://harvester.calgaryserver.ca/dashboard/harvester/c/local/support" "Mozilla/5.0 (Windows NT 10.0; Win64; x64) AppleWebKit/537.36 (KHTML, like Gecko) Chrome/127.0.0.0 Safari/537.36" 1190 0.008 [cattle-system-rancher-80] [] 10.52.2.3:80 931 0.008 200 c1d841d974ca865de724e836bf54de91
2024-08-06T04:21:52.491652153Z 10.52.0.0 - - [06/Aug/2024:04:21:52 +0000] "GET /v1/harvester/namespaces?limit=1 HTTP/1.1" 200 1303 "https://harvester.calgaryserver.ca/dashboard/harvester/c/local/support" "Mozilla/5.0 (Windows NT 10.0; Win64; x64) AppleWebKit/537.36 (KHTML, like Gecko) Chrome/127.0.0.0 Safari/537.36" 1161 0.009 [cattle-system-rancher-80] [] 10.52.1.5:80 1303 0.009 200 c1d616659cb0a926e57daa386a6d05b8
2024-08-06T04:21:52.494050027Z 10.52.0.0 - - [06/Aug/2024:04:21:52 +0000] "GET /v1/harvester/harvesterhci.io.virtualmachineimages?limit=1 HTTP/1.1" 200 1017 "https://harvester.calgaryserver.ca/dashboard/harvester/c/local/support" "Mozilla/5.0 (Windows NT 10.0; Win64; x64) AppleWebKit/537.36 (KHTML, like Gecko) Chrome/127.0.0.0 Safari/537.36" 1187 0.007 [cattle-system-rancher-80] [] 10.52.1.5:80 1017 0.007 200 dfd5af023d5b0b489246857f92561605
2024-08-06T04:21:52.496817166Z 10.52.0.0 - - [06/Aug/2024:04:21:52 +0000] "GET /v1/harvester/harvesterhci.io.addons?limit=1 HTTP/1.1" 200 1730 "https://harvester.calgaryserver.ca/dashboard/harvester/c/local/support" "Mozilla/5.0 (Windows NT 10.0; Win64; x64) AppleWebKit/537.36 (KHTML, like Gecko) Chrome/127.0.0.0 Safari/537.36" 1173 0.010 [cattle-system-rancher-80] [] 10.52.1.5:80 1730 0.010 200 cec05c89412e9e8537fe93829c1d978b
2024-08-06T04:21:53.452428501Z 10.52.0.0 - - [06/Aug/2024:04:21:53 +0000] "GET /v1/management.cattle.io.fleetworkspaces?limit=1 HTTP/1.1" 200 614 "https://harvester.calgaryserver.ca/dashboard/harvester/c/local/support" "Mozilla/5.0 (Windows NT 10.0; Win64; x64) AppleWebKit/537.36 (KHTML, like Gecko) Chrome/127.0.0.0 Safari/537.36" 1177 0.005 [cattle-system-rancher-80] [] 10.52.1.5:80 614 0.004 200 53f407759a0f0d6ba22c0583762a648b
2024-08-06T04:21:54.452481430Z 10.52.0.0 - - [06/Aug/2024:04:21:54 +0000] "GET /v1/management.cattle.io.fleetworkspaces?limit=1 HTTP/1.1" 200 614 "https://harvester.calgaryserver.ca/dashboard/c/local/explorer/apps.statefulset" "Mozilla/5.0 (Windows NT 10.0; Win64; x64) AppleWebKit/537.36 (KHTML, like Gecko) Chrome/127.0.0.0 Safari/537.36" 1185 0.008 [cattle-system-rancher-80] [] 10.52.0.73:80 614 0.008 200 d6be666f16e8ba06f115fca48a75cc89
2024-08-06T04:21:54.452786101Z 10.52.0.0 - - [06/Aug/2024:04:21:54 +0000] "GET /v1/management.cattle.io.clusters?limit=1 HTTP/1.1" 200 1364 "https://harvester.calgaryserver.ca/dashboard/c/local/explorer/apps.statefulset" "Mozilla/5.0 (Windows NT 10.0; Win64; x64) AppleWebKit/537.36 (KHTML, like Gecko) Chrome/127.0.0.0 Safari/537.36" 1178 0.008 [cattle-system-rancher-80] [] 10.52.2.3:80 1364 0.008 200 b0fdc2da3a49f79dae67994c06ace1a3
2024-08-06T04:21:54.456884690Z 10.52.0.0 - - [06/Aug/2024:04:21:54 +0000] "GET /v1/services?limit=1 HTTP/1.1" 200 1173 "https://harvester.calgaryserver.ca/dashboard/c/local/explorer/apps.statefulset" "Mozilla/5.0 (Windows NT 10.0; Win64; x64) AppleWebKit/537.36 (KHTML, like Gecko) Chrome/127.0.0.0 Safari/537.36" 1157 0.006 [cattle-system-rancher-80] [] 10.52.2.3:80 1173 0.006 200 d2320a4c27986402b0f098fd6c5269ec
2024-08-06T04:21:54.458630601Z 10.52.0.0 - - [06/Aug/2024:04:21:54 +0000] "GET /v1/pods?limit=1 HTTP/1.1" 200 2663 "https://harvester.calgaryserver.ca/dashboard/c/local/explorer/apps.statefulset" "Mozilla/5.0 (Windows NT 10.0; Win64; x64) AppleWebKit/537.36 (KHTML, like Gecko) Chrome/127.0.0.0 Safari/537.36" 1153 0.008 [cattle-system-rancher-80] [] 10.52.1.5:80 2670 0.008 200 b2f822ceca029bd64cc9a62d79230933
2024-08-06T04:22:23.066520219Z 10.10.110.61 - - [06/Aug/2024:04:22:23 +0000] "GET /version HTTP/2.0" 200 286 "-" "curl/8.0.1" 36 0.003 [cattle-system-rancher-80] [] 10.52.2.3:80 286 0.003 200 cefd6058335059134c008984d2b94a18
2024-08-06T04:22:26.368688691Z 10.52.0.0 - - [06/Aug/2024:04:22:26 +0000] "GET /version HTTP/2.0" 200 286 "-" "curl/8.0.1" 36 0.003 [cattle-system-rancher-80] [] 10.52.1.5:80 286 0.003 200 93e26fad717c04e094944481858c95bd
2024-08-06T04:22:33.001495209Z 10.52.1.0 - - [06/Aug/2024:04:22:33 +0000] "GET /version HTTP/2.0" 200 286 "-" "curl/8.0.1" 36 0.003 [cattle-system-rancher-80] [] 10.52.1.5:80 286 0.003 200 c0763cc1f48f5aab7b1473413e78daa7
2024-08-06T04:22:56.367734068Z 10.52.0.0 - - [06/Aug/2024:04:22:56 +0000] "GET /version HTTP/2.0" 200 286 "-" "curl/8.0.1" 36 0.002 [cattle-system-rancher-80] [] 10.52.0.73:80 286 0.002 200 dc3360e34d3e1fd22f5ae4eef94279c4
2024-08-06T04:23:02.453993327Z 10.52.0.0 - - [06/Aug/2024:04:23:02 +0000] "GET /v1/devices.harvesterhci.io.vgpudevices?limit=1 HTTP/1.1" 200 987 "https://harvester.calgaryserver.ca/dashboard/c/local/explorer/apps.statefulset" "Mozilla/5.0 (Windows NT 10.0; Win64; x64) AppleWebKit/537.36 (KHTML, like Gecko) Chrome/127.0.0.0 Safari/537.36" 1184 0.008 [cattle-system-rancher-80] [] 10.52.1.5:80 987 0.008 200 aba9ac4968b6fd848aaf6ff6d7c90e62
2024-08-06T04:23:03.454856341Z 10.52.0.0 - - [06/Aug/2024:04:23:03 +0000] "GET /v1/devices.harvesterhci.io.sriovgpudevices?limit=1 HTTP/1.1" 200 936 "https://harvester.calgaryserver.ca/dashboard/c/local/explorer/apps.statefulset" "Mozilla/5.0 (Windows NT 10.0; Win64; x64) AppleWebKit/537.36 (KHTML, like Gecko) Chrome/127.0.0.0 Safari/537.36" 1188 0.007 [cattle-system-rancher-80] [] 10.52.1.5:80 936 0.007 200 620d9bdf03f7d719c2387ab333fe62b2
2024-08-06T04:23:03.489248702Z 10.52.3.0 - - [06/Aug/2024:04:23:03 +0000] "GET /version HTTP/2.0" 200 286 "-" "curl/8.0.1" 36 0.002 [cattle-system-rancher-80] [] 10.52.2.3:80 286 0.002 200 a1c941f9c4eeeb1e34f7d9cb4e3845f4
2024-08-06T04:23:35.474768001Z 10.52.0.0 - - [06/Aug/2024:04:23:35 +0000] "GET /v1/rbac.authorization.k8s.io.clusterroles?limit=1 HTTP/1.1" 200 2222 "https://harvester.calgaryserver.ca/dashboard/c/local/explorer/apps.statefulset" "Mozilla/5.0 (Windows NT 10.0; Win64; x64) AppleWebKit/537.36 (KHTML, like Gecko) Chrome/127.0.0.0 Safari/537.36" 1187 0.010 [cattle-system-rancher-80] [] 10.52.2.3:80 2228 0.010 200 6049955a962c7af1cc32cc72a4138d87
2024-08-06T04:23:53.064794081Z 10.10.110.61 - - [06/Aug/2024:04:23:53 +0000] "GET /version HTTP/2.0" 200 286 "-" "curl/8.0.1" 36 0.002 [cattle-system-rancher-80] [] 10.52.2.3:80 286 0.002 200 719bfef3964c877cc1b135f6a3adc063
2024-08-06T04:23:56.357733652Z 10.52.0.0 - - [06/Aug/2024:04:23:56 +0000] "GET /version HTTP/2.0" 200 286 "-" "curl/8.0.1" 36 0.003 [cattle-system-rancher-80] [] 10.52.1.5:80 286 0.003 200 a989518666963da3e076611af80f311c
2024-08-06T04:24:13.459459639Z 10.52.0.0 - - [06/Aug/2024:04:24:13 +0000] "GET /v1/harvester/metal.harvesterhci.io.inventories?limit=1 HTTP/1.1" 200 179 "https://harvester.calgaryserver.ca/dashboard/harvester/c/local/support" "Mozilla/5.0 (Windows NT 10.0; Win64; x64) AppleWebKit/537.36 (KHTML, like Gecko) Chrome/127.0.0.0 Safari/537.36" 1184 0.006 [cattle-system-rancher-80] [] 10.52.2.3:80 179 0.005 200 6bc094004e08d3adb074f17488212e13
2024-08-06T04:24:33.524122723Z 10.52.3.0 - - [06/Aug/2024:04:24:33 +0000] "GET /version HTTP/2.0" 200 286 "-" "curl/8.0.1" 36 0.002 [cattle-system-rancher-80] [] 10.52.2.3:80 286 0.002 200 882d01cf5b05da565fd09118bc49a003
2024-08-06T04:24:35.452875497Z 10.52.0.0 - - [06/Aug/2024:04:24:35 +0000] "GET /v1/harvester/network.harvesterhci.io.clusternetworks?limit=1 HTTP/1.1" 200 595 "https://harvester.calgaryserver.ca/dashboard/harvester/c/local/support" "Mozilla/5.0 (Windows NT 10.0; Win64; x64) AppleWebKit/537.36 (KHTML, like Gecko) Chrome/127.0.0.0 Safari/537.36" 1190 0.006 [cattle-system-rancher-80] [] 10.52.2.3:80 595 0.006 200 608c23ee2bbc33dc25a1c2e6ee00146d
2024-08-06T04:24:36.466183341Z 10.52.0.0 - - [06/Aug/2024:04:24:36 +0000] "GET /v1/harvester/kubevirt.io.virtualmachineinstances?limit=1 HTTP/1.1" 200 2352 "https://harvester.calgaryserver.ca/dashboard/harvester/c/local/support" "Mozilla/5.0 (Windows NT 10.0; Win64; x64) AppleWebKit/537.36 (KHTML, like Gecko) Chrome/127.0.0.0 Safari/537.36" 1186 0.015 [cattle-system-rancher-80] [] 10.52.0.73:80 2352 0.015 200 c8ba5ac3c63fc6b4f11cf2c56aa93455
2024-08-06T04:25:23.096957733Z 10.10.110.61 - - [06/Aug/2024:04:25:23 +0000] "GET /version HTTP/2.0" 200 286 "-" "curl/8.0.1" 36 0.002 [cattle-system-rancher-80] [] 10.52.2.3:80 286 0.002 200 04aca3b8d6cad9d79083bd79d88fca85
2024-08-06T04:25:26.357303234Z 10.52.0.0 - - [06/Aug/2024:04:25:26 +0000] "GET /version HTTP/2.0" 200 286 "-" "curl/8.0.1" 36 0.002 [cattle-system-rancher-80] [] 10.52.0.73:80 286 0.002 200 484df2722f4ef2634d3f81db8a6aa4fd
2024-08-06T04:25:33.513913794Z 10.52.3.0 - - [06/Aug/2024:04:25:33 +0000] "GET /version HTTP/2.0" 200 286 "-" "curl/8.0.1" 36 0.003 [cattle-system-rancher-80] [] 10.52.1.5:80 286 0.003 200 2719c142b8d686ff2bd0800e8c149743
2024-08-06T04:26:03.020593994Z 10.52.1.0 - - [06/Aug/2024:04:26:03 +0000] "GET /version HTTP/2.0" 200 286 "-" "curl/8.0.1" 36 0.003 [cattle-system-rancher-80] [] 10.52.0.73:80 286 0.003 200 523e85990d7e089631d12c2e1da79119
2024-08-06T04:26:23.070462479Z 10.10.110.61 - - [06/Aug/2024:04:26:23 +0000] "GET /version HTTP/2.0" 200 286 "-" "curl/8.0.1" 36 0.003 [cattle-system-rancher-80] [] 10.52.1.5:80 286 0.002 200 1b7a9bd97ceb286c5223091f58d0055b
2024-08-06T04:26:26.348037985Z 10.52.0.0 - - [06/Aug/2024:04:26:26 +0000] "GET /version HTTP/2.0" 200 286 "-" "curl/8.0.1" 36 0.002 [cattle-system-rancher-80] [] 10.52.2.3:80 286 0.003 200 e188015a5ecfbf93e3dd8e0e1a98759b
