2024-08-06T05:43:33.013882189Z 10.52.1.0 - - [06/Aug/2024:05:43:33 +0000] "GET /version HTTP/2.0" 200 286 "-" "curl/8.0.1" 36 0.002 [cattle-system-rancher-80] [] 10.52.2.3:80 286 0.002 200 c38225088406d75516e44f971b11ffcf
2024-08-06T05:43:33.507413697Z 10.52.3.0 - - [06/Aug/2024:05:43:33 +0000] "GET /version HTTP/2.0" 200 286 "-" "curl/8.0.1" 36 0.002 [cattle-system-rancher-80] [] 10.52.0.73:80 286 0.002 200 c1e9ef0420eb41057660a99926a08a25
2024-08-06T05:43:56.373397811Z 10.52.0.0 - - [06/Aug/2024:05:43:56 +0000] "GET /version HTTP/2.0" 200 286 "-" "curl/8.0.1" 36 0.003 [cattle-system-rancher-80] [] 10.52.0.73:80 286 0.002 200 a0d090aea300a787e33bd965a3c8b884
2024-08-06T05:44:23.071571211Z 10.10.110.61 - - [06/Aug/2024:05:44:23 +0000] "GET /version HTTP/2.0" 200 286 "-" "curl/8.0.1" 36 0.002 [cattle-system-rancher-80] [] 10.52.2.3:80 286 0.002 200 d0444f7dcceec214c8bf495b259fc02b
2024-08-06T05:44:53.069714795Z 10.10.110.61 - - [06/Aug/2024:05:44:53 +0000] "GET /version HTTP/2.0" 200 286 "-" "curl/8.0.1" 36 0.002 [cattle-system-rancher-80] [] 10.52.2.3:80 286 0.002 200 f409b879dcc6575f43bdd5d3aa422e95
2024-08-06T05:44:56.360448825Z 10.52.0.0 - - [06/Aug/2024:05:44:56 +0000] "GET /version HTTP/2.0" 200 286 "-" "curl/8.0.1" 36 0.002 [cattle-system-rancher-80] [] 10.52.0.73:80 286 0.001 200 e367fc3f9c5366f216fa20d463b671f1
2024-08-06T05:45:03.515055504Z 10.52.3.0 - - [06/Aug/2024:05:45:03 +0000] "GET /version HTTP/2.0" 200 286 "-" "curl/8.0.1" 36 0.002 [cattle-system-rancher-80] [] 10.52.2.3:80 286 0.002 200 b10e9f51ab820318d4bd04583d53a20b
2024-08-06T05:45:26.448658843Z 10.52.0.0 - - [06/Aug/2024:05:45:26 +0000] "GET /version HTTP/2.0" 200 286 "-" "curl/8.0.1" 36 0.002 [cattle-system-rancher-80] [] 10.52.0.73:80 286 0.002 200 e1279aa69cb8096b20053256ead933f2
2024-08-06T05:45:33.505616807Z 10.52.3.0 - - [06/Aug/2024:05:45:33 +0000] "GET /version HTTP/2.0" 200 286 "-" "curl/8.0.1" 36 0.003 [cattle-system-rancher-80] [] 10.52.0.73:80 286 0.003 200 2029f1fc863f54610a4123edf353aecb
2024-08-06T05:45:53.076623009Z 10.10.110.61 - - [06/Aug/2024:05:45:53 +0000] "GET /version HTTP/2.0" 200 286 "-" "curl/8.0.1" 36 0.002 [cattle-system-rancher-80] [] 10.52.0.73:80 286 0.002 200 717353165adc8b9b14b78ab6198f5da9
2024-08-06T05:46:33.006395915Z 10.52.1.0 - - [06/Aug/2024:05:46:33 +0000] "GET /version HTTP/2.0" 200 286 "-" "curl/8.0.1" 36 0.003 [cattle-system-rancher-80] [] 10.52.2.3:80 286 0.002 200 27ba4a38bfdd4bade4e580a68a981ae5
2024-08-06T05:46:33.497888359Z 10.52.3.0 - - [06/Aug/2024:05:46:33 +0000] "GET /version HTTP/2.0" 200 286 "-" "curl/8.0.1" 36 0.002 [cattle-system-rancher-80] [] 10.52.2.3:80 286 0.002 200 81f9a417eaa311290eff6e5b3203bd48
2024-08-06T05:47:02.998829140Z 10.52.1.0 - - [06/Aug/2024:05:47:02 +0000] "GET /version HTTP/2.0" 200 286 "-" "curl/8.0.1" 36 0.002 [cattle-system-rancher-80] [] 10.52.0.73:80 286 0.003 200 6de55a41a629109df6e71b149ea1b779
2024-08-06T05:47:56.350618044Z 10.52.0.0 - - [06/Aug/2024:05:47:56 +0000] "GET /version HTTP/2.0" 200 286 "-" "curl/8.0.1" 36 0.003 [cattle-system-rancher-80] [] 10.52.1.5:80 286 0.003 200 c9750b07655f7413caf69d5bfaca862c
2024-08-06T05:48:23.082824748Z 10.10.110.61 - - [06/Aug/2024:05:48:23 +0000] "GET /version HTTP/2.0" 200 286 "-" "curl/8.0.1" 36 0.003 [cattle-system-rancher-80] [] 10.52.1.5:80 286 0.003 200 87ae3c896fa3736a720583b0ce0a2fa2
2024-08-06T05:48:33.497553312Z 10.52.3.0 - - [06/Aug/2024:05:48:33 +0000] "GET /version HTTP/2.0" 200 286 "-" "curl/8.0.1" 36 0.002 [cattle-system-rancher-80] [] 10.52.1.5:80 286 0.002 200 60cc0f578acf08ced5c928519d9a9b9c
2024-08-06T05:49:02.990313681Z 10.52.1.0 - - [06/Aug/2024:05:49:02 +0000] "GET /version HTTP/2.0" 200 286 "-" "curl/8.0.1" 36 0.002 [cattle-system-rancher-80] [] 10.52.0.73:80 286 0.002 200 de0981c856409a98d5bbe48bf0230c76
2024-08-06T05:50:03.019171147Z 10.52.1.0 - - [06/Aug/2024:05:50:03 +0000] "GET /version HTTP/2.0" 200 286 "-" "curl/8.0.1" 36 0.003 [cattle-system-rancher-80] [] 10.52.1.5:80 286 0.003 200 a68970aaeaf77d46000f512584494937
2024-08-06T05:50:16.410492643Z 10.52.0.0 - - [06/Aug/2024:05:50:16 +0000] "GET /v1/provisioning.cattle.io.clusters?limit=1 HTTP/1.1" 200 1967 "https://harvester.calgaryserver.ca/dashboard/c/local/explorer/apps.statefulset" "Mozilla/5.0 (Windows NT 10.0; Win64; x64) AppleWebKit/537.36 (KHTML, like Gecko) Chrome/127.0.0.0 Safari/537.36" 1180 0.008 [cattle-system-rancher-80] [] 10.52.2.3:80 1967 0.008 200 adff52f4d9197bd05021b341b0a64372
2024-08-06T05:50:23.063657751Z 10.10.110.61 - - [06/Aug/2024:05:50:23 +0000] "GET /version HTTP/2.0" 200 286 "-" "curl/8.0.1" 36 0.002 [cattle-system-rancher-80] [] 10.52.0.73:80 286 0.003 200 58a5d6cc145e179710ac1d32d7bf516a
2024-08-06T05:50:33.017150432Z 10.52.1.0 - - [06/Aug/2024:05:50:33 +0000] "GET /version HTTP/2.0" 200 286 "-" "curl/8.0.1" 36 0.002 [cattle-system-rancher-80] [] 10.52.2.3:80 286 0.002 200 0b8ff772abd09ee820815d674cf0483f
2024-08-06T05:50:53.075177619Z 10.10.110.61 - - [06/Aug/2024:05:50:53 +0000] "GET /version HTTP/2.0" 200 286 "-" "curl/8.0.1" 36 0.002 [cattle-system-rancher-80] [] 10.52.0.73:80 286 0.002 200 d7426476d30ec78b199fa8958669aeb5
2024-08-06T05:51:03.005481873Z 10.52.1.0 - - [06/Aug/2024:05:51:03 +0000] "GET /version HTTP/2.0" 200 286 "-" "curl/8.0.1" 36 0.003 [cattle-system-rancher-80] [] 10.52.1.5:80 286 0.002 200 ac3299b83d17390215bb96f9f1b9e28b
2024-08-06T05:51:03.498942972Z 10.52.3.0 - - [06/Aug/2024:05:51:03 +0000] "GET /version HTTP/2.0" 200 286 "-" "curl/8.0.1" 36 0.003 [cattle-system-rancher-80] [] 10.52.0.73:80 286 0.003 200 53031b88f006cf75febaf3d6b60d5e8e
2024-08-06T05:52:10.416762104Z 10.52.0.0 - - [06/Aug/2024:05:52:10 +0000] "GET /v1/harvester/harvesterhci.io.upgrades?limit=1 HTTP/1.1" 200 172 "https://harvester.calgaryserver.ca/dashboard/harvester/c/local/support" "Mozilla/5.0 (Windows NT 10.0; Win64; x64) AppleWebKit/537.36 (KHTML, like Gecko) Chrome/127.0.0.0 Safari/537.36" 1175 0.008 [cattle-system-rancher-80] [] 10.52.2.3:80 172 0.008 200 4d7a1bc8c9c91040fc0b96958ef74c12
2024-08-06T05:52:10.418229014Z 10.52.0.0 - - [06/Aug/2024:05:52:10 +0000] "GET /v1/harvester/harvesterhci.io.virtualmachineimages?limit=1 HTTP/1.1" 200 1018 "https://harvester.calgaryserver.ca/dashboard/harvester/c/local/support" "Mozilla/5.0 (Windows NT 10.0; Win64; x64) AppleWebKit/537.36 (KHTML, like Gecko) Chrome/127.0.0.0 Safari/537.36" 1187 0.008 [cattle-system-rancher-80] [] 10.52.0.73:80 1018 0.009 200 7e413e993c5f447e9d13d916995a3e71
2024-08-06T05:52:10.420036595Z 10.52.0.0 - - [06/Aug/2024:05:52:10 +0000] "GET /v1/harvester/devices.harvesterhci.io.pcidevices?limit=1 HTTP/1.1" 200 1003 "https://harvester.calgaryserver.ca/dashboard/harvester/c/local/support" "Mozilla/5.0 (Windows NT 10.0; Win64; x64) AppleWebKit/537.36 (KHTML, like Gecko) Chrome/127.0.0.0 Safari/537.36" 1185 0.012 [cattle-system-rancher-80] [] 10.52.2.3:80 1003 0.012 200 d4e18df828261bf5c8a878ef57679682
2024-08-06T05:52:10.427990556Z 10.52.0.0 - - [06/Aug/2024:05:52:10 +0000] "GET /v1/harvester/nodes?limit=1 HTTP/1.1" 200 6593 "https://harvester.calgaryserver.ca/dashboard/harvester/c/local/support" "Mozilla/5.0 (Windows NT 10.0; Win64; x64) AppleWebKit/537.36 (KHTML, like Gecko) Chrome/127.0.0.0 Safari/537.36" 1156 0.018 [cattle-system-rancher-80] [] 10.52.1.5:80 6587 0.018 200 160819e7716fc6b160ce718d079f5509
2024-08-06T05:52:11.395512074Z 10.52.0.0 - - [06/Aug/2024:05:52:11 +0000] "GET /v1/management.cattle.io.fleetworkspaces?limit=1 HTTP/1.1" 200 614 "https://harvester.calgaryserver.ca/dashboard/harvester/c/local/support" "Mozilla/5.0 (Windows NT 10.0; Win64; x64) AppleWebKit/537.36 (KHTML, like Gecko) Chrome/127.0.0.0 Safari/537.36" 1177 0.006 [cattle-system-rancher-80] [] 10.52.2.3:80 614 0.006 200 82fc208ea802a5f60d9d6bd2ec69f5f0
2024-08-06T05:52:12.396486083Z 10.52.0.0 - - [06/Aug/2024:05:52:12 +0000] "GET /v1/management.cattle.io.clusters?limit=1 HTTP/1.1" 200 1364 "https://harvester.calgaryserver.ca/dashboard/c/local/explorer/apps.statefulset" "Mozilla/5.0 (Windows NT 10.0; Win64; x64) AppleWebKit/537.36 (KHTML, like Gecko) Chrome/127.0.0.0 Safari/537.36" 1178 0.008 [cattle-system-rancher-80] [] 10.52.2.3:80 1364 0.008 200 408caf706c670f258e1c20047465fd23
2024-08-06T05:52:12.398178754Z 10.52.0.0 - - [06/Aug/2024:05:52:12 +0000] "GET /v1/management.cattle.io.settings?limit=1 HTTP/1.1" 200 745 "https://harvester.calgaryserver.ca/dashboard/c/local/explorer/apps.statefulset" "Mozilla/5.0 (Windows NT 10.0; Win64; x64) AppleWebKit/537.36 (KHTML, like Gecko) Chrome/127.0.0.0 Safari/537.36" 1178 0.009 [cattle-system-rancher-80] [] 10.52.1.5:80 745 0.009 200 2073e1148b79200d726e05e531b821c0
2024-08-06T05:52:12.400028745Z 10.52.0.0 - - [06/Aug/2024:05:52:12 +0000] "GET /v1/services?limit=1 HTTP/1.1" 200 1173 "https://harvester.calgaryserver.ca/dashboard/c/local/explorer/apps.statefulset" "Mozilla/5.0 (Windows NT 10.0; Win64; x64) AppleWebKit/537.36 (KHTML, like Gecko) Chrome/127.0.0.0 Safari/537.36" 1157 0.006 [cattle-system-rancher-80] [] 10.52.2.3:80 1173 0.006 200 ba0738dd09bedc03b25b86854a2ea184
2024-08-06T05:52:12.401806339Z 10.52.0.0 - - [06/Aug/2024:05:52:12 +0000] "GET /v1/pods?limit=1 HTTP/1.1" 200 2664 "https://harvester.calgaryserver.ca/dashboard/c/local/explorer/apps.statefulset" "Mozilla/5.0 (Windows NT 10.0; Win64; x64) AppleWebKit/537.36 (KHTML, like Gecko) Chrome/127.0.0.0 Safari/537.36" 1149 0.011 [cattle-system-rancher-80] [] 10.52.2.3:80 2671 0.011 200 f765917d55fe55085912d73809058260
2024-08-06T05:52:12.405912476Z 10.52.0.0 - - [06/Aug/2024:05:52:12 +0000] "GET /v1/nodes?limit=1 HTTP/1.1" 200 6503 "https://harvester.calgaryserver.ca/dashboard/c/local/explorer/apps.statefulset" "Mozilla/5.0 (Windows NT 10.0; Win64; x64) AppleWebKit/537.36 (KHTML, like Gecko) Chrome/127.0.0.0 Safari/537.36" 1154 0.011 [cattle-system-rancher-80] [] 10.52.0.73:80 6517 0.011 200 f3a9fd116bda7b7b44e6492e4fb759e4
2024-08-06T05:52:33.012618275Z 10.52.1.0 - - [06/Aug/2024:05:52:33 +0000] "GET /version HTTP/2.0" 200 286 "-" "curl/8.0.1" 36 0.003 [cattle-system-rancher-80] [] 10.52.1.5:80 286 0.003 200 7b370dc6bec5aeb06544d9088cbbfa2d
2024-08-06T05:52:53.080017710Z 10.10.110.61 - - [06/Aug/2024:05:52:53 +0000] "GET /version HTTP/2.0" 200 286 "-" "curl/8.0.1" 36 0.002 [cattle-system-rancher-80] [] 10.52.2.3:80 286 0.002 200 9519751033d91c4efc57ac86bd2644c2
2024-08-06T05:53:20.392726360Z 10.52.0.0 - - [06/Aug/2024:05:53:20 +0000] "GET /v1/devices.harvesterhci.io.vgpudevices?limit=1 HTTP/1.1" 200 992 "https://harvester.calgaryserver.ca/dashboard/c/local/explorer/apps.statefulset" "Mozilla/5.0 (Windows NT 10.0; Win64; x64) AppleWebKit/537.36 (KHTML, like Gecko) Chrome/127.0.0.0 Safari/537.36" 1184 0.010 [cattle-system-rancher-80] [] 10.52.0.73:80 992 0.010 200 a07d64e855c86c293801f2bb6a9550be
2024-08-06T05:53:33.016113782Z 10.52.1.0 - - [06/Aug/2024:05:53:33 +0000] "GET /version HTTP/2.0" 200 286 "-" "curl/8.0.1" 36 0.002 [cattle-system-rancher-80] [] 10.52.1.5:80 286 0.002 200 2162adba3d747de8eb5f4a4b3975868d
2024-08-06T05:53:54.407700264Z 10.52.0.0 - - [06/Aug/2024:05:53:54 +0000] "GET /v1/rbac.authorization.k8s.io.clusterroles?limit=1 HTTP/1.1" 200 2223 "https://harvester.calgaryserver.ca/dashboard/c/local/explorer/apps.statefulset" "Mozilla/5.0 (Windows NT 10.0; Win64; x64) AppleWebKit/537.36 (KHTML, like Gecko) Chrome/127.0.0.0 Safari/537.36" 1187 0.011 [cattle-system-rancher-80] [] 10.52.0.73:80 2229 0.011 200 546b1e0cc4e77c2a0891b4174aa41abe
2024-08-06T05:54:20.391922039Z 10.52.0.0 - - [06/Aug/2024:05:54:20 +0000] "GET /v1/rbac.authorization.k8s.io.clusterrolebindings?limit=1 HTTP/1.1" 200 917 "https://harvester.calgaryserver.ca/dashboard/c/local/explorer/apps.statefulset" "Mozilla/5.0 (Windows NT 10.0; Win64; x64) AppleWebKit/537.36 (KHTML, like Gecko) Chrome/127.0.0.0 Safari/537.36" 1194 0.008 [cattle-system-rancher-80] [] 10.52.2.3:80 917 0.008 200 ba53c443cd889091cdb32d9f72e4bf5f
2024-08-06T05:54:33.002940465Z 10.52.1.0 - - [06/Aug/2024:05:54:33 +0000] "GET /version HTTP/2.0" 200 286 "-" "curl/8.0.1" 36 0.002 [cattle-system-rancher-80] [] 10.52.2.3:80 286 0.002 200 fc03b65af09bda6d1cea94df3a5b3cc0
2024-08-06T05:54:33.394915130Z 10.52.0.0 - - [06/Aug/2024:05:54:33 +0000] "GET /v1/harvester/pods?limit=1 HTTP/1.1" 200 2663 "https://harvester.calgaryserver.ca/dashboard/harvester/c/local/support" "Mozilla/5.0 (Windows NT 10.0; Win64; x64) AppleWebKit/537.36 (KHTML, like Gecko) Chrome/127.0.0.0 Safari/537.36" 1155 0.011 [cattle-system-rancher-80] [] 10.52.0.73:80 2663 0.011 200 4ae57c96600a90e28c10f80410b6f974
2024-08-06T05:54:33.478740411Z 10.52.3.0 - - [06/Aug/2024:05:54:33 +0000] "GET /version HTTP/2.0" 200 286 "-" "curl/8.0.1" 36 0.002 [cattle-system-rancher-80] [] 10.52.0.73:80 286 0.002 200 8309e15e066cb3afdbf6c05b14828ca0
2024-08-06T05:54:53.386983573Z 10.52.0.0 - - [06/Aug/2024:05:54:53 +0000] "GET /v1/harvester/harvesterhci.io.virtualmachinerestores?limit=1 HTTP/1.1" 200 180 "https://harvester.calgaryserver.ca/dashboard/harvester/c/local/support" "Mozilla/5.0 (Windows NT 10.0; Win64; x64) AppleWebKit/537.36 (KHTML, like Gecko) Chrome/127.0.0.0 Safari/537.36" 1189 0.006 [cattle-system-rancher-80] [] 10.52.0.73:80 180 0.006 200 0fd74769d5e58008f37c4df81b71329c
2024-08-06T05:54:53.393755929Z 10.52.0.0 - - [06/Aug/2024:05:54:53 +0000] "GET /v1/harvester/kubevirt.io.virtualmachines?limit=1 HTTP/1.1" 200 2408 "https://harvester.calgaryserver.ca/dashboard/harvester/c/local/support" "Mozilla/5.0 (Windows NT 10.0; Win64; x64) AppleWebKit/537.36 (KHTML, like Gecko) Chrome/127.0.0.0 Safari/537.36" 1178 0.012 [cattle-system-rancher-80] [] 10.52.1.5:80 2408 0.012 200 c7348071a77424fe5e023f49f97d9fc8
2024-08-06T05:54:54.396882803Z 10.52.0.0 - - [06/Aug/2024:05:54:54 +0000] "GET /v1/harvester/kubevirt.io.virtualmachineinstances?limit=1 HTTP/1.1" 200 2360 "https://harvester.calgaryserver.ca/dashboard/harvester/c/local/support" "Mozilla/5.0 (Windows NT 10.0; Win64; x64) AppleWebKit/537.36 (KHTML, like Gecko) Chrome/127.0.0.0 Safari/537.36" 1186 0.015 [cattle-system-rancher-80] [] 10.52.2.3:80 2360 0.015 200 e8a9d2534b8b86dc12f2413d00ee07d4
2024-08-06T05:54:56.343626546Z 10.52.0.0 - - [06/Aug/2024:05:54:56 +0000] "GET /version HTTP/2.0" 200 286 "-" "curl/8.0.1" 36 0.003 [cattle-system-rancher-80] [] 10.52.0.73:80 286 0.003 200 5234dbe93d9eb7b3848c00afbd2ef4e2
2024-08-06T05:55:33.012956679Z 10.52.1.0 - - [06/Aug/2024:05:55:33 +0000] "GET /version HTTP/2.0" 200 286 "-" "curl/8.0.1" 36 0.002 [cattle-system-rancher-80] [] 10.52.1.5:80 286 0.002 200 6a7df2669dbf155e444bd91d0edfb524
2024-08-06T05:55:56.331663161Z 10.52.0.0 - - [06/Aug/2024:05:55:56 +0000] "GET /version HTTP/2.0" 200 286 "-" "curl/8.0.1" 36 0.003 [cattle-system-rancher-80] [] 10.52.2.3:80 286 0.003 200 5294214f40c681b98694b2855b2f642c
2024-08-06T05:56:02.995373323Z 10.52.1.0 - - [06/Aug/2024:05:56:02 +0000] "GET /version HTTP/2.0" 200 286 "-" "curl/8.0.1" 36 0.003 [cattle-system-rancher-80] [] 10.52.0.73:80 286 0.003 200 0206b48576338addebbf5fdb896ea245
2024-08-06T05:57:33.027703290Z 10.52.1.0 - - [06/Aug/2024:05:57:33 +0000] "GET /version HTTP/2.0" 200 286 "-" "curl/8.0.1" 36 0.002 [cattle-system-rancher-80] [] 10.52.2.3:80 286 0.002 200 873c8940e2cf9c22725a8351aa8e5685
2024-08-06T05:58:02.986464831Z 10.52.1.0 - - [06/Aug/2024:05:58:02 +0000] "GET /version HTTP/2.0" 200 286 "-" "curl/8.0.1" 36 0.003 [cattle-system-rancher-80] [] 10.52.0.73:80 286 0.003 200 791adeab5748a8093f9c98c16b3a6c4f
2024-08-06T05:58:33.026869540Z 10.52.1.0 - - [06/Aug/2024:05:58:33 +0000] "GET /version HTTP/2.0" 200 286 "-" "curl/8.0.1" 36 0.002 [cattle-system-rancher-80] [] 10.52.1.5:80 286 0.002 200 a74b0efc5b432acec1e8ccd0762d7f79
2024-08-06T05:58:53.066370483Z 10.10.110.61 - - [06/Aug/2024:05:58:53 +0000] "GET /version HTTP/2.0" 200 286 "-" "curl/8.0.1" 36 0.003 [cattle-system-rancher-80] [] 10.52.1.5:80 286 0.002 200 ecfc08899fcb462e6dcb39982f1681ba
2024-08-06T05:59:26.355772679Z 10.52.0.0 - - [06/Aug/2024:05:59:26 +0000] "GET /version HTTP/2.0" 200 286 "-" "curl/8.0.1" 36 0.003 [cattle-system-rancher-80] [] 10.52.2.3:80 286 0.003 200 5e687eb228d45ab58f05d27e9cbec243
2024-08-06T06:00:26.337006042Z 10.52.0.0 - - [06/Aug/2024:06:00:26 +0000] "GET /version HTTP/2.0" 200 286 "-" "curl/8.0.1" 36 0.002 [cattle-system-rancher-80] [] 10.52.0.73:80 286 0.002 200 9f1c609fd7e3d308665e6fdb70ff0d10
2024-08-06T06:00:33.490890945Z 10.52.3.0 - - [06/Aug/2024:06:00:33 +0000] "GET /version HTTP/2.0" 200 286 "-" "curl/8.0.1" 36 0.002 [cattle-system-rancher-80] [] 10.52.0.73:80 286 0.003 200 8aefbe4139f91f4487be96b0246e5d30
2024-08-06T06:00:53.077798755Z 10.10.110.61 - - [06/Aug/2024:06:00:53 +0000] "GET /version HTTP/2.0" 200 286 "-" "curl/8.0.1" 36 0.002 [cattle-system-rancher-80] [] 10.52.2.3:80 286 0.002 200 3494d93224f29092315fb68e30e546e4
2024-08-06T06:00:56.365301944Z 10.52.0.0 - - [06/Aug/2024:06:00:56 +0000] "GET /version HTTP/2.0" 200 286 "-" "curl/8.0.1" 36 0.002 [cattle-system-rancher-80] [] 10.52.0.73:80 286 0.002 200 4b0e5bb3acfc4c838c7b1b6ad8a5a49b
2024-08-06T06:01:26.383832897Z 10.52.0.0 - - [06/Aug/2024:06:01:26 +0000] "GET /version HTTP/2.0" 200 286 "-" "curl/8.0.1" 36 0.003 [cattle-system-rancher-80] [] 10.52.1.5:80 286 0.003 200 f2687f6fc36b1e1cdc1dff11243df70f
2024-08-06T06:01:53.077752863Z 10.10.110.61 - - [06/Aug/2024:06:01:53 +0000] "GET /version HTTP/2.0" 200 286 "-" "curl/8.0.1" 36 0.003 [cattle-system-rancher-80] [] 10.52.0.73:80 286 0.003 200 d4a7eeb534928b0eca68505de2b1446a
2024-08-06T06:03:23.052891165Z 10.10.110.61 - - [06/Aug/2024:06:03:23 +0000] "GET /version HTTP/2.0" 200 286 "-" "curl/8.0.1" 36 0.004 [cattle-system-rancher-80] [] 10.52.1.5:80 286 0.004 200 fbd0e04481e03743260a399c8a2e92a7
2024-08-06T06:03:33.008152884Z 10.52.1.0 - - [06/Aug/2024:06:03:33 +0000] "GET /version HTTP/2.0" 200 286 "-" "curl/8.0.1" 36 0.002 [cattle-system-rancher-80] [] 10.52.2.3:80 286 0.002 200 41555a6392805429e223e50303668b28
2024-08-06T06:04:03.523351531Z 10.52.3.0 - - [06/Aug/2024:06:04:03 +0000] "GET /version HTTP/2.0" 200 286 "-" "curl/8.0.1" 36 0.002 [cattle-system-rancher-80] [] 10.52.2.3:80 286 0.002 200 442d47928d84152e88fd00eac5d6aa4c
2024-08-06T06:04:32.965996653Z 10.52.1.0 - - [06/Aug/2024:06:04:32 +0000] "GET /version HTTP/2.0" 200 286 "-" "curl/8.0.1" 36 0.002 [cattle-system-rancher-80] [] 10.52.2.3:80 286 0.002 200 20a6cc2377be19988ce7226a4f3290e7
2024-08-06T06:04:53.088733977Z 10.10.110.61 - - [06/Aug/2024:06:04:53 +0000] "GET /version HTTP/2.0" 200 286 "-" "curl/8.0.1" 36 0.003 [cattle-system-rancher-80] [] 10.52.0.73:80 286 0.003 200 92f143bc6a247dadf7c082a5fb4c44e0
2024-08-06T06:04:56.333319965Z 10.52.0.0 - - [06/Aug/2024:06:04:56 +0000] "GET /version HTTP/2.0" 200 286 "-" "curl/8.0.1" 36 0.002 [cattle-system-rancher-80] [] 10.52.0.73:80 286 0.002 200 3c95fa469859ec0e3b20367fd9aff4d2
2024-08-06T06:05:26.375519055Z 10.52.0.0 - - [06/Aug/2024:06:05:26 +0000] "GET /version HTTP/2.0" 200 286 "-" "curl/8.0.1" 36 0.002 [cattle-system-rancher-80] [] 10.52.1.5:80 286 0.003 200 e25d2627761927b4baea53f88a931cc5
2024-08-06T06:05:33.515353291Z 10.52.3.0 - - [06/Aug/2024:06:05:33 +0000] "GET /version HTTP/2.0" 200 286 "-" "curl/8.0.1" 36 0.002 [cattle-system-rancher-80] [] 10.52.1.5:80 286 0.002 200 3bc7ec98a321413525efdf607125b957
2024-08-06T06:05:53.050897736Z 10.10.110.61 - - [06/Aug/2024:06:05:53 +0000] "GET /version HTTP/2.0" 200 286 "-" "curl/8.0.1" 36 0.003 [cattle-system-rancher-80] [] 10.52.1.5:80 286 0.003 200 426d83530f6b6728dfcc060236ca468f
2024-08-06T06:05:56.353607766Z 10.52.0.0 - - [06/Aug/2024:06:05:56 +0000] "GET /version HTTP/2.0" 200 286 "-" "curl/8.0.1" 36 0.002 [cattle-system-rancher-80] [] 10.52.2.3:80 286 0.002 200 c54a7c53d5be388952209204ea4f633e
2024-08-06T06:06:03.001349914Z 10.52.1.0 - - [06/Aug/2024:06:06:03 +0000] "GET /version HTTP/2.0" 200 286 "-" "curl/8.0.1" 36 0.002 [cattle-system-rancher-80] [] 10.52.2.3:80 286 0.002 200 ea4857f1fbb019fdb2f38dff1216585a
2024-08-06T06:06:33.037429660Z 10.52.1.0 - - [06/Aug/2024:06:06:33 +0000] "GET /version HTTP/2.0" 200 286 "-" "curl/8.0.1" 36 0.002 [cattle-system-rancher-80] [] 10.52.0.73:80 286 0.002 200 ad4b90ff26a63c192681a4f025a2c716
2024-08-06T06:06:33.513854964Z 10.52.3.0 - - [06/Aug/2024:06:06:33 +0000] "GET /version HTTP/2.0" 200 286 "-" "curl/8.0.1" 36 0.002 [cattle-system-rancher-80] [] 10.52.0.73:80 286 0.002 200 c21cb7f3dcf8d8f51d6210b50e5704e9
2024-08-06T06:06:56.346661307Z 10.52.0.0 - - [06/Aug/2024:06:06:56 +0000] "GET /version HTTP/2.0" 200 286 "-" "curl/8.0.1" 36 0.002 [cattle-system-rancher-80] [] 10.52.2.3:80 286 0.002 200 d626b3afa92fd516f72334f99b46e436
2024-08-06T06:07:26.380228266Z 10.52.0.0 - - [06/Aug/2024:06:07:26 +0000] "GET /version HTTP/2.0" 200 286 "-" "curl/8.0.1" 36 0.002 [cattle-system-rancher-80] [] 10.52.2.3:80 286 0.002 200 60cb93509dd98cb6bbf56610e16a531a
2024-08-06T06:07:33.519676869Z 10.52.3.0 - - [06/Aug/2024:06:07:33 +0000] "GET /version HTTP/2.0" 200 286 "-" "curl/8.0.1" 36 0.003 [cattle-system-rancher-80] [] 10.52.0.73:80 286 0.003 200 4f266863ff718baf90e74b19d6001277
2024-08-06T06:08:26.365369314Z 10.52.0.0 - - [06/Aug/2024:06:08:26 +0000] "GET /version HTTP/2.0" 200 286 "-" "curl/8.0.1" 36 0.003 [cattle-system-rancher-80] [] 10.52.0.73:80 286 0.002 200 21dab210bb9b25d783959fb545e0447c
2024-08-06T06:09:03.491272052Z 10.52.3.0 - - [06/Aug/2024:06:09:03 +0000] "GET /version HTTP/2.0" 200 286 "-" "curl/8.0.1" 36 0.002 [cattle-system-rancher-80] [] 10.52.2.3:80 286 0.002 200 c8c381ae8ab3f3f3e7f6839161b625fc
2024-08-06T06:09:33.528743488Z 10.52.3.0 - - [06/Aug/2024:06:09:33 +0000] "GET /version HTTP/2.0" 200 286 "-" "curl/8.0.1" 36 0.003 [cattle-system-rancher-80] [] 10.52.1.5:80 286 0.003 200 9875d6e880f415e8c7812a0afb740fa2
2024-08-06T06:10:03.014151509Z 10.52.1.0 - - [06/Aug/2024:06:10:03 +0000] "GET /version HTTP/2.0" 200 286 "-" "curl/8.0.1" 36 0.002 [cattle-system-rancher-80] [] 10.52.1.5:80 286 0.002 200 08d360234b328fe8eb90dec2c789199f
2024-08-06T06:10:03.486141034Z 10.52.3.0 - - [06/Aug/2024:06:10:03 +0000] "GET /version HTTP/2.0" 200 286 "-" "curl/8.0.1" 36 0.002 [cattle-system-rancher-80] [] 10.52.1.5:80 286 0.002 200 83a1e09914df4f622dd4bd276ec8873d
2024-08-06T06:10:23.053086632Z 10.10.110.61 - - [06/Aug/2024:06:10:23 +0000] "GET /version HTTP/2.0" 200 286 "-" "curl/8.0.1" 36 0.002 [cattle-system-rancher-80] [] 10.52.0.73:80 286 0.002 200 836e5901d221999d9715ad2297fea37a
2024-08-06T06:10:26.353143564Z 10.52.0.0 - - [06/Aug/2024:06:10:26 +0000] "GET /version HTTP/2.0" 200 286 "-" "curl/8.0.1" 36 0.002 [cattle-system-rancher-80] [] 10.52.0.73:80 286 0.002 200 ede7dcb57897420f89cd2a17a67f1308
2024-08-06T06:10:33.001434110Z 10.52.1.0 - - [06/Aug/2024:06:10:33 +0000] "GET /version HTTP/2.0" 200 286 "-" "curl/8.0.1" 36 0.002 [cattle-system-rancher-80] [] 10.52.1.5:80 286 0.002 200 590b4531bbb33abc594e48b2311ca4d4
2024-08-06T06:10:56.364943732Z 10.52.0.0 - - [06/Aug/2024:06:10:56 +0000] "GET /version HTTP/2.0" 200 286 "-" "curl/8.0.1" 36 0.002 [cattle-system-rancher-80] [] 10.52.0.73:80 286 0.003 200 409ca0cd3a6ed6c82a1c9a9877992877
2024-08-06T06:11:03.032423566Z 10.52.1.0 - - [06/Aug/2024:06:11:03 +0000] "GET /version HTTP/2.0" 200 286 "-" "curl/8.0.1" 36 0.003 [cattle-system-rancher-80] [] 10.52.0.73:80 286 0.002 200 50b901c9726458721b0e39ed7eb7596f
2024-08-06T06:11:33.039895564Z 10.52.1.0 - - [06/Aug/2024:06:11:33 +0000] "GET /version HTTP/2.0" 200 286 "-" "curl/8.0.1" 36 0.003 [cattle-system-rancher-80] [] 10.52.0.73:80 286 0.003 200 7c3189ea966288da4c447ac50515d59d
2024-08-06T06:11:53.086844827Z 10.10.110.61 - - [06/Aug/2024:06:11:53 +0000] "GET /version HTTP/2.0" 200 286 "-" "curl/8.0.1" 36 0.003 [cattle-system-rancher-80] [] 10.52.1.5:80 286 0.003 200 01c388d3902d8dd1f406d499847ef056
2024-08-06T06:12:33.010935600Z 10.52.1.0 - - [06/Aug/2024:06:12:33 +0000] "GET /version HTTP/2.0" 200 286 "-" "curl/8.0.1" 36 0.002 [cattle-system-rancher-80] [] 10.52.2.3:80 286 0.002 200 9b569a3586ab1c1f578a6dbedca8454e
2024-08-06T06:12:53.064813279Z 10.10.110.61 - - [06/Aug/2024:06:12:53 +0000] "GET /version HTTP/2.0" 200 286 "-" "curl/8.0.1" 36 0.002 [cattle-system-rancher-80] [] 10.52.0.73:80 286 0.003 200 10b13b7ed39e9645ff5984fe7a42ddc7
2024-08-06T06:13:02.992339730Z 10.52.1.0 - - [06/Aug/2024:06:13:02 +0000] "GET /version HTTP/2.0" 200 286 "-" "curl/8.0.1" 36 0.002 [cattle-system-rancher-80] [] 10.52.1.5:80 286 0.002 200 5205603fe837250f9f5781260014758d
2024-08-06T06:13:26.343124479Z 10.52.0.0 - - [06/Aug/2024:06:13:26 +0000] "GET /version HTTP/2.0" 200 286 "-" "curl/8.0.1" 36 0.003 [cattle-system-rancher-80] [] 10.52.1.5:80 286 0.003 200 3b00379d8adeedad65549df7f97f689c
2024-08-06T06:13:33.016824234Z 10.52.1.0 - - [06/Aug/2024:06:13:33 +0000] "GET /version HTTP/2.0" 200 286 "-" "curl/8.0.1" 36 0.002 [cattle-system-rancher-80] [] 10.52.1.5:80 286 0.002 200 083d6f0109e928ed1b124add53236ee6
2024-08-06T06:13:33.486135059Z 10.52.3.0 - - [06/Aug/2024:06:13:33 +0000] "GET /version HTTP/2.0" 200 286 "-" "curl/8.0.1" 36 0.002 [cattle-system-rancher-80] [] 10.52.0.73:80 286 0.002 200 a52cb0b938e96cc20a00bb9ba6101bd6
2024-08-06T06:13:53.053394325Z 10.10.110.61 - - [06/Aug/2024:06:13:53 +0000] "GET /version HTTP/2.0" 200 286 "-" "curl/8.0.1" 36 0.003 [cattle-system-rancher-80] [] 10.52.2.3:80 286 0.002 200 c3297a334b095e6a84eb91db215ec598
2024-08-06T06:13:56.348809086Z 10.52.0.0 - - [06/Aug/2024:06:13:56 +0000] "GET /version HTTP/2.0" 200 286 "-" "curl/8.0.1" 36 0.003 [cattle-system-rancher-80] [] 10.52.1.5:80 286 0.003 200 23d6ef15e0cdeaced7a45b3637ab8e6a
2024-08-06T06:14:03.505402127Z 10.52.3.0 - - [06/Aug/2024:06:14:03 +0000] "GET /version HTTP/2.0" 200 286 "-" "curl/8.0.1" 36 0.002 [cattle-system-rancher-80] [] 10.52.2.3:80 286 0.001 200 96784cdd0152287c458d199009893331
2024-08-06T06:14:33.035467852Z 10.52.1.0 - - [06/Aug/2024:06:14:33 +0000] "GET /version HTTP/2.0" 200 286 "-" "curl/8.0.1" 36 0.003 [cattle-system-rancher-80] [] 10.52.1.5:80 286 0.003 200 94411bc250259f7967d795882f552b1b
2024-08-06T06:14:53.102627340Z 10.10.110.61 - - [06/Aug/2024:06:14:53 +0000] "GET /version HTTP/2.0" 200 286 "-" "curl/8.0.1" 36 0.003 [cattle-system-rancher-80] [] 10.52.1.5:80 286 0.003 200 e0c40465c1e5a2c767c06648bf01139d
2024-08-06T06:14:56.355926882Z 10.52.0.0 - - [06/Aug/2024:06:14:56 +0000] "GET /version HTTP/2.0" 200 286 "-" "curl/8.0.1" 36 0.002 [cattle-system-rancher-80] [] 10.52.2.3:80 286 0.002 200 4cfa182754747e27d080f0262856d92a
2024-08-06T06:15:02.975186701Z 10.52.1.0 - - [06/Aug/2024:06:15:02 +0000] "GET /version HTTP/2.0" 200 286 "-" "curl/8.0.1" 36 0.002 [cattle-system-rancher-80] [] 10.52.1.5:80 286 0.002 200 0534a1677cb0a7810fdb4f74be8b5440
2024-08-06T06:15:56.338891384Z 10.52.0.0 - - [06/Aug/2024:06:15:56 +0000] "GET /version HTTP/2.0" 200 286 "-" "curl/8.0.1" 36 0.002 [cattle-system-rancher-80] [] 10.52.2.3:80 286 0.002 200 94d09d027e295c5e9648026b9835caa7
2024-08-06T06:16:02.998997461Z 10.52.1.0 - - [06/Aug/2024:06:16:02 +0000] "GET /version HTTP/2.0" 200 286 "-" "curl/8.0.1" 36 0.002 [cattle-system-rancher-80] [] 10.52.2.3:80 286 0.002 200 cea83247bdaf2649752f22b990ae6557
2024-08-06T06:16:56.403945607Z 10.52.0.0 - - [06/Aug/2024:06:16:56 +0000] "GET /version HTTP/2.0" 200 286 "-" "curl/8.0.1" 36 0.003 [cattle-system-rancher-80] [] 10.52.1.5:80 286 0.003 200 729c13d7ea76e0845a8fe70b1c93756f
2024-08-06T06:17:26.352272639Z 10.52.0.0 - - [06/Aug/2024:06:17:26 +0000] "GET /version HTTP/2.0" 200 286 "-" "curl/8.0.1" 36 0.002 [cattle-system-rancher-80] [] 10.52.0.73:80 286 0.002 200 9691f9949be031833c7b05d2b2a225a5
2024-08-06T06:18:03.033215865Z 10.52.1.0 - - [06/Aug/2024:06:18:03 +0000] "GET /version HTTP/2.0" 200 286 "-" "curl/8.0.1" 36 0.002 [cattle-system-rancher-80] [] 10.52.2.3:80 286 0.002 200 d1e21dc8c3c6616af007a1f22ba7b953
2024-08-06T06:18:26.365046907Z 10.52.0.0 - - [06/Aug/2024:06:18:26 +0000] "GET /version HTTP/2.0" 200 286 "-" "curl/8.0.1" 36 0.002 [cattle-system-rancher-80] [] 10.52.1.5:80 286 0.002 200 38d16a59ae618ae7e8120e1190feecc1
2024-08-06T06:18:33.503461678Z 10.52.3.0 - - [06/Aug/2024:06:18:33 +0000] "GET /version HTTP/2.0" 200 286 "-" "curl/8.0.1" 36 0.002 [cattle-system-rancher-80] [] 10.52.2.3:80 286 0.002 200 c659afa7fb54634799a947c68c78ebe7
2024-08-06T06:18:56.364131518Z 10.52.0.0 - - [06/Aug/2024:06:18:56 +0000] "GET /version HTTP/2.0" 200 286 "-" "curl/8.0.1" 36 0.002 [cattle-system-rancher-80] [] 10.52.2.3:80 286 0.002 200 0e84c17dfb844d902c8de82bd9ba9941
2024-08-06T06:19:00.401302277Z 10.52.0.0 - - [06/Aug/2024:06:19:00 +0000] "GET /v1/cluster.x-k8s.io.machines?limit=1 HTTP/1.1" 200 2536 "https://harvester.calgaryserver.ca/dashboard/c/local/explorer/apps.statefulset" "Mozilla/5.0 (Windows NT 10.0; Win64; x64) AppleWebKit/537.36 (KHTML, like Gecko) Chrome/127.0.0.0 Safari/537.36" 1174 0.010 [cattle-system-rancher-80] [] 10.52.2.3:80 2543 0.011 200 b20a4f6e37817fb93b55257c002d7ecd
2024-08-06T06:19:36.389780611Z 10.52.0.0 - - [06/Aug/2024:06:19:36 +0000] "GET /v1/replicationcontrollers?limit=1 HTTP/1.1" 200 167 "https://harvester.calgaryserver.ca/dashboard/c/local/explorer/apps.statefulset" "Mozilla/5.0 (Windows NT 10.0; Win64; x64) AppleWebKit/537.36 (KHTML, like Gecko) Chrome/127.0.0.0 Safari/537.36" 1171 0.006 [cattle-system-rancher-80] [] 10.52.0.73:80 167 0.006 200 411d0313b7f0d3ed8228e9a51c98edd4
2024-08-06T06:19:36.392321744Z 10.52.0.0 - - [06/Aug/2024:06:19:36 +0000] "GET /v1/apps.replicasets?limit=1 HTTP/1.1" 200 2681 "https://harvester.calgaryserver.ca/dashboard/c/local/explorer/apps.statefulset" "Mozilla/5.0 (Windows NT 10.0; Win64; x64) AppleWebKit/537.36 (KHTML, like Gecko) Chrome/127.0.0.0 Safari/537.36" 1165 0.008 [cattle-system-rancher-80] [] 10.52.2.3:80 2688 0.009 200 bedd9e48a87df15fd13b11639efbfb0a
2024-08-06T06:19:36.394931649Z 10.52.0.0 - - [06/Aug/2024:06:19:36 +0000] "GET /v1/apps.deployments?limit=1 HTTP/1.1" 200 2846 "https://harvester.calgaryserver.ca/dashboard/c/local/explorer/apps.statefulset" "Mozilla/5.0 (Windows NT 10.0; Win64; x64) AppleWebKit/537.36 (KHTML, like Gecko) Chrome/127.0.0.0 Safari/537.36" 1165 0.011 [cattle-system-rancher-80] [] 10.52.0.73:80 2853 0.011 200 e15498ca5d3a7f9838e48e91735d720b
2024-08-06T06:19:53.066083948Z 10.10.110.61 - - [06/Aug/2024:06:19:53 +0000] "GET /version HTTP/2.0" 200 286 "-" "curl/8.0.1" 36 0.001 [cattle-system-rancher-80] [] 10.52.2.3:80 286 0.001 200 496b26ba3c57f88b4dc71330633a1c1f
2024-08-06T06:22:16.399058152Z 10.52.0.0 - - [06/Aug/2024:06:22:16 +0000] "GET /v1/harvester/devices.harvesterhci.io.pcideviceclaims?limit=1 HTTP/1.1" 200 179 "https://harvester.calgaryserver.ca/dashboard/harvester/c/local/support" "Mozilla/5.0 (Windows NT 10.0; Win64; x64) AppleWebKit/537.36 (KHTML, like Gecko) Chrome/127.0.0.0 Safari/537.36" 1190 0.006 [cattle-system-rancher-80] [] 10.52.1.5:80 179 0.006 200 1a8f4f9905e4bb025365712d135632d4
2024-08-06T06:22:16.401611357Z 10.52.0.0 - - [06/Aug/2024:06:22:16 +0000] "GET /v1/harvester/harvesterhci.io.settings?limit=1 HTTP/1.1" 200 685 "https://harvester.calgaryserver.ca/dashboard/harvester/c/local/support" "Mozilla/5.0 (Windows NT 10.0; Win64; x64) AppleWebKit/537.36 (KHTML, like Gecko) Chrome/127.0.0.0 Safari/537.36" 1175 0.009 [cattle-system-rancher-80] [] 10.52.1.5:80 685 0.009 200 0e8f8662c379d991ddb21c8a8ee165b9
2024-08-06T06:22:17.377416566Z 10.52.0.0 - - [06/Aug/2024:06:22:17 +0000] "GET /v1/catalog.cattle.io.apps?limit=1 HTTP/1.1" 200 2455 "https://harvester.calgaryserver.ca/dashboard/harvester/c/local/support" "Mozilla/5.0 (Windows NT 10.0; Win64; x64) AppleWebKit/537.36 (KHTML, like Gecko) Chrome/127.0.0.0 Safari/537.36" 1163 0.013 [cattle-system-rancher-80] [] 10.52.1.5:80 2462 0.013 200 3378334abeb40200657906cf804089be
2024-08-06T06:22:18.374731306Z 10.52.0.0 - - [06/Aug/2024:06:22:18 +0000] "GET /v1/management.cattle.io.features?limit=1 HTTP/1.1" 200 797 "https://harvester.calgaryserver.ca/dashboard/c/local/explorer/apps.statefulset" "Mozilla/5.0 (Windows NT 10.0; Win64; x64) AppleWebKit/537.36 (KHTML, like Gecko) Chrome/127.0.0.0 Safari/537.36" 1178 0.010 [cattle-system-rancher-80] [] 10.52.2.3:80 797 0.011 200 14be6090001dff422757b5fd453808c0
2024-08-06T06:22:18.376545019Z 10.52.0.0 - - [06/Aug/2024:06:22:18 +0000] "GET /v1/management.cattle.io.settings?limit=1 HTTP/1.1" 200 746 "https://harvester.calgaryserver.ca/dashboard/c/local/explorer/apps.statefulset" "Mozilla/5.0 (Windows NT 10.0; Win64; x64) AppleWebKit/537.36 (KHTML, like Gecko) Chrome/127.0.0.0 Safari/537.36" 1178 0.008 [cattle-system-rancher-80] [] 10.52.0.73:80 746 0.008 200 df7a63f555c628a1133e8a4b4b9500ad
2024-08-06T06:22:18.380363191Z 10.52.0.0 - - [06/Aug/2024:06:22:18 +0000] "GET /v1/apps.daemonsets?limit=1 HTTP/1.1" 200 3450 "https://harvester.calgaryserver.ca/dashboard/c/local/explorer/apps.statefulset" "Mozilla/5.0 (Windows NT 10.0; Win64; x64) AppleWebKit/537.36 (KHTML, like Gecko) Chrome/127.0.0.0 Safari/537.36" 1164 0.011 [cattle-system-rancher-80] [] 10.52.1.5:80 3457 0.010 200 3a65f77e99d4d2c7789c0819e069b5b8
2024-08-06T06:22:26.354557325Z 10.52.0.0 - - [06/Aug/2024:06:22:26 +0000] "GET /version HTTP/2.0" 200 286 "-" "curl/8.0.1" 36 0.002 [cattle-system-rancher-80] [] 10.52.1.5:80 286 0.002 200 e0f17bcc3406fbe70c0f647d3e1e0dba
2024-08-06T06:22:56.355908966Z 10.52.0.0 - - [06/Aug/2024:06:22:56 +0000] "GET /version HTTP/2.0" 200 286 "-" "curl/8.0.1" 36 0.002 [cattle-system-rancher-80] [] 10.52.2.3:80 286 0.002 200 aa54e04a13cb5915178a5b406ce11b82
2024-08-06T06:23:23.083216785Z 10.10.110.61 - - [06/Aug/2024:06:23:23 +0000] "GET /version HTTP/2.0" 200 286 "-" "curl/8.0.1" 36 0.003 [cattle-system-rancher-80] [] 10.52.0.73:80 286 0.002 200 ac38a49ec1c97117904599a4d0dc17b2
2024-08-06T06:23:24.375795172Z 10.52.0.0 - - [06/Aug/2024:06:23:24 +0000] "GET /v1/harvesterhci.io.addons?limit=1 HTTP/1.1" 200 1732 "https://harvester.calgaryserver.ca/dashboard/c/local/explorer/apps.statefulset" "Mozilla/5.0 (Windows NT 10.0; Win64; x64) AppleWebKit/537.36 (KHTML, like Gecko) Chrome/127.0.0.0 Safari/537.36" 1171 0.010 [cattle-system-rancher-80] [] 10.52.1.5:80 1732 0.011 200 4fd50065209b1bebb4c18abf74f65864
2024-08-06T06:23:26.371717060Z 10.52.0.0 - - [06/Aug/2024:06:23:26 +0000] "GET /v1/devices.harvesterhci.io.vgpudevices?limit=1 HTTP/1.1" 200 991 "https://harvester.calgaryserver.ca/dashboard/c/local/explorer/apps.statefulset" "Mozilla/5.0 (Windows NT 10.0; Win64; x64) AppleWebKit/537.36 (KHTML, like Gecko) Chrome/127.0.0.0 Safari/537.36" 1184 0.008 [cattle-system-rancher-80] [] 10.52.0.73:80 991 0.008 200 97f2c879689008e87940b93dae2671b9
2024-08-06T06:23:27.369598626Z 10.52.0.0 - - [06/Aug/2024:06:23:27 +0000] "GET /v1/devices.harvesterhci.io.sriovgpudevices?limit=1 HTTP/1.1" 200 937 "https://harvester.calgaryserver.ca/dashboard/c/local/explorer/apps.statefulset" "Mozilla/5.0 (Windows NT 10.0; Win64; x64) AppleWebKit/537.36 (KHTML, like Gecko) Chrome/127.0.0.0 Safari/537.36" 1188 0.006 [cattle-system-rancher-80] [] 10.52.2.3:80 937 0.006 200 f7ce6dfcf945eb0a5342b7e7f71a4856
2024-08-06T06:23:33.005948438Z 10.52.1.0 - - [06/Aug/2024:06:23:33 +0000] "GET /version HTTP/2.0" 200 286 "-" "curl/8.0.1" 36 0.002 [cattle-system-rancher-80] [] 10.52.0.73:80 286 0.002 200 c5d2ba97a9a2c2e41047ff523c66888f
2024-08-06T06:23:53.111204069Z 10.10.110.61 - - [06/Aug/2024:06:23:53 +0000] "GET /version HTTP/2.0" 200 286 "-" "curl/8.0.1" 36 0.002 [cattle-system-rancher-80] [] 10.52.1.5:80 286 0.002 200 51e647b4a17aa1b8b21844bddf5cff8c
2024-08-06T06:24:00.391453275Z 10.52.0.0 - - [06/Aug/2024:06:24:00 +0000] "GET /v1/rbac.authorization.k8s.io.clusterroles?limit=1 HTTP/1.1" 200 2221 "https://harvester.calgaryserver.ca/dashboard/c/local/explorer/apps.statefulset" "Mozilla/5.0 (Windows NT 10.0; Win64; x64) AppleWebKit/537.36 (KHTML, like Gecko) Chrome/127.0.0.0 Safari/537.36" 1187 0.011 [cattle-system-rancher-80] [] 10.52.1.5:80 2227 0.011 200 4bc9f322642bc440399112867a27bb8d
2024-08-06T06:24:33.519452636Z 10.52.3.0 - - [06/Aug/2024:06:24:33 +0000] "GET /version HTTP/2.0" 200 286 "-" "curl/8.0.1" 36 0.002 [cattle-system-rancher-80] [] 10.52.1.5:80 286 0.002 200 19cd4c832cd182fbd52b8de80b69fd6d
2024-08-06T06:24:37.378173799Z 10.52.0.0 - - [06/Aug/2024:06:24:37 +0000] "GET /v1/harvester/harvesterhci.io.blockdevices?limit=1 HTTP/1.1" 200 1525 "https://harvester.calgaryserver.ca/dashboard/harvester/c/local/support" "Mozilla/5.0 (Windows NT 10.0; Win64; x64) AppleWebKit/537.36 (KHTML, like Gecko) Chrome/127.0.0.0 Safari/537.36" 1179 0.011 [cattle-system-rancher-80] [] 10.52.0.73:80 1525 0.011 200 af73e63326da02b43b905d44ebcf4e76
2024-08-06T06:24:37.379590824Z 10.52.0.0 - - [06/Aug/2024:06:24:37 +0000] "GET /v1/harvester/longhorn.io.nodes?limit=1 HTTP/1.1" 200 2016 "https://harvester.calgaryserver.ca/dashboard/harvester/c/local/support" "Mozilla/5.0 (Windows NT 10.0; Win64; x64) AppleWebKit/537.36 (KHTML, like Gecko) Chrome/127.0.0.0 Safari/537.36" 1168 0.015 [cattle-system-rancher-80] [] 10.52.1.5:80 2016 0.015 200 da5b0d96eb87eeb65bb5d6dc46e71077
2024-08-06T06:24:39.369488100Z 10.52.0.0 - - [06/Aug/2024:06:24:39 +0000] "GET /v1/harvester/pods?limit=1 HTTP/1.1" 200 2663 "https://harvester.calgaryserver.ca/dashboard/harvester/c/local/support" "Mozilla/5.0 (Windows NT 10.0; Win64; x64) AppleWebKit/537.36 (KHTML, like Gecko) Chrome/127.0.0.0 Safari/537.36" 1155 0.012 [cattle-system-rancher-80] [] 10.52.0.73:80 2663 0.012 200 a954300f8ac325ab7cfade547182a53d
2024-08-06T06:24:56.345771250Z 10.52.0.0 - - [06/Aug/2024:06:24:56 +0000] "GET /version HTTP/2.0" 200 286 "-" "curl/8.0.1" 36 0.003 [cattle-system-rancher-80] [] 10.52.2.3:80 286 0.003 200 b3af426cbd18426fdb494cae3b86b0f7
2024-08-06T06:24:59.376492780Z 10.52.0.0 - - [06/Aug/2024:06:24:59 +0000] "GET /v1/harvester/network.harvesterhci.io.clusternetworks?limit=1 HTTP/1.1" 200 596 "https://harvester.calgaryserver.ca/dashboard/harvester/c/local/support" "Mozilla/5.0 (Windows NT 10.0; Win64; x64) AppleWebKit/537.36 (KHTML, like Gecko) Chrome/127.0.0.0 Safari/537.36" 1190 0.006 [cattle-system-rancher-80] [] 10.52.1.5:80 596 0.006 200 f17f8e7877590dcd582dcd52692a5463
2024-08-06T06:24:59.379460496Z 10.52.0.0 - - [06/Aug/2024:06:24:59 +0000] "GET /v1/harvester/harvesterhci.io.virtualmachinebackups?limit=1 HTTP/1.1" 200 182 "https://harvester.calgaryserver.ca/dashboard/harvester/c/local/support" "Mozilla/5.0 (Windows NT 10.0; Win64; x64) AppleWebKit/537.36 (KHTML, like Gecko) Chrome/127.0.0.0 Safari/537.36" 1188 0.006 [cattle-system-rancher-80] [] 10.52.2.3:80 182 0.005 200 9d9ef6c66e4ccdf48b7bddb92774214a
2024-08-06T06:24:59.385481622Z 10.52.0.0 - - [06/Aug/2024:06:24:59 +0000] "GET /v1/harvester/kubevirt.io.virtualmachines?limit=1 HTTP/1.1" 200 2409 "https://harvester.calgaryserver.ca/dashboard/harvester/c/local/support" "Mozilla/5.0 (Windows NT 10.0; Win64; x64) AppleWebKit/537.36 (KHTML, like Gecko) Chrome/127.0.0.0 Safari/537.36" 1178 0.015 [cattle-system-rancher-80] [] 10.52.0.73:80 2409 0.015 200 41a7ceffb8e3eed6a54fee0439da0adf
2024-08-06T06:25:03.499962160Z 10.52.3.0 - - [06/Aug/2024:06:25:03 +0000] "GET /version HTTP/2.0" 200 286 "-" "curl/8.0.1" 36 0.002 [cattle-system-rancher-80] [] 10.52.0.73:80 286 0.003 200 0f8e9ffb16b2f090ee33d4fffc2c87b1
2024-08-06T06:25:33.506489429Z 10.52.3.0 - - [06/Aug/2024:06:25:33 +0000] "GET /version HTTP/2.0" 200 286 "-" "curl/8.0.1" 36 0.003 [cattle-system-rancher-80] [] 10.52.1.5:80 286 0.003 200 742c932e085ca2b887b7bf9ca977c162
2024-08-06T06:26:03.492258410Z 10.52.3.0 - - [06/Aug/2024:06:26:03 +0000] "GET /version HTTP/2.0" 200 286 "-" "curl/8.0.1" 36 0.002 [cattle-system-rancher-80] [] 10.52.1.5:80 286 0.002 200 287ed231a9c9ba87cb69051e47fe7a86
2024-08-06T06:26:26.373863727Z 10.52.0.0 - - [06/Aug/2024:06:26:26 +0000] "GET /version HTTP/2.0" 200 286 "-" "curl/8.0.1" 36 0.003 [cattle-system-rancher-80] [] 10.52.0.73:80 286 0.003 200 8681112f8cfbfefcfd7089715abacd78
2024-08-06T06:26:53.086905256Z 10.10.110.61 - - [06/Aug/2024:06:26:53 +0000] "GET /version HTTP/2.0" 200 286 "-" "curl/8.0.1" 36 0.001 [cattle-system-rancher-80] [] 10.52.0.73:80 286 0.002 200 febc5875294923f53fda5a0f4817c318
2024-08-06T06:27:02.982987230Z 10.52.1.0 - - [06/Aug/2024:06:27:02 +0000] "GET /version HTTP/2.0" 200 286 "-" "curl/8.0.1" 36 0.002 [cattle-system-rancher-80] [] 10.52.0.73:80 286 0.002 200 517f6f79c3e09a324e3f44a2feb74f38
2024-08-06T06:27:03.516558147Z 10.52.3.0 - - [06/Aug/2024:06:27:03 +0000] "GET /version HTTP/2.0" 200 286 "-" "curl/8.0.1" 36 0.002 [cattle-system-rancher-80] [] 10.52.2.3:80 286 0.002 200 408872a4073e0d3464c211fae7f15d3e
2024-08-06T06:27:26.383265069Z 10.52.0.0 - - [06/Aug/2024:06:27:26 +0000] "GET /version HTTP/2.0" 200 286 "-" "curl/8.0.1" 36 0.002 [cattle-system-rancher-80] [] 10.52.0.73:80 286 0.002 200 6dd443a1dbdef13d31aac2cf56b8861d
2024-08-06T06:27:53.088920116Z 10.10.110.61 - - [06/Aug/2024:06:27:53 +0000] "GET /version HTTP/2.0" 200 286 "-" "curl/8.0.1" 36 0.002 [cattle-system-rancher-80] [] 10.52.2.3:80 286 0.002 200 16a2c20f64e85bb98bff01d83fe1468c
2024-08-06T06:27:56.357386670Z 10.52.0.0 - - [06/Aug/2024:06:27:56 +0000] "GET /version HTTP/2.0" 200 286 "-" "curl/8.0.1" 36 0.002 [cattle-system-rancher-80] [] 10.52.2.3:80 286 0.002 200 326ae164ba15ad4d88bef4523735800e
2024-08-06T06:28:33.003343897Z 10.52.1.0 - - [06/Aug/2024:06:28:33 +0000] "GET /version HTTP/2.0" 200 286 "-" "curl/8.0.1" 36 0.002 [cattle-system-rancher-80] [] 10.52.1.5:80 286 0.002 200 7e17370c9ab300d4c19ef2e38fa21079
2024-08-06T06:28:33.501390395Z 10.52.3.0 - - [06/Aug/2024:06:28:33 +0000] "GET /version HTTP/2.0" 200 286 "-" "curl/8.0.1" 36 0.003 [cattle-system-rancher-80] [] 10.52.1.5:80 286 0.002 200 2fd77322a330b73095f3db9d995421c4
2024-08-06T06:28:53.025084436Z 10.10.110.61 - - [06/Aug/2024:06:28:53 +0000] "GET /version HTTP/2.0" 200 286 "-" "curl/8.0.1" 36 0.001 [cattle-system-rancher-80] [] 10.52.2.3:80 286 0.002 200 fd37ea860d62084f42137147ceb93c1c
2024-08-06T06:29:53.075555520Z 10.10.110.61 - - [06/Aug/2024:06:29:53 +0000] "GET /version HTTP/2.0" 200 286 "-" "curl/8.0.1" 36 0.003 [cattle-system-rancher-80] [] 10.52.1.5:80 286 0.003 200 c7aba42d6a07ab54b764105a9a53d10f
2024-08-06T06:30:23.095371970Z 10.10.110.61 - - [06/Aug/2024:06:30:23 +0000] "GET /version HTTP/2.0" 200 286 "-" "curl/8.0.1" 36 0.003 [cattle-system-rancher-80] [] 10.52.2.3:80 286 0.002 200 29648dfc17eeb8eb5ea143feff5f2df2
2024-08-06T06:31:03.509323867Z 10.52.3.0 - - [06/Aug/2024:06:31:03 +0000] "GET /version HTTP/2.0" 200 286 "-" "curl/8.0.1" 36 0.002 [cattle-system-rancher-80] [] 10.52.2.3:80 286 0.002 200 1360efcfe26a9459d8db517b99fce5d1
2024-08-06T06:32:03.504492817Z 10.52.3.0 - - [06/Aug/2024:06:32:03 +0000] "GET /version HTTP/2.0" 200 286 "-" "curl/8.0.1" 36 0.003 [cattle-system-rancher-80] [] 10.52.1.5:80 286 0.002 200 0f633658464517d0661daac631f5245b
2024-08-06T06:32:33.046826061Z 10.52.1.0 - - [06/Aug/2024:06:32:33 +0000] "GET /version HTTP/2.0" 200 286 "-" "curl/8.0.1" 36 0.002 [cattle-system-rancher-80] [] 10.52.2.3:80 286 0.002 200 02939049fb24c363c6eb5a418cf15add
2024-08-06T06:33:33.495631058Z 10.52.3.0 - - [06/Aug/2024:06:33:33 +0000] "GET /version HTTP/2.0" 200 286 "-" "curl/8.0.1" 36 0.003 [cattle-system-rancher-80] [] 10.52.1.5:80 286 0.003 200 579fbe37e4408b0f8d5531660d0315e2
2024-08-06T06:33:53.074543379Z 10.10.110.61 - - [06/Aug/2024:06:33:53 +0000] "GET /version HTTP/2.0" 200 286 "-" "curl/8.0.1" 36 0.003 [cattle-system-rancher-80] [] 10.52.0.73:80 286 0.003 200 c8316f2e1d49dbe78a5561c5c2a2fab3
2024-08-06T06:34:03.499655175Z 10.52.3.0 - - [06/Aug/2024:06:34:03 +0000] "GET /version HTTP/2.0" 200 286 "-" "curl/8.0.1" 36 0.003 [cattle-system-rancher-80] [] 10.52.0.73:80 286 0.003 200 c8c136c204fb89eac4b94f97ab71d3b4
2024-08-06T06:34:56.362964632Z 10.52.0.0 - - [06/Aug/2024:06:34:56 +0000] "GET /version HTTP/2.0" 200 286 "-" "curl/8.0.1" 36 0.003 [cattle-system-rancher-80] [] 10.52.1.5:80 286 0.003 200 f7c291bf89e3c91115ec79670d9d29a0
2024-08-06T06:35:03.478099367Z 10.52.3.0 - - [06/Aug/2024:06:35:03 +0000] "GET /version HTTP/2.0" 200 286 "-" "curl/8.0.1" 36 0.002 [cattle-system-rancher-80] [] 10.52.0.73:80 286 0.002 200 85aa0a5527207ed6188d9c03ea32ca6b
2024-08-06T06:35:53.095621230Z 10.10.110.61 - - [06/Aug/2024:06:35:53 +0000] "GET /version HTTP/2.0" 200 286 "-" "curl/8.0.1" 36 0.002 [cattle-system-rancher-80] [] 10.52.2.3:80 286 0.002 200 a43ab7f826b95a486682d861c681d60e
2024-08-06T06:37:03.033124440Z 10.52.1.0 - - [06/Aug/2024:06:37:03 +0000] "GET /version HTTP/2.0" 200 286 "-" "curl/8.0.1" 36 0.002 [cattle-system-rancher-80] [] 10.52.1.5:80 286 0.002 200 d811d442e7a94fe2f6a8c2d55ec50871
2024-08-06T06:37:03.512784725Z 10.52.3.0 - - [06/Aug/2024:06:37:03 +0000] "GET /version HTTP/2.0" 200 286 "-" "curl/8.0.1" 36 0.003 [cattle-system-rancher-80] [] 10.52.1.5:80 286 0.003 200 c7863ce9d71baed5052f95bf7bb7d046
2024-08-06T06:37:56.354437347Z 10.52.0.0 - - [06/Aug/2024:06:37:56 +0000] "GET /version HTTP/2.0" 200 286 "-" "curl/8.0.1" 36 0.003 [cattle-system-rancher-80] [] 10.52.1.5:80 286 0.002 200 e00f371191c6b9e1812721be0eb1f917
2024-08-06T06:38:03.510117811Z 10.52.3.0 - - [06/Aug/2024:06:38:03 +0000] "GET /version HTTP/2.0" 200 286 "-" "curl/8.0.1" 36 0.002 [cattle-system-rancher-80] [] 10.52.2.3:80 286 0.002 200 0b057d755ce519f1359bc93590e0840a
2024-08-06T06:38:23.072905428Z 10.10.110.61 - - [06/Aug/2024:06:38:23 +0000] "GET /version HTTP/2.0" 200 286 "-" "curl/8.0.1" 36 0.003 [cattle-system-rancher-80] [] 10.52.1.5:80 286 0.003 200 182a0bb57274750d1f4725a1c66e6214
2024-08-06T06:38:53.072224296Z 10.10.110.61 - - [06/Aug/2024:06:38:53 +0000] "GET /version HTTP/2.0" 200 286 "-" "curl/8.0.1" 36 0.002 [cattle-system-rancher-80] [] 10.52.0.73:80 286 0.002 200 8c45003bd463d5ac3e78c23fa92cc0f8
2024-08-06T06:39:02.998739294Z 10.52.1.0 - - [06/Aug/2024:06:39:02 +0000] "GET /version HTTP/2.0" 200 286 "-" "curl/8.0.1" 36 0.003 [cattle-system-rancher-80] [] 10.52.1.5:80 286 0.003 200 70acf7f50720081a84beff1cfa326b91
2024-08-06T06:40:03.520612714Z 10.52.3.0 - - [06/Aug/2024:06:40:03 +0000] "GET /version HTTP/2.0" 200 286 "-" "curl/8.0.1" 36 0.002 [cattle-system-rancher-80] [] 10.52.1.5:80 286 0.003 200 32ef039d7652aa22c132f037d106465f
2024-08-06T06:40:26.334656700Z 10.52.0.0 - - [06/Aug/2024:06:40:26 +0000] "GET /version HTTP/2.0" 200 286 "-" "curl/8.0.1" 36 0.002 [cattle-system-rancher-80] [] 10.52.0.73:80 286 0.002 200 4eb8f4eec94aab8a8993771c94ab4cea
2024-08-06T06:40:56.366049923Z 10.52.0.0 - - [06/Aug/2024:06:40:56 +0000] "GET /version HTTP/2.0" 200 286 "-" "curl/8.0.1" 36 0.002 [cattle-system-rancher-80] [] 10.52.2.3:80 286 0.002 200 9512626968a1f7f2d3b9b5c7208aee60
2024-08-06T06:41:03.527465856Z 10.52.3.0 - - [06/Aug/2024:06:41:03 +0000] "GET /version HTTP/2.0" 200 286 "-" "curl/8.0.1" 36 0.002 [cattle-system-rancher-80] [] 10.52.0.73:80 286 0.002 200 7ff25b197c0863a5ed602f26371ddf89
2024-08-06T06:41:23.068851498Z 10.10.110.61 - - [06/Aug/2024:06:41:23 +0000] "GET /version HTTP/2.0" 200 286 "-" "curl/8.0.1" 36 0.002 [cattle-system-rancher-80] [] 10.52.2.3:80 286 0.002 200 e61081086c8dde9563c344b14ce5d4f0
2024-08-06T06:41:33.035901604Z 10.52.1.0 - - [06/Aug/2024:06:41:33 +0000] "GET /version HTTP/2.0" 200 286 "-" "curl/8.0.1" 36 0.002 [cattle-system-rancher-80] [] 10.52.2.3:80 286 0.002 200 f1d80137a4ef0fb4d7498e7f148c7d29
2024-08-06T06:42:26.348445920Z 10.52.0.0 - - [06/Aug/2024:06:42:26 +0000] "GET /version HTTP/2.0" 200 286 "-" "curl/8.0.1" 36 0.002 [cattle-system-rancher-80] [] 10.52.2.3:80 286 0.002 200 0f63695bc933f56a113b7bb7beaf8291
2024-08-06T06:44:33.511044778Z 10.52.3.0 - - [06/Aug/2024:06:44:33 +0000] "GET /version HTTP/2.0" 200 286 "-" "curl/8.0.1" 36 0.003 [cattle-system-rancher-80] [] 10.52.0.73:80 286 0.003 200 08536523bf7288259ca321e5824afc47
2024-08-06T06:45:23.078998620Z 10.10.110.61 - - [06/Aug/2024:06:45:23 +0000] "GET /version HTTP/2.0" 200 286 "-" "curl/8.0.1" 36 0.003 [cattle-system-rancher-80] [] 10.52.1.5:80 286 0.003 200 073e3cd1760d31bd4fa91207f0a8741f
2024-08-06T06:45:26.364766471Z 10.52.0.0 - - [06/Aug/2024:06:45:26 +0000] "GET /version HTTP/2.0" 200 286 "-" "curl/8.0.1" 36 0.003 [cattle-system-rancher-80] [] 10.52.0.73:80 286 0.003 200 391a1a8574f3268290439b241d324dac
2024-08-06T06:45:56.372083368Z 10.52.0.0 - - [06/Aug/2024:06:45:56 +0000] "GET /version HTTP/2.0" 200 286 "-" "curl/8.0.1" 36 0.003 [cattle-system-rancher-80] [] 10.52.0.73:80 286 0.003 200 d5433796cd7a7155b41c577d425ebe55
2024-08-06T06:46:26.350898881Z 10.52.0.0 - - [06/Aug/2024:06:46:26 +0000] "GET /version HTTP/2.0" 200 286 "-" "curl/8.0.1" 36 0.002 [cattle-system-rancher-80] [] 10.52.2.3:80 286 0.002 200 646206cf12ca68598a7991c64f86c36f
2024-08-06T06:47:03.027850386Z 10.52.1.0 - - [06/Aug/2024:06:47:03 +0000] "GET /version HTTP/2.0" 200 286 "-" "curl/8.0.1" 36 0.002 [cattle-system-rancher-80] [] 10.52.0.73:80 286 0.002 200 9025fc1f76d82173e7ed18c3c752e050
2024-08-06T06:47:26.342066901Z 10.52.0.0 - - [06/Aug/2024:06:47:26 +0000] "GET /version HTTP/2.0" 200 286 "-" "curl/8.0.1" 36 0.002 [cattle-system-rancher-80] [] 10.52.0.73:80 286 0.002 200 7a63bd2b1d1d7ab58ce54cf0ad42e7ba
2024-08-06T06:47:53.079399071Z 10.10.110.61 - - [06/Aug/2024:06:47:53 +0000] "GET /version HTTP/2.0" 200 286 "-" "curl/8.0.1" 36 0.002 [cattle-system-rancher-80] [] 10.52.2.3:80 286 0.002 200 16fbad5aa5e76f59a20ee4c3a8681cc9
2024-08-06T06:48:26.371045341Z 10.52.0.0 - - [06/Aug/2024:06:48:26 +0000] "GET /version HTTP/2.0" 200 286 "-" "curl/8.0.1" 36 0.002 [cattle-system-rancher-80] [] 10.52.2.3:80 286 0.002 200 9b5c2af849e230cf73cfc348522b1ba5
2024-08-06T06:49:42.379300182Z 10.52.0.0 - - [06/Aug/2024:06:49:42 +0000] "GET /v1/batch.cronjobs?limit=1 HTTP/1.1" 200 164 "https://harvester.calgaryserver.ca/dashboard/c/local/explorer/apps.statefulset" "Mozilla/5.0 (Windows NT 10.0; Win64; x64) AppleWebKit/537.36 (KHTML, like Gecko) Chrome/127.0.0.0 Safari/537.36" 1163 0.004 [cattle-system-rancher-80] [] 10.52.2.3:80 164 0.005 200 f862d2cbefb625e840c09eb9a839edf5
